Archive member included to satisfy reference by file (symbol)

c:/program files (x86)/atmel/studio/7.0/toolchain/avr8/avr8-gnu-toolchain/bin/../lib/gcc/avr/5.4.0/../../../../avr/lib/avr6\libm.a(addsf3.o)
                              Cocktail_functions.o (__subsf3)
c:/program files (x86)/atmel/studio/7.0/toolchain/avr8/avr8-gnu-toolchain/bin/../lib/gcc/avr/5.4.0/../../../../avr/lib/avr6\libm.a(addsf3x.o)
                              c:/program files (x86)/atmel/studio/7.0/toolchain/avr8/avr8-gnu-toolchain/bin/../lib/gcc/avr/5.4.0/../../../../avr/lib/avr6\libm.a(addsf3.o) (__addsf3x)
c:/program files (x86)/atmel/studio/7.0/toolchain/avr8/avr8-gnu-toolchain/bin/../lib/gcc/avr/5.4.0/../../../../avr/lib/avr6\libm.a(ceil.o)
                              Cocktail_functions.o (ceil)
c:/program files (x86)/atmel/studio/7.0/toolchain/avr8/avr8-gnu-toolchain/bin/../lib/gcc/avr/5.4.0/../../../../avr/lib/avr6\libm.a(cmpsf2.o)
                              Cocktail_functions.o (__ltsf2)
c:/program files (x86)/atmel/studio/7.0/toolchain/avr8/avr8-gnu-toolchain/bin/../lib/gcc/avr/5.4.0/../../../../avr/lib/avr6\libm.a(divsf3.o)
                              Cocktail_functions.o (__divsf3)
c:/program files (x86)/atmel/studio/7.0/toolchain/avr8/avr8-gnu-toolchain/bin/../lib/gcc/avr/5.4.0/../../../../avr/lib/avr6\libm.a(divsf3x.o)
                              c:/program files (x86)/atmel/studio/7.0/toolchain/avr8/avr8-gnu-toolchain/bin/../lib/gcc/avr/5.4.0/../../../../avr/lib/avr6\libm.a(divsf3.o) (__divsf3x)
c:/program files (x86)/atmel/studio/7.0/toolchain/avr8/avr8-gnu-toolchain/bin/../lib/gcc/avr/5.4.0/../../../../avr/lib/avr6\libm.a(fixsfsi.o)
                              ramp1.o (__fixsfsi)
c:/program files (x86)/atmel/studio/7.0/toolchain/avr8/avr8-gnu-toolchain/bin/../lib/gcc/avr/5.4.0/../../../../avr/lib/avr6\libm.a(fixunssfsi.o)
                              ramp1.o (__fixunssfsi)
c:/program files (x86)/atmel/studio/7.0/toolchain/avr8/avr8-gnu-toolchain/bin/../lib/gcc/avr/5.4.0/../../../../avr/lib/avr6\libm.a(floatsisf.o)
                              Cocktail_functions.o (__floatunsisf)
c:/program files (x86)/atmel/studio/7.0/toolchain/avr8/avr8-gnu-toolchain/bin/../lib/gcc/avr/5.4.0/../../../../avr/lib/avr6\libm.a(fp_cmp.o)
                              c:/program files (x86)/atmel/studio/7.0/toolchain/avr8/avr8-gnu-toolchain/bin/../lib/gcc/avr/5.4.0/../../../../avr/lib/avr6\libm.a(cmpsf2.o) (__fp_cmp)
c:/program files (x86)/atmel/studio/7.0/toolchain/avr8/avr8-gnu-toolchain/bin/../lib/gcc/avr/5.4.0/../../../../avr/lib/avr6\libm.a(fp_inf.o)
                              c:/program files (x86)/atmel/studio/7.0/toolchain/avr8/avr8-gnu-toolchain/bin/../lib/gcc/avr/5.4.0/../../../../avr/lib/avr6\libm.a(addsf3x.o) (__fp_inf)
c:/program files (x86)/atmel/studio/7.0/toolchain/avr8/avr8-gnu-toolchain/bin/../lib/gcc/avr/5.4.0/../../../../avr/lib/avr6\libm.a(fp_mintl.o)
                              c:/program files (x86)/atmel/studio/7.0/toolchain/avr8/avr8-gnu-toolchain/bin/../lib/gcc/avr/5.4.0/../../../../avr/lib/avr6\libm.a(ceil.o) (__fp_mintl)
c:/program files (x86)/atmel/studio/7.0/toolchain/avr8/avr8-gnu-toolchain/bin/../lib/gcc/avr/5.4.0/../../../../avr/lib/avr6\libm.a(fp_mpack.o)
                              c:/program files (x86)/atmel/studio/7.0/toolchain/avr8/avr8-gnu-toolchain/bin/../lib/gcc/avr/5.4.0/../../../../avr/lib/avr6\libm.a(ceil.o) (__fp_mpack)
c:/program files (x86)/atmel/studio/7.0/toolchain/avr8/avr8-gnu-toolchain/bin/../lib/gcc/avr/5.4.0/../../../../avr/lib/avr6\libm.a(fp_nan.o)
                              c:/program files (x86)/atmel/studio/7.0/toolchain/avr8/avr8-gnu-toolchain/bin/../lib/gcc/avr/5.4.0/../../../../avr/lib/avr6\libm.a(addsf3x.o) (__fp_nan)
c:/program files (x86)/atmel/studio/7.0/toolchain/avr8/avr8-gnu-toolchain/bin/../lib/gcc/avr/5.4.0/../../../../avr/lib/avr6\libm.a(fp_pscA.o)
                              c:/program files (x86)/atmel/studio/7.0/toolchain/avr8/avr8-gnu-toolchain/bin/../lib/gcc/avr/5.4.0/../../../../avr/lib/avr6\libm.a(addsf3x.o) (__fp_pscA)
c:/program files (x86)/atmel/studio/7.0/toolchain/avr8/avr8-gnu-toolchain/bin/../lib/gcc/avr/5.4.0/../../../../avr/lib/avr6\libm.a(fp_pscB.o)
                              c:/program files (x86)/atmel/studio/7.0/toolchain/avr8/avr8-gnu-toolchain/bin/../lib/gcc/avr/5.4.0/../../../../avr/lib/avr6\libm.a(addsf3x.o) (__fp_pscB)
c:/program files (x86)/atmel/studio/7.0/toolchain/avr8/avr8-gnu-toolchain/bin/../lib/gcc/avr/5.4.0/../../../../avr/lib/avr6\libm.a(fp_round.o)
                              c:/program files (x86)/atmel/studio/7.0/toolchain/avr8/avr8-gnu-toolchain/bin/../lib/gcc/avr/5.4.0/../../../../avr/lib/avr6\libm.a(addsf3.o) (__fp_round)
c:/program files (x86)/atmel/studio/7.0/toolchain/avr8/avr8-gnu-toolchain/bin/../lib/gcc/avr/5.4.0/../../../../avr/lib/avr6\libm.a(fp_split3.o)
[...]
Memory Configuration

Name             Origin             Length             Attributes
text             0x00000000         0x00100000         xr
data             0x00800200         0x0000fe00         rw !x
eeprom           0x00810000         0x00010000         rw !x
fuse             0x00820000         0x00000003         rw !x
lock             0x00830000         0x00000400         rw !x
signature        0x00840000         0x00000400         rw !x
user_signatures  0x00850000         0x00000400         rw !x
*default*        0x00000000         0xffffffff

Linker script and memory map

Address of section .data set to 0x800200
LOAD C:/Program Files (x86)/Atmel/Studio/7.0/Packs/atmel/ATmega_DFP/1.3.300/gcc/dev/atmega2560/avr6/crtatmega2560.o
LOAD Cocktail_functions.o
LOAD Cocktail_Statemachine.o
LOAD Getraenk.o
LOAD TAGS.o
LOAD Zutaten.o
LOAD LED.o
LOAD Lists.o
LOAD Main_Func.o
LOAD Nextion_Display.o
LOAD ring_buffer.o
LOAD fat.o
LOAD file.o
LOAD mmc.o
LOAD SD_Karte.o
LOAD ramp1.o
LOAD Software_SPI.o
LOAD SPI.o
LOAD tmc4671.o
LOAD TMC6200.o
LOAD UART.o
LOAD main.o
START GROUP
LOAD c:/program files (x86)/atmel/studio/7.0/toolchain/avr8/avr8-gnu-toolchain/bin/../lib/gcc/avr/5.4.0/../../../../avr/lib/avr6\libm.a
END GROUP
START GROUP
LOAD c:/program files (x86)/atmel/studio/7.0/toolchain/avr8/avr8-gnu-toolchain/bin/../lib/gcc/avr/5.4.0/avr6\libgcc.a
LOAD c:/program files (x86)/atmel/studio/7.0/toolchain/avr8/avr8-gnu-toolchain/bin/../lib/gcc/avr/5.4.0/../../../../avr/lib/avr6\libm.a
LOAD c:/program files (x86)/atmel/studio/7.0/toolchain/avr8/avr8-gnu-toolchain/bin/../lib/gcc/avr/5.4.0/../../../../avr/lib/avr6\libc.a
LOAD C:/Program Files (x86)/Atmel/Studio/7.0/Packs/atmel/ATmega_DFP/1.3.300/gcc/dev/atmega2560/avr6\libatmega2560.a
END GROUP
                0x00000000                __TEXT_REGION_ORIGIN__ = DEFINED (__TEXT_REGION_ORIGIN__)?__TEXT_REGION_ORIGIN__:0x0
                0x00800200                __DATA_REGION_ORIGIN__ = DEFINED (__DATA_REGION_ORIGIN__)?__DATA_REGION_ORIGIN__:0x800200
                0x00100000                __TEXT_REGION_LENGTH__ = DEFINED (__TEXT_REGION_LENGTH__)?__TEXT_REGION_LENGTH__:0x100000
                0x0000fe00                __DATA_REGION_LENGTH__ = DEFINED (__DATA_REGION_LENGTH__)?__DATA_REGION_LENGTH__:0xfe00
                0x00010000                __EEPROM_REGION_LENGTH__ = DEFINED (__EEPROM_REGION_LENGTH__)?__EEPROM_REGION_LENGTH__:0x10000
                [0x00000003]                __FUSE_REGION_LENGTH__ = DEFINED (__FUSE_REGION_LENGTH__)?__FUSE_REGION_LENGTH__:0x400
                0x00000400                __LOCK_REGION_LENGTH__ = DEFINED (__LOCK_REGION_LENGTH__)?__LOCK_REGION_LENGTH__:0x400
                0x00000400                __SIGNATURE_REGION_LENGTH__ = DEFINED (__SIGNATURE_REGION_LENGTH__)?__SIGNATURE_REGION_LENGTH__:0x400
                0x00000400                __USER_SIGNATURE_REGION_LENGTH__ = DEFINED (__USER_SIGNATURE_REGION_LENGTH__)?__USER_SIGNATURE_REGION_LENGTH__:0x400

.hash
 *(.hash)

.dynsym
 *(.dynsym)

.dynstr
 *(.dynstr)

.gnu.version
 *(.gnu.version)

.gnu.version_d
 *(.gnu.version_d)

.gnu.version_r
 *(.gnu.version_r)

.rel.init
 *(.rel.init)

.rela.init
 *(.rela.init)

.rel.text
 *(.rel.text)
 *(.rel.text.*)
 *(.rel.gnu.linkonce.t*)

.rela.text
 *(.rela.text)
 *(.rela.text.*)
 *(.rela.gnu.linkonce.t*)

.rel.fini
 *(.rel.fini)

.rela.fini
 *(.rela.fini)

.rel.rodata
 *(.rel.rodata)
 *(.rel.rodata.*)
 *(.rel.gnu.linkonce.r*)

.rela.rodata
 *(.rela.rodata)
 *(.rela.rodata.*)
 *(.rela.gnu.linkonce.r*)

.rel.data
 *(.rel.data)
 *(.rel.data.*)
 *(.rel.gnu.linkonce.d*)

.rela.data
 *(.rela.data)
 *(.rela.data.*)
 *(.rela.gnu.linkonce.d*)

.rel.ctors
 *(.rel.ctors)

.rela.ctors
 *(.rela.ctors)

.rel.dtors
 *(.rel.dtors)

.rela.dtors
 *(.rela.dtors)

.rel.got
 *(.rel.got)

.rela.got
 *(.rela.got)

.rel.bss
 *(.rel.bss)

.rela.bss
 *(.rela.bss)

.rel.plt
 *(.rel.plt)

.rela.plt
 *(.rela.plt)

.text           0x00000000     0xbbb2
 *(.vectors)
 .vectors       0x00000000       0xe4 C:/Program Files (x86)/Atmel/Studio/7.0/Packs/atmel/ATmega_DFP/1.3.300/gcc/dev/atmega2560/avr6/crtatmega2560.o
                0x00000000                __vector_default
                0x00000000                __vectors
 *(.vectors)
 *(.progmem.gcc*)
 .progmem.gcc_sw_table.schalte_pumpe_ein
                0x000000e4       0x18 Cocktail_functions.o
 .progmem.gcc_sw_table.schalte_pumpe_aus
                0x000000fc       0x18 Cocktail_functions.o
 .progmem.gcc_sw_table.lese_sensor
                0x00000114       0x18 Cocktail_functions.o
 .progmem.gcc_sw_table.check_startseite
                0x0000012c       0x10 Cocktail_Statemachine.o
 .progmem.gcc_sw_table.check_listenanzeige
                0x0000013c       0x12 Cocktail_Statemachine.o
 .progmem.gcc_sw_table.check_menuanzeige
                0x0000014e       0x10 Cocktail_Statemachine.o
 .progmem.gcc_sw_table.check_bearbeitungsanzeige
                0x0000015e       0x14 Cocktail_Statemachine.o
 .progmem.gcc_sw_table.check_ceinstanzeige
                0x00000172       0x14 Cocktail_Statemachine.o
 .progmem.gcc_sw_table.check_erstanzeige1
                0x00000186       0x3e Cocktail_Statemachine.o
 .progmem.gcc_sw_table.check_posanzeige
                0x000001c4       0x1c Cocktail_Statemachine.o
 .progmem.gcc_sw_table.check_fluessanzeige1
                0x000001e0       0x16 Cocktail_Statemachine.o
 .progmem.gcc_sw_table.check_RFIDAnzeige1
                0x000001f6       0x12 Cocktail_Statemachine.o
 .progmem.gcc_sw_table.check_RFIDAnzeige2
                0x00000208       0x12 Cocktail_Statemachine.o
 .progmem.gcc_sw_table.check_LED
                0x0000021a       0x10 Cocktail_Statemachine.o
 .progmem.gcc_sw_table.cocktail_check_command_display
                0x0000022a       0x38 Cocktail_Statemachine.o
 .progmem.gcc_fplib
                0x00000262       0x28 c:/program files (x86)/atmel/studio/7.0/toolchain/avr8/avr8-gnu-toolchain/bin/../lib/gcc/avr/5.4.0/../../../../avr/lib/avr6\libm.a(exp.o)
 .progmem.gcc_fplib
                0x0000028a       0x5a c:/program files (x86)/atmel/studio/7.0/toolchain/avr8/avr8-gnu-toolchain/bin/../lib/gcc/avr/5.4.0/../../../../avr/lib/avr6\libm.a(log.o)
                0x000002e4                . = ALIGN (0x2)
                0x000002e4                __trampolines_start = .
 *(.trampolines)
 .trampolines   0x000002e4        0x0 linker stubs
 *(.trampolines*)
                0x000002e4                __trampolines_end = .
 *libprintf_flt.a:*(.progmem.data)
 *libc.a:*(.progmem.data)
 *(.progmem*)
                0x000002e4                . = ALIGN (0x2)
 *(.jumptables)
 *(.jumptables*)
 *(.lowtext)
 *(.lowtext*)
                0x000002e4                __ctors_start = .
 *(.ctors)
                0x000002e4                __ctors_end = .
                0x000002e4                __dtors_start = .
 *(.dtors)
                0x000002e4                __dtors_end = .
 SORT(*)(.ctors)
 SORT(*)(.dtors)
 *(.init0)
 .init0         0x000002e4        0x0 C:/Program Files (x86)/Atmel/Studio/7.0/Packs/atmel/ATmega_DFP/1.3.300/gcc/dev/atmega2560/avr6/crtatmega2560.o
                0x000002e4                __init
 *(.init0)
 *(.init1)
 *(.init1)
 *(.init2)
 .init2         0x000002e4       0x10 C:/Program Files (x86)/Atmel/Studio/7.0/Packs/atmel/ATmega_DFP/1.3.300/gcc/dev/atmega2560/avr6/crtatmega2560.o
 *(.init2)
 *(.init3)
 *(.init3)
 *(.init4)
 .init4         0x000002f4       0x1a c:/program files (x86)/atmel/studio/7.0/toolchain/avr8/avr8-gnu-toolchain/bin/../lib/gcc/avr/5.4.0/avr6\libgcc.a(_copy_data.o)
                0x000002f4                __do_copy_data
 .init4         0x0000030e       0x10 c:/program files (x86)/atmel/studio/7.0/toolchain/avr8/avr8-gnu-toolchain/bin/../lib/gcc/avr/5.4.0/avr6\libgcc.a(_clear_bss.o)
                0x0000030e                __do_clear_bss
 *(.init4)
 *(.init5)
 *(.init5)
 *(.init6)
 *(.init6)
 *(.init7)
 *(.init7)
 *(.init8)
 *(.init8)
 *(.init9)
 .init9         0x0000031e        0x8 C:/Program Files (x86)/Atmel/Studio/7.0/Packs/atmel/ATmega_DFP/1.3.300/gcc/dev/atmega2560/avr6/crtatmega2560.o
 *(.init9)
 *(.text)
 .text          0x00000326        0x2 C:/Program Files (x86)/Atmel/Studio/7.0/Packs/atmel/ATmega_DFP/1.3.300/gcc/dev/atmega2560/avr6/crtatmega2560.o
                0x00000326                __vector_38
                0x00000326                __vector_22
                0x00000326                __vector_28
                0x00000326                __vector_1
                0x00000326                __vector_34
                0x00000326                __vector_24
                0x00000326                __vector_12
                0x00000326                __vector_55
                0x00000326                __vector_46
                0x00000326                __bad_interrupt
                0x00000326                __vector_6
                0x00000326                __vector_31
                0x00000326                __vector_35
                0x00000326                __vector_39
                0x00000326                __vector_3
                0x00000326                __vector_23
                0x00000326                __vector_30
                0x00000326                __vector_45
                0x00000326                __vector_11
                0x00000326                __vector_54
                0x00000326                __vector_19
                0x00000326                __vector_56
                0x00000326                __vector_7
                0x00000326                __vector_49
                0x00000326                __vector_41
                0x00000326                __vector_27
                0x00000326                __vector_5
                0x00000326                __vector_52
                0x00000326                __vector_37
                0x00000326                __vector_4
                0x00000326                __vector_44
                0x00000326                __vector_9
                0x00000326                __vector_2
                0x00000326                __vector_15
                0x00000326                __vector_29
                0x00000326                __vector_40
                0x00000326                __vector_8
                0x00000326                __vector_26
                0x00000326                __vector_14
                0x00000326                __vector_53
                0x00000326                __vector_10
                0x00000326                __vector_50
                0x00000326                __vector_16
                0x00000326                __vector_20
                0x00000328                . = ALIGN (0x2)
 *(.text.*)
 .text.concentrace_zutat_maschine_list
                0x00000328       0x8c Cocktail_functions.o
                0x00000328                concentrace_zutat_maschine_list
 .text.deconcentrace_zutat_maschine_list
                0x000003b4       0x52 Cocktail_functions.o
                0x000003b4                deconcentrace_zutat_maschine_list
 .text.delete_list_node_files
                0x00000406       0xba Cocktail_functions.o
                0x00000406                delete_list_node_files
 .text.delete_list_node_zutat_maschine
                0x000004c0       0x36 Cocktail_functions.o
                0x000004c0                delete_list_node_zutat_maschine
 .text.delete_file_node_alle
                0x000004f6      0x118 Cocktail_functions.o
                0x000004f6                delete_file_node_alle
 .text.setze_aktuelle_Zutat_in_Maschine
                0x0000060e       0x2e Cocktail_functions.o
                0x0000060e                setze_aktuelle_Zutat_in_Maschine
 .text.erstelle_liste_zutat
                0x0000063c      0x2c2 Cocktail_functions.o
                0x0000063c                erstelle_liste_zutat
 .text.runterlist_zutat_maschine
                0x000008fe       0x5c Cocktail_functions.o
                0x000008fe                runterlist_zutat_maschine
 .text.rauflist_zutat_maschine
                0x0000095a       0x2e Cocktail_functions.o
                0x0000095a                rauflist_zutat_maschine
 .text.begin_erstelle_liste_alle_zutaten
                0x00000988       0x94 Cocktail_functions.o
                0x00000988                begin_erstelle_liste_alle_zutaten
 .text.write_M_file
                0x00000a1c      0x242 Cocktail_functions.o
                0x00000a1c                write_M_file
 .text.check_existence
                0x00000c5e      0x1cc Cocktail_functions.o
                0x00000c5e                check_existence
 .text.set_prp  0x00000e2a      0x352 Cocktail_functions.o
                0x00000e2a                set_prp
 .text.schalte_pumpe_ein
                0x0000117c       0x6e Cocktail_functions.o
                0x0000117c                schalte_pumpe_ein
 .text.schalte_pumpe_aus
                0x000011ea       0x6e Cocktail_functions.o
                0x000011ea                schalte_pumpe_aus
 .text.check_stop
                0x00001258       0x24 Cocktail_functions.o
                0x00001258                check_stop
 .text.wait_until_position_reached
                0x0000127c       0x30 Cocktail_functions.o
                0x0000127c                wait_until_position_reached
 .text.lese_sensor
                0x000012ac       0x74 Cocktail_functions.o
                0x000012ac                lese_sensor
 .text.schreibe_Menge_in_Getraenk
                0x00001320      0x1d6 Cocktail_functions.o
                0x00001320                schreibe_Menge_in_Getraenk
 .text.prepare_empty_getraenk
                0x000014f6       0xba Cocktail_functions.o
                0x000014f6                prepare_empty_getraenk
 .text.setze_startanzeige
                0x000015b0       0xae Cocktail_functions.o
                0x000015b0                setze_startanzeige
 .text.erstelle_Zutatenliste
                0x0000165e      0x348 Cocktail_functions.o
                0x0000165e                erstelle_Zutatenliste
 .text.setze_Posanzeige_Rot_Gruen
                0x000019a6       0xf8 Cocktail_functions.o
                0x000019a6                setze_Posanzeige_Rot_Gruen
 .text.lese_textfile_in_getraenk
                0x00001a9e      0x28a Cocktail_functions.o
                0x00001a9e                lese_textfile_in_getraenk
 .text.setze_aktuelles_getraenk_in_maschine
                0x00001d28       0x2e Cocktail_functions.o
                0x00001d28                setze_aktuelles_getraenk_in_maschine
 .text.erstelle_liste_cocktails
                0x00001d56      0x182 Cocktail_functions.o
                0x00001d56                erstelle_liste_cocktails
 .text.begin_erstelle_liste_cocktails
                0x00001ed8       0x98 Cocktail_functions.o
                0x00001ed8                begin_erstelle_liste_cocktails
 .text.renew_list
                0x00001f70      0x12c Cocktail_functions.o
                0x00001f70                renew_list
 .text.setze_standardeinstellungen
                0x0000209c      0x234 Cocktail_functions.o
                0x0000209c                setze_standardeinstellungen
 .text.fuelle_getraenk
                0x000022d0      0x5b8 Cocktail_functions.o
                0x000022d0                fuelle_getraenk
 .text.zubereitung_getraenk
                0x00002888       0x68 Cocktail_functions.o
                0x00002888                zubereitung_getraenk
 .text.bearbeite_Cocktail
                0x000028f0       0xb4 Cocktail_functions.o
                0x000028f0                bearbeite_Cocktail
 .text.schreibe_Getraenk_in_tag
                0x000029a4      0x1cc Cocktail_functions.o
                0x000029a4                schreibe_Getraenk_in_tag
 .text.schiebe_file_next
                0x00002b70       0x64 Cocktail_functions.o
                0x00002b70                schiebe_file_next
 .text.schiebe_file_prev
                0x00002bd4       0x64 Cocktail_functions.o
                0x00002bd4                schiebe_file_prev
 .text.lese_textfile_in_zutat
                0x00002c38      0x158 Cocktail_functions.o
                0x00002c38                lese_textfile_in_zutat
 .text.erstelle_liste_zutat_pos
                0x00002d90      0x346 Cocktail_functions.o
                0x00002d90                erstelle_liste_zutat_pos
 .text.runterlist_files
                0x000030d6       0xe2 Cocktail_functions.o
                0x000030d6                runterlist_files
 .text.rauflist_files
                0x000031b8       0x5a Cocktail_functions.o
                0x000031b8                rauflist_files
 .text.begin_erstelle_liste_zutaten_maschine
                0x00003212       0xc2 Cocktail_functions.o
                0x00003212                begin_erstelle_liste_zutaten_maschine
 .text.setze_fluessgkeit_in_position_ohne
                0x000032d4      0x2ce Cocktail_functions.o
                0x000032d4                setze_fluessgkeit_in_position_ohne
 .text.setze_fluessgkeit_in_position_mit
                0x000035a2      0x386 Cocktail_functions.o
                0x000035a2                setze_fluessgkeit_in_position_mit
 .text.erstelle_File
                0x00003928      0x2cc Cocktail_functions.o
                0x00003928                erstelle_File
 .text.speichere_neuen_cocktail
                0x00003bf4      0x1f6 Cocktail_functions.o
                0x00003bf4                speichere_neuen_cocktail
 .text.loesche_FIle
                0x00003dea       0x66 Cocktail_functions.o
                0x00003dea                loesche_FIle
 .text.speichere_bearbeiteten_cocktail
                0x00003e50       0xa2 Cocktail_functions.o
                0x00003e50                speichere_bearbeiteten_cocktail
 .text.send_List_Getraenke
                0x00003ef2      0x1a4 Cocktail_functions.o
                0x00003ef2                send_List_Getraenke
 .text.send_List_Zutaten
                0x00004096      0x160 Cocktail_functions.o
                0x00004096                send_List_Zutaten
 .text.ESP_Getraenk
                0x000041f6       0xee Cocktail_functions.o
                0x000041f6                ESP_Getraenk
 .text.Getraenk_erstellt
                0x000042e4      0x356 Cocktail_functions.o
                0x000042e4                Getraenk_erstellt
 .text.check_startseite
                0x0000463a      0x1f8 Cocktail_Statemachine.o
                0x0000463a                check_startseite
 .text.check_zutatenanzeige
                0x00004832       0x32 Cocktail_Statemachine.o
                0x00004832                check_zutatenanzeige
 .text.check_listenanzeige
                0x00004864      0x14a Cocktail_Statemachine.o
                0x00004864                check_listenanzeige
 .text.check_menuanzeige
                0x000049ae      0x166 Cocktail_Statemachine.o
                0x000049ae                check_menuanzeige
 .text.check_bearbeitungsanzeige
                0x00004b14       0x8a Cocktail_Statemachine.o
                0x00004b14                check_bearbeitungsanzeige
 .text.check_ceinstanzeige
                0x00004b9e       0x96 Cocktail_Statemachine.o
                0x00004b9e                check_ceinstanzeige
 .text.check_erstanzeige1
                0x00004c34      0x7f8 Cocktail_Statemachine.o
                0x00004c34                check_erstanzeige1
 .text.check_erstanzeige2
                0x0000542c       0x46 Cocktail_Statemachine.o
                0x0000542c                check_erstanzeige2
 .text.check_loeschanzeige
                0x00005472      0x128 Cocktail_Statemachine.o
                0x00005472                check_loeschanzeige
 .text.check_reinanzeige1
                0x0000559a       0x1a Cocktail_Statemachine.o
                0x0000559a                check_reinanzeige1
 .text.check_reinanzeige2
                0x000055b4       0x8c Cocktail_Statemachine.o
                0x000055b4                check_reinanzeige2
 .text.check_reinanzeige3
                0x00005640       0x12 Cocktail_Statemachine.o
                0x00005640                check_reinanzeige3
 .text.check_infoanzeige
                0x00005652        0xc Cocktail_Statemachine.o
                0x00005652                check_infoanzeige
 .text.check_RFIDFehler
                0x0000565e       0x12 Cocktail_Statemachine.o
                0x0000565e                check_RFIDFehler
 .text.check_zubbildschirm
                0x00005670        0xa Cocktail_Statemachine.o
                0x00005670                check_zubbildschirm
 .text.check_zubabfrage
                0x0000567a       0x2e Cocktail_Statemachine.o
                0x0000567a                check_zubabfrage
 .text.check_posanzeige
                0x000056a8      0x13a Cocktail_Statemachine.o
                0x000056a8                check_posanzeige
 .text.check_fluessanzeige1
                0x000057e2      0x12a Cocktail_Statemachine.o
                0x000057e2                check_fluessanzeige1
 .text.check_fluessanzeige2
                0x0000590c      0x166 Cocktail_Statemachine.o
                0x0000590c                check_fluessanzeige2
 .text.check_fluessanzeige3
                0x00005a72      0x1a2 Cocktail_Statemachine.o
                0x00005a72                check_fluessanzeige3
 .text.check_fluessanzeige4
                0x00005c14       0x46 Cocktail_Statemachine.o
                0x00005c14                check_fluessanzeige4
 .text.check_RFIDAnzeige1
                0x00005c5a      0x5ac Cocktail_Statemachine.o
                0x00005c5a                check_RFIDAnzeige1
 .text.check_RFIDAnzeige2
                0x00006206       0x72 Cocktail_Statemachine.o
                0x00006206                check_RFIDAnzeige2
 .text.check_LED
                0x00006278      0x1ce Cocktail_Statemachine.o
                0x00006278                check_LED
 .text.check_ESP32
                0x00006446       0x2e Cocktail_Statemachine.o
                0x00006446                check_ESP32
 .text.cocktail_check_command_display
                0x00006474       0xca Cocktail_Statemachine.o
                0x00006474                cocktail_check_command_display
 .text.cocktail_check_command_ESP
                0x0000653e        0xa Cocktail_Statemachine.o
                0x0000653e                cocktail_check_command_ESP
 .text.create_new_getraenk
                0x00006548       0x56 Getraenk.o
                0x00006548                create_new_getraenk
 .text.cocktails_init
                0x0000659e      0x162 Getraenk.o
                0x0000659e                cocktails_init
 .text.create_new_tag
                0x00006700       0x52 TAGS.o
                0x00006700                create_new_tag
 .text.insert_tag_at_head
                0x00006752       0x56 TAGS.o
                0x00006752                insert_tag_at_head
 .text.RFID_init
                0x000067a8       0x38 TAGS.o
                0x000067a8                RFID_init
 .text.create_zutat
                0x000067e0       0x44 Zutaten.o
                0x000067e0                create_zutat
 .text.zutaten_init
                0x00006824      0x4e0 Zutaten.o
                0x00006824                zutaten_init
 .text.__vector_17
                0x00006d04       0x16 LED.o
                0x00006d04                __vector_17
 .text.__vector_18
                0x00006d1a       0x16 LED.o
                0x00006d1a                __vector_18
 .text.__vector_32
                0x00006d30       0x16 LED.o
                0x00006d30                __vector_32
 .text.__vector_33
                0x00006d46       0x16 LED.o
                0x00006d46                __vector_33
 .text.__vector_42
                0x00006d5c       0x16 LED.o
                0x00006d5c                __vector_42
 .text.__vector_43
                0x00006d72       0x16 LED.o
                0x00006d72                __vector_43
 .text.__vector_47
                0x00006d88       0x16 LED.o
                0x00006d88                __vector_47
 .text.__vector_48
                0x00006d9e       0x16 LED.o
                0x00006d9e                __vector_48
 .text.create_file_node
                0x00006db4       0x30 Lists.o
                0x00006db4                create_file_node
 .text.insert_at_end
                0x00006de4       0xa0 Lists.o
                0x00006de4                insert_at_end
 .text.delete_node_position
                0x00006e84      0x122 Lists.o
                0x00006e84                delete_node_position
 .text.update   0x00006fa6       0x88 Lists.o
                0x00006fa6                update
 .text.display_from_beg
                0x0000702e       0xe4 Lists.o
                0x0000702e                display_from_beg
 .text.create_zutat_maschine_node
                0x00007112       0x90 Lists.o
                0x00007112                create_zutat_maschine_node
 .text.insert_at_end_2
                0x000071a2       0xd6 Lists.o
                0x000071a2                insert_at_end_2
 .text.display_from_beg_2
                0x00007278       0x92 Lists.o
                0x00007278                display_from_beg_2
 .text.create_list_node
                0x0000730a       0x36 Lists.o
                0x0000730a                create_list_node
 .text.insert_at_end_3
                0x00007340       0x98 Lists.o
                0x00007340                insert_at_end_3
 .text.delete_node_position_3
                0x000073d8      0x118 Lists.o
                0x000073d8                delete_node_position_3
 .text.update_3
                0x000074f0       0x8e Lists.o
                0x000074f0                update_3
 .text.display_from_beg_3
                0x0000757e       0xea Lists.o
                0x0000757e                display_from_beg_3
 .text.create_zutat_maschine_list_node
                0x00007668       0x36 Lists.o
                0x00007668                create_zutat_maschine_list_node
 .text.insert_at_end_4
                0x0000769e       0x98 Lists.o
                0x0000769e                insert_at_end_4
 .text.delete_node_position_4
                0x00007736      0x118 Lists.o
                0x00007736                delete_node_position_4
 .text.update_4
                0x0000784e       0x8e Lists.o
                0x0000784e                update_4
 .text.display_from_beg_4
                0x000078dc       0x98 Lists.o
                0x000078dc                display_from_beg_4
 .text.IO_init  0x00007974       0x4a Main_Func.o
                0x00007974                IO_init
 .text.interfaces_init
                0x000079be        0xc Main_Func.o
                0x000079be                interfaces_init
 .text.devices_init
                0x000079ca       0x1c Main_Func.o
                0x000079ca                devices_init
 .text.speicher_init
                0x000079e6       0x48 Main_Func.o
                0x000079e6                speicher_init
 .text.ramp_init
                0x00007a2e       0x16 Main_Func.o
                0x00007a2e                ramp_init
 .text.check_Communication_Input_UART_0
                0x00007a44       0x5a Main_Func.o
                0x00007a44                check_Communication_Input_UART_0
 .text.proceed_Communication_Input_UART_0
                0x00007a9e       0x8a Main_Func.o
                0x00007a9e                proceed_Communication_Input_UART_0
 .text.check_Communication_Input_UART_1
                0x00007b28      0x112 Main_Func.o
                0x00007b28                check_Communication_Input_UART_1
 .text.proceed_Communication_INPUT_UART_1
                0x00007c3a       0x94 Main_Func.o
                0x00007c3a                proceed_Communication_INPUT_UART_1
 .text.check_Communication_Input_UART_2
                0x00007cce       0xde Main_Func.o
                0x00007cce                check_Communication_Input_UART_2
 .text.proceed_Communication_Input_UART_2
                0x00007dac       0x96 Main_Func.o
                0x00007dac                proceed_Communication_Input_UART_2
 .text.check_Communication_Input_UART
                0x00007e42       0x14 Main_Func.o
                0x00007e42                check_Communication_Input_UART
 .text.periodic_jobs
                0x00007e56        0x4 Main_Func.o
                0x00007e56                periodic_jobs
 .text.endConversation
                0x00007e5a       0x2c Nextion_Display.o
                0x00007e5a                endConversation
 .text.nextion_change_page
                0x00007e86       0x3e Nextion_Display.o
                0x00007e86                nextion_change_page
 .text.nextion_setText
                0x00007ec4       0x30 Nextion_Display.o
                0x00007ec4                nextion_setText
 .text.nextion_setValue
                0x00007ef4       0x20 Nextion_Display.o
                0x00007ef4                nextion_setValue
 .text.nextion_setPicture
                0x00007f14       0x4c Nextion_Display.o
                0x00007f14                nextion_setPicture
 .text.nextion_getSliderValue
                0x00007f60       0x8e Nextion_Display.o
                0x00007f60                nextion_getSliderValue
 .text.nextion_disableButton
                0x00007fee       0x72 Nextion_Display.o
                0x00007fee                nextion_disableButton
 .text.nextion_enableButton
                0x00008060       0x72 Nextion_Display.o
                0x00008060                nextion_enableButton
 .text.nextion_visible_off
                0x000080d2       0x72 Nextion_Display.o
                0x000080d2                nextion_visible_off
 .text.nextion_visible_on
                0x00008144       0x72 Nextion_Display.o
                0x00008144                nextion_visible_on
 .text.RB_init  0x000081b6        0x8 ring_buffer.o
                0x000081b6                RB_init
 .text.RB_free  0x000081be       0x16 ring_buffer.o
                0x000081be                RB_free
 .text.RB_length
                0x000081d4       0x18 ring_buffer.o
                0x000081d4                RB_length
 .text.RB_readByte
                0x000081ec       0x28 ring_buffer.o
                0x000081ec                RB_readByte
 .text.RB_writeByte
                0x00008214       0x3a ring_buffer.o
                0x00008214                RB_writeByte
 .text.fat_writeSector
                0x0000824e        0xe fat.o
                0x0000824e                fat_writeSector
 .text.fat_loadSector
                0x0000825c       0x8a fat.o
                0x0000825c                fat_loadSector
 .text.fat_getFreeRowsOfCluster
                0x000082e6       0x92 fat.o
 .text.fat_clustToSec
                0x00008378       0x32 fat.o
                0x00008378                fat_clustToSec
 .text.fat_secToClust
                0x000083aa       0x36 fat.o
                0x000083aa                fat_secToClust
 .text.fat_loadRowOfSector
                0x000083e0       0x58 fat.o
                0x000083e0                fat_loadRowOfSector
 .text.fat_loadFileDataFromCluster
                0x00008438      0x13e fat.o
 .text.fat_makeSfnDataEntry
                0x00008576      0x10a fat.o
                0x00008576                fat_makeSfnDataEntry
 .text.fat_getNextCluster
                0x00008680       0xe8 fat.o
                0x00008680                fat_getNextCluster
 .text.fat_loadFileDataFromDir
                0x00008768       0xd4 fat.o
                0x00008768                fat_loadFileDataFromDir
 .text.fat_getFatChainClustersInRow
                0x0000883c       0xf0 fat.o
                0x0000883c                fat_getFatChainClustersInRow
 .text.fat_getFreeClustersInRow
                0x0000892c       0xbc fat.o
                0x0000892c                fat_getFreeClustersInRow
 .text.fat_setCluster
                0x000089e8       0xfe fat.o
                0x000089e8                fat_setCluster
 .text.fat_makeFileEntry
                0x00008ae6      0x2b0 fat.o
                0x00008ae6                fat_makeFileEntry
 .text.fat_setClusterChain
                0x00008d96       0xb8 fat.o
                0x00008d96                fat_setClusterChain
 .text.fat_delClusterChain
                0x00008e4e       0xa4 fat.o
                0x00008e4e                fat_delClusterChain
 .text.fat_loadFatData
                0x00008ef2      0x168 fat.o
                0x00008ef2                fat_loadFatData
 .text.ffopen   0x0000905a       0x7e file.o
                0x0000905a                ffopen
 .text.fflushFileData
                0x000090d8      0x17e file.o
                0x000090d8                fflushFileData
 .text.ffclose  0x00009256       0x16 file.o
                0x00009256                ffclose
 .text.ffseek   0x0000926c       0xe4 file.o
                0x0000926c                ffseek
 .text.ffrm     0x00009350       0xae file.o
                0x00009350                ffrm
 .text.ffwrite  0x000093fe      0x168 file.o
                0x000093fe                ffwrite
 .text.ffwrites
                0x00009566       0x22 file.o
                0x00009566                ffwrites
 .text.spi_write_byte
                0x00009588        0xa mmc.o
 .text.spi_read_byte
                0x00009592        0xe mmc.o
 .text.mmc_wait_ready
                0x000095a0       0x1a mmc.o
 .text.mmc_disable
                0x000095ba        0x8 mmc.o
 .text.mmc_send_cmd
                0x000095c2       0x7e mmc.o
 .text.mmc_init
                0x00009640      0x174 mmc.o
                0x00009640                mmc_init
 .text.mmc_write_sector
                0x000097b4       0x82 mmc.o
                0x000097b4                mmc_write_sector
 .text.mmc_read_sector
                0x00009836       0x84 mmc.o
                0x00009836                mmc_read_sector
 .text.timer0_init
                0x000098ba       0x1c SD_Karte.o
                0x000098ba                timer0_init
 .text.SD_init  0x000098d6       0x28 SD_Karte.o
                0x000098d6                SD_init
 .text.__vector_21
                0x000098fe       0x2e SD_Karte.o
                0x000098fe                __vector_21
 .text.writeFile
                0x0000992c       0x56 SD_Karte.o
                0x0000992c                writeFile
 .text.readFile
                0x00009982        0xc SD_Karte.o
                0x00009982                readFile
 .text.deleteFile
                0x0000998e        0x4 SD_Karte.o
                0x0000998e                deleteFile
 .text.verifyFile
                0x00009992        0xe SD_Karte.o
                0x00009992                verifyFile
 .text.linear_ramp_init
                0x000099a0       0xb4 ramp1.o
                0x000099a0                linear_ramp_init
 .text.linear_ramp_set_defaults
                0x00009a54       0xc4 ramp1.o
                0x00009a54                linear_ramp_set_defaults
 .text.calculateRamp
                0x00009b18       0x5c ramp1.o
                0x00009b18                calculateRamp
 .text.position_func
                0x00009b74       0xe4 ramp1.o
                0x00009b74                position_func
 .text.velocity_func
                0x00009c58       0x48 ramp1.o
                0x00009c58                velocity_func
 .text.iterate_timer
                0x00009ca0       0x28 ramp1.o
                0x00009ca0                iterate_timer
 .text.computeRamp
                0x00009cc8      0x338 ramp1.o
                0x00009cc8                computeRamp
 .text.__vector_13
                0x0000a000       0x5e ramp1.o
                0x0000a000                __vector_13
 .text.reverse  0x0000a05e       0x2e ramp1.o
                0x0000a05e                reverse
 .text.intToStr
                0x0000a08c       0x82 ramp1.o
                0x0000a08c                intToStr
 .text.ftoa     0x0000a10e       0xc4 ramp1.o
                0x0000a10e                ftoa
 .text.softspi_clk_low
                0x0000a1d2        0x4 Software_SPI.o
                0x0000a1d2                softspi_clk_low
 .text.softspi_clk_high
                0x0000a1d6        0x4 Software_SPI.o
                0x0000a1d6                softspi_clk_high
 .text.softspi_mosi_low
                0x0000a1da        0x4 Software_SPI.o
                0x0000a1da                softspi_mosi_low
 .text.softspi_mosi_high
                0x0000a1de        0x4 Software_SPI.o
                0x0000a1de                softspi_mosi_high
 .text.softspi_write_bit
                0x0000a1e2       0x2c Software_SPI.o
                0x0000a1e2                softspi_write_bit
 .text.softspi_write_uint8
                0x0000a20e       0x36 Software_SPI.o
                0x0000a20e                softspi_write_uint8
 .text.softspi_read_bit
                0x0000a244       0x3e Software_SPI.o
                0x0000a244                softspi_read_bit
 .text.softspi_read_uint8
                0x0000a282       0x58 Software_SPI.o
                0x0000a282                softspi_read_uint8
 .text.spi_transmit
                0x0000a2da        0xa SPI.o
                0x0000a2da                spi_transmit
 .text.spi_receive
                0x0000a2e4        0xe SPI.o
                0x0000a2e4                spi_receive
 .text.enable_Slave
                0x0000a2f2       0x30 SPI.o
                0x0000a2f2                enable_Slave
 .text.disable_Slave
                0x0000a322       0x20 SPI.o
                0x0000a322                disable_Slave
 .text.SPI_init
                0x0000a342       0x14 SPI.o
                0x0000a342                SPI_init
 .text.tmc40bit_writeInt
                0x0000a356      0x116 tmc4671.o
                0x0000a356                tmc40bit_writeInt
 .text.tmc4671_writeInt
                0x0000a46c        0x4 tmc4671.o
                0x0000a46c                tmc4671_writeInt
 .text.tmc40bit_readInt
                0x0000a470      0x172 tmc4671.o
                0x0000a470                tmc40bit_readInt
 .text.tmc4671_readInt
                0x0000a5e2        0x4 tmc4671.o
                0x0000a5e2                tmc4671_readInt
 .text.read_registers_TMC4671
                0x0000a5e6       0x42 tmc4671.o
                0x0000a5e6                read_registers_TMC4671
 .text.tmc4671_switchToMotionMode
                0x0000a628       0x2c tmc4671.o
                0x0000a628                tmc4671_switchToMotionMode
 .text.tmc4671_setAbsolutTargetPosition
                0x0000a654       0x2c tmc4671.o
                0x0000a654                tmc4671_setAbsolutTargetPosition
 .text.tmc4671_setActualPosition
                0x0000a680        0xc tmc4671.o
                0x0000a680                tmc4671_setActualPosition
 .text.initTMC4671_Encoder
                0x0000a68c      0x23e tmc4671.o
                0x0000a68c                initTMC4671_Encoder
 .text.tmc4671_getActualPosition
                0x0000a8ca        0x8 tmc4671.o
                0x0000a8ca                tmc4671_getActualPosition
 .text.tmc6200_readInt
                0x0000a8d2      0x16a TMC6200.o
                0x0000a8d2                tmc6200_readInt
 .text.tmc6200_writeInt
                0x0000aa3c      0x112 TMC6200.o
                0x0000aa3c                tmc6200_writeInt
 .text.read_registers_TMC6200
                0x0000ab4e       0x44 TMC6200.o
                0x0000ab4e                read_registers_TMC6200
 .text.initTMC6200
                0x0000ab92       0x56 TMC6200.o
                0x0000ab92                initTMC6200
 .text.tx_completed
                0x0000abe8        0x6 UART.o
                0x0000abe8                tx_completed
 .text.UART_init
                0x0000abee       0xb0 UART.o
                0x0000abee                UART_init
 .text.Uart_Transmit_IT_PC
                0x0000ac9e       0x2c UART.o
                0x0000ac9e                Uart_Transmit_IT_PC
 .text.Uart_Transmit_IT_Display
                0x0000acca       0x2c UART.o
                0x0000acca                Uart_Transmit_IT_Display
 .text.Uart_Transmit_IT_ESP
                0x0000acf6       0x2c UART.o
                0x0000acf6                Uart_Transmit_IT_ESP
 .text.__vector_25
                0x0000ad22       0x58 UART.o
                0x0000ad22                __vector_25
 .text.__vector_36
                0x0000ad7a       0x58 UART.o
                0x0000ad7a                __vector_36
 .text.__vector_51
                0x0000add2       0x58 UART.o
                0x0000add2                __vector_51
 .text.main     0x0000ae2a       0x58 main.o
                0x0000ae2a                main
 .text.avr-libc.fplib
                0x0000ae82        0xa c:/program files (x86)/atmel/studio/7.0/toolchain/avr8/avr8-gnu-toolchain/bin/../lib/gcc/avr/5.4.0/../../../../avr/lib/avr6\libm.a(addsf3.o)
                0x0000ae82                __subsf3
                0x0000ae84                __addsf3
 .text.avr-libc.fplib
                0x0000ae8c       0xc0 c:/program files (x86)/atmel/studio/7.0/toolchain/avr8/avr8-gnu-toolchain/bin/../lib/gcc/avr/5.4.0/../../../../avr/lib/avr6\libm.a(addsf3x.o)
                0x0000aea6                __addsf3x
 .text.avr-libc.fplib
                0x0000af4c       0x26 c:/program files (x86)/atmel/studio/7.0/toolchain/avr8/avr8-gnu-toolchain/bin/../lib/gcc/avr/5.4.0/../../../../avr/lib/avr6\libm.a(ceil.o)
                0x0000af4c                ceil
 .text.avr-libc.fplib
                0x0000af72        0x8 c:/program files (x86)/atmel/studio/7.0/toolchain/avr8/avr8-gnu-toolchain/bin/../lib/gcc/avr/5.4.0/../../../../avr/lib/avr6\libm.a(cmpsf2.o)
                0x0000af72                __nesf2
                0x0000af72                __eqsf2
                0x0000af72                __cmpsf2
                0x0000af72                __ltsf2
                0x0000af72                __lesf2
 .text.avr-libc.fplib
                0x0000af7a        0x4 c:/program files (x86)/atmel/studio/7.0/toolchain/avr8/avr8-gnu-toolchain/bin/../lib/gcc/avr/5.4.0/../../../../avr/lib/avr6\libm.a(divsf3.o)
                0x0000af7a                __divsf3
 .text.avr-libc.fplib
                0x0000af7e       0xcc c:/program files (x86)/atmel/studio/7.0/toolchain/avr8/avr8-gnu-toolchain/bin/../lib/gcc/avr/5.4.0/../../../../avr/lib/avr6\libm.a(divsf3x.o)
                0x0000af94                __divsf3x
                0x0000af98                __divsf3_pse
 .text.avr-libc.fplib
                0x0000b04a        0xa c:/program files (x86)/atmel/studio/7.0/toolchain/avr8/avr8-gnu-toolchain/bin/../lib/gcc/avr/5.4.0/../../../../avr/lib/avr6\libm.a(fixsfsi.o)
                0x0000b04a                __fixsfsi
 .text.avr-libc.fplib
                0x0000b054       0x58 c:/program files (x86)/atmel/studio/7.0/toolchain/avr8/avr8-gnu-toolchain/bin/../lib/gcc/avr/5.4.0/../../../../avr/lib/avr6\libm.a(fixunssfsi.o)
                0x0000b054                __fixunssfsi
 .text.avr-libc.fplib
                0x0000b0ac       0x7a c:/program files (x86)/atmel/studio/7.0/toolchain/avr8/avr8-gnu-toolchain/bin/../lib/gcc/avr/5.4.0/../../../../avr/lib/avr6\libm.a(floatsisf.o)
                0x0000b0ac                __floatunsisf
                0x0000b0b0                __floatsisf
 .text.avr-libc.fplib
                0x0000b126       0x48 c:/program files (x86)/atmel/studio/7.0/toolchain/avr8/avr8-gnu-toolchain/bin/../lib/gcc/avr/5.4.0/../../../../avr/lib/avr6\libm.a(fp_cmp.o)
                0x0000b126                __fp_cmp
 .text.avr-libc.fplib
                0x0000b16e        0xc c:/program files (x86)/atmel/studio/7.0/toolchain/avr8/avr8-gnu-toolchain/bin/../lib/gcc/avr/5.4.0/../../../../avr/lib/avr6\libm.a(fp_inf.o)
                0x0000b16e                __fp_inf
 .text.avr-libc.fplib
                0x0000b17a       0x36 c:/program files (x86)/atmel/studio/7.0/toolchain/avr8/avr8-gnu-toolchain/bin/../lib/gcc/avr/5.4.0/../../../../avr/lib/avr6\libm.a(fp_mintl.o)
                0x0000b17a                __fp_mintl
 .text.avr-libc.fplib
                0x0000b1b0       0x1c c:/program files (x86)/atmel/studio/7.0/toolchain/avr8/avr8-gnu-toolchain/bin/../lib/gcc/avr/5.4.0/../../../../avr/lib/avr6\libm.a(fp_mpack.o)
                0x0000b1b0                __fp_mpack
                0x0000b1b4                __fp_mpack_finite
 .text.avr-libc.fplib
                0x0000b1cc        0x6 c:/program files (x86)/atmel/studio/7.0/toolchain/avr8/avr8-gnu-toolchain/bin/../lib/gcc/avr/5.4.0/../../../../avr/lib/avr6\libm.a(fp_nan.o)
                0x0000b1cc                __fp_nan
 .text.avr-libc.fplib
                0x0000b1d2        0xe c:/program files (x86)/atmel/studio/7.0/toolchain/avr8/avr8-gnu-toolchain/bin/../lib/gcc/avr/5.4.0/../../../../avr/lib/avr6\libm.a(fp_pscA.o)
                0x0000b1d2                __fp_pscA
 .text.avr-libc.fplib
                0x0000b1e0        0xe c:/program files (x86)/atmel/studio/7.0/toolchain/avr8/avr8-gnu-toolchain/bin/../lib/gcc/avr/5.4.0/../../../../avr/lib/avr6\libm.a(fp_pscB.o)
                0x0000b1e0                __fp_pscB
 .text.avr-libc.fplib
                0x0000b1ee       0x22 c:/program files (x86)/atmel/studio/7.0/toolchain/avr8/avr8-gnu-toolchain/bin/../lib/gcc/avr/5.4.0/../../../../avr/lib/avr6\libm.a(fp_round.o)
                0x0000b1ee                __fp_round
 .text.avr-libc.fplib
                0x0000b210       0x44 c:/program files (x86)/atmel/studio/7.0/toolchain/avr8/avr8-gnu-toolchain/bin/../lib/gcc/avr/5.4.0/../../../../avr/lib/avr6\libm.a(fp_split3.o)
                0x0000b210                __fp_split3
                0x0000b220                __fp_splitA
 .text.avr-libc.fplib
                0x0000b254       0x2e c:/program files (x86)/atmel/studio/7.0/toolchain/avr8/avr8-gnu-toolchain/bin/../lib/gcc/avr/5.4.0/../../../../avr/lib/avr6\libm.a(fp_trunc.o)
                0x0000b254                __fp_trunc
 .text.avr-libc.fplib
                0x0000b282        0xe c:/program files (x86)/atmel/studio/7.0/toolchain/avr8/avr8-gnu-toolchain/bin/../lib/gcc/avr/5.4.0/../../../../avr/lib/avr6\libm.a(fp_zero.o)
                0x0000b282                __fp_zero
                0x0000b284                __fp_szero
 .text.avr-libc.fplib
                0x0000b290        0x8 c:/program files (x86)/atmel/studio/7.0/toolchain/avr8/avr8-gnu-toolchain/bin/../lib/gcc/avr/5.4.0/../../../../avr/lib/avr6\libm.a(gesf2.o)
                0x0000b290                __gesf2
                0x0000b290                __gtsf2
 .text.avr-libc.fplib
                0x0000b298        0x4 c:/program files (x86)/atmel/studio/7.0/toolchain/avr8/avr8-gnu-toolchain/bin/../lib/gcc/avr/5.4.0/../../../../avr/lib/avr6\libm.a(mulsf3.o)
                0x0000b298                __mulsf3
 .text.avr-libc.fplib
                0x0000b29c       0xc2 c:/program files (x86)/atmel/studio/7.0/toolchain/avr8/avr8-gnu-toolchain/bin/../lib/gcc/avr/5.4.0/../../../../avr/lib/avr6\libm.a(mulsf3x.o)
                0x0000b2b0                __mulsf3x
                0x0000b2b4                __mulsf3_pse
 .text.avr-libc.fplib
                0x0000b35e       0x98 c:/program files (x86)/atmel/studio/7.0/toolchain/avr8/avr8-gnu-toolchain/bin/../lib/gcc/avr/5.4.0/../../../../avr/lib/avr6\libm.a(pow.o)
                0x0000b35e                pow
 .text.avr-libc.fplib
                0x0000b3f6       0x40 c:/program files (x86)/atmel/studio/7.0/toolchain/avr8/avr8-gnu-toolchain/bin/../lib/gcc/avr/5.4.0/../../../../avr/lib/avr6\libm.a(round.o)
                0x0000b3f6                round
 .text.avr-libc.fplib
                0x0000b436       0x84 c:/program files (x86)/atmel/studio/7.0/toolchain/avr8/avr8-gnu-toolchain/bin/../lib/gcc/avr/5.4.0/../../../../avr/lib/avr6\libm.a(sqrt.o)
                0x0000b43e                sqrtf
                0x0000b43e                sqrt
 .text.avr-libc.fplib
                0x0000b4ba       0x62 c:/program files (x86)/atmel/studio/7.0/toolchain/avr8/avr8-gnu-toolchain/bin/../lib/gcc/avr/5.4.0/../../../../avr/lib/avr6\libm.a(exp.o)
                0x0000b4c4                exp
 .text.avr-libc.fplib
                0x0000b51c        0xe c:/program files (x86)/atmel/studio/7.0/toolchain/avr8/avr8-gnu-toolchain/bin/../lib/gcc/avr/5.4.0/../../../../avr/lib/avr6\libm.a(fp_norm2.o)
                0x0000b51c                __fp_norm2
 .text.avr-libc.fplib
                0x0000b52a       0x4a c:/program files (x86)/atmel/studio/7.0/toolchain/avr8/avr8-gnu-toolchain/bin/../lib/gcc/avr/5.4.0/../../../../avr/lib/avr6\libm.a(fp_powser.o)
                0x0000b52a                __fp_powser
 .text.avr-libc.fplib
                0x0000b574        0xe c:/program files (x86)/atmel/studio/7.0/toolchain/avr8/avr8-gnu-toolchain/bin/../lib/gcc/avr/5.4.0/../../../../avr/lib/avr6\libm.a(inverse.o)
                0x0000b574                inverse
 .text.avr-libc.fplib
                0x0000b582       0x6c c:/program files (x86)/atmel/studio/7.0/toolchain/avr8/avr8-gnu-toolchain/bin/../lib/gcc/avr/5.4.0/../../../../avr/lib/avr6\libm.a(ldexp.o)
                0x0000b586                ldexp
 .text.avr-libc.fplib
                0x0000b5ee       0x8a c:/program files (x86)/atmel/studio/7.0/toolchain/avr8/avr8-gnu-toolchain/bin/../lib/gcc/avr/5.4.0/../../../../avr/lib/avr6\libm.a(log.o)
                0x0000b5f8                log
 .text.avr-libc.fplib
                0x0000b678       0x66 c:/program files (x86)/atmel/studio/7.0/toolchain/avr8/avr8-gnu-toolchain/bin/../lib/gcc/avr/5.4.0/../../../../avr/lib/avr6\libm.a(modf.o)
                0x0000b678                modf
                0x0000b678                modff
 .text.libgcc.mul
                0x0000b6de       0x1e c:/program files (x86)/atmel/studio/7.0/toolchain/avr8/avr8-gnu-toolchain/bin/../lib/gcc/avr/5.4.0/avr6\libgcc.a(_mulsi3.o)
                0x0000b6de                __mulsi3
 .text.libgcc.div
                0x0000b6fc       0x26 c:/program files (x86)/atmel/studio/7.0/toolchain/avr8/avr8-gnu-toolchain/bin/../lib/gcc/avr/5.4.0/avr6\libgcc.a(_divmodhi4.o)
                0x0000b6fc                _div
                0x0000b6fc                __divmodhi4
 .text.libgcc.div
                0x0000b722       0x44 c:/program files (x86)/atmel/studio/7.0/toolchain/avr8/avr8-gnu-toolchain/bin/../lib/gcc/avr/5.4.0/avr6\libgcc.a(_udivmodsi4.o)
                0x0000b722                __udivmodsi4
 .text.libgcc   0x0000b766       0x10 c:/program files (x86)/atmel/studio/7.0/toolchain/avr8/avr8-gnu-toolchain/bin/../lib/gcc/avr/5.4.0/avr6\libgcc.a(_tablejump2.o)
                0x0000b766                __tablejump2__
 .text.libgcc.mul
                0x0000b776       0x1e c:/program files (x86)/atmel/studio/7.0/toolchain/avr8/avr8-gnu-toolchain/bin/../lib/gcc/avr/5.4.0/avr6\libgcc.a(_umulhisi3.o)
                0x0000b776                __umulhisi3
 .text.libgcc.mul
                0x0000b794       0x14 c:/program files (x86)/atmel/studio/7.0/toolchain/avr8/avr8-gnu-toolchain/bin/../lib/gcc/avr/5.4.0/avr6\libgcc.a(_muluhisi3.o)
                0x0000b794                __muluhisi3
 .text.libgcc.div
                0x0000b7a8       0x28 c:/program files (x86)/atmel/studio/7.0/toolchain/avr8/avr8-gnu-toolchain/bin/../lib/gcc/avr/5.4.0/avr6\libgcc.a(_udivmodhi4.o)
                0x0000b7a8                __udivmodhi4
 .text.avr-libc
                0x0000b7d0       0x34 c:/program files (x86)/atmel/studio/7.0/toolchain/avr8/avr8-gnu-toolchain/bin/../lib/gcc/avr/5.4.0/../../../../avr/lib/avr6\libc.a(calloc.o)
                0x0000b7d0                calloc
 .text.avr-libc
                0x0000b804      0x242 c:/program files (x86)/atmel/studio/7.0/toolchain/avr8/avr8-gnu-toolchain/bin/../lib/gcc/avr/5.4.0/../../../../avr/lib/avr6\libc.a(malloc.o)
                0x0000b804                malloc
                0x0000b934                free
 .text.avr-libc
                0x0000ba46       0x3a c:/program files (x86)/atmel/studio/7.0/toolchain/avr8/avr8-gnu-toolchain/bin/../lib/gcc/avr/5.4.0/../../../../avr/lib/avr6\libc.a(atoi.o)
                0x0000ba46                atoi
 .text.avr-libc
                0x0000ba80       0x10 c:/program files (x86)/atmel/studio/7.0/toolchain/avr8/avr8-gnu-toolchain/bin/../lib/gcc/avr/5.4.0/../../../../avr/lib/avr6\libc.a(toupper.o)
                0x0000ba80                toupper
 .text.avr-libc
                0x0000ba90        0x6 c:/program files (x86)/atmel/studio/7.0/toolchain/avr8/avr8-gnu-toolchain/bin/../lib/gcc/avr/5.4.0/../../../../avr/lib/avr6\libc.a(strtok.o)
                0x0000ba90                strtok
 .text.avr-libc
                0x0000ba96        0xe c:/program files (x86)/atmel/studio/7.0/toolchain/avr8/avr8-gnu-toolchain/bin/../lib/gcc/avr/5.4.0/../../../../avr/lib/avr6\libc.a(memset.o)
                0x0000ba96                memset
 .text.avr-libc
                0x0000baa4       0x16 c:/program files (x86)/atmel/studio/7.0/toolchain/avr8/avr8-gnu-toolchain/bin/../lib/gcc/avr/5.4.0/../../../../avr/lib/avr6\libc.a(strcat.o)
                0x0000baa4                strcat
 .text.avr-libc
                0x0000baba       0x12 c:/program files (x86)/atmel/studio/7.0/toolchain/avr8/avr8-gnu-toolchain/bin/../lib/gcc/avr/5.4.0/../../../../avr/lib/avr6\libc.a(strcmp.o)
                0x0000baba                strcmp
 .text.avr-libc
                0x0000bacc        0xe c:/program files (x86)/atmel/studio/7.0/toolchain/avr8/avr8-gnu-toolchain/bin/../lib/gcc/avr/5.4.0/../../../../avr/lib/avr6\libc.a(strcpy.o)
                0x0000bacc                strcpy
 .text.avr-libc
                0x0000bada       0x4e c:/program files (x86)/atmel/studio/7.0/toolchain/avr8/avr8-gnu-toolchain/bin/../lib/gcc/avr/5.4.0/../../../../avr/lib/avr6\libc.a(strtok_r.o)
                0x0000bada                strtok_r
 .text.avr-libc
                0x0000bb28       0x14 c:/program files (x86)/atmel/studio/7.0/toolchain/avr8/avr8-gnu-toolchain/bin/../lib/gcc/avr/5.4.0/../../../../avr/lib/avr6\libc.a(itoa_ncheck.o)
                0x0000bb28                __itoa_ncheck
 .text.avr-libc
                0x0000bb3c       0x10 c:/program files (x86)/atmel/studio/7.0/toolchain/avr8/avr8-gnu-toolchain/bin/../lib/gcc/avr/5.4.0/../../../../avr/lib/avr6\libc.a(mul10.o)
                0x0000bb3c                __mulhi_const_10
 .text.avr-libc
                0x0000bb4c       0x32 c:/program files (x86)/atmel/studio/7.0/toolchain/avr8/avr8-gnu-toolchain/bin/../lib/gcc/avr/5.4.0/../../../../avr/lib/avr6\libc.a(utoa_ncheck.o)
                0x0000bb4c                __utoa_ncheck
                0x0000bb4e                __utoa_common
 .text.avr-libc
                0x0000bb7e       0x20 c:/program files (x86)/atmel/studio/7.0/toolchain/avr8/avr8-gnu-toolchain/bin/../lib/gcc/avr/5.4.0/../../../../avr/lib/avr6\libc.a(strrev.o)
                0x0000bb7e                strrev
 .text.avr-libc
                0x0000bb9e       0x10 C:/Program Files (x86)/Atmel/Studio/7.0/Packs/atmel/ATmega_DFP/1.3.300/gcc/dev/atmega2560/avr6\libatmega2560.a(eerd_byte.o)
                0x0000bb9e                eeprom_read_byte
                0x0000bbae                . = ALIGN (0x2)
 *(.fini9)
 .fini9         0x0000bbae        0x0 c:/program files (x86)/atmel/studio/7.0/toolchain/avr8/avr8-gnu-toolchain/bin/../lib/gcc/avr/5.4.0/avr6\libgcc.a(_exit.o)
                0x0000bbae                _exit
                0x0000bbae                exit
 *(.fini9)
 *(.fini8)
 *(.fini8)
 *(.fini7)
 *(.fini7)
 *(.fini6)
 *(.fini6)
 *(.fini5)
 *(.fini5)
 *(.fini4)
 *(.fini4)
 *(.fini3)
 *(.fini3)
 *(.fini2)
 *(.fini2)
 *(.fini1)
 *(.fini1)
 *(.fini0)
 .fini0         0x0000bbae        0x4 c:/program files (x86)/atmel/studio/7.0/toolchain/avr8/avr8-gnu-toolchain/bin/../lib/gcc/avr/5.4.0/avr6\libgcc.a(_exit.o)
 *(.fini0)
                0x0000bbb2                _etext = .

.data           0x00800200      0x94a load address 0x0000bbb2
                0x00800200                PROVIDE (__data_start, .)
 *(.data)
 .data          0x00800200        0x6 c:/program files (x86)/atmel/studio/7.0/toolchain/avr8/avr8-gnu-toolchain/bin/../lib/gcc/avr/5.4.0/../../../../avr/lib/avr6\libc.a(malloc.o)
                0x00800200                __malloc_heap_end
                0x00800202                __malloc_heap_start
                0x00800204                __malloc_margin
 *(.data*)
 .data.forward.2459
                0x00800206        0x1 ramp1.o
 *(.gnu.linkonce.d*)
 *(.rodata)
 *(.rodata*)
 .rodata.str1.1
                0x00800207      0x37c Cocktail_functions.o
                                0x3a4 (size before relaxing)
 .rodata.str1.1
                0x00800583      0x11d Cocktail_Statemachine.o
                                0x17c (size before relaxing)
 .rodata.str1.1
                0x008006a0       0x21 Getraenk.o
                                 0x28 (size before relaxing)
 .rodata.str1.1
                0x008006c1        0x1 TAGS.o
 .rodata.str1.1
                0x008006c1       0x38 Zutaten.o
                                 0x45 (size before relaxing)
 .rodata.str1.1
                0x008006f9      0x2fd Lists.o
                                0x302 (size before relaxing)
 .rodata.str1.1
                0x008009f6       0x82 Main_Func.o
                                 0x8e (size before relaxing)
 .rodata.str1.1
                0x00800a78       0x2f Nextion_Display.o
 .rodata.str1.1
                0x00800aa7       0x42 mmc.o
 .rodata.str1.1
                0x00800ae9        0xc SD_Karte.o
                                 0x10 (size before relaxing)
 .rodata.str1.1
                0x00800af5       0x2c tmc4671.o
                                 0x32 (size before relaxing)
 .rodata.str1.1
                0x00800b21       0x29 TMC6200.o
                                 0x32 (size before relaxing)
 *(.gnu.linkonce.r*)
                0x00800b4a                . = ALIGN (0x2)
                0x00800b4a                _edata = .
                0x00800b4a                PROVIDE (__data_end, .)

.bss            0x00800b4a      0x7f0
                0x00800b4a                PROVIDE (__bss_start, .)
 *(.bss)
 .bss           0x00800b4a        0x2 c:/program files (x86)/atmel/studio/7.0/toolchain/avr8/avr8-gnu-toolchain/bin/../lib/gcc/avr/5.4.0/../../../../avr/lib/avr6\libc.a(strtok.o)
 *(.bss*)
 .bss.count.3987
                0x00800b4c        0x4 Cocktail_functions.o
 .bss.oldval.3986
                0x00800b50        0x1 Cocktail_functions.o
 .bss.match.1970
                0x00800b51        0x1 fat.o
 .bss.cntr_End_UART_2
                0x00800b52        0x1 main.o
                0x00800b52                cntr_End_UART_2
 .bss.cntr_UART_2
                0x00800b53        0x1 main.o
                0x00800b53                cntr_UART_2
 .bss.cntr_End_UART_1
                0x00800b54        0x1 main.o
                0x00800b54                cntr_End_UART_1
 .bss.cntr_UART_1
                0x00800b55        0x1 main.o
                0x00800b55                cntr_UART_1
 .bss.cntr_End_UART_0
                0x00800b56        0x1 main.o
                0x00800b56                cntr_End_UART_0
 .bss.cntr_UART_0
                0x00800b57        0x1 main.o
                0x00800b57                cntr_UART_0
 *(COMMON)
 COMMON         0x00800b58      0x421 Cocktail_functions.o
                0x00800b58                buffer2_getraenk_file_alle
                0x00800b5a                number_zutaten_maschine_ohne
                0x00800b5c                aktuelles_Zutat_file_ausser_Maschine_mit_KS
                0x00800b5e                new_zutat_maschine_list_node
                0x00800b60                tmp_zut_Maschine_head
                0x00800b62                ptr_zutat_maschine_node
                0x00800b64                buffer_zut_in_Maschine_ohne_KS
                0x00800b66                Position
                0x00800b6a                number_getraenk_alle_
                0x00800b6c                number_zutaten_mit
                0x00800b6e                rainbow_i
                0x00800b70                Liste
                0x00800b71                head_tag
                0x00800b73                number_list_zutaten_val
                0x00800b75                number_zutaten_mit_val
                0x00800b77                aktuelle_zutat
                0x00800b79                actual_list_node_zutat_maschine
                0x00800b7b                tail_getraenk_file_alle
                0x00800b7d                count_bla
                0x00800b81                compute
                0x00800b82                fileName
                0x00800b8f                tmp_zut_Maschine_actual
                0x00800b91                head_list_node_zutat_maschine
                0x00800b93                new_file_node
                0x00800b95                tail_list_node_zutaten
                0x00800b97                buffer_zutat_file
                0x00800b99                tail_zutat_file_ohne
                0x00800b9b                ptr_tx_completed_1
                0x00800b9d                number_zutaten_maschine_mit
                0x00800b9f                actual_list_node_zutaten
                0x00800ba1                option
                0x00800ba2                aktuelles_Zutat_file_in_Maschine_ohne_KS
                0x00800ba4                ramp
                0x00800ba6                tmp_mit_KS_head
                0x00800ba8                tmp_ohne_KS_tail
                0x00800baa                ptr_file_node
                0x00800bac                Grossschreib
                0x00800bad                number_zutaten_maschine_mit_val
                0x00800baf                block_list_runter
                0x00800bb0                new_list_node
                0x00800bb2                head_zutat_maschine_mit
                0x00800bb4                state
                0x00800bb6                TimingDelay
                0x00800bb7                light
                0x00800bb8                rb_rx_ESP
                0x00800cb9                aktueller_tag
                0x00800cbb                aktuelle_Zutat_in_Maschine_ohne_KS
                0x00800cbd                number_list_getraenke_alle_val
                0x00800cbf                number_zutaten_ohne_val
                0x00800cc1                i
                0x00800cc3                head_getraenk_file_alle
                0x00800cc5                new_zutat_maschine_node
                0x00800cc7                address_Standardwiederherstellung
                0x00800cc9                rb_rx_Display
                0x00800dca                number_zutaten_maschine_ohne_val
                0x00800dcc                buffer_getraenk_file_alle
                0x00800dce                tail_tag
                0x00800dd0                tail_zutat_file_mit
                0x00800dd2                SPI_Slave
                0x00800dd3                tail_list_node_zutat_maschine
                0x00800dd5                ptr_tx_completed_2
                0x00800dd7                states
                0x00800dd8                block_list_hoch
                0x00800dd9                head_zutat_file_mit
                0x00800ddb                number_list_zutat_maschine
                0x00800ddd                counter
                0x00800dde                buffer2_zutat_file
                0x00800de0                number_getraenk_alle
                0x00800de2                data
                0x00800de3                buff_name
                0x00800df8                kohlensaeure_mode
                0x00800df9                number_zutaten_ohne
                0x00800dfb                ptr_tx_completed_3
                0x00800dfd                ptr_zutat_maschine_list_node
                0x00800dff                rb_rx_PC
                0x00800f00                number_list_getranke_alle
                0x00800f02                tmp_mit_KS_tail
                0x00800f04                ptr_list_node
                0x00800f06                error
                0x00800f07                tmp_ohne_KS_head
                0x00800f09                aktuelle_Zutat_ausser_Maschine_mit_KS
                0x00800f0b                head_zutat_file_ohne
                0x00800f0d                actual_list_node_getraenk
                0x00800f0f                gui_pages
                0x00800f10                head_list_node_getraenk
                0x00800f12                actual_getraenk_file_alle
                0x00800f14                tail_list_node_getraenk
                0x00800f16                tmp_zut_Maschine_tail
                0x00800f18                i_Liste
                0x00800f19                number_list_zutat_maschine_val
                0x00800f1b                number_list_zutaten
                0x00800f1d                head_list_node_zutaten
                0x00800f1f                stop
                0x00800f20                FAT32_active
                0x00800f21                head_zutat_maschine_ohne
                0x00800f23                aktuellesGetraenk
                0x00800f25                buffer_zutat_maschine
                0x00800f27                aRamp
                0x00800f70                ptr_tx_completed_0
                0x00800f72                buffer_zut_ausser_Maschine_mit_KS
                0x00800f74                tail_zutat_maschine_ohne
                0x00800f76                SPI_State
                0x00800f77                tail_zutat_maschine_mit
 COMMON         0x00800f79      0x222 fat.o
                0x00800f79                fat
                0x00801191                chain
 COMMON         0x0080119b       0x19 file.o
                0x0080119b                file
 COMMON         0x008011b4      0x182 main.o
                0x008011b4                INPUT_UART_0
                0x00801234                INPUT_UART_1
                0x008012b4                ptr_Uart_1
                0x008012b6                INPUT_UART_2
 COMMON         0x00801336        0x4 c:/program files (x86)/atmel/studio/7.0/toolchain/avr8/avr8-gnu-toolchain/bin/../lib/gcc/avr/5.4.0/../../../../avr/lib/avr6\libc.a(malloc.o)
                0x00801336                __brkval
                0x00801338                __flp
                0x0080133a                PROVIDE (__bss_end, .)
                0x0000bbb2                __data_load_start = LOADADDR (.data)
                0x0000c4fc                __data_load_end = (__data_load_start + SIZEOF (.data))

.noinit         0x0080133a        0x0
                [!provide]                PROVIDE (__noinit_start, .)
 *(.noinit*)
                [!provide]                PROVIDE (__noinit_end, .)
                0x0080133a                _end = .
                0x0080133a                PROVIDE (__heap_start, .)

.eeprom         0x00810000        0x0
 *(.eeprom*)
                0x00810000                __eeprom_end = .

.fuse
 *(.fuse)
 *(.lfuse)
 *(.hfuse)
 *(.efuse)

.lock
 *(.lock*)

.signature
 *(.signature*)

.user_signatures
 *(.user_signatures*)

.stab
 *(.stab)

.stabstr
 *(.stabstr)

.stab.excl
 *(.stab.excl)

.stab.exclstr
 *(.stab.exclstr)

.stab.index
 *(.stab.index)

.stab.indexstr
 *(.stab.indexstr)

.comment        0x00000000       0x30
 *(.comment)
 .comment       0x00000000       0x30 Cocktail_functions.o
                                 0x31 (size before relaxing)
 .comment       0x00000030       0x31 Cocktail_Statemachine.o
 .comment       0x00000030       0x31 Getraenk.o
 .comment       0x00000030       0x31 TAGS.o
 .comment       0x00000030       0x31 Zutaten.o
 .comment       0x00000030       0x31 LED.o
 .comment       0x00000030       0x31 Lists.o
 .comment       0x00000030       0x31 Main_Func.o
 .comment       0x00000030       0x31 Nextion_Display.o
 .comment       0x00000030       0x31 ring_buffer.o
 .comment       0x00000030       0x31 fat.o
 .comment       0x00000030       0x31 file.o
 .comment       0x00000030       0x31 mmc.o
 .comment       0x00000030       0x31 SD_Karte.o
 .comment       0x00000030       0x31 ramp1.o
 .comment       0x00000030       0x31 Software_SPI.o
 .comment       0x00000030       0x31 SPI.o
 .comment       0x00000030       0x31 tmc4671.o
 .comment       0x00000030       0x31 TMC6200.o
 .comment       0x00000030       0x31 UART.o
 .comment       0x00000030       0x31 main.o
 .comment       0x00000030       0x31 c:/program files (x86)/atmel/studio/7.0/toolchain/avr8/avr8-gnu-toolchain/bin/../lib/gcc/avr/5.4.0/../../../../avr/lib/avr6\libc.a(calloc.o)
 .comment       0x00000030       0x31 c:/program files (x86)/atmel/studio/7.0/toolchain/avr8/avr8-gnu-toolchain/bin/../lib/gcc/avr/5.4.0/../../../../avr/lib/avr6\libc.a(malloc.o)
 .comment       0x00000030       0x31 c:/program files (x86)/atmel/studio/7.0/toolchain/avr8/avr8-gnu-toolchain/bin/../lib/gcc/avr/5.4.0/../../../../avr/lib/avr6\libc.a(strtok.o)

.note.gnu.avr.deviceinfo
                0x00000000       0x40
 .note.gnu.avr.deviceinfo
                0x00000000       0x40 C:/Program Files (x86)/Atmel/Studio/7.0/Packs/atmel/ATmega_DFP/1.3.300/gcc/dev/atmega2560/avr6/crtatmega2560.o

.note.gnu.build-id
 *(.note.gnu.build-id)

.debug
 *(.debug)

.line
 *(.line)

.debug_srcinfo
 *(.debug_srcinfo)

.debug_sfnames
 *(.debug_sfnames)

.debug_aranges  0x00000000      0xc68
 *(.debug_aranges)
 .debug_aranges
                0x00000000      0x1c8 Cocktail_functions.o
 .debug_aranges
                0x000001c8       0xf8 Cocktail_Statemachine.o
 .debug_aranges
                0x000002c0       0x50 Getraenk.o
 .debug_aranges
                0x00000310       0x30 TAGS.o
 .debug_aranges
                0x00000340       0x28 Zutaten.o
 .debug_aranges
                0x00000368       0x80 LED.o
 .debug_aranges
                0x000003e8      0x178 Lists.o
 .debug_aranges
                0x00000560       0xa0 Main_Func.o
 .debug_aranges
                0x00000600       0x68 Nextion_Display.o
 .debug_aranges
                0x00000668       0x50 ring_buffer.o
 .debug_aranges
                0x000006b8       0xa0 fat.o
 .debug_aranges
                0x00000758       0x70 file.o
 .debug_aranges
                0x000007c8       0x68 mmc.o
 .debug_aranges
                0x00000830       0x50 SD_Karte.o
 .debug_aranges
                0x00000880       0x90 ramp1.o
 .debug_aranges
                0x00000910       0x70 Software_SPI.o
 .debug_aranges
                0x00000980       0x48 SPI.o
 .debug_aranges
                0x000009c8      0x1b8 tmc4671.o
 .debug_aranges
                0x00000b80       0x38 TMC6200.o
 .debug_aranges
                0x00000bb8       0x70 UART.o
 .debug_aranges
                0x00000c28       0x20 main.o
 .debug_aranges
                0x00000c48       0x20 C:/Program Files (x86)/Atmel/Studio/7.0/Packs/atmel/ATmega_DFP/1.3.300/gcc/dev/atmega2560/avr6\libatmega2560.a(eerd_byte.o)

.debug_pubnames
 *(.debug_pubnames)

.debug_info     0x00000000    0x1be77
 *(.debug_info .gnu.linkonce.wi.*)
 .debug_info    0x00000000      0xbbc C:/Program Files (x86)/Atmel/Studio/7.0/Packs/atmel/ATmega_DFP/1.3.300/gcc/dev/atmega2560/avr6/crtatmega2560.o
 .debug_info    0x00000bbc     0x6742 Cocktail_functions.o
 .debug_info    0x000072fe     0x3cfa Cocktail_Statemachine.o
 .debug_info    0x0000aff8     0x1329 Getraenk.o
 .debug_info    0x0000c321      0x2be TAGS.o
 .debug_info    0x0000c5df     0x11d5 Zutaten.o
 .debug_info    0x0000d7b4      0x32b LED.o
 .debug_info    0x0000dadf     0x28b4 Lists.o
 .debug_info    0x00010393     0x179d Main_Func.o
 .debug_info    0x00011b30     0x1318 Nextion_Display.o
 .debug_info    0x00012e48      0x318 ring_buffer.o
 .debug_info    0x00013160      0xdb7 fat.o
 .debug_info    0x00013f17      0x825 file.o
 .debug_info    0x0001473c      0x885 mmc.o
 .debug_info    0x00014fc1      0x528 SD_Karte.o
 .debug_info    0x000154e9      0xba5 ramp1.o
 .debug_info    0x0001608e      0x548 Software_SPI.o
 .debug_info    0x000165d6      0x24e SPI.o
 .debug_info    0x00016824     0x37d9 tmc4671.o
 .debug_info    0x00019ffd      0xa08 TMC6200.o
 .debug_info    0x0001aa05      0x43b UART.o
 .debug_info    0x0001ae40      0xf9d main.o
 .debug_info    0x0001bddd       0x9a C:/Program Files (x86)/Atmel/Studio/7.0/Packs/atmel/ATmega_DFP/1.3.300/gcc/dev/atmega2560/avr6\libatmega2560.a(eerd_byte.o)

.debug_abbrev   0x00000000     0x3a9f
 *(.debug_abbrev)
 .debug_abbrev  0x00000000      0xb1a C:/Program Files (x86)/Atmel/Studio/7.0/Packs/atmel/ATmega_DFP/1.3.300/gcc/dev/atmega2560/avr6/crtatmega2560.o
 .debug_abbrev  0x00000b1a      0x421 Cocktail_functions.o
 .debug_abbrev  0x00000f3b      0x2f6 Cocktail_Statemachine.o
 .debug_abbrev  0x00001231      0x243 Getraenk.o
 .debug_abbrev  0x00001474      0x122 TAGS.o
 .debug_abbrev  0x00001596      0x247 Zutaten.o
 .debug_abbrev  0x000017dd      0x11c LED.o
 .debug_abbrev  0x000018f9      0x2db Lists.o
 .debug_abbrev  0x00001bd4      0x367 Main_Func.o
 .debug_abbrev  0x00001f3b      0x231 Nextion_Display.o
 .debug_abbrev  0x0000216c      0x12a ring_buffer.o
 .debug_abbrev  0x00002296      0x2b5 fat.o
 .debug_abbrev  0x0000254b      0x230 file.o
 .debug_abbrev  0x0000277b      0x26e mmc.o
 .debug_abbrev  0x000029e9      0x1c4 SD_Karte.o
 .debug_abbrev  0x00002bad      0x346 ramp1.o
 .debug_abbrev  0x00002ef3      0x15b Software_SPI.o
 .debug_abbrev  0x0000304e      0x11c SPI.o
 .debug_abbrev  0x0000316a      0x3aa tmc4671.o
 .debug_abbrev  0x00003514      0x265 TMC6200.o
 .debug_abbrev  0x00003779      0x183 UART.o
 .debug_abbrev  0x000038fc      0x18f main.o
 .debug_abbrev  0x00003a8b       0x14 C:/Program Files (x86)/Atmel/Studio/7.0/Packs/atmel/ATmega_DFP/1.3.300/gcc/dev/atmega2560/avr6\libatmega2560.a(eerd_byte.o)

.debug_line     0x00000000     0xb441
 *(.debug_line .debug_line.* .debug_line_end)
 .debug_line    0x00000000      0x1f9 C:/Program Files (x86)/Atmel/Studio/7.0/Packs/atmel/ATmega_DFP/1.3.300/gcc/dev/atmega2560/avr6/crtatmega2560.o
 .debug_line    0x000001f9     0x2a43 Cocktail_functions.o
 .debug_line    0x00002c3c     0x1c75 Cocktail_Statemachine.o
 .debug_line    0x000048b1      0x6c1 Getraenk.o
 .debug_line    0x00004f72      0x195 TAGS.o
 .debug_line    0x00005107      0x45c Zutaten.o
 .debug_line    0x00005563      0x351 LED.o
 .debug_line    0x000058b4     0x1315 Lists.o
 .debug_line    0x00006bc9      0x99d Main_Func.o
 .debug_line    0x00007566      0x5dd Nextion_Display.o
 .debug_line    0x00007b43      0x21d ring_buffer.o
 .debug_line    0x00007d60      0x77e fat.o
 .debug_line    0x000084de      0x563 file.o
 .debug_line    0x00008a41      0x509 mmc.o
 .debug_line    0x00008f4a      0x299 SD_Karte.o
 .debug_line    0x000091e3      0x6c4 ramp1.o
 .debug_line    0x000098a7      0x2ff Software_SPI.o
 .debug_line    0x00009ba6      0x1e2 SPI.o
 .debug_line    0x00009d88      0xaf1 tmc4671.o
 .debug_line    0x0000a879      0x3ec TMC6200.o
 .debug_line    0x0000ac65      0x329 UART.o
 .debug_line    0x0000af8e      0x439 main.o
 .debug_line    0x0000b3c7       0x7a C:/Program Files (x86)/Atmel/Studio/7.0/Packs/atmel/ATmega_DFP/1.3.300/gcc/dev/atmega2560/avr6\libatmega2560.a(eerd_byte.o)

.debug_frame    0x00000000     0x34c4
 *(.debug_frame)
 .debug_frame   0x00000000      0xaec Cocktail_functions.o
 .debug_frame   0x00000aec      0x34c Cocktail_Statemachine.o
 .debug_frame   0x00000e38      0x108 Getraenk.o
 .debug_frame   0x00000f40       0x78 TAGS.o
 .debug_frame   0x00000fb8       0x98 Zutaten.o
 .debug_frame   0x00001050      0x144 LED.o
 .debug_frame   0x00001194      0x7f0 Lists.o
 .debug_frame   0x00001984      0x270 Main_Func.o
 .debug_frame   0x00001bf4      0x198 Nextion_Display.o
 .debug_frame   0x00001d8c       0xdc ring_buffer.o
 .debug_frame   0x00001e68      0x460 fat.o
 .debug_frame   0x000022c8      0x1ec file.o
 .debug_frame   0x000024b4      0x130 mmc.o
 .debug_frame   0x000025e4       0xa8 SD_Karte.o
 .debug_frame   0x0000268c      0x338 ramp1.o
 .debug_frame   0x000029c4      0x108 Software_SPI.o
 .debug_frame   0x00002acc       0x74 SPI.o
 .debug_frame   0x00002b40      0x69c tmc4671.o
 .debug_frame   0x000031dc       0xd8 TMC6200.o
 .debug_frame   0x000032b4      0x1ec UART.o
 .debug_frame   0x000034a0       0x24 main.o

.debug_str      0x00000000     0x3b28
 *(.debug_str)
 .debug_str     0x00000000      0x3e6 C:/Program Files (x86)/Atmel/Studio/7.0/Packs/atmel/ATmega_DFP/1.3.300/gcc/dev/atmega2560/avr6/crtatmega2560.o
 .debug_str     0x000003e6     0x18d9 Cocktail_functions.o
                               0x1a3d (size before relaxing)
 .debug_str     0x00001cbf      0x83f Cocktail_Statemachine.o
                               0x1c82 (size before relaxing)
 .debug_str     0x000024fe      0x117 Getraenk.o
                               0x1064 (size before relaxing)
 .debug_str     0x00002615       0x68 TAGS.o
                                0x265 (size before relaxing)
 .debug_str     0x0000267d       0xb3 Zutaten.o
                                0xa6a (size before relaxing)
 .debug_str     0x00002730       0xbe LED.o
                                0x316 (size before relaxing)
 .debug_str     0x000027ee      0x22b Lists.o
                                0x743 (size before relaxing)
 .debug_str     0x00002a19      0x220 Main_Func.o
                               0x113d (size before relaxing)
 .debug_str     0x00002c39       0x5e Nextion_Display.o
                                0xf12 (size before relaxing)
 .debug_str     0x00002c97       0x5a ring_buffer.o
                                0x1df (size before relaxing)
 .debug_str     0x00002cf1      0x2fa fat.o
                                0x516 (size before relaxing)
 .debug_str     0x00002feb       0xb6 file.o
                                0x46a (size before relaxing)
 .debug_str     0x000030a1       0xc1 mmc.o
                                0x3dd (size before relaxing)
 .debug_str     0x00003162       0x43 SD_Karte.o
                                0x34e (size before relaxing)
 .debug_str     0x000031a5      0x133 ramp1.o
                                0x640 (size before relaxing)
 .debug_str     0x000032d8      0x104 Software_SPI.o
                                0x2c8 (size before relaxing)
 .debug_str     0x000033dc       0x5b SPI.o
                                0x252 (size before relaxing)
 .debug_str     0x00003437      0x5c1 tmc4671.o
                                0x9a6 (size before relaxing)
 .debug_str     0x000039f8       0x57 TMC6200.o
                                0x3b7 (size before relaxing)
 .debug_str     0x00003a4f       0x72 UART.o
                                0x307 (size before relaxing)
 .debug_str     0x00003ac1       0x67 main.o
                                0xfd6 (size before relaxing)

.debug_loc      0x00000000    0x130e2
 *(.debug_loc)
 .debug_loc     0x00000000     0x3fbe Cocktail_functions.o
 .debug_loc     0x00003fbe     0x1685 Cocktail_Statemachine.o
 .debug_loc     0x00005643      0x441 Getraenk.o
 .debug_loc     0x00005a84      0x1f7 TAGS.o
 .debug_loc     0x00005c7b      0x3b2 Zutaten.o
 .debug_loc     0x0000602d      0x178 LED.o
 .debug_loc     0x000061a5     0x4109 Lists.o
 .debug_loc     0x0000a2ae      0x9d4 Main_Func.o
 .debug_loc     0x0000ac82      0x65a Nextion_Display.o
 .debug_loc     0x0000b2dc      0x58d ring_buffer.o
 .debug_loc     0x0000b869     0x1802 fat.o
 .debug_loc     0x0000d06b      0x78c file.o
 .debug_loc     0x0000d7f7      0x59d mmc.o
 .debug_loc     0x0000dd94      0x188 SD_Karte.o
 .debug_loc     0x0000df1c      0xe13 ramp1.o
 .debug_loc     0x0000ed2f      0x357 Software_SPI.o
 .debug_loc     0x0000f086       0x98 SPI.o
 .debug_loc     0x0000f11e     0x3607 tmc4671.o
 .debug_loc     0x00012725      0x4e8 TMC6200.o
 .debug_loc     0x00012c0d      0x48d UART.o
 .debug_loc     0x0001309a       0x48 main.o

.debug_macinfo
 *(.debug_macinfo)

.debug_weaknames
 *(.debug_weaknames)

.debug_funcnames
 *(.debug_funcnames)

.debug_typenames
 *(.debug_typenames)

.debug_varnames
 *(.debug_varnames)

.debug_pubtypes
 *(.debug_pubtypes)

.debug_ranges   0x00000000      0xd20
 *(.debug_ranges)
 .debug_ranges  0x00000000      0x328 Cocktail_functions.o
 .debug_ranges  0x00000328      0x118 Cocktail_Statemachine.o
 .debug_ranges  0x00000440       0x40 Getraenk.o
 .debug_ranges  0x00000480       0x20 TAGS.o
 .debug_ranges  0x000004a0       0x18 Zutaten.o
 .debug_ranges  0x000004b8       0x70 LED.o
 .debug_ranges  0x00000528      0x180 Lists.o
 .debug_ranges  0x000006a8       0xe8 Main_Func.o
 .debug_ranges  0x00000790       0x58 Nextion_Display.o
 .debug_ranges  0x000007e8       0x40 ring_buffer.o
 .debug_ranges  0x00000828       0xa8 fat.o
 .debug_ranges  0x000008d0       0x60 file.o
 .debug_ranges  0x00000930       0x58 mmc.o
 .debug_ranges  0x00000988       0x40 SD_Karte.o
 .debug_ranges  0x000009c8       0x80 ramp1.o
 .debug_ranges  0x00000a48       0x60 Software_SPI.o
 .debug_ranges  0x00000aa8       0x38 SPI.o
 .debug_ranges  0x00000ae0      0x1a8 tmc4671.o
 .debug_ranges  0x00000c88       0x28 TMC6200.o
 .debug_ranges  0x00000cb0       0x60 UART.o
 .debug_ranges  0x00000d10       0x10 main.o

.debug_macro
 *(.debug_macro)
OUTPUT(Mikrocontroller.elf elf32-avr)
LOAD linker stubs
