Archive member included to satisfy reference by file (symbol)

c:/program files (x86)/atmel/studio/7.0/toolchain/avr8/avr8-gnu-toolchain/bin/../lib/gcc/avr/5.4.0/../../../../avr/lib/avr6\libm.a(addsf3.o)
                              Cocktail_functions.o (__subsf3)
c:/program files (x86)/atmel/studio/7.0/toolchain/avr8/avr8-gnu-toolchain/bin/../lib/gcc/avr/5.4.0/../../../../avr/lib/avr6\libm.a(addsf3x.o)
                              c:/program files (x86)/atmel/studio/7.0/toolchain/avr8/avr8-gnu-toolchain/bin/../lib/gcc/avr/5.4.0/../../../../avr/lib/avr6\libm.a(addsf3.o) (__addsf3x)
c:/program files (x86)/atmel/studio/7.0/toolchain/avr8/avr8-gnu-toolchain/bin/../lib/gcc/avr/5.4.0/../../../../avr/lib/avr6\libm.a(ceil.o)
                              Cocktail_functions.o (ceil)
c:/program files (x86)/atmel/studio/7.0/toolchain/avr8/avr8-gnu-toolchain/bin/../lib/gcc/avr/5.4.0/../../../../avr/lib/avr6\libm.a(cmpsf2.o)
                              Cocktail_functions.o (__ltsf2)
c:/program files (x86)/atmel/studio/7.0/toolchain/avr8/avr8-gnu-toolchain/bin/../lib/gcc/avr/5.4.0/../../../../avr/lib/avr6\libm.a(divsf3.o)
                              Cocktail_functions.o (__divsf3)
c:/program files (x86)/atmel/studio/7.0/toolchain/avr8/avr8-gnu-toolchain/bin/../lib/gcc/avr/5.4.0/../../../../avr/lib/avr6\libm.a(divsf3x.o)
                              c:/program files (x86)/atmel/studio/7.0/toolchain/avr8/avr8-gnu-toolchain/bin/../lib/gcc/avr/5.4.0/../../../../avr/lib/avr6\libm.a(divsf3.o) (__divsf3x)
c:/program files (x86)/atmel/studio/7.0/toolchain/avr8/avr8-gnu-toolchain/bin/../lib/gcc/avr/5.4.0/../../../../avr/lib/avr6\libm.a(fixsfsi.o)
                              ramp1.o (__fixsfsi)
c:/program files (x86)/atmel/studio/7.0/toolchain/avr8/avr8-gnu-toolchain/bin/../lib/gcc/avr/5.4.0/../../../../avr/lib/avr6\libm.a(fixunssfsi.o)
                              ramp1.o (__fixunssfsi)
c:/program files (x86)/atmel/studio/7.0/toolchain/avr8/avr8-gnu-toolchain/bin/../lib/gcc/avr/5.4.0/../../../../avr/lib/avr6\libm.a(floatsisf.o)
                              Cocktail_functions.o (__floatunsisf)
c:/program files (x86)/atmel/studio/7.0/toolchain/avr8/avr8-gnu-toolchain/bin/../lib/gcc/avr/5.4.0/../../../../avr/lib/avr6\libm.a(fp_cmp.o)
                              c:/program files (x86)/atmel/studio/7.0/toolchain/avr8/avr8-gnu-toolchain/bin/../lib/gcc/avr/5.4.0/../../../../avr/lib/avr6\libm.a(cmpsf2.o) (__fp_cmp)
c:/program files (x86)/atmel/studio/7.0/toolchain/avr8/avr8-gnu-toolchain/bin/../lib/gcc/avr/5.4.0/../../../../avr/lib/avr6\libm.a(fp_inf.o)
                              c:/program files (x86)/atmel/studio/7.0/toolchain/avr8/avr8-gnu-toolchain/bin/../lib/gcc/avr/5.4.0/../../../../avr/lib/avr6\libm.a(addsf3x.o) (__fp_inf)
c:/program files (x86)/atmel/studio/7.0/toolchain/avr8/avr8-gnu-toolchain/bin/../lib/gcc/avr/5.4.0/../../../../avr/lib/avr6\libm.a(fp_mintl.o)
                              c:/program files (x86)/atmel/studio/7.0/toolchain/avr8/avr8-gnu-toolchain/bin/../lib/gcc/avr/5.4.0/../../../../avr/lib/avr6\libm.a(ceil.o) (__fp_mintl)
c:/program files (x86)/atmel/studio/7.0/toolchain/avr8/avr8-gnu-toolchain/bin/../lib/gcc/avr/5.4.0/../../../../avr/lib/avr6\libm.a(fp_mpack.o)
                              c:/program files (x86)/atmel/studio/7.0/toolchain/avr8/avr8-gnu-toolchain/bin/../lib/gcc/avr/5.4.0/../../../../avr/lib/avr6\libm.a(ceil.o) (__fp_mpack)
c:/program files (x86)/atmel/studio/7.0/toolchain/avr8/avr8-gnu-toolchain/bin/../lib/gcc/avr/5.4.0/../../../../avr/lib/avr6\libm.a(fp_nan.o)
                              c:/program files (x86)/atmel/studio/7.0/toolchain/avr8/avr8-gnu-toolchain/bin/../lib/gcc/avr/5.4.0/../../../../avr/lib/avr6\libm.a(addsf3x.o) (__fp_nan)
c:/program files (x86)/atmel/studio/7.0/toolchain/avr8/avr8-gnu-toolchain/bin/../lib/gcc/avr/5.4.0/../../../../avr/lib/avr6\libm.a(fp_pscA.o)
                              c:/program files (x86)/atmel/studio/7.0/toolchain/avr8/avr8-gnu-toolchain/bin/../lib/gcc/avr/5.4.0/../../../../avr/lib/avr6\libm.a(addsf3x.o) (__fp_pscA)
c:/program files (x86)/atmel/studio/7.0/toolchain/avr8/avr8-gnu-toolchain/bin/../lib/gcc/avr/5.4.0/../../../../avr/lib/avr6\libm.a(fp_pscB.o)
                              c:/program files (x86)/atmel/studio/7.0/toolchain/avr8/avr8-gnu-toolchain/bin/../lib/gcc/avr/5.4.0/../../../../avr/lib/avr6\libm.a(addsf3x.o) (__fp_pscB)
c:/program files (x86)/atmel/studio/7.0/toolchain/avr8/avr8-gnu-toolchain/bin/../lib/gcc/avr/5.4.0/../../../../avr/lib/avr6\libm.a(fp_round.o)
                              c:/program files (x86)/atmel/studio/7.0/toolchain/avr8/avr8-gnu-toolchain/bin/../lib/gcc/avr/5.4.0/../../../../avr/lib/avr6\libm.a(addsf3.o) (__fp_round)
c:/program files (x86)/atmel/studio/7.0/toolchain/avr8/avr8-gnu-toolchain/bin/../lib/gcc/avr/5.4.0/../../../../avr/lib/avr6\libm.a(fp_split3.o)
[...]
Memory Configuration

Name             Origin             Length             Attributes
text             0x00000000         0x00100000         xr
data             0x00800200         0x0000fe00         rw !x
eeprom           0x00810000         0x00010000         rw !x
fuse             0x00820000         0x00000003         rw !x
lock             0x00830000         0x00000400         rw !x
signature        0x00840000         0x00000400         rw !x
user_signatures  0x00850000         0x00000400         rw !x
*default*        0x00000000         0xffffffff

Linker script and memory map

Address of section .data set to 0x800200
LOAD C:/Program Files (x86)/Atmel/Studio/7.0/Packs/atmel/ATmega_DFP/1.3.300/gcc/dev/atmega2560/avr6/crtatmega2560.o
LOAD Cocktail_functions.o
LOAD Cocktail_Statemachine.o
LOAD Getraenk.o
LOAD TAGS.o
LOAD Zutaten.o
LOAD LED.o
LOAD Lists.o
LOAD Main_Func.o
LOAD Nextion_Display.o
LOAD ring_buffer.o
LOAD fat.o
LOAD file.o
LOAD mmc.o
LOAD SD_Karte.o
LOAD ramp1.o
LOAD Software_SPI.o
LOAD SPI.o
LOAD tmc4671.o
LOAD TMC6200.o
LOAD UART.o
LOAD main.o
START GROUP
LOAD c:/program files (x86)/atmel/studio/7.0/toolchain/avr8/avr8-gnu-toolchain/bin/../lib/gcc/avr/5.4.0/../../../../avr/lib/avr6\libm.a
END GROUP
START GROUP
LOAD c:/program files (x86)/atmel/studio/7.0/toolchain/avr8/avr8-gnu-toolchain/bin/../lib/gcc/avr/5.4.0/avr6\libgcc.a
LOAD c:/program files (x86)/atmel/studio/7.0/toolchain/avr8/avr8-gnu-toolchain/bin/../lib/gcc/avr/5.4.0/../../../../avr/lib/avr6\libm.a
LOAD c:/program files (x86)/atmel/studio/7.0/toolchain/avr8/avr8-gnu-toolchain/bin/../lib/gcc/avr/5.4.0/../../../../avr/lib/avr6\libc.a
LOAD C:/Program Files (x86)/Atmel/Studio/7.0/Packs/atmel/ATmega_DFP/1.3.300/gcc/dev/atmega2560/avr6\libatmega2560.a
END GROUP
                0x00000000                __TEXT_REGION_ORIGIN__ = DEFINED (__TEXT_REGION_ORIGIN__)?__TEXT_REGION_ORIGIN__:0x0
                0x00800200                __DATA_REGION_ORIGIN__ = DEFINED (__DATA_REGION_ORIGIN__)?__DATA_REGION_ORIGIN__:0x800200
                0x00100000                __TEXT_REGION_LENGTH__ = DEFINED (__TEXT_REGION_LENGTH__)?__TEXT_REGION_LENGTH__:0x100000
                0x0000fe00                __DATA_REGION_LENGTH__ = DEFINED (__DATA_REGION_LENGTH__)?__DATA_REGION_LENGTH__:0xfe00
                0x00010000                __EEPROM_REGION_LENGTH__ = DEFINED (__EEPROM_REGION_LENGTH__)?__EEPROM_REGION_LENGTH__:0x10000
                [0x00000003]                __FUSE_REGION_LENGTH__ = DEFINED (__FUSE_REGION_LENGTH__)?__FUSE_REGION_LENGTH__:0x400
                0x00000400                __LOCK_REGION_LENGTH__ = DEFINED (__LOCK_REGION_LENGTH__)?__LOCK_REGION_LENGTH__:0x400
                0x00000400                __SIGNATURE_REGION_LENGTH__ = DEFINED (__SIGNATURE_REGION_LENGTH__)?__SIGNATURE_REGION_LENGTH__:0x400
                0x00000400                __USER_SIGNATURE_REGION_LENGTH__ = DEFINED (__USER_SIGNATURE_REGION_LENGTH__)?__USER_SIGNATURE_REGION_LENGTH__:0x400

.hash
 *(.hash)

.dynsym
 *(.dynsym)

.dynstr
 *(.dynstr)

.gnu.version
 *(.gnu.version)

.gnu.version_d
 *(.gnu.version_d)

.gnu.version_r
 *(.gnu.version_r)

.rel.init
 *(.rel.init)

.rela.init
 *(.rela.init)

.rel.text
 *(.rel.text)
 *(.rel.text.*)
 *(.rel.gnu.linkonce.t*)

.rela.text
 *(.rela.text)
 *(.rela.text.*)
 *(.rela.gnu.linkonce.t*)

.rel.fini
 *(.rel.fini)

.rela.fini
 *(.rela.fini)

.rel.rodata
 *(.rel.rodata)
 *(.rel.rodata.*)
 *(.rel.gnu.linkonce.r*)

.rela.rodata
 *(.rela.rodata)
 *(.rela.rodata.*)
 *(.rela.gnu.linkonce.r*)

.rel.data
 *(.rel.data)
 *(.rel.data.*)
 *(.rel.gnu.linkonce.d*)

.rela.data
 *(.rela.data)
 *(.rela.data.*)
 *(.rela.gnu.linkonce.d*)

.rel.ctors
 *(.rel.ctors)

.rela.ctors
 *(.rela.ctors)

.rel.dtors
 *(.rel.dtors)

.rela.dtors
 *(.rela.dtors)

.rel.got
 *(.rel.got)

.rela.got
 *(.rela.got)

.rel.bss
 *(.rel.bss)

.rela.bss
 *(.rela.bss)

.rel.plt
 *(.rel.plt)

.rela.plt
 *(.rela.plt)

.text           0x00000000     0xc21c
 *(.vectors)
 .vectors       0x00000000       0xe4 C:/Program Files (x86)/Atmel/Studio/7.0/Packs/atmel/ATmega_DFP/1.3.300/gcc/dev/atmega2560/avr6/crtatmega2560.o
                0x00000000                __vector_default
                0x00000000                __vectors
 *(.vectors)
 *(.progmem.gcc*)
 .progmem.gcc_sw_table.schalte_pumpe_ein
                0x000000e4       0x18 Cocktail_functions.o
 .progmem.gcc_sw_table.schalte_pumpe_aus
                0x000000fc       0x18 Cocktail_functions.o
 .progmem.gcc_sw_table.lese_sensor
                0x00000114       0x18 Cocktail_functions.o
 .progmem.gcc_sw_table.check_startseite
                0x0000012c       0x10 Cocktail_Statemachine.o
 .progmem.gcc_sw_table.check_listenanzeige
                0x0000013c       0x12 Cocktail_Statemachine.o
 .progmem.gcc_sw_table.check_menuanzeige
                0x0000014e       0x10 Cocktail_Statemachine.o
 .progmem.gcc_sw_table.check_bearbeitungsanzeige
                0x0000015e       0x14 Cocktail_Statemachine.o
 .progmem.gcc_sw_table.check_ceinstanzeige
                0x00000172       0x14 Cocktail_Statemachine.o
 .progmem.gcc_sw_table.check_erstanzeige1
                0x00000186       0x3e Cocktail_Statemachine.o
 .progmem.gcc_sw_table.check_posanzeige
                0x000001c4       0x1c Cocktail_Statemachine.o
 .progmem.gcc_sw_table.check_fluessanzeige1
                0x000001e0       0x16 Cocktail_Statemachine.o
 .progmem.gcc_sw_table.check_RFIDAnzeige1
                0x000001f6       0x12 Cocktail_Statemachine.o
 .progmem.gcc_sw_table.check_RFIDAnzeige2
                0x00000208       0x12 Cocktail_Statemachine.o
 .progmem.gcc_sw_table.check_LED
                0x0000021a       0x10 Cocktail_Statemachine.o
 .progmem.gcc_sw_table.cocktail_check_command_display
                0x0000022a       0x38 Cocktail_Statemachine.o
 .progmem.gcc_fplib
                0x00000262       0x28 c:/program files (x86)/atmel/studio/7.0/toolchain/avr8/avr8-gnu-toolchain/bin/../lib/gcc/avr/5.4.0/../../../../avr/lib/avr6\libm.a(exp.o)
 .progmem.gcc_fplib
                0x0000028a       0x5a c:/program files (x86)/atmel/studio/7.0/toolchain/avr8/avr8-gnu-toolchain/bin/../lib/gcc/avr/5.4.0/../../../../avr/lib/avr6\libm.a(log.o)
                0x000002e4                . = ALIGN (0x2)
                0x000002e4                __trampolines_start = .
 *(.trampolines)
 .trampolines   0x000002e4        0x0 linker stubs
 *(.trampolines*)
                0x000002e4                __trampolines_end = .
 *libprintf_flt.a:*(.progmem.data)
 *libc.a:*(.progmem.data)
 *(.progmem*)
                0x000002e4                . = ALIGN (0x2)
 *(.jumptables)
 *(.jumptables*)
 *(.lowtext)
 *(.lowtext*)
                0x000002e4                __ctors_start = .
 *(.ctors)
                0x000002e4                __ctors_end = .
                0x000002e4                __dtors_start = .
 *(.dtors)
                0x000002e4                __dtors_end = .
 SORT(*)(.ctors)
 SORT(*)(.dtors)
 *(.init0)
 .init0         0x000002e4        0x0 C:/Program Files (x86)/Atmel/Studio/7.0/Packs/atmel/ATmega_DFP/1.3.300/gcc/dev/atmega2560/avr6/crtatmega2560.o
                0x000002e4                __init
 *(.init0)
 *(.init1)
 *(.init1)
 *(.init2)
 .init2         0x000002e4       0x10 C:/Program Files (x86)/Atmel/Studio/7.0/Packs/atmel/ATmega_DFP/1.3.300/gcc/dev/atmega2560/avr6/crtatmega2560.o
 *(.init2)
 *(.init3)
 *(.init3)
 *(.init4)
 .init4         0x000002f4       0x1a c:/program files (x86)/atmel/studio/7.0/toolchain/avr8/avr8-gnu-toolchain/bin/../lib/gcc/avr/5.4.0/avr6\libgcc.a(_copy_data.o)
                0x000002f4                __do_copy_data
 .init4         0x0000030e       0x10 c:/program files (x86)/atmel/studio/7.0/toolchain/avr8/avr8-gnu-toolchain/bin/../lib/gcc/avr/5.4.0/avr6\libgcc.a(_clear_bss.o)
                0x0000030e                __do_clear_bss
 *(.init4)
 *(.init5)
 *(.init5)
 *(.init6)
 *(.init6)
 *(.init7)
 *(.init7)
 *(.init8)
 *(.init8)
 *(.init9)
 .init9         0x0000031e        0x8 C:/Program Files (x86)/Atmel/Studio/7.0/Packs/atmel/ATmega_DFP/1.3.300/gcc/dev/atmega2560/avr6/crtatmega2560.o
 *(.init9)
 *(.text)
 .text          0x00000326        0x2 C:/Program Files (x86)/Atmel/Studio/7.0/Packs/atmel/ATmega_DFP/1.3.300/gcc/dev/atmega2560/avr6/crtatmega2560.o
                0x00000326                __vector_38
                0x00000326                __vector_22
                0x00000326                __vector_28
                0x00000326                __vector_1
                0x00000326                __vector_34
                0x00000326                __vector_24
                0x00000326                __vector_12
                0x00000326                __vector_55
                0x00000326                __vector_46
                0x00000326                __bad_interrupt
                0x00000326                __vector_6
                0x00000326                __vector_31
                0x00000326                __vector_35
                0x00000326                __vector_39
                0x00000326                __vector_3
                0x00000326                __vector_23
                0x00000326                __vector_30
                0x00000326                __vector_45
                0x00000326                __vector_11
                0x00000326                __vector_54
                0x00000326                __vector_19
                0x00000326                __vector_56
                0x00000326                __vector_7
                0x00000326                __vector_49
                0x00000326                __vector_41
                0x00000326                __vector_27
                0x00000326                __vector_5
                0x00000326                __vector_52
                0x00000326                __vector_37
                0x00000326                __vector_4
                0x00000326                __vector_44
                0x00000326                __vector_9
                0x00000326                __vector_2
                0x00000326                __vector_15
                0x00000326                __vector_29
                0x00000326                __vector_40
                0x00000326                __vector_8
                0x00000326                __vector_26
                0x00000326                __vector_14
                0x00000326                __vector_53
                0x00000326                __vector_10
                0x00000326                __vector_50
                0x00000326                __vector_16
                0x00000326                __vector_20
                0x00000328                . = ALIGN (0x2)
 *(.text.*)
 .text.concentrace_zutat_maschine_list
                0x00000328       0x8c Cocktail_functions.o
                0x00000328                concentrace_zutat_maschine_list
 .text.deconcentrace_zutat_maschine_list
                0x000003b4       0x52 Cocktail_functions.o
                0x000003b4                deconcentrace_zutat_maschine_list
 .text.delete_list_node_files
                0x00000406       0xba Cocktail_functions.o
                0x00000406                delete_list_node_files
 .text.delete_list_node_zutat_maschine
                0x000004c0       0x36 Cocktail_functions.o
                0x000004c0                delete_list_node_zutat_maschine
 .text.delete_file_node_alle
                0x000004f6      0x118 Cocktail_functions.o
                0x000004f6                delete_file_node_alle
 .text.setze_aktuelle_Zutat_in_Maschine
                0x0000060e       0x2e Cocktail_functions.o
                0x0000060e                setze_aktuelle_Zutat_in_Maschine
 .text.erstelle_liste_zutat
                0x0000063c      0x2c2 Cocktail_functions.o
                0x0000063c                erstelle_liste_zutat
 .text.runterlist_zutat_maschine
                0x000008fe       0x5c Cocktail_functions.o
                0x000008fe                runterlist_zutat_maschine
 .text.rauflist_zutat_maschine
                0x0000095a       0x2e Cocktail_functions.o
                0x0000095a                rauflist_zutat_maschine
 .text.begin_erstelle_liste_alle_zutaten
                0x00000988       0x94 Cocktail_functions.o
                0x00000988                begin_erstelle_liste_alle_zutaten
 .text.write_M_file
                0x00000a1c      0x242 Cocktail_functions.o
                0x00000a1c                write_M_file
 .text.check_existence
                0x00000c5e      0x1cc Cocktail_functions.o
                0x00000c5e                check_existence
 .text.set_prp  0x00000e2a      0x104 Cocktail_functions.o
                0x00000e2a                set_prp
 .text.schalte_pumpe_ein
                0x00000f2e       0x66 Cocktail_functions.o
                0x00000f2e                schalte_pumpe_ein
 .text.schalte_pumpe_aus
                0x00000f94       0x66 Cocktail_functions.o
                0x00000f94                schalte_pumpe_aus
 .text.check_stop
                0x00000ffa       0x24 Cocktail_functions.o
                0x00000ffa                check_stop
 .text.wait_until_position_reached
                0x0000101e       0x38 Cocktail_functions.o
                0x0000101e                wait_until_position_reached
 .text.lese_sensor
                0x00001056       0x74 Cocktail_functions.o
                0x00001056                lese_sensor
 .text.schreibe_Menge_in_Getraenk
                0x000010ca      0x1d2 Cocktail_functions.o
                0x000010ca                schreibe_Menge_in_Getraenk
 .text.prepare_empty_getraenk
                0x0000129c       0xb6 Cocktail_functions.o
                0x0000129c                prepare_empty_getraenk
 .text.setze_startanzeige
                0x00001352       0xae Cocktail_functions.o
                0x00001352                setze_startanzeige
 .text.erstelle_Zutatenliste
                0x00001400      0x348 Cocktail_functions.o
                0x00001400                erstelle_Zutatenliste
 .text.setze_Posanzeige_Rot_Gruen
                0x00001748       0xf8 Cocktail_functions.o
                0x00001748                setze_Posanzeige_Rot_Gruen
 .text.lese_textfile_in_getraenk
                0x00001840      0x28a Cocktail_functions.o
                0x00001840                lese_textfile_in_getraenk
 .text.setze_aktuelles_getraenk_in_maschine
                0x00001aca       0x2e Cocktail_functions.o
                0x00001aca                setze_aktuelles_getraenk_in_maschine
 .text.erstelle_liste_cocktails
                0x00001af8      0x182 Cocktail_functions.o
                0x00001af8                erstelle_liste_cocktails
 .text.begin_erstelle_liste_cocktails
                0x00001c7a       0x98 Cocktail_functions.o
                0x00001c7a                begin_erstelle_liste_cocktails
 .text.renew_list
                0x00001d12      0x12c Cocktail_functions.o
                0x00001d12                renew_list
 .text.setze_standardeinstellungen
                0x00001e3e      0x234 Cocktail_functions.o
                0x00001e3e                setze_standardeinstellungen
 .text.fuelle_getraenk
                0x00002072      0x65a Cocktail_functions.o
                0x00002072                fuelle_getraenk
 .text.zubereitung_getraenk
                0x000026cc       0x68 Cocktail_functions.o
                0x000026cc                zubereitung_getraenk
 .text.bearbeite_Cocktail
                0x00002734       0xb4 Cocktail_functions.o
                0x00002734                bearbeite_Cocktail
 .text.schreibe_Getraenk_in_tag
                0x000027e8      0x1ce Cocktail_functions.o
                0x000027e8                schreibe_Getraenk_in_tag
 .text.schiebe_file_next
                0x000029b6       0x64 Cocktail_functions.o
                0x000029b6                schiebe_file_next
 .text.schiebe_file_prev
                0x00002a1a       0x64 Cocktail_functions.o
                0x00002a1a                schiebe_file_prev
 .text.lese_textfile_in_zutat
                0x00002a7e      0x158 Cocktail_functions.o
                0x00002a7e                lese_textfile_in_zutat
 .text.erstelle_liste_zutat_pos
                0x00002bd6      0x346 Cocktail_functions.o
                0x00002bd6                erstelle_liste_zutat_pos
 .text.runterlist_files
                0x00002f1c       0xe2 Cocktail_functions.o
                0x00002f1c                runterlist_files
 .text.rauflist_files
                0x00002ffe       0x5a Cocktail_functions.o
                0x00002ffe                rauflist_files
 .text.begin_erstelle_liste_zutaten_maschine
                0x00003058       0xc2 Cocktail_functions.o
                0x00003058                begin_erstelle_liste_zutaten_maschine
 .text.setze_fluessgkeit_in_position_ohne
                0x0000311a      0x2ce Cocktail_functions.o
                0x0000311a                setze_fluessgkeit_in_position_ohne
 .text.setze_fluessgkeit_in_position_mit
                0x000033e8      0x386 Cocktail_functions.o
                0x000033e8                setze_fluessgkeit_in_position_mit
 .text.erstelle_File
                0x0000376e      0x2cc Cocktail_functions.o
                0x0000376e                erstelle_File
 .text.speichere_neuen_cocktail
                0x00003a3a      0x1f6 Cocktail_functions.o
                0x00003a3a                speichere_neuen_cocktail
 .text.loesche_FIle
                0x00003c30       0x66 Cocktail_functions.o
                0x00003c30                loesche_FIle
 .text.speichere_bearbeiteten_cocktail
                0x00003c96       0xa2 Cocktail_functions.o
                0x00003c96                speichere_bearbeiteten_cocktail
 .text.send_List_Getraenke
                0x00003d38      0x1a4 Cocktail_functions.o
                0x00003d38                send_List_Getraenke
 .text.send_List_Zutaten
                0x00003edc      0x160 Cocktail_functions.o
                0x00003edc                send_List_Zutaten
 .text.ESP_Getraenk
                0x0000403c       0xee Cocktail_functions.o
                0x0000403c                ESP_Getraenk
 .text.Getraenk_erstellt
                0x0000412a      0x356 Cocktail_functions.o
                0x0000412a                Getraenk_erstellt
 .text.check_startseite
                0x00004480      0x1f8 Cocktail_Statemachine.o
                0x00004480                check_startseite
 .text.check_zutatenanzeige
                0x00004678       0x32 Cocktail_Statemachine.o
                0x00004678                check_zutatenanzeige
 .text.check_listenanzeige
                0x000046aa      0x14a Cocktail_Statemachine.o
                0x000046aa                check_listenanzeige
 .text.check_menuanzeige
                0x000047f4      0x166 Cocktail_Statemachine.o
                0x000047f4                check_menuanzeige
 .text.check_bearbeitungsanzeige
                0x0000495a       0x8a Cocktail_Statemachine.o
                0x0000495a                check_bearbeitungsanzeige
 .text.check_ceinstanzeige
                0x000049e4       0x96 Cocktail_Statemachine.o
                0x000049e4                check_ceinstanzeige
 .text.check_erstanzeige1
                0x00004a7a      0x7f8 Cocktail_Statemachine.o
                0x00004a7a                check_erstanzeige1
 .text.check_erstanzeige2
                0x00005272       0x46 Cocktail_Statemachine.o
                0x00005272                check_erstanzeige2
 .text.check_loeschanzeige
                0x000052b8      0x128 Cocktail_Statemachine.o
                0x000052b8                check_loeschanzeige
 .text.check_reinanzeige1
                0x000053e0       0x1a Cocktail_Statemachine.o
                0x000053e0                check_reinanzeige1
 .text.check_reinanzeige2
                0x000053fa      0x266 Cocktail_Statemachine.o
                0x000053fa                check_reinanzeige2
 .text.check_reinanzeige3
                0x00005660       0x12 Cocktail_Statemachine.o
                0x00005660                check_reinanzeige3
 .text.check_infoanzeige
                0x00005672        0xc Cocktail_Statemachine.o
                0x00005672                check_infoanzeige
 .text.check_RFIDFehler
                0x0000567e       0x12 Cocktail_Statemachine.o
                0x0000567e                check_RFIDFehler
 .text.check_zubbildschirm
                0x00005690        0xa Cocktail_Statemachine.o
                0x00005690                check_zubbildschirm
 .text.check_zubabfrage
                0x0000569a       0x30 Cocktail_Statemachine.o
                0x0000569a                check_zubabfrage
 .text.check_posanzeige
                0x000056ca      0x13a Cocktail_Statemachine.o
                0x000056ca                check_posanzeige
 .text.check_fluessanzeige1
                0x00005804      0x12a Cocktail_Statemachine.o
                0x00005804                check_fluessanzeige1
 .text.check_fluessanzeige2
                0x0000592e      0x166 Cocktail_Statemachine.o
                0x0000592e                check_fluessanzeige2
 .text.check_fluessanzeige3
                0x00005a94      0x1a2 Cocktail_Statemachine.o
                0x00005a94                check_fluessanzeige3
 .text.check_fluessanzeige4
                0x00005c36       0x46 Cocktail_Statemachine.o
                0x00005c36                check_fluessanzeige4
 .text.check_RFIDAnzeige1
                0x00005c7c      0x5ac Cocktail_Statemachine.o
                0x00005c7c                check_RFIDAnzeige1
 .text.check_RFIDAnzeige2
                0x00006228       0x72 Cocktail_Statemachine.o
                0x00006228                check_RFIDAnzeige2
 .text.check_LED
                0x0000629a      0x1ce Cocktail_Statemachine.o
                0x0000629a                check_LED
 .text.check_ESP32
                0x00006468       0x2e Cocktail_Statemachine.o
                0x00006468                check_ESP32
 .text.cocktail_check_command_display
                0x00006496       0xce Cocktail_Statemachine.o
                0x00006496                cocktail_check_command_display
 .text.cocktail_check_command_ESP
                0x00006564        0xa Cocktail_Statemachine.o
                0x00006564                cocktail_check_command_ESP
 .text.create_new_getraenk
                0x0000656e       0x56 Getraenk.o
                0x0000656e                create_new_getraenk
 .text.cocktails_init
                0x000065c4      0x15e Getraenk.o
                0x000065c4                cocktails_init
 .text.create_new_tag
                0x00006722       0x52 TAGS.o
                0x00006722                create_new_tag
 .text.insert_tag_at_head
                0x00006774       0x56 TAGS.o
                0x00006774                insert_tag_at_head
 .text.RFID_init
                0x000067ca       0x38 TAGS.o
                0x000067ca                RFID_init
 .text.create_zutat
                0x00006802       0x44 Zutaten.o
                0x00006802                create_zutat
 .text.zutaten_init
                0x00006846      0x4d4 Zutaten.o
                0x00006846                zutaten_init
 .text.__vector_17
                0x00006d1a       0x16 LED.o
                0x00006d1a                __vector_17
 .text.__vector_18
                0x00006d30       0x16 LED.o
                0x00006d30                __vector_18
 .text.__vector_32
                0x00006d46       0x16 LED.o
                0x00006d46                __vector_32
 .text.__vector_33
                0x00006d5c       0x16 LED.o
                0x00006d5c                __vector_33
 .text.__vector_42
                0x00006d72       0x16 LED.o
                0x00006d72                __vector_42
 .text.__vector_43
                0x00006d88       0x16 LED.o
                0x00006d88                __vector_43
 .text.__vector_47
                0x00006d9e       0x16 LED.o
                0x00006d9e                __vector_47
 .text.__vector_48
                0x00006db4       0x16 LED.o
                0x00006db4                __vector_48
 .text.create_file_node
                0x00006dca       0x30 Lists.o
                0x00006dca                create_file_node
 .text.insert_at_end
                0x00006dfa       0xa0 Lists.o
                0x00006dfa                insert_at_end
 .text.delete_node_position
                0x00006e9a      0x122 Lists.o
                0x00006e9a                delete_node_position
 .text.update   0x00006fbc       0x88 Lists.o
                0x00006fbc                update
 .text.display_from_beg
                0x00007044       0xe4 Lists.o
                0x00007044                display_from_beg
 .text.create_zutat_maschine_node
                0x00007128       0x90 Lists.o
                0x00007128                create_zutat_maschine_node
 .text.insert_at_end_2
                0x000071b8       0xd6 Lists.o
                0x000071b8                insert_at_end_2
 .text.display_from_beg_2
                0x0000728e       0x92 Lists.o
                0x0000728e                display_from_beg_2
 .text.create_list_node
                0x00007320       0x36 Lists.o
                0x00007320                create_list_node
 .text.insert_at_end_3
                0x00007356       0x98 Lists.o
                0x00007356                insert_at_end_3
 .text.delete_node_position_3
                0x000073ee      0x118 Lists.o
                0x000073ee                delete_node_position_3
 .text.update_3
                0x00007506       0x8e Lists.o
                0x00007506                update_3
 .text.display_from_beg_3
                0x00007594       0xea Lists.o
                0x00007594                display_from_beg_3
 .text.create_zutat_maschine_list_node
                0x0000767e       0x36 Lists.o
                0x0000767e                create_zutat_maschine_list_node
 .text.insert_at_end_4
                0x000076b4       0x98 Lists.o
                0x000076b4                insert_at_end_4
 .text.delete_node_position_4
                0x0000774c      0x118 Lists.o
                0x0000774c                delete_node_position_4
 .text.update_4
                0x00007864       0x8e Lists.o
                0x00007864                update_4
 .text.display_from_beg_4
                0x000078f2       0x98 Lists.o
                0x000078f2                display_from_beg_4
 .text.IO_init  0x0000798a       0x58 Main_Func.o
                0x0000798a                IO_init
 .text.interfaces_init
                0x000079e2       0x16 Main_Func.o
                0x000079e2                interfaces_init
 .text.devices_init
                0x000079f8       0x1c Main_Func.o
                0x000079f8                devices_init
 .text.speicher_init
                0x00007a14       0x48 Main_Func.o
                0x00007a14                speicher_init
 .text.ramp_init
                0x00007a5c       0x16 Main_Func.o
                0x00007a5c                ramp_init
 .text.my_itoa  0x00007a72      0x184 Main_Func.o
                0x00007a72                my_itoa
 .text.check_Communication_Input_UART_0
                0x00007bf6       0x5a Main_Func.o
                0x00007bf6                check_Communication_Input_UART_0
 .text.proceed_Communication_Input_UART_0
                0x00007c50       0x8a Main_Func.o
                0x00007c50                proceed_Communication_Input_UART_0
 .text.check_Communication_Input_UART_1
                0x00007cda      0x112 Main_Func.o
                0x00007cda                check_Communication_Input_UART_1
 .text.proceed_Communication_INPUT_UART_1
                0x00007dec       0x94 Main_Func.o
                0x00007dec                proceed_Communication_INPUT_UART_1
 .text.check_Communication_Input_UART_2
                0x00007e80       0xde Main_Func.o
                0x00007e80                check_Communication_Input_UART_2
 .text.proceed_Communication_Input_UART_2
                0x00007f5e       0x96 Main_Func.o
                0x00007f5e                proceed_Communication_Input_UART_2
 .text.check_Communication_Input_UART
                0x00007ff4       0x14 Main_Func.o
                0x00007ff4                check_Communication_Input_UART
 .text.periodic_jobs
                0x00008008        0x4 Main_Func.o
                0x00008008                periodic_jobs
 .text.endConversation
                0x0000800c       0x2c Nextion_Display.o
                0x0000800c                endConversation
 .text.nextion_change_page
                0x00008038       0x3e Nextion_Display.o
                0x00008038                nextion_change_page
 .text.nextion_setText
                0x00008076       0x30 Nextion_Display.o
                0x00008076                nextion_setText
 .text.nextion_setValue
                0x000080a6       0x20 Nextion_Display.o
                0x000080a6                nextion_setValue
 .text.nextion_setPicture
                0x000080c6       0x4c Nextion_Display.o
                0x000080c6                nextion_setPicture
 .text.nextion_getSliderValue
                0x00008112       0x8e Nextion_Display.o
                0x00008112                nextion_getSliderValue
 .text.nextion_disableButton
                0x000081a0       0x72 Nextion_Display.o
                0x000081a0                nextion_disableButton
 .text.nextion_enableButton
                0x00008212       0x72 Nextion_Display.o
                0x00008212                nextion_enableButton
 .text.nextion_visible_off
                0x00008284       0x72 Nextion_Display.o
                0x00008284                nextion_visible_off
 .text.nextion_visible_on
                0x000082f6       0x72 Nextion_Display.o
                0x000082f6                nextion_visible_on
 .text.RB_init  0x00008368        0x8 ring_buffer.o
                0x00008368                RB_init
 .text.RB_free  0x00008370       0x16 ring_buffer.o
                0x00008370                RB_free
 .text.RB_length
                0x00008386       0x18 ring_buffer.o
                0x00008386                RB_length
 .text.RB_readByte
                0x0000839e       0x28 ring_buffer.o
                0x0000839e                RB_readByte
 .text.RB_writeByte
                0x000083c6       0x3a ring_buffer.o
                0x000083c6                RB_writeByte
 .text.fat_writeSector
                0x00008400        0xe fat.o
                0x00008400                fat_writeSector
 .text.fat_loadSector
                0x0000840e       0x8a fat.o
                0x0000840e                fat_loadSector
 .text.fat_getFreeRowsOfCluster
                0x00008498       0x92 fat.o
 .text.fat_clustToSec
                0x0000852a       0x32 fat.o
                0x0000852a                fat_clustToSec
 .text.fat_secToClust
                0x0000855c       0x36 fat.o
                0x0000855c                fat_secToClust
 .text.fat_loadRowOfSector
                0x00008592       0x58 fat.o
                0x00008592                fat_loadRowOfSector
 .text.fat_loadFileDataFromCluster
                0x000085ea      0x13e fat.o
 .text.fat_makeSfnDataEntry
                0x00008728      0x10a fat.o
                0x00008728                fat_makeSfnDataEntry
 .text.fat_getNextCluster
                0x00008832       0xe8 fat.o
                0x00008832                fat_getNextCluster
 .text.fat_loadFileDataFromDir
                0x0000891a       0xd4 fat.o
                0x0000891a                fat_loadFileDataFromDir
 .text.fat_getFatChainClustersInRow
                0x000089ee       0xf0 fat.o
                0x000089ee                fat_getFatChainClustersInRow
 .text.fat_getFreeClustersInRow
                0x00008ade       0xbc fat.o
                0x00008ade                fat_getFreeClustersInRow
 .text.fat_setCluster
                0x00008b9a       0xfe fat.o
                0x00008b9a                fat_setCluster
 .text.fat_makeFileEntry
                0x00008c98      0x2b0 fat.o
                0x00008c98                fat_makeFileEntry
 .text.fat_setClusterChain
                0x00008f48       0xb8 fat.o
                0x00008f48                fat_setClusterChain
 .text.fat_delClusterChain
                0x00009000       0xa4 fat.o
                0x00009000                fat_delClusterChain
 .text.fat_loadFatData
                0x000090a4      0x168 fat.o
                0x000090a4                fat_loadFatData
 .text.ffopen   0x0000920c       0x7e file.o
                0x0000920c                ffopen
 .text.fflushFileData
                0x0000928a      0x17e file.o
                0x0000928a                fflushFileData
 .text.ffclose  0x00009408       0x16 file.o
                0x00009408                ffclose
 .text.ffseek   0x0000941e       0xe4 file.o
                0x0000941e                ffseek
 .text.ffrm     0x00009502       0xae file.o
                0x00009502                ffrm
 .text.ffwrite  0x000095b0      0x168 file.o
                0x000095b0                ffwrite
 .text.ffwrites
                0x00009718       0x22 file.o
                0x00009718                ffwrites
 .text.spi_write_byte
                0x0000973a        0xa mmc.o
 .text.spi_read_byte
                0x00009744        0xe mmc.o
 .text.mmc_wait_ready
                0x00009752       0x1a mmc.o
 .text.mmc_disable
                0x0000976c        0x8 mmc.o
 .text.mmc_send_cmd
                0x00009774       0x7e mmc.o
 .text.mmc_init
                0x000097f2      0x174 mmc.o
                0x000097f2                mmc_init
 .text.mmc_write_sector
                0x00009966       0x82 mmc.o
                0x00009966                mmc_write_sector
 .text.mmc_read_sector
                0x000099e8       0x84 mmc.o
                0x000099e8                mmc_read_sector
 .text.timer0_init
                0x00009a6c       0x1c SD_Karte.o
                0x00009a6c                timer0_init
 .text.SD_init  0x00009a88       0x28 SD_Karte.o
                0x00009a88                SD_init
 .text.__vector_21
                0x00009ab0       0x2e SD_Karte.o
                0x00009ab0                __vector_21
 .text.writeFile
                0x00009ade       0x56 SD_Karte.o
                0x00009ade                writeFile
 .text.readFile
                0x00009b34        0xc SD_Karte.o
                0x00009b34                readFile
 .text.deleteFile
                0x00009b40        0x4 SD_Karte.o
                0x00009b40                deleteFile
 .text.verifyFile
                0x00009b44        0xe SD_Karte.o
                0x00009b44                verifyFile
 .text.linear_ramp_init
                0x00009b52       0xb4 ramp1.o
                0x00009b52                linear_ramp_init
 .text.linear_ramp_set_defaults
                0x00009c06       0xc4 ramp1.o
                0x00009c06                linear_ramp_set_defaults
 .text.calculateRamp
                0x00009cca       0x5c ramp1.o
                0x00009cca                calculateRamp
 .text.position_func
                0x00009d26       0xe4 ramp1.o
                0x00009d26                position_func
 .text.velocity_func
                0x00009e0a       0x48 ramp1.o
                0x00009e0a                velocity_func
 .text.computeRamp
                0x00009e52      0x32c ramp1.o
                0x00009e52                computeRamp
 .text.ramp_pwm_init
                0x0000a17e       0x28 ramp1.o
                0x0000a17e                ramp_pwm_init
 .text.iterate_timer
                0x0000a1a6       0x28 ramp1.o
                0x0000a1a6                iterate_timer
 .text.__vector_13
                0x0000a1ce       0x5e ramp1.o
                0x0000a1ce                __vector_13
 .text.reverse  0x0000a22c       0x2e ramp1.o
                0x0000a22c                reverse
 .text.intToStr
                0x0000a25a       0x82 ramp1.o
                0x0000a25a                intToStr
 .text.ftoa     0x0000a2dc       0xcc ramp1.o
                0x0000a2dc                ftoa
 .text.softspi_clk_low
                0x0000a3a8        0x4 Software_SPI.o
                0x0000a3a8                softspi_clk_low
 .text.softspi_clk_high
                0x0000a3ac        0x4 Software_SPI.o
                0x0000a3ac                softspi_clk_high
 .text.softspi_mosi_low
                0x0000a3b0        0x4 Software_SPI.o
                0x0000a3b0                softspi_mosi_low
 .text.softspi_mosi_high
                0x0000a3b4        0x4 Software_SPI.o
                0x0000a3b4                softspi_mosi_high
 .text.softspi_write_bit
                0x0000a3b8       0x2c Software_SPI.o
                0x0000a3b8                softspi_write_bit
 .text.softspi_write_uint8
                0x0000a3e4       0x36 Software_SPI.o
                0x0000a3e4                softspi_write_uint8
 .text.softspi_read_bit
                0x0000a41a       0x3e Software_SPI.o
                0x0000a41a                softspi_read_bit
 .text.softspi_read_uint8
                0x0000a458       0x58 Software_SPI.o
                0x0000a458                softspi_read_uint8
 .text.spi_transmit
                0x0000a4b0        0xa SPI.o
                0x0000a4b0                spi_transmit
 .text.spi_receive
                0x0000a4ba        0xe SPI.o
                0x0000a4ba                spi_receive
 .text.enable_Slave
                0x0000a4c8       0x28 SPI.o
                0x0000a4c8                enable_Slave
 .text.disable_Slave
                0x0000a4f0       0x18 SPI.o
                0x0000a4f0                disable_Slave
 .text.SPI_init
                0x0000a508       0x14 SPI.o
                0x0000a508                SPI_init
 .text.tmc40bit_writeInt
                0x0000a51c      0x116 tmc4671.o
                0x0000a51c                tmc40bit_writeInt
 .text.tmc4671_writeInt
                0x0000a632        0x4 tmc4671.o
                0x0000a632                tmc4671_writeInt
 .text.tmc40bit_readInt
                0x0000a636      0x172 tmc4671.o
                0x0000a636                tmc40bit_readInt
 .text.tmc4671_readInt
                0x0000a7a8        0x4 tmc4671.o
                0x0000a7a8                tmc4671_readInt
 .text.read_registers_TMC4671
                0x0000a7ac       0x42 tmc4671.o
                0x0000a7ac                read_registers_TMC4671
 .text.tmc4671_switchToMotionMode
                0x0000a7ee       0x2c tmc4671.o
                0x0000a7ee                tmc4671_switchToMotionMode
 .text.tmc4671_setAbsolutTargetPosition
                0x0000a81a       0x2c tmc4671.o
                0x0000a81a                tmc4671_setAbsolutTargetPosition
 .text.tmc4671_setActualPosition
                0x0000a846        0xc tmc4671.o
                0x0000a846                tmc4671_setActualPosition
 .text.tmc4671_getActualPosition
                0x0000a852        0x8 tmc4671.o
                0x0000a852                tmc4671_getActualPosition
 .text.tmc4671_disablePWM
                0x0000a85a        0xe tmc4671.o
                0x0000a85a                tmc4671_disablePWM
 .text.resetTMC4671_Encoder
                0x0000a868      0x1a0 tmc4671.o
                0x0000a868                resetTMC4671_Encoder
 .text.initTMC4671_Encoder
                0x0000aa08      0x380 tmc4671.o
                0x0000aa08                initTMC4671_Encoder
 .text.tmc6200_readInt
                0x0000ad88      0x16a TMC6200.o
                0x0000ad88                tmc6200_readInt
 .text.tmc6200_writeInt
                0x0000aef2      0x112 TMC6200.o
                0x0000aef2                tmc6200_writeInt
 .text.read_registers_TMC6200
                0x0000b004       0x44 TMC6200.o
                0x0000b004                read_registers_TMC6200
 .text.initTMC6200
                0x0000b048       0x5e TMC6200.o
                0x0000b048                initTMC6200
 .text.tx_completed
                0x0000b0a6        0x6 UART.o
                0x0000b0a6                tx_completed
 .text.UART_init
                0x0000b0ac       0xb0 UART.o
                0x0000b0ac                UART_init
 .text.Uart_Transmit_IT_PC
                0x0000b15c       0x2c UART.o
                0x0000b15c                Uart_Transmit_IT_PC
 .text.Uart_Transmit_IT_Display
                0x0000b188       0x2c UART.o
                0x0000b188                Uart_Transmit_IT_Display
 .text.Uart_Transmit_IT_ESP
                0x0000b1b4       0x2c UART.o
                0x0000b1b4                Uart_Transmit_IT_ESP
 .text.__vector_25
                0x0000b1e0       0x58 UART.o
                0x0000b1e0                __vector_25
 .text.__vector_36
                0x0000b238       0x58 UART.o
                0x0000b238                __vector_36
 .text.__vector_51
                0x0000b290       0x58 UART.o
                0x0000b290                __vector_51
 .text.main     0x0000b2e8       0x4c main.o
                0x0000b2e8                main
 .text.avr-libc.fplib
                0x0000b334        0xa c:/program files (x86)/atmel/studio/7.0/toolchain/avr8/avr8-gnu-toolchain/bin/../lib/gcc/avr/5.4.0/../../../../avr/lib/avr6\libm.a(addsf3.o)
                0x0000b334                __subsf3
                0x0000b336                __addsf3
 .text.avr-libc.fplib
                0x0000b33e       0xc0 c:/program files (x86)/atmel/studio/7.0/toolchain/avr8/avr8-gnu-toolchain/bin/../lib/gcc/avr/5.4.0/../../../../avr/lib/avr6\libm.a(addsf3x.o)
                0x0000b358                __addsf3x
 .text.avr-libc.fplib
                0x0000b3fe       0x26 c:/program files (x86)/atmel/studio/7.0/toolchain/avr8/avr8-gnu-toolchain/bin/../lib/gcc/avr/5.4.0/../../../../avr/lib/avr6\libm.a(ceil.o)
                0x0000b3fe                ceil
 .text.avr-libc.fplib
                0x0000b424        0x8 c:/program files (x86)/atmel/studio/7.0/toolchain/avr8/avr8-gnu-toolchain/bin/../lib/gcc/avr/5.4.0/../../../../avr/lib/avr6\libm.a(cmpsf2.o)
                0x0000b424                __nesf2
                0x0000b424                __eqsf2
                0x0000b424                __cmpsf2
                0x0000b424                __ltsf2
                0x0000b424                __lesf2
 .text.avr-libc.fplib
                0x0000b42c        0x4 c:/program files (x86)/atmel/studio/7.0/toolchain/avr8/avr8-gnu-toolchain/bin/../lib/gcc/avr/5.4.0/../../../../avr/lib/avr6\libm.a(divsf3.o)
                0x0000b42c                __divsf3
 .text.avr-libc.fplib
                0x0000b430       0xcc c:/program files (x86)/atmel/studio/7.0/toolchain/avr8/avr8-gnu-toolchain/bin/../lib/gcc/avr/5.4.0/../../../../avr/lib/avr6\libm.a(divsf3x.o)
                0x0000b446                __divsf3x
                0x0000b44a                __divsf3_pse
 .text.avr-libc.fplib
                0x0000b4fc        0xa c:/program files (x86)/atmel/studio/7.0/toolchain/avr8/avr8-gnu-toolchain/bin/../lib/gcc/avr/5.4.0/../../../../avr/lib/avr6\libm.a(fixsfsi.o)
                0x0000b4fc                __fixsfsi
 .text.avr-libc.fplib
                0x0000b506       0x58 c:/program files (x86)/atmel/studio/7.0/toolchain/avr8/avr8-gnu-toolchain/bin/../lib/gcc/avr/5.4.0/../../../../avr/lib/avr6\libm.a(fixunssfsi.o)
                0x0000b506                __fixunssfsi
 .text.avr-libc.fplib
                0x0000b55e       0x7a c:/program files (x86)/atmel/studio/7.0/toolchain/avr8/avr8-gnu-toolchain/bin/../lib/gcc/avr/5.4.0/../../../../avr/lib/avr6\libm.a(floatsisf.o)
                0x0000b55e                __floatunsisf
                0x0000b562                __floatsisf
 .text.avr-libc.fplib
                0x0000b5d8       0x48 c:/program files (x86)/atmel/studio/7.0/toolchain/avr8/avr8-gnu-toolchain/bin/../lib/gcc/avr/5.4.0/../../../../avr/lib/avr6\libm.a(fp_cmp.o)
                0x0000b5d8                __fp_cmp
 .text.avr-libc.fplib
                0x0000b620        0xc c:/program files (x86)/atmel/studio/7.0/toolchain/avr8/avr8-gnu-toolchain/bin/../lib/gcc/avr/5.4.0/../../../../avr/lib/avr6\libm.a(fp_inf.o)
                0x0000b620                __fp_inf
 .text.avr-libc.fplib
                0x0000b62c       0x36 c:/program files (x86)/atmel/studio/7.0/toolchain/avr8/avr8-gnu-toolchain/bin/../lib/gcc/avr/5.4.0/../../../../avr/lib/avr6\libm.a(fp_mintl.o)
                0x0000b62c                __fp_mintl
 .text.avr-libc.fplib
                0x0000b662       0x1c c:/program files (x86)/atmel/studio/7.0/toolchain/avr8/avr8-gnu-toolchain/bin/../lib/gcc/avr/5.4.0/../../../../avr/lib/avr6\libm.a(fp_mpack.o)
                0x0000b662                __fp_mpack
                0x0000b666                __fp_mpack_finite
 .text.avr-libc.fplib
                0x0000b67e        0x6 c:/program files (x86)/atmel/studio/7.0/toolchain/avr8/avr8-gnu-toolchain/bin/../lib/gcc/avr/5.4.0/../../../../avr/lib/avr6\libm.a(fp_nan.o)
                0x0000b67e                __fp_nan
 .text.avr-libc.fplib
                0x0000b684        0xe c:/program files (x86)/atmel/studio/7.0/toolchain/avr8/avr8-gnu-toolchain/bin/../lib/gcc/avr/5.4.0/../../../../avr/lib/avr6\libm.a(fp_pscA.o)
                0x0000b684                __fp_pscA
 .text.avr-libc.fplib
                0x0000b692        0xe c:/program files (x86)/atmel/studio/7.0/toolchain/avr8/avr8-gnu-toolchain/bin/../lib/gcc/avr/5.4.0/../../../../avr/lib/avr6\libm.a(fp_pscB.o)
                0x0000b692                __fp_pscB
 .text.avr-libc.fplib
                0x0000b6a0       0x22 c:/program files (x86)/atmel/studio/7.0/toolchain/avr8/avr8-gnu-toolchain/bin/../lib/gcc/avr/5.4.0/../../../../avr/lib/avr6\libm.a(fp_round.o)
                0x0000b6a0                __fp_round
 .text.avr-libc.fplib
                0x0000b6c2       0x44 c:/program files (x86)/atmel/studio/7.0/toolchain/avr8/avr8-gnu-toolchain/bin/../lib/gcc/avr/5.4.0/../../../../avr/lib/avr6\libm.a(fp_split3.o)
                0x0000b6c2                __fp_split3
                0x0000b6d2                __fp_splitA
 .text.avr-libc.fplib
                0x0000b706       0x2e c:/program files (x86)/atmel/studio/7.0/toolchain/avr8/avr8-gnu-toolchain/bin/../lib/gcc/avr/5.4.0/../../../../avr/lib/avr6\libm.a(fp_trunc.o)
                0x0000b706                __fp_trunc
 .text.avr-libc.fplib
                0x0000b734        0xe c:/program files (x86)/atmel/studio/7.0/toolchain/avr8/avr8-gnu-toolchain/bin/../lib/gcc/avr/5.4.0/../../../../avr/lib/avr6\libm.a(fp_zero.o)
                0x0000b734                __fp_zero
                0x0000b736                __fp_szero
 .text.avr-libc.fplib
                0x0000b742        0x8 c:/program files (x86)/atmel/studio/7.0/toolchain/avr8/avr8-gnu-toolchain/bin/../lib/gcc/avr/5.4.0/../../../../avr/lib/avr6\libm.a(gesf2.o)
                0x0000b742                __gesf2
                0x0000b742                __gtsf2
 .text.avr-libc.fplib
                0x0000b74a        0x4 c:/program files (x86)/atmel/studio/7.0/toolchain/avr8/avr8-gnu-toolchain/bin/../lib/gcc/avr/5.4.0/../../../../avr/lib/avr6\libm.a(mulsf3.o)
                0x0000b74a                __mulsf3
 .text.avr-libc.fplib
                0x0000b74e       0xc2 c:/program files (x86)/atmel/studio/7.0/toolchain/avr8/avr8-gnu-toolchain/bin/../lib/gcc/avr/5.4.0/../../../../avr/lib/avr6\libm.a(mulsf3x.o)
                0x0000b762                __mulsf3x
                0x0000b766                __mulsf3_pse
 .text.avr-libc.fplib
                0x0000b810       0x98 c:/program files (x86)/atmel/studio/7.0/toolchain/avr8/avr8-gnu-toolchain/bin/../lib/gcc/avr/5.4.0/../../../../avr/lib/avr6\libm.a(pow.o)
                0x0000b810                pow
 .text.avr-libc.fplib
                0x0000b8a8       0x40 c:/program files (x86)/atmel/studio/7.0/toolchain/avr8/avr8-gnu-toolchain/bin/../lib/gcc/avr/5.4.0/../../../../avr/lib/avr6\libm.a(round.o)
                0x0000b8a8                round
 .text.avr-libc.fplib
                0x0000b8e8       0x84 c:/program files (x86)/atmel/studio/7.0/toolchain/avr8/avr8-gnu-toolchain/bin/../lib/gcc/avr/5.4.0/../../../../avr/lib/avr6\libm.a(sqrt.o)
                0x0000b8f0                sqrtf
                0x0000b8f0                sqrt
 .text.avr-libc.fplib
                0x0000b96c       0x62 c:/program files (x86)/atmel/studio/7.0/toolchain/avr8/avr8-gnu-toolchain/bin/../lib/gcc/avr/5.4.0/../../../../avr/lib/avr6\libm.a(exp.o)
                0x0000b976                exp
 .text.avr-libc.fplib
                0x0000b9ce        0xe c:/program files (x86)/atmel/studio/7.0/toolchain/avr8/avr8-gnu-toolchain/bin/../lib/gcc/avr/5.4.0/../../../../avr/lib/avr6\libm.a(fp_norm2.o)
                0x0000b9ce                __fp_norm2
 .text.avr-libc.fplib
                0x0000b9dc       0x4a c:/program files (x86)/atmel/studio/7.0/toolchain/avr8/avr8-gnu-toolchain/bin/../lib/gcc/avr/5.4.0/../../../../avr/lib/avr6\libm.a(fp_powser.o)
                0x0000b9dc                __fp_powser
 .text.avr-libc.fplib
                0x0000ba26        0xe c:/program files (x86)/atmel/studio/7.0/toolchain/avr8/avr8-gnu-toolchain/bin/../lib/gcc/avr/5.4.0/../../../../avr/lib/avr6\libm.a(inverse.o)
                0x0000ba26                inverse
 .text.avr-libc.fplib
                0x0000ba34       0x6c c:/program files (x86)/atmel/studio/7.0/toolchain/avr8/avr8-gnu-toolchain/bin/../lib/gcc/avr/5.4.0/../../../../avr/lib/avr6\libm.a(ldexp.o)
                0x0000ba38                ldexp
 .text.avr-libc.fplib
                0x0000baa0       0x8a c:/program files (x86)/atmel/studio/7.0/toolchain/avr8/avr8-gnu-toolchain/bin/../lib/gcc/avr/5.4.0/../../../../avr/lib/avr6\libm.a(log.o)
                0x0000baaa                log
 .text.avr-libc.fplib
                0x0000bb2a       0x66 c:/program files (x86)/atmel/studio/7.0/toolchain/avr8/avr8-gnu-toolchain/bin/../lib/gcc/avr/5.4.0/../../../../avr/lib/avr6\libm.a(modf.o)
                0x0000bb2a                modf
                0x0000bb2a                modff
 .text.libgcc.mul
                0x0000bb90       0x1e c:/program files (x86)/atmel/studio/7.0/toolchain/avr8/avr8-gnu-toolchain/bin/../lib/gcc/avr/5.4.0/avr6\libgcc.a(_mulsi3.o)
                0x0000bb90                __mulsi3
 .text.libgcc.div
                0x0000bbae       0x26 c:/program files (x86)/atmel/studio/7.0/toolchain/avr8/avr8-gnu-toolchain/bin/../lib/gcc/avr/5.4.0/avr6\libgcc.a(_divmodhi4.o)
                0x0000bbae                _div
                0x0000bbae                __divmodhi4
 .text.libgcc.div
                0x0000bbd4       0x44 c:/program files (x86)/atmel/studio/7.0/toolchain/avr8/avr8-gnu-toolchain/bin/../lib/gcc/avr/5.4.0/avr6\libgcc.a(_udivmodsi4.o)
                0x0000bbd4                __udivmodsi4
 .text.libgcc   0x0000bc18       0x10 c:/program files (x86)/atmel/studio/7.0/toolchain/avr8/avr8-gnu-toolchain/bin/../lib/gcc/avr/5.4.0/avr6\libgcc.a(_tablejump2.o)
                0x0000bc18                __tablejump2__
 .text.libgcc.mul
                0x0000bc28       0x1e c:/program files (x86)/atmel/studio/7.0/toolchain/avr8/avr8-gnu-toolchain/bin/../lib/gcc/avr/5.4.0/avr6\libgcc.a(_umulhisi3.o)
                0x0000bc28                __umulhisi3
 .text.libgcc.mul
                0x0000bc46       0x14 c:/program files (x86)/atmel/studio/7.0/toolchain/avr8/avr8-gnu-toolchain/bin/../lib/gcc/avr/5.4.0/avr6\libgcc.a(_muluhisi3.o)
                0x0000bc46                __muluhisi3
 .text.libgcc.div
                0x0000bc5a       0x56 c:/program files (x86)/atmel/studio/7.0/toolchain/avr8/avr8-gnu-toolchain/bin/../lib/gcc/avr/5.4.0/avr6\libgcc.a(_divdi3.o)
                0x0000bc5a                __moddi3
                0x0000bc5e                __divdi3
                0x0000bc60                __divdi3_moddi3
 .text.libgcc.div
                0x0000bcb0       0x1a c:/program files (x86)/atmel/studio/7.0/toolchain/avr8/avr8-gnu-toolchain/bin/../lib/gcc/avr/5.4.0/avr6\libgcc.a(_udivdi3.o)
                0x0000bcb0                __umoddi3
                0x0000bcb4                __udivdi3
                0x0000bcb6                __udivdi3_umoddi3
 .text.libgcc.div
                0x0000bcca       0xa2 c:/program files (x86)/atmel/studio/7.0/toolchain/avr8/avr8-gnu-toolchain/bin/../lib/gcc/avr/5.4.0/avr6\libgcc.a(_udivmod64.o)
                0x0000bcca                __udivmod64
 .text.libgcc   0x0000bd6c       0x20 c:/program files (x86)/atmel/studio/7.0/toolchain/avr8/avr8-gnu-toolchain/bin/../lib/gcc/avr/5.4.0/avr6\libgcc.a(_negdi2.o)
                0x0000bd6c                __negdi2
 .text.libgcc.prologue
                0x0000bd8c       0x38 c:/program files (x86)/atmel/studio/7.0/toolchain/avr8/avr8-gnu-toolchain/bin/../lib/gcc/avr/5.4.0/avr6\libgcc.a(_prologue.o)
                0x0000bd8c                __prologue_saves__
 .text.libgcc.prologue
                0x0000bdc4       0x36 c:/program files (x86)/atmel/studio/7.0/toolchain/avr8/avr8-gnu-toolchain/bin/../lib/gcc/avr/5.4.0/avr6\libgcc.a(_epilogue.o)
                0x0000bdc4                __epilogue_restores__
 .text.libgcc   0x0000bdfa       0x18 c:/program files (x86)/atmel/studio/7.0/toolchain/avr8/avr8-gnu-toolchain/bin/../lib/gcc/avr/5.4.0/avr6\libgcc.a(_cmpdi2_s8.o)
                0x0000bdfa                __cmpdi2_s8
 .text.libgcc.div
                0x0000be12       0x28 c:/program files (x86)/atmel/studio/7.0/toolchain/avr8/avr8-gnu-toolchain/bin/../lib/gcc/avr/5.4.0/avr6\libgcc.a(_udivmodhi4.o)
                0x0000be12                __udivmodhi4
 .text.avr-libc
                0x0000be3a       0x34 c:/program files (x86)/atmel/studio/7.0/toolchain/avr8/avr8-gnu-toolchain/bin/../lib/gcc/avr/5.4.0/../../../../avr/lib/avr6\libc.a(calloc.o)
                0x0000be3a                calloc
 .text.avr-libc
                0x0000be6e      0x242 c:/program files (x86)/atmel/studio/7.0/toolchain/avr8/avr8-gnu-toolchain/bin/../lib/gcc/avr/5.4.0/../../../../avr/lib/avr6\libc.a(malloc.o)
                0x0000be6e                malloc
                0x0000bf9e                free
 .text.avr-libc
                0x0000c0b0       0x3a c:/program files (x86)/atmel/studio/7.0/toolchain/avr8/avr8-gnu-toolchain/bin/../lib/gcc/avr/5.4.0/../../../../avr/lib/avr6\libc.a(atoi.o)
                0x0000c0b0                atoi
 .text.avr-libc
                0x0000c0ea       0x10 c:/program files (x86)/atmel/studio/7.0/toolchain/avr8/avr8-gnu-toolchain/bin/../lib/gcc/avr/5.4.0/../../../../avr/lib/avr6\libc.a(toupper.o)
                0x0000c0ea                toupper
 .text.avr-libc
                0x0000c0fa        0x6 c:/program files (x86)/atmel/studio/7.0/toolchain/avr8/avr8-gnu-toolchain/bin/../lib/gcc/avr/5.4.0/../../../../avr/lib/avr6\libc.a(strtok.o)
                0x0000c0fa                strtok
 .text.avr-libc
                0x0000c100        0xe c:/program files (x86)/atmel/studio/7.0/toolchain/avr8/avr8-gnu-toolchain/bin/../lib/gcc/avr/5.4.0/../../../../avr/lib/avr6\libc.a(memset.o)
                0x0000c100                memset
 .text.avr-libc
                0x0000c10e       0x16 c:/program files (x86)/atmel/studio/7.0/toolchain/avr8/avr8-gnu-toolchain/bin/../lib/gcc/avr/5.4.0/../../../../avr/lib/avr6\libc.a(strcat.o)
                0x0000c10e                strcat
 .text.avr-libc
                0x0000c124       0x12 c:/program files (x86)/atmel/studio/7.0/toolchain/avr8/avr8-gnu-toolchain/bin/../lib/gcc/avr/5.4.0/../../../../avr/lib/avr6\libc.a(strcmp.o)
                0x0000c124                strcmp
 .text.avr-libc
                0x0000c136        0xe c:/program files (x86)/atmel/studio/7.0/toolchain/avr8/avr8-gnu-toolchain/bin/../lib/gcc/avr/5.4.0/../../../../avr/lib/avr6\libc.a(strcpy.o)
                0x0000c136                strcpy
 .text.avr-libc
                0x0000c144       0x4e c:/program files (x86)/atmel/studio/7.0/toolchain/avr8/avr8-gnu-toolchain/bin/../lib/gcc/avr/5.4.0/../../../../avr/lib/avr6\libc.a(strtok_r.o)
                0x0000c144                strtok_r
 .text.avr-libc
                0x0000c192       0x14 c:/program files (x86)/atmel/studio/7.0/toolchain/avr8/avr8-gnu-toolchain/bin/../lib/gcc/avr/5.4.0/../../../../avr/lib/avr6\libc.a(itoa_ncheck.o)
                0x0000c192                __itoa_ncheck
 .text.avr-libc
                0x0000c1a6       0x10 c:/program files (x86)/atmel/studio/7.0/toolchain/avr8/avr8-gnu-toolchain/bin/../lib/gcc/avr/5.4.0/../../../../avr/lib/avr6\libc.a(mul10.o)
                0x0000c1a6                __mulhi_const_10
 .text.avr-libc
                0x0000c1b6       0x32 c:/program files (x86)/atmel/studio/7.0/toolchain/avr8/avr8-gnu-toolchain/bin/../lib/gcc/avr/5.4.0/../../../../avr/lib/avr6\libc.a(utoa_ncheck.o)
                0x0000c1b6                __utoa_ncheck
                0x0000c1b8                __utoa_common
 .text.avr-libc
                0x0000c1e8       0x20 c:/program files (x86)/atmel/studio/7.0/toolchain/avr8/avr8-gnu-toolchain/bin/../lib/gcc/avr/5.4.0/../../../../avr/lib/avr6\libc.a(strrev.o)
                0x0000c1e8                strrev
 .text.avr-libc
                0x0000c208       0x10 C:/Program Files (x86)/Atmel/Studio/7.0/Packs/atmel/ATmega_DFP/1.3.300/gcc/dev/atmega2560/avr6\libatmega2560.a(eerd_byte.o)
                0x0000c208                eeprom_read_byte
                0x0000c218                . = ALIGN (0x2)
 *(.fini9)
 .fini9         0x0000c218        0x0 c:/program files (x86)/atmel/studio/7.0/toolchain/avr8/avr8-gnu-toolchain/bin/../lib/gcc/avr/5.4.0/avr6\libgcc.a(_exit.o)
                0x0000c218                _exit
                0x0000c218                exit
 *(.fini9)
 *(.fini8)
 *(.fini8)
 *(.fini7)
 *(.fini7)
 *(.fini6)
 *(.fini6)
 *(.fini5)
 *(.fini5)
 *(.fini4)
 *(.fini4)
 *(.fini3)
 *(.fini3)
 *(.fini2)
 *(.fini2)
 *(.fini1)
 *(.fini1)
 *(.fini0)
 .fini0         0x0000c218        0x4 c:/program files (x86)/atmel/studio/7.0/toolchain/avr8/avr8-gnu-toolchain/bin/../lib/gcc/avr/5.4.0/avr6\libgcc.a(_exit.o)
 *(.fini0)
                0x0000c21c                _etext = .

.data           0x00800200      0xa0c load address 0x0000c21c
                0x00800200                PROVIDE (__data_start, .)
 *(.data)
 .data          0x00800200        0x6 c:/program files (x86)/atmel/studio/7.0/toolchain/avr8/avr8-gnu-toolchain/bin/../lib/gcc/avr/5.4.0/../../../../avr/lib/avr6\libc.a(malloc.o)
                0x00800200                __malloc_heap_end
                0x00800202                __malloc_heap_start
                0x00800204                __malloc_margin
 *(.data*)
 .data.forward.2478
                0x00800206        0x1 ramp1.o
 *(.gnu.linkonce.d*)
 *(.rodata)
 .rodata        0x00800207       0x90 Cocktail_functions.o
 *(.rodata*)
 .rodata.str1.1
                0x00800297      0x3ae Cocktail_functions.o
                                0x3d9 (size before relaxing)
 .rodata.str1.1
                0x00800645      0x11d Cocktail_Statemachine.o
                                0x19e (size before relaxing)
 .rodata.str1.1
                0x00800762       0x21 Getraenk.o
                                 0x28 (size before relaxing)
 .rodata.str1.1
                0x00800783        0x1 TAGS.o
 .rodata.str1.1
                0x00800783       0x38 Zutaten.o
                                 0x45 (size before relaxing)
 .rodata.str1.1
                0x008007bb      0x2fd Lists.o
                                0x302 (size before relaxing)
 .rodata.str1.1
                0x00800ab8       0x82 Main_Func.o
                                 0x8e (size before relaxing)
 .rodata.str1.1
                0x00800b3a       0x2f Nextion_Display.o
 .rodata.str1.1
                0x00800b69       0x42 mmc.o
 .rodata.str1.1
                0x00800bab        0xc SD_Karte.o
                                 0x10 (size before relaxing)
 .rodata.str1.1
                0x00800bb7       0x2c tmc4671.o
                                 0x39 (size before relaxing)
 .rodata.str1.1
                0x00800be3       0x29 TMC6200.o
                                 0x32 (size before relaxing)
 *(.gnu.linkonce.r*)
                0x00800c0c                . = ALIGN (0x2)
                0x00800c0c                _edata = .
                0x00800c0c                PROVIDE (__data_end, .)

.bss            0x00800c0c      0x815
                0x00800c0c                PROVIDE (__bss_start, .)
 *(.bss)
 .bss           0x00800c0c        0x2 c:/program files (x86)/atmel/studio/7.0/toolchain/avr8/avr8-gnu-toolchain/bin/../lib/gcc/avr/5.4.0/../../../../avr/lib/avr6\libc.a(strtok.o)
 *(.bss*)
 .bss.count.4017
                0x00800c0e        0x4 Cocktail_functions.o
 .bss.oldval.4016
                0x00800c12        0x1 Cocktail_functions.o
 .bss.match.1972
                0x00800c13        0x1 fat.o
 .bss.cntr_End_UART_2
                0x00800c14        0x1 main.o
                0x00800c14                cntr_End_UART_2
 .bss.cntr_UART_2
                0x00800c15        0x1 main.o
                0x00800c15                cntr_UART_2
 .bss.cntr_End_UART_1
                0x00800c16        0x1 main.o
                0x00800c16                cntr_End_UART_1
 .bss.cntr_UART_1
                0x00800c17        0x1 main.o
                0x00800c17                cntr_UART_1
 .bss.cntr_End_UART_0
                0x00800c18        0x1 main.o
                0x00800c18                cntr_End_UART_0
 .bss.cntr_UART_0
                0x00800c19        0x1 main.o
                0x00800c19                cntr_UART_0
 *(COMMON)
 COMMON         0x00800c1a      0x446 Cocktail_functions.o
                0x00800c1a                buffer2_getraenk_file_alle
                0x00800c1c                number_zutaten_maschine_ohne
                0x00800c1e                aktuelles_Zutat_file_ausser_Maschine_mit_KS
                0x00800c20                new_zutat_maschine_list_node
                0x00800c22                tmp_zut_Maschine_head
                0x00800c24                ptr_zutat_maschine_node
                0x00800c26                buffer_zut_in_Maschine_ohne_KS
                0x00800c28                Position
                0x00800c2c                number_getraenk_alle_
                0x00800c2e                number_zutaten_mit
                0x00800c30                rainbow_i
                0x00800c32                Liste
                0x00800c33                head_tag
                0x00800c35                number_list_zutaten_val
                0x00800c37                number_zutaten_mit_val
                0x00800c39                aktuelle_zutat
                0x00800c3b                actual_list_node_zutat_maschine
                0x00800c3d                tail_getraenk_file_alle
                0x00800c3f                count_bla
                0x00800c43                compute
                0x00800c44                fileName
                0x00800c51                tmp_zut_Maschine_actual
                0x00800c53                head_list_node_zutat_maschine
                0x00800c55                new_file_node
                0x00800c57                tail_list_node_zutaten
                0x00800c59                buffer_zutat_file
                0x00800c5b                tail_zutat_file_ohne
                0x00800c5d                ptr_tx_completed_1
                0x00800c5f                number_zutaten_maschine_mit
                0x00800c61                actual_list_node_zutaten
                0x00800c63                option
                0x00800c64                aktuelles_Zutat_file_in_Maschine_ohne_KS
                0x00800c66                ramp
                0x00800c68                tmp_mit_KS_head
                0x00800c6a                tmp_ohne_KS_tail
                0x00800c6c                ptr_file_node
                0x00800c6e                Grossschreib
                0x00800c6f                number_zutaten_maschine_mit_val
                0x00800c71                block_list_runter
                0x00800c72                new_list_node
                0x00800c74                head_zutat_maschine_mit
                0x00800c76                state
                0x00800c78                TimingDelay
                0x00800c79                light
                0x00800c7a                rb_rx_ESP
                0x00800d7b                aktueller_tag
                0x00800d7d                aktuelle_Zutat_in_Maschine_ohne_KS
                0x00800d7f                motorConfig
                0x00800da4                number_list_getraenke_alle_val
                0x00800da6                number_zutaten_ohne_val
                0x00800da8                i
                0x00800daa                head_getraenk_file_alle
                0x00800dac                new_zutat_maschine_node
                0x00800dae                address_Standardwiederherstellung
                0x00800db0                rb_rx_Display
                0x00800eb1                number_zutaten_maschine_ohne_val
                0x00800eb3                buffer_getraenk_file_alle
                0x00800eb5                tail_tag
                0x00800eb7                tail_zutat_file_mit
                0x00800eb9                SPI_Slave
                0x00800eba                tail_list_node_zutat_maschine
                0x00800ebc                ptr_tx_completed_2
                0x00800ebe                states
                0x00800ebf                block_list_hoch
                0x00800ec0                head_zutat_file_mit
                0x00800ec2                number_list_zutat_maschine
                0x00800ec4                counter
                0x00800ec5                buffer2_zutat_file
                0x00800ec7                number_getraenk_alle
                0x00800ec9                data
                0x00800eca                buff_name
                0x00800edf                kohlensaeure_mode
                0x00800ee0                number_zutaten_ohne
                0x00800ee2                ptr_tx_completed_3
                0x00800ee4                ptr_zutat_maschine_list_node
                0x00800ee6                rb_rx_PC
                0x00800fe7                number_list_getranke_alle
                0x00800fe9                tmp_mit_KS_tail
                0x00800feb                ptr_list_node
                0x00800fed                error
                0x00800fee                tmp_ohne_KS_head
                0x00800ff0                aktuelle_Zutat_ausser_Maschine_mit_KS
                0x00800ff2                head_zutat_file_ohne
                0x00800ff4                actual_list_node_getraenk
                0x00800ff6                gui_pages
                0x00800ff7                head_list_node_getraenk
                0x00800ff9                actual_getraenk_file_alle
                0x00800ffb                tail_list_node_getraenk
                0x00800ffd                tmp_zut_Maschine_tail
                0x00800fff                i_Liste
                0x00801000                number_list_zutat_maschine_val
                0x00801002                number_list_zutaten
                0x00801004                head_list_node_zutaten
                0x00801006                stop
                0x00801007                FAT32_active
                0x00801008                head_zutat_maschine_ohne
                0x0080100a                aktuellesGetraenk
                0x0080100c                buffer_zutat_maschine
                0x0080100e                aRamp
                0x00801057                ptr_tx_completed_0
                0x00801059                buffer_zut_ausser_Maschine_mit_KS
                0x0080105b                tail_zutat_maschine_ohne
                0x0080105d                SPI_State
                0x0080105e                tail_zutat_maschine_mit
 COMMON         0x00801060      0x222 fat.o
                0x00801060                fat
                0x00801278                chain
 COMMON         0x00801282       0x19 file.o
                0x00801282                file
 COMMON         0x0080129b      0x182 main.o
                0x0080129b                INPUT_UART_0
                0x0080131b                INPUT_UART_1
                0x0080139b                ptr_Uart_1
                0x0080139d                INPUT_UART_2
 COMMON         0x0080141d        0x4 c:/program files (x86)/atmel/studio/7.0/toolchain/avr8/avr8-gnu-toolchain/bin/../lib/gcc/avr/5.4.0/../../../../avr/lib/avr6\libc.a(malloc.o)
                0x0080141d                __brkval
                0x0080141f                __flp
                0x00801421                PROVIDE (__bss_end, .)
                0x0000c21c                __data_load_start = LOADADDR (.data)
                0x0000cc28                __data_load_end = (__data_load_start + SIZEOF (.data))

.noinit         0x00801421        0x0
                [!provide]                PROVIDE (__noinit_start, .)
 *(.noinit*)
                [!provide]                PROVIDE (__noinit_end, .)
                0x00801421                _end = .
                0x00801421                PROVIDE (__heap_start, .)

.eeprom         0x00810000        0x0
 *(.eeprom*)
                0x00810000                __eeprom_end = .

.fuse
 *(.fuse)
 *(.lfuse)
 *(.hfuse)
 *(.efuse)

.lock
 *(.lock*)

.signature
 *(.signature*)

.user_signatures
 *(.user_signatures*)

.stab
 *(.stab)

.stabstr
 *(.stabstr)

.stab.excl
 *(.stab.excl)

.stab.exclstr
 *(.stab.exclstr)

.stab.index
 *(.stab.index)

.stab.indexstr
 *(.stab.indexstr)

.comment        0x00000000       0x30
 *(.comment)
 .comment       0x00000000       0x30 Cocktail_functions.o
                                 0x31 (size before relaxing)
 .comment       0x00000030       0x31 Cocktail_Statemachine.o
 .comment       0x00000030       0x31 Getraenk.o
 .comment       0x00000030       0x31 TAGS.o
 .comment       0x00000030       0x31 Zutaten.o
 .comment       0x00000030       0x31 LED.o
 .comment       0x00000030       0x31 Lists.o
 .comment       0x00000030       0x31 Main_Func.o
 .comment       0x00000030       0x31 Nextion_Display.o
 .comment       0x00000030       0x31 ring_buffer.o
 .comment       0x00000030       0x31 fat.o
 .comment       0x00000030       0x31 file.o
 .comment       0x00000030       0x31 mmc.o
 .comment       0x00000030       0x31 SD_Karte.o
 .comment       0x00000030       0x31 ramp1.o
 .comment       0x00000030       0x31 Software_SPI.o
 .comment       0x00000030       0x31 SPI.o
 .comment       0x00000030       0x31 tmc4671.o
 .comment       0x00000030       0x31 TMC6200.o
 .comment       0x00000030       0x31 UART.o
 .comment       0x00000030       0x31 main.o
 .comment       0x00000030       0x31 c:/program files (x86)/atmel/studio/7.0/toolchain/avr8/avr8-gnu-toolchain/bin/../lib/gcc/avr/5.4.0/../../../../avr/lib/avr6\libc.a(calloc.o)
 .comment       0x00000030       0x31 c:/program files (x86)/atmel/studio/7.0/toolchain/avr8/avr8-gnu-toolchain/bin/../lib/gcc/avr/5.4.0/../../../../avr/lib/avr6\libc.a(malloc.o)
 .comment       0x00000030       0x31 c:/program files (x86)/atmel/studio/7.0/toolchain/avr8/avr8-gnu-toolchain/bin/../lib/gcc/avr/5.4.0/../../../../avr/lib/avr6\libc.a(strtok.o)

.note.gnu.avr.deviceinfo
                0x00000000       0x40
 .note.gnu.avr.deviceinfo
                0x00000000       0x40 C:/Program Files (x86)/Atmel/Studio/7.0/Packs/atmel/ATmega_DFP/1.3.300/gcc/dev/atmega2560/avr6/crtatmega2560.o

.note.gnu.build-id
 *(.note.gnu.build-id)

.debug
 *(.debug)

.line
 *(.line)

.debug_srcinfo
 *(.debug_srcinfo)

.debug_sfnames
 *(.debug_sfnames)

.debug_aranges  0x00000000      0xcb0
 *(.debug_aranges)
 .debug_aranges
                0x00000000      0x1c8 Cocktail_functions.o
 .debug_aranges
                0x000001c8       0xf8 Cocktail_Statemachine.o
 .debug_aranges
                0x000002c0       0x50 Getraenk.o
 .debug_aranges
                0x00000310       0x30 TAGS.o
 .debug_aranges
                0x00000340       0x28 Zutaten.o
 .debug_aranges
                0x00000368       0x80 LED.o
 .debug_aranges
                0x000003e8      0x178 Lists.o
 .debug_aranges
                0x00000560       0xa0 Main_Func.o
 .debug_aranges
                0x00000600       0x68 Nextion_Display.o
 .debug_aranges
                0x00000668       0x50 ring_buffer.o
 .debug_aranges
                0x000006b8       0xa0 fat.o
 .debug_aranges
                0x00000758       0x70 file.o
 .debug_aranges
                0x000007c8       0x68 mmc.o
 .debug_aranges
                0x00000830       0x50 SD_Karte.o
 .debug_aranges
                0x00000880       0x90 ramp1.o
 .debug_aranges
                0x00000910       0x70 Software_SPI.o
 .debug_aranges
                0x00000980       0x48 SPI.o
 .debug_aranges
                0x000009c8      0x200 tmc4671.o
 .debug_aranges
                0x00000bc8       0x38 TMC6200.o
 .debug_aranges
                0x00000c00       0x70 UART.o
 .debug_aranges
                0x00000c70       0x20 main.o
 .debug_aranges
                0x00000c90       0x20 C:/Program Files (x86)/Atmel/Studio/7.0/Packs/atmel/ATmega_DFP/1.3.300/gcc/dev/atmega2560/avr6\libatmega2560.a(eerd_byte.o)

.debug_pubnames
 *(.debug_pubnames)

.debug_info     0x00000000    0x1d82f
 *(.debug_info .gnu.linkonce.wi.*)
 .debug_info    0x00000000      0xbbc C:/Program Files (x86)/Atmel/Studio/7.0/Packs/atmel/ATmega_DFP/1.3.300/gcc/dev/atmega2560/avr6/crtatmega2560.o
 .debug_info    0x00000bbc     0x6a2e Cocktail_functions.o
 .debug_info    0x000075ea     0x402c Cocktail_Statemachine.o
 .debug_info    0x0000b616      0xa8b Getraenk.o
 .debug_info    0x0000c0a1      0x2be TAGS.o
 .debug_info    0x0000c35f     0x1179 Zutaten.o
 .debug_info    0x0000d4d8      0x32b LED.o
 .debug_info    0x0000d803     0x28b4 Lists.o
 .debug_info    0x000100b7     0x1892 Main_Func.o
 .debug_info    0x00011949     0x1417 Nextion_Display.o
 .debug_info    0x00012d60      0x318 ring_buffer.o
 .debug_info    0x00013078      0xdb7 fat.o
 .debug_info    0x00013e2f      0x825 file.o
 .debug_info    0x00014654      0x7b0 mmc.o
 .debug_info    0x00014e04      0x453 SD_Karte.o
 .debug_info    0x00015257      0xc64 ramp1.o
 .debug_info    0x00015ebb      0x548 Software_SPI.o
 .debug_info    0x00016403      0x24e SPI.o
 .debug_info    0x00016651     0x5373 tmc4671.o
 .debug_info    0x0001b9c4      0x933 TMC6200.o
 .debug_info    0x0001c2f7      0x43b UART.o
 .debug_info    0x0001c732     0x1063 main.o
 .debug_info    0x0001d795       0x9a C:/Program Files (x86)/Atmel/Studio/7.0/Packs/atmel/ATmega_DFP/1.3.300/gcc/dev/atmega2560/avr6\libatmega2560.a(eerd_byte.o)

.debug_abbrev   0x00000000     0x3a93
 *(.debug_abbrev)
 .debug_abbrev  0x00000000      0xb1a C:/Program Files (x86)/Atmel/Studio/7.0/Packs/atmel/ATmega_DFP/1.3.300/gcc/dev/atmega2560/avr6/crtatmega2560.o
 .debug_abbrev  0x00000b1a      0x43d Cocktail_functions.o
 .debug_abbrev  0x00000f57      0x335 Cocktail_Statemachine.o
 .debug_abbrev  0x0000128c      0x20f Getraenk.o
 .debug_abbrev  0x0000149b      0x122 TAGS.o
 .debug_abbrev  0x000015bd      0x22f Zutaten.o
 .debug_abbrev  0x000017ec      0x11c LED.o
 .debug_abbrev  0x00001908      0x2db Lists.o
 .debug_abbrev  0x00001be3      0x390 Main_Func.o
 .debug_abbrev  0x00001f73      0x23e Nextion_Display.o
 .debug_abbrev  0x000021b1      0x12a ring_buffer.o
 .debug_abbrev  0x000022db      0x2b5 fat.o
 .debug_abbrev  0x00002590      0x230 file.o
 .debug_abbrev  0x000027c0      0x25a mmc.o
 .debug_abbrev  0x00002a1a      0x19e SD_Karte.o
 .debug_abbrev  0x00002bb8      0x353 ramp1.o
 .debug_abbrev  0x00002f0b      0x15b Software_SPI.o
 .debug_abbrev  0x00003066      0x11c SPI.o
 .debug_abbrev  0x00003182      0x404 tmc4671.o
 .debug_abbrev  0x00003586      0x242 TMC6200.o
 .debug_abbrev  0x000037c8      0x183 UART.o
 .debug_abbrev  0x0000394b      0x134 main.o
 .debug_abbrev  0x00003a7f       0x14 C:/Program Files (x86)/Atmel/Studio/7.0/Packs/atmel/ATmega_DFP/1.3.300/gcc/dev/atmega2560/avr6\libatmega2560.a(eerd_byte.o)

.debug_line     0x00000000     0xb14d
 *(.debug_line .debug_line.* .debug_line_end)
 .debug_line    0x00000000      0x1f9 C:/Program Files (x86)/Atmel/Studio/7.0/Packs/atmel/ATmega_DFP/1.3.300/gcc/dev/atmega2560/avr6/crtatmega2560.o
 .debug_line    0x000001f9     0x2941 Cocktail_functions.o
 .debug_line    0x00002b3a     0x1bb7 Cocktail_Statemachine.o
 .debug_line    0x000046f1      0x3a1 Getraenk.o
 .debug_line    0x00004a92      0x195 TAGS.o
 .debug_line    0x00004c27      0x44a Zutaten.o
 .debug_line    0x00005071      0x351 LED.o
 .debug_line    0x000053c2     0x1315 Lists.o
 .debug_line    0x000066d7      0x9d8 Main_Func.o
 .debug_line    0x000070af      0x62f Nextion_Display.o
 .debug_line    0x000076de      0x21d ring_buffer.o
 .debug_line    0x000078fb      0x77e fat.o
 .debug_line    0x00008079      0x563 file.o
 .debug_line    0x000085dc      0x4a4 mmc.o
 .debug_line    0x00008a80      0x234 SD_Karte.o
 .debug_line    0x00008cb4      0x6b2 ramp1.o
 .debug_line    0x00009366      0x2ff Software_SPI.o
 .debug_line    0x00009665      0x1ca SPI.o
 .debug_line    0x0000982f      0xdd7 tmc4671.o
 .debug_line    0x0000a606      0x396 TMC6200.o
 .debug_line    0x0000a99c      0x329 UART.o
 .debug_line    0x0000acc5      0x40e main.o
 .debug_line    0x0000b0d3       0x7a C:/Program Files (x86)/Atmel/Studio/7.0/Packs/atmel/ATmega_DFP/1.3.300/gcc/dev/atmega2560/avr6\libatmega2560.a(eerd_byte.o)

.debug_frame    0x00000000     0x36a0
 *(.debug_frame)
 .debug_frame   0x00000000      0xac4 Cocktail_functions.o
 .debug_frame   0x00000ac4      0x394 Cocktail_Statemachine.o
 .debug_frame   0x00000e58      0x108 Getraenk.o
 .debug_frame   0x00000f60       0x78 TAGS.o
 .debug_frame   0x00000fd8       0x98 Zutaten.o
 .debug_frame   0x00001070      0x144 LED.o
 .debug_frame   0x000011b4      0x7f0 Lists.o
 .debug_frame   0x000019a4      0x270 Main_Func.o
 .debug_frame   0x00001c14      0x198 Nextion_Display.o
 .debug_frame   0x00001dac       0xdc ring_buffer.o
 .debug_frame   0x00001e88      0x460 fat.o
 .debug_frame   0x000022e8      0x1ec file.o
 .debug_frame   0x000024d4      0x130 mmc.o
 .debug_frame   0x00002604       0xa8 SD_Karte.o
 .debug_frame   0x000026ac      0x338 ramp1.o
 .debug_frame   0x000029e4      0x108 Software_SPI.o
 .debug_frame   0x00002aec       0x74 SPI.o
 .debug_frame   0x00002b60      0x858 tmc4671.o
 .debug_frame   0x000033b8       0xd8 TMC6200.o
 .debug_frame   0x00003490      0x1ec UART.o
 .debug_frame   0x0000367c       0x24 main.o

.debug_str      0x00000000     0x3e15
 *(.debug_str)
 .debug_str     0x00000000      0x3e6 C:/Program Files (x86)/Atmel/Studio/7.0/Packs/atmel/ATmega_DFP/1.3.300/gcc/dev/atmega2560/avr6/crtatmega2560.o
 .debug_str     0x000003e6     0x19c1 Cocktail_functions.o
                               0x1b35 (size before relaxing)
 .debug_str     0x00001da7      0x83f Cocktail_Statemachine.o
                               0x1e29 (size before relaxing)
 .debug_str     0x000025e6      0x117 Getraenk.o
                                0x70a (size before relaxing)
 .debug_str     0x000026fd       0x68 TAGS.o
                                0x265 (size before relaxing)
 .debug_str     0x00002765       0xb3 Zutaten.o
                                0xa53 (size before relaxing)
 .debug_str     0x00002818       0xbe LED.o
                                0x316 (size before relaxing)
 .debug_str     0x000028d6      0x22b Lists.o
                                0x743 (size before relaxing)
 .debug_str     0x00002b01      0x210 Main_Func.o
                               0x1225 (size before relaxing)
 .debug_str     0x00002d11       0x5e Nextion_Display.o
                               0x1002 (size before relaxing)
 .debug_str     0x00002d6f       0x5a ring_buffer.o
                                0x1df (size before relaxing)
 .debug_str     0x00002dc9      0x2fa fat.o
                                0x516 (size before relaxing)
 .debug_str     0x000030c3       0xaf file.o
                                0x46a (size before relaxing)
 .debug_str     0x00003172       0xc1 mmc.o
                                0x353 (size before relaxing)
 .debug_str     0x00003233       0x43 SD_Karte.o
                                0x2c4 (size before relaxing)
 .debug_str     0x00003276      0x133 ramp1.o
                                0x739 (size before relaxing)
 .debug_str     0x000033a9      0x104 Software_SPI.o
                                0x2c8 (size before relaxing)
 .debug_str     0x000034ad       0x5b SPI.o
                                0x252 (size before relaxing)
 .debug_str     0x00003508      0x7dd tmc4671.o
                                0xe69 (size before relaxing)
 .debug_str     0x00003ce5       0x57 TMC6200.o
                                0x32d (size before relaxing)
 .debug_str     0x00003d3c       0x72 UART.o
                                0x307 (size before relaxing)
 .debug_str     0x00003dae       0x67 main.o
                               0x10c8 (size before relaxing)

.debug_loc      0x00000000    0x14640
 *(.debug_loc)
 .debug_loc     0x00000000     0x3f1b Cocktail_functions.o
 .debug_loc     0x00003f1b     0x181a Cocktail_Statemachine.o
 .debug_loc     0x00005735      0x441 Getraenk.o
 .debug_loc     0x00005b76      0x1f7 TAGS.o
 .debug_loc     0x00005d6d      0x3b2 Zutaten.o
 .debug_loc     0x0000611f      0x178 LED.o
 .debug_loc     0x00006297     0x4109 Lists.o
 .debug_loc     0x0000a3a0      0x9d4 Main_Func.o
 .debug_loc     0x0000ad74      0x65a Nextion_Display.o
 .debug_loc     0x0000b3ce      0x58d ring_buffer.o
 .debug_loc     0x0000b95b     0x1802 fat.o
 .debug_loc     0x0000d15d      0x78c file.o
 .debug_loc     0x0000d8e9      0x59d mmc.o
 .debug_loc     0x0000de86      0x188 SD_Karte.o
 .debug_loc     0x0000e00e      0xe13 ramp1.o
 .debug_loc     0x0000ee21      0x357 Software_SPI.o
 .debug_loc     0x0000f178       0x98 SPI.o
 .debug_loc     0x0000f210     0x4abb tmc4671.o
 .debug_loc     0x00013ccb      0x4e8 TMC6200.o
 .debug_loc     0x000141b3      0x48d UART.o

.debug_macinfo
 *(.debug_macinfo)

.debug_weaknames
 *(.debug_weaknames)

.debug_funcnames
 *(.debug_funcnames)

.debug_typenames
 *(.debug_typenames)

.debug_varnames
 *(.debug_varnames)

.debug_pubtypes
 *(.debug_pubtypes)

.debug_ranges   0x00000000      0xd68
 *(.debug_ranges)
 .debug_ranges  0x00000000      0x328 Cocktail_functions.o
 .debug_ranges  0x00000328      0x118 Cocktail_Statemachine.o
 .debug_ranges  0x00000440       0x40 Getraenk.o
 .debug_ranges  0x00000480       0x20 TAGS.o
 .debug_ranges  0x000004a0       0x18 Zutaten.o
 .debug_ranges  0x000004b8       0x70 LED.o
 .debug_ranges  0x00000528      0x180 Lists.o
 .debug_ranges  0x000006a8       0xe8 Main_Func.o
 .debug_ranges  0x00000790       0x58 Nextion_Display.o
 .debug_ranges  0x000007e8       0x40 ring_buffer.o
 .debug_ranges  0x00000828       0xa8 fat.o
 .debug_ranges  0x000008d0       0x60 file.o
 .debug_ranges  0x00000930       0x58 mmc.o
 .debug_ranges  0x00000988       0x40 SD_Karte.o
 .debug_ranges  0x000009c8       0x80 ramp1.o
 .debug_ranges  0x00000a48       0x60 Software_SPI.o
 .debug_ranges  0x00000aa8       0x38 SPI.o
 .debug_ranges  0x00000ae0      0x1f0 tmc4671.o
 .debug_ranges  0x00000cd0       0x28 TMC6200.o
 .debug_ranges  0x00000cf8       0x60 UART.o
 .debug_ranges  0x00000d58       0x10 main.o

.debug_macro
 *(.debug_macro)
OUTPUT(Mikrocontroller.elf elf32-avr)
LOAD linker stubs
