Archive member included to satisfy reference by file (symbol)

c:/program files (x86)/atmel/studio/7.0/toolchain/avr8/avr8-gnu-toolchain/bin/../lib/gcc/avr/5.4.0/avr6\libgcc.a(_exit.o)
                              C:/Program Files (x86)/Atmel/Studio/7.0/Packs/atmel/ATmega_DFP/1.3.300/gcc/dev/atmega2560/avr6/crtatmega2560.o (exit)
c:/program files (x86)/atmel/studio/7.0/toolchain/avr8/avr8-gnu-toolchain/bin/../lib/gcc/avr/5.4.0/avr6\libgcc.a(_tablejump2.o)
                              LED.o (__tablejump2__)
c:/program files (x86)/atmel/studio/7.0/toolchain/avr8/avr8-gnu-toolchain/bin/../lib/gcc/avr/5.4.0/avr6\libgcc.a(_copy_data.o)
                              Main_Func.o (__do_copy_data)
c:/program files (x86)/atmel/studio/7.0/toolchain/avr8/avr8-gnu-toolchain/bin/../lib/gcc/avr/5.4.0/avr6\libgcc.a(_clear_bss.o)
                              LED.o (__do_clear_bss)

Allocating common symbols
Common symbol       size              file

head_zutat_file     0x2               main.o
rb_tx_PC            0x101             LED.o
tail_getraenk_file  0x2               main.o
head_zut_in_Maschine
                    0x2               main.o
head_getraenk       0x2               main.o
process             0x4               Main_Func.o
head_getraenk_file_2
                    0x2               main.o
rainbow_i           0x2               LED.o
Liste               0x1               main.o
aktuelleZutatInMaschine
                    0x2               main.o
tail_getraenk       0x2               main.o
head_tag            0x2               main.o
appendFileLocation  0x4               main.o
aktuelle_zutat      0x2               main.o
bufferGetraenk_file
                    0x2               main.o
tail_zutat_file     0x2               main.o
fileName            0xd               main.o
firstDataSector     0x4               main.o
INPUT_UART_0        0x100             main.o
ptr_tx_completed_1  0x2               LED.o
fileSize            0x4               main.o
bytesPerSector      0x2               main.o
i_Liste_test_cnt    0x1               main.o
totalClusters       0x4               main.o
option              0x1               main.o
INPUT_UART_3        0x100             main.o
tail_getraenk_file_2
                    0x2               main.o
aktuellesGetraenk_file
                    0x2               main.o
head_getraenk_file  0x2               main.o
Grossschreib        0x1               main.o
rootCluster         0x4               main.o
block_list_runter   0x1               main.o
state               0x2               LED.o
aktuellesGetraenk_file_2
                    0x2               main.o
light               0x1               LED.o
rb_rx_ESP           0x101             LED.o
startBlock          0x4               main.o
aktueller_tag       0x2               main.o
i                   0x2               main.o
address_Standardwiederherstellung
                    0x2               main.o
rb_rx_Display       0x101             LED.o
tail_tag            0x2               main.o
buffer              0x200             main.o
externes_Getraenk_flag
                    0x1               main.o
SPI_Slave           0x1               main.o
sectorPerCluster    0x2               main.o
ptr_tx_completed_2  0x2               LED.o
block_list_hoch     0x1               main.o
unusedSectors       0x4               main.o
rb_tx_RFID          0x101             LED.o
SDHC_flag           0x1               main.o
INPUT_UART_1        0x100             main.o
counter             0x1               main.o
totalBlocks         0x4               main.o
tail_zut_in_Maschine
                    0x2               main.o
data                0x1               main.o
buff_name           0x15              main.o
reservedSectorCount
                    0x2               main.o
ptr_Uart_1          0x2               main.o
ptr_tx_completed_3  0x2               LED.o
aktuelles_zutat_file
                    0x2               main.o
rb_rx_PC            0x101             LED.o
rb_tx_ESP           0x101             LED.o
address_getraenk    0x2               main.o
appendStartCluster  0x4               main.o
test2               0x1               main.o
cardType            0x1               main.o
error               0x1               main.o
rb_rx_RFID          0x101             LED.o
gui_pages           0x1               Main_Func.o
i_Liste             0x1               main.o
INPUT_UART_2        0x100             main.o
i_Liste_test        0x32              main.o
freeClusterCountUpdated
                    0x1               main.o
stop                0x1               main.o
FAT32_active        0x1               main.o
appendFileSector    0x4               main.o
aktuellesGetraenk   0x2               main.o
ptr_tx_completed_0  0x2               LED.o
SPI_State           0x1               main.o

Discarded input sections

 .data          0x00000000        0x0 C:/Program Files (x86)/Atmel/Studio/7.0/Packs/atmel/ATmega_DFP/1.3.300/gcc/dev/atmega2560/avr6/crtatmega2560.o
 .bss           0x00000000        0x0 C:/Program Files (x86)/Atmel/Studio/7.0/Packs/atmel/ATmega_DFP/1.3.300/gcc/dev/atmega2560/avr6/crtatmega2560.o
 .text          0x00000000        0x0 LED.o
 .data          0x00000000        0x0 LED.o
 .bss           0x00000000        0x0 LED.o
 .text.PWM_BrightDim
                0x00000000       0x1a LED.o
 .text          0x00000000        0x0 Main_Func.o
 .data          0x00000000        0x0 Main_Func.o
 .bss           0x00000000        0x0 Main_Func.o
 .text          0x00000000        0x0 ring_buffer.o
 .data          0x00000000        0x0 ring_buffer.o
 .bss           0x00000000        0x0 ring_buffer.o
 .text.RB_read  0x00000000       0x68 ring_buffer.o
 .text          0x00000000        0x0 UART.o
 .data          0x00000000        0x0 UART.o
 .bss           0x00000000        0x0 UART.o
 .text          0x00000000        0x0 main.o
 .data          0x00000000        0x0 main.o
 .bss           0x00000000        0x0 main.o
 .bss.cntr_End_UART_3
                0x00000000        0x1 main.o
 .bss.UART_recieved_finished_3
                0x00000000        0x1 main.o
 .bss.cntr_UART_3
                0x00000000        0x1 main.o
 .bss.cntr_End_UART_2
                0x00000000        0x1 main.o
 .bss.UART_recieved_finished_2
                0x00000000        0x1 main.o
 .bss.cntr_UART_2
                0x00000000        0x1 main.o
 .bss.cntr_End_UART_1
                0x00000000        0x1 main.o
 .bss.UART_recieved_finished_1
                0x00000000        0x1 main.o
 .bss.cntr_UART_1
                0x00000000        0x1 main.o
 .bss.UART_recieved_finished_0
                0x00000000        0x1 main.o
 .text          0x00000000        0x0 c:/program files (x86)/atmel/studio/7.0/toolchain/avr8/avr8-gnu-toolchain/bin/../lib/gcc/avr/5.4.0/avr6\libgcc.a(_exit.o)
 .data          0x00000000        0x0 c:/program files (x86)/atmel/studio/7.0/toolchain/avr8/avr8-gnu-toolchain/bin/../lib/gcc/avr/5.4.0/avr6\libgcc.a(_exit.o)
 .bss           0x00000000        0x0 c:/program files (x86)/atmel/studio/7.0/toolchain/avr8/avr8-gnu-toolchain/bin/../lib/gcc/avr/5.4.0/avr6\libgcc.a(_exit.o)
 .text.libgcc.mul
                0x00000000        0x0 c:/program files (x86)/atmel/studio/7.0/toolchain/avr8/avr8-gnu-toolchain/bin/../lib/gcc/avr/5.4.0/avr6\libgcc.a(_exit.o)
 .text.libgcc.div
                0x00000000        0x0 c:/program files (x86)/atmel/studio/7.0/toolchain/avr8/avr8-gnu-toolchain/bin/../lib/gcc/avr/5.4.0/avr6\libgcc.a(_exit.o)
 .text.libgcc   0x00000000        0x0 c:/program files (x86)/atmel/studio/7.0/toolchain/avr8/avr8-gnu-toolchain/bin/../lib/gcc/avr/5.4.0/avr6\libgcc.a(_exit.o)
 .text.libgcc.prologue
                0x00000000        0x0 c:/program files (x86)/atmel/studio/7.0/toolchain/avr8/avr8-gnu-toolchain/bin/../lib/gcc/avr/5.4.0/avr6\libgcc.a(_exit.o)
 .text.libgcc.builtins
                0x00000000        0x0 c:/program files (x86)/atmel/studio/7.0/toolchain/avr8/avr8-gnu-toolchain/bin/../lib/gcc/avr/5.4.0/avr6\libgcc.a(_exit.o)
 .text.libgcc.fmul
                0x00000000        0x0 c:/program files (x86)/atmel/studio/7.0/toolchain/avr8/avr8-gnu-toolchain/bin/../lib/gcc/avr/5.4.0/avr6\libgcc.a(_exit.o)
 .text.libgcc.fixed
                0x00000000        0x0 c:/program files (x86)/atmel/studio/7.0/toolchain/avr8/avr8-gnu-toolchain/bin/../lib/gcc/avr/5.4.0/avr6\libgcc.a(_exit.o)
 .text          0x00000000        0x0 c:/program files (x86)/atmel/studio/7.0/toolchain/avr8/avr8-gnu-toolchain/bin/../lib/gcc/avr/5.4.0/avr6\libgcc.a(_tablejump2.o)
 .data          0x00000000        0x0 c:/program files (x86)/atmel/studio/7.0/toolchain/avr8/avr8-gnu-toolchain/bin/../lib/gcc/avr/5.4.0/avr6\libgcc.a(_tablejump2.o)
 .bss           0x00000000        0x0 c:/program files (x86)/atmel/studio/7.0/toolchain/avr8/avr8-gnu-toolchain/bin/../lib/gcc/avr/5.4.0/avr6\libgcc.a(_tablejump2.o)
 .text.libgcc.mul
                0x00000000        0x0 c:/program files (x86)/atmel/studio/7.0/toolchain/avr8/avr8-gnu-toolchain/bin/../lib/gcc/avr/5.4.0/avr6\libgcc.a(_tablejump2.o)
 .text.libgcc.div
                0x00000000        0x0 c:/program files (x86)/atmel/studio/7.0/toolchain/avr8/avr8-gnu-toolchain/bin/../lib/gcc/avr/5.4.0/avr6\libgcc.a(_tablejump2.o)
 .text.libgcc.prologue
                0x00000000        0x0 c:/program files (x86)/atmel/studio/7.0/toolchain/avr8/avr8-gnu-toolchain/bin/../lib/gcc/avr/5.4.0/avr6\libgcc.a(_tablejump2.o)
 .text.libgcc.builtins
                0x00000000        0x0 c:/program files (x86)/atmel/studio/7.0/toolchain/avr8/avr8-gnu-toolchain/bin/../lib/gcc/avr/5.4.0/avr6\libgcc.a(_tablejump2.o)
 .text.libgcc.fmul
                0x00000000        0x0 c:/program files (x86)/atmel/studio/7.0/toolchain/avr8/avr8-gnu-toolchain/bin/../lib/gcc/avr/5.4.0/avr6\libgcc.a(_tablejump2.o)
 .text.libgcc.fixed
                0x00000000        0x0 c:/program files (x86)/atmel/studio/7.0/toolchain/avr8/avr8-gnu-toolchain/bin/../lib/gcc/avr/5.4.0/avr6\libgcc.a(_tablejump2.o)
 .text          0x00000000        0x0 c:/program files (x86)/atmel/studio/7.0/toolchain/avr8/avr8-gnu-toolchain/bin/../lib/gcc/avr/5.4.0/avr6\libgcc.a(_copy_data.o)
 .data          0x00000000        0x0 c:/program files (x86)/atmel/studio/7.0/toolchain/avr8/avr8-gnu-toolchain/bin/../lib/gcc/avr/5.4.0/avr6\libgcc.a(_copy_data.o)
 .bss           0x00000000        0x0 c:/program files (x86)/atmel/studio/7.0/toolchain/avr8/avr8-gnu-toolchain/bin/../lib/gcc/avr/5.4.0/avr6\libgcc.a(_copy_data.o)
 .text.libgcc.mul
                0x00000000        0x0 c:/program files (x86)/atmel/studio/7.0/toolchain/avr8/avr8-gnu-toolchain/bin/../lib/gcc/avr/5.4.0/avr6\libgcc.a(_copy_data.o)
 .text.libgcc.div
                0x00000000        0x0 c:/program files (x86)/atmel/studio/7.0/toolchain/avr8/avr8-gnu-toolchain/bin/../lib/gcc/avr/5.4.0/avr6\libgcc.a(_copy_data.o)
 .text.libgcc   0x00000000        0x0 c:/program files (x86)/atmel/studio/7.0/toolchain/avr8/avr8-gnu-toolchain/bin/../lib/gcc/avr/5.4.0/avr6\libgcc.a(_copy_data.o)
 .text.libgcc.prologue
                0x00000000        0x0 c:/program files (x86)/atmel/studio/7.0/toolchain/avr8/avr8-gnu-toolchain/bin/../lib/gcc/avr/5.4.0/avr6\libgcc.a(_copy_data.o)
 .text.libgcc.builtins
                0x00000000        0x0 c:/program files (x86)/atmel/studio/7.0/toolchain/avr8/avr8-gnu-toolchain/bin/../lib/gcc/avr/5.4.0/avr6\libgcc.a(_copy_data.o)
 .text.libgcc.fmul
                0x00000000        0x0 c:/program files (x86)/atmel/studio/7.0/toolchain/avr8/avr8-gnu-toolchain/bin/../lib/gcc/avr/5.4.0/avr6\libgcc.a(_copy_data.o)
 .text.libgcc.fixed
                0x00000000        0x0 c:/program files (x86)/atmel/studio/7.0/toolchain/avr8/avr8-gnu-toolchain/bin/../lib/gcc/avr/5.4.0/avr6\libgcc.a(_copy_data.o)
 .text          0x00000000        0x0 c:/program files (x86)/atmel/studio/7.0/toolchain/avr8/avr8-gnu-toolchain/bin/../lib/gcc/avr/5.4.0/avr6\libgcc.a(_clear_bss.o)
 .data          0x00000000        0x0 c:/program files (x86)/atmel/studio/7.0/toolchain/avr8/avr8-gnu-toolchain/bin/../lib/gcc/avr/5.4.0/avr6\libgcc.a(_clear_bss.o)
 .bss           0x00000000        0x0 c:/program files (x86)/atmel/studio/7.0/toolchain/avr8/avr8-gnu-toolchain/bin/../lib/gcc/avr/5.4.0/avr6\libgcc.a(_clear_bss.o)
 .text.libgcc.mul
                0x00000000        0x0 c:/program files (x86)/atmel/studio/7.0/toolchain/avr8/avr8-gnu-toolchain/bin/../lib/gcc/avr/5.4.0/avr6\libgcc.a(_clear_bss.o)
 .text.libgcc.div
                0x00000000        0x0 c:/program files (x86)/atmel/studio/7.0/toolchain/avr8/avr8-gnu-toolchain/bin/../lib/gcc/avr/5.4.0/avr6\libgcc.a(_clear_bss.o)
 .text.libgcc   0x00000000        0x0 c:/program files (x86)/atmel/studio/7.0/toolchain/avr8/avr8-gnu-toolchain/bin/../lib/gcc/avr/5.4.0/avr6\libgcc.a(_clear_bss.o)
 .text.libgcc.prologue
                0x00000000        0x0 c:/program files (x86)/atmel/studio/7.0/toolchain/avr8/avr8-gnu-toolchain/bin/../lib/gcc/avr/5.4.0/avr6\libgcc.a(_clear_bss.o)
 .text.libgcc.builtins
                0x00000000        0x0 c:/program files (x86)/atmel/studio/7.0/toolchain/avr8/avr8-gnu-toolchain/bin/../lib/gcc/avr/5.4.0/avr6\libgcc.a(_clear_bss.o)
 .text.libgcc.fmul
                0x00000000        0x0 c:/program files (x86)/atmel/studio/7.0/toolchain/avr8/avr8-gnu-toolchain/bin/../lib/gcc/avr/5.4.0/avr6\libgcc.a(_clear_bss.o)
 .text.libgcc.fixed
                0x00000000        0x0 c:/program files (x86)/atmel/studio/7.0/toolchain/avr8/avr8-gnu-toolchain/bin/../lib/gcc/avr/5.4.0/avr6\libgcc.a(_clear_bss.o)

Memory Configuration

Name             Origin             Length             Attributes
text             0x00000000         0x00100000         xr
data             0x00800200         0x0000fe00         rw !x
eeprom           0x00810000         0x00010000         rw !x
fuse             0x00820000         0x00000003         rw !x
lock             0x00830000         0x00000400         rw !x
signature        0x00840000         0x00000400         rw !x
user_signatures  0x00850000         0x00000400         rw !x
*default*        0x00000000         0xffffffff

Linker script and memory map

Address of section .data set to 0x800200
LOAD C:/Program Files (x86)/Atmel/Studio/7.0/Packs/atmel/ATmega_DFP/1.3.300/gcc/dev/atmega2560/avr6/crtatmega2560.o
LOAD LED.o
LOAD Main_Func.o
LOAD ring_buffer.o
LOAD UART.o
LOAD main.o
START GROUP
LOAD c:/program files (x86)/atmel/studio/7.0/toolchain/avr8/avr8-gnu-toolchain/bin/../lib/gcc/avr/5.4.0/../../../../avr/lib/avr6\libm.a
END GROUP
START GROUP
LOAD c:/program files (x86)/atmel/studio/7.0/toolchain/avr8/avr8-gnu-toolchain/bin/../lib/gcc/avr/5.4.0/avr6\libgcc.a
LOAD c:/program files (x86)/atmel/studio/7.0/toolchain/avr8/avr8-gnu-toolchain/bin/../lib/gcc/avr/5.4.0/../../../../avr/lib/avr6\libm.a
LOAD c:/program files (x86)/atmel/studio/7.0/toolchain/avr8/avr8-gnu-toolchain/bin/../lib/gcc/avr/5.4.0/../../../../avr/lib/avr6\libc.a
LOAD C:/Program Files (x86)/Atmel/Studio/7.0/Packs/atmel/ATmega_DFP/1.3.300/gcc/dev/atmega2560/avr6\libatmega2560.a
END GROUP
                0x00000000                __TEXT_REGION_ORIGIN__ = DEFINED (__TEXT_REGION_ORIGIN__)?__TEXT_REGION_ORIGIN__:0x0
                0x00800200                __DATA_REGION_ORIGIN__ = DEFINED (__DATA_REGION_ORIGIN__)?__DATA_REGION_ORIGIN__:0x800200
                0x00100000                __TEXT_REGION_LENGTH__ = DEFINED (__TEXT_REGION_LENGTH__)?__TEXT_REGION_LENGTH__:0x100000
                0x0000fe00                __DATA_REGION_LENGTH__ = DEFINED (__DATA_REGION_LENGTH__)?__DATA_REGION_LENGTH__:0xfe00
                0x00010000                __EEPROM_REGION_LENGTH__ = DEFINED (__EEPROM_REGION_LENGTH__)?__EEPROM_REGION_LENGTH__:0x10000
                [0x00000003]                __FUSE_REGION_LENGTH__ = DEFINED (__FUSE_REGION_LENGTH__)?__FUSE_REGION_LENGTH__:0x400
                0x00000400                __LOCK_REGION_LENGTH__ = DEFINED (__LOCK_REGION_LENGTH__)?__LOCK_REGION_LENGTH__:0x400
                0x00000400                __SIGNATURE_REGION_LENGTH__ = DEFINED (__SIGNATURE_REGION_LENGTH__)?__SIGNATURE_REGION_LENGTH__:0x400
                0x00000400                __USER_SIGNATURE_REGION_LENGTH__ = DEFINED (__USER_SIGNATURE_REGION_LENGTH__)?__USER_SIGNATURE_REGION_LENGTH__:0x400

.hash
 *(.hash)

.dynsym
 *(.dynsym)

.dynstr
 *(.dynstr)

.gnu.version
 *(.gnu.version)

.gnu.version_d
 *(.gnu.version_d)

.gnu.version_r
 *(.gnu.version_r)

.rel.init
 *(.rel.init)

.rela.init
 *(.rela.init)

.rel.text
 *(.rel.text)
 *(.rel.text.*)
 *(.rel.gnu.linkonce.t*)

.rela.text
 *(.rela.text)
 *(.rela.text.*)
 *(.rela.gnu.linkonce.t*)

.rel.fini
 *(.rel.fini)

.rela.fini
 *(.rela.fini)

.rel.rodata
 *(.rel.rodata)
 *(.rel.rodata.*)
 *(.rel.gnu.linkonce.r*)

.rela.rodata
 *(.rela.rodata)
 *(.rela.rodata.*)
 *(.rela.gnu.linkonce.r*)

.rel.data
 *(.rel.data)
 *(.rel.data.*)
 *(.rel.gnu.linkonce.d*)

.rela.data
 *(.rela.data)
 *(.rela.data.*)
 *(.rela.gnu.linkonce.d*)

.rel.ctors
 *(.rel.ctors)

.rela.ctors
 *(.rela.ctors)

.rel.dtors
 *(.rel.dtors)

.rela.dtors
 *(.rela.dtors)

.rel.got
 *(.rel.got)

.rela.got
 *(.rela.got)

.rel.bss
 *(.rel.bss)

.rela.bss
 *(.rela.bss)

.rel.plt
 *(.rel.plt)

.rela.plt
 *(.rela.plt)

.text           0x00000000      0x8d2
 *(.vectors)
 .vectors       0x00000000       0xe4 C:/Program Files (x86)/Atmel/Studio/7.0/Packs/atmel/ATmega_DFP/1.3.300/gcc/dev/atmega2560/avr6/crtatmega2560.o
                0x00000000                __vector_default
                0x00000000                __vectors
 *(.vectors)
 *(.progmem.gcc*)
 .progmem.gcc_sw_table.rainbow
                0x000000e4        0xe LED.o
                0x000000f2                . = ALIGN (0x2)
                0x000000f2                __trampolines_start = .
 *(.trampolines)
 .trampolines   0x000000f2        0x0 linker stubs
 *(.trampolines*)
                0x000000f2                __trampolines_end = .
 *libprintf_flt.a:*(.progmem.data)
 *libc.a:*(.progmem.data)
 *(.progmem*)
                0x000000f2                . = ALIGN (0x2)
 *(.jumptables)
 *(.jumptables*)
 *(.lowtext)
 *(.lowtext*)
                0x000000f2                __ctors_start = .
 *(.ctors)
                0x000000f2                __ctors_end = .
                0x000000f2                __dtors_start = .
 *(.dtors)
                0x000000f2                __dtors_end = .
 SORT(*)(.ctors)
 SORT(*)(.dtors)
 *(.init0)
 .init0         0x000000f2        0x0 C:/Program Files (x86)/Atmel/Studio/7.0/Packs/atmel/ATmega_DFP/1.3.300/gcc/dev/atmega2560/avr6/crtatmega2560.o
                0x000000f2                __init
 *(.init0)
 *(.init1)
 *(.init1)
 *(.init2)
 .init2         0x000000f2       0x10 C:/Program Files (x86)/Atmel/Studio/7.0/Packs/atmel/ATmega_DFP/1.3.300/gcc/dev/atmega2560/avr6/crtatmega2560.o
 *(.init2)
 *(.init3)
 *(.init3)
 *(.init4)
 .init4         0x00000102       0x1a c:/program files (x86)/atmel/studio/7.0/toolchain/avr8/avr8-gnu-toolchain/bin/../lib/gcc/avr/5.4.0/avr6\libgcc.a(_copy_data.o)
                0x00000102                __do_copy_data
 .init4         0x0000011c       0x10 c:/program files (x86)/atmel/studio/7.0/toolchain/avr8/avr8-gnu-toolchain/bin/../lib/gcc/avr/5.4.0/avr6\libgcc.a(_clear_bss.o)
                0x0000011c                __do_clear_bss
 *(.init4)
 *(.init5)
 *(.init5)
 *(.init6)
 *(.init6)
 *(.init7)
 *(.init7)
 *(.init8)
 *(.init8)
 *(.init9)
 .init9         0x0000012c        0x4 C:/Program Files (x86)/Atmel/Studio/7.0/Packs/atmel/ATmega_DFP/1.3.300/gcc/dev/atmega2560/avr6/crtatmega2560.o
 *(.init9)
 *(.text)
 .text          0x00000130        0x2 C:/Program Files (x86)/Atmel/Studio/7.0/Packs/atmel/ATmega_DFP/1.3.300/gcc/dev/atmega2560/avr6/crtatmega2560.o
                0x00000130                __vector_38
                0x00000130                __vector_22
                0x00000130                __vector_28
                0x00000130                __vector_1
                0x00000130                __vector_34
                0x00000130                __vector_24
                0x00000130                __vector_12
                0x00000130                __vector_55
                0x00000130                __vector_46
                0x00000130                __bad_interrupt
                0x00000130                __vector_6
                0x00000130                __vector_31
                0x00000130                __vector_35
                0x00000130                __vector_39
                0x00000130                __vector_3
                0x00000130                __vector_23
                0x00000130                __vector_30
                0x00000130                __vector_45
                0x00000130                __vector_11
                0x00000130                __vector_54
                0x00000130                __vector_13
                0x00000130                __vector_19
                0x00000130                __vector_56
                0x00000130                __vector_7
                0x00000130                __vector_49
                0x00000130                __vector_41
                0x00000130                __vector_27
                0x00000130                __vector_5
                0x00000130                __vector_52
                0x00000130                __vector_37
                0x00000130                __vector_4
                0x00000130                __vector_44
                0x00000130                __vector_51
                0x00000130                __vector_9
                0x00000130                __vector_2
                0x00000130                __vector_15
                0x00000130                __vector_36
                0x00000130                __vector_29
                0x00000130                __vector_40
                0x00000130                __vector_8
                0x00000130                __vector_14
                0x00000130                __vector_53
                0x00000130                __vector_10
                0x00000130                __vector_50
                0x00000130                __vector_16
                0x00000130                __vector_20
                0x00000132                . = ALIGN (0x2)
 *(.text.*)
 .text.PWM_init
                0x00000132       0xb4 LED.o
                0x00000132                PWM_init
 .text.init_LED
                0x000001e6       0x1e LED.o
                0x000001e6                init_LED
 .text.__vector_17
                0x00000204       0x16 LED.o
                0x00000204                __vector_17
 .text.__vector_18
                0x0000021a       0x16 LED.o
                0x0000021a                __vector_18
 .text.__vector_32
                0x00000230       0x16 LED.o
                0x00000230                __vector_32
 .text.__vector_33
                0x00000246       0x16 LED.o
                0x00000246                __vector_33
 .text.__vector_42
                0x0000025c       0x16 LED.o
                0x0000025c                __vector_42
 .text.__vector_43
                0x00000272       0x16 LED.o
                0x00000272                __vector_43
 .text.__vector_47
                0x00000288       0x16 LED.o
                0x00000288                __vector_47
 .text.__vector_48
                0x0000029e       0x16 LED.o
                0x0000029e                __vector_48
 .text.rainbow  0x000002b4      0x1d0 LED.o
                0x000002b4                rainbow
 .text.__vector_21
                0x00000484       0x56 LED.o
                0x00000484                __vector_21
 .text.IO_init  0x000004da       0x16 Main_Func.o
                0x000004da                IO_init
 .text.interfaces_init
                0x000004f0        0x6 Main_Func.o
                0x000004f0                interfaces_init
 .text.check_Communication_Input_UART_0
                0x000004f6       0x5a Main_Func.o
                0x000004f6                check_Communication_Input_UART_0
 .text.proceed_Communication_Input_UART_0
                0x00000550       0x46 Main_Func.o
                0x00000550                proceed_Communication_Input_UART_0
 .text.check_Communication_Input_UART
                0x00000596        0x8 Main_Func.o
                0x00000596                check_Communication_Input_UART
 .text.RB_init  0x0000059e        0x8 ring_buffer.o
                0x0000059e                RB_init
 .text.RB_free  0x000005a6       0x16 ring_buffer.o
                0x000005a6                RB_free
 .text.RB_length
                0x000005bc       0x18 ring_buffer.o
                0x000005bc                RB_length
 .text.RB_readByte
                0x000005d4       0x28 ring_buffer.o
                0x000005d4                RB_readByte
 .text.RB_writeByte
                0x000005fc       0x3a ring_buffer.o
                0x000005fc                RB_writeByte
 .text.RB_write
                0x00000636       0x64 ring_buffer.o
                0x00000636                RB_write
 .text.tx_completed
                0x0000069a        0x6 UART.o
                0x0000069a                tx_completed
 .text.UART_init
                0x000006a0       0x76 UART.o
                0x000006a0                UART_init
 .text.Uart_Transmit_IT_PC
                0x00000716       0x24 UART.o
                0x00000716                Uart_Transmit_IT_PC
 .text.__vector_26
                0x0000073a       0x7a UART.o
                0x0000073a                __vector_26
 .text.__vector_25
                0x000007b4       0x56 UART.o
                0x000007b4                __vector_25
 .text.main     0x0000080a       0xb4 main.o
                0x0000080a                main
 .text.libgcc   0x000008be       0x10 c:/program files (x86)/atmel/studio/7.0/toolchain/avr8/avr8-gnu-toolchain/bin/../lib/gcc/avr/5.4.0/avr6\libgcc.a(_tablejump2.o)
                0x000008be                __tablejump2__
                0x000008ce                . = ALIGN (0x2)
 *(.fini9)
 .fini9         0x000008ce        0x0 c:/program files (x86)/atmel/studio/7.0/toolchain/avr8/avr8-gnu-toolchain/bin/../lib/gcc/avr/5.4.0/avr6\libgcc.a(_exit.o)
                0x000008ce                _exit
                0x000008ce                exit
 *(.fini9)
 *(.fini8)
 *(.fini8)
 *(.fini7)
 *(.fini7)
 *(.fini6)
 *(.fini6)
 *(.fini5)
 *(.fini5)
 *(.fini4)
 *(.fini4)
 *(.fini3)
 *(.fini3)
 *(.fini2)
 *(.fini2)
 *(.fini1)
 *(.fini1)
 *(.fini0)
 .fini0         0x000008ce        0x4 c:/program files (x86)/atmel/studio/7.0/toolchain/avr8/avr8-gnu-toolchain/bin/../lib/gcc/avr/5.4.0/avr6\libgcc.a(_exit.o)
 *(.fini0)
                0x000008d2                _etext = .

.data           0x00800200       0x14 load address 0x000008d2
                0x00800200                PROVIDE (__data_start, .)
 *(.data)
 *(.data*)
 *(.gnu.linkonce.d*)
 *(.rodata)
 *(.rodata*)
 .rodata.str1.1
                0x00800200       0x13 Main_Func.o
 *(.gnu.linkonce.r*)
                0x00800214                . = ALIGN (0x2)
 *fill*         0x00800213        0x1 
                0x00800214                _edata = .
                0x00800214                PROVIDE (__data_end, .)

.bss            0x00800214      0xde0
                0x00800214                PROVIDE (__bss_start, .)
 *(.bss)
 *(.bss*)
 .bss.cntr_End_UART_0
                0x00800214        0x1 main.o
                0x00800214                cntr_End_UART_0
 .bss.cntr_UART_0
                0x00800215        0x1 main.o
                0x00800215                cntr_UART_0
 *(COMMON)
 COMMON         0x00800216      0x714 LED.o
                0x00800216                rb_tx_PC
                0x00800317                rainbow_i
                0x00800319                ptr_tx_completed_1
                0x0080031b                state
                0x0080031d                light
                0x0080031e                rb_rx_ESP
                0x0080041f                rb_rx_Display
                0x00800520                ptr_tx_completed_2
                0x00800522                rb_tx_RFID
                0x00800623                ptr_tx_completed_3
                0x00800625                rb_rx_PC
                0x00800726                rb_tx_ESP
                0x00800827                rb_rx_RFID
                0x00800928                ptr_tx_completed_0
 COMMON         0x0080092a        0x5 Main_Func.o
                0x0080092a                process
                0x0080092e                gui_pages
 COMMON         0x0080092f      0x6c5 main.o
                0x0080092f                head_zutat_file
                0x00800931                tail_getraenk_file
                0x00800933                head_zut_in_Maschine
                0x00800935                head_getraenk
                0x00800937                head_getraenk_file_2
                0x00800939                Liste
                0x0080093a                aktuelleZutatInMaschine
                0x0080093c                tail_getraenk
                0x0080093e                head_tag
                0x00800940                appendFileLocation
                0x00800944                aktuelle_zutat
                0x00800946                bufferGetraenk_file
                0x00800948                tail_zutat_file
                0x0080094a                fileName
                0x00800957                firstDataSector
                0x0080095b                INPUT_UART_0
                0x00800a5b                fileSize
                0x00800a5f                bytesPerSector
                0x00800a61                i_Liste_test_cnt
                0x00800a62                totalClusters
                0x00800a66                option
                0x00800a67                INPUT_UART_3
                0x00800b67                tail_getraenk_file_2
                0x00800b69                aktuellesGetraenk_file
                0x00800b6b                head_getraenk_file
                0x00800b6d                Grossschreib
                0x00800b6e                rootCluster
                0x00800b72                block_list_runter
                0x00800b73                aktuellesGetraenk_file_2
                0x00800b75                startBlock
                0x00800b79                aktueller_tag
                0x00800b7b                i
                0x00800b7d                address_Standardwiederherstellung
                0x00800b7f                tail_tag
                0x00800b81                buffer
                0x00800d81                externes_Getraenk_flag
                0x00800d82                SPI_Slave
                0x00800d83                sectorPerCluster
                0x00800d85                block_list_hoch
                0x00800d86                unusedSectors
                0x00800d8a                SDHC_flag
                0x00800d8b                INPUT_UART_1
                0x00800e8b                counter
                0x00800e8c                totalBlocks
                0x00800e90                tail_zut_in_Maschine
                0x00800e92                data
                0x00800e93                buff_name
                0x00800ea8                reservedSectorCount
                0x00800eaa                ptr_Uart_1
                0x00800eac                aktuelles_zutat_file
                0x00800eae                address_getraenk
                0x00800eb0                appendStartCluster
                0x00800eb4                test2
                0x00800eb5                cardType
                0x00800eb6                error
                0x00800eb7                i_Liste
                0x00800eb8                INPUT_UART_2
                0x00800fb8                i_Liste_test
                0x00800fea                freeClusterCountUpdated
                0x00800feb                stop
                0x00800fec                FAT32_active
                0x00800fed                appendFileSector
                0x00800ff1                aktuellesGetraenk
                0x00800ff3                SPI_State
                0x00800ff4                PROVIDE (__bss_end, .)
                0x000008d2                __data_load_start = LOADADDR (.data)
                0x000008e6                __data_load_end = (__data_load_start + SIZEOF (.data))

.noinit         0x00800ff4        0x0
                [!provide]                PROVIDE (__noinit_start, .)
 *(.noinit*)
                [!provide]                PROVIDE (__noinit_end, .)
                0x00800ff4                _end = .
                [!provide]                PROVIDE (__heap_start, .)

.eeprom         0x00810000        0x0
 *(.eeprom*)
                0x00810000                __eeprom_end = .

.fuse
 *(.fuse)
 *(.lfuse)
 *(.hfuse)
 *(.efuse)

.lock
 *(.lock*)

.signature
 *(.signature*)

.user_signatures
 *(.user_signatures*)

.stab
 *(.stab)

.stabstr
 *(.stabstr)

.stab.excl
 *(.stab.excl)

.stab.exclstr
 *(.stab.exclstr)

.stab.index
 *(.stab.index)

.stab.indexstr
 *(.stab.indexstr)

.comment        0x00000000       0x30
 *(.comment)
 .comment       0x00000000       0x30 LED.o
                                 0x31 (size before relaxing)
 .comment       0x00000030       0x31 Main_Func.o
 .comment       0x00000030       0x31 ring_buffer.o
 .comment       0x00000030       0x31 UART.o
 .comment       0x00000030       0x31 main.o

.note.gnu.avr.deviceinfo
                0x00000000       0x40
 .note.gnu.avr.deviceinfo
                0x00000000       0x40 C:/Program Files (x86)/Atmel/Studio/7.0/Packs/atmel/ATmega_DFP/1.3.300/gcc/dev/atmega2560/avr6/crtatmega2560.o

.note.gnu.build-id
 *(.note.gnu.build-id)

.debug
 *(.debug)

.line
 *(.line)

.debug_srcinfo
 *(.debug_srcinfo)

.debug_sfnames
 *(.debug_sfnames)

.debug_aranges  0x00000000      0x170
 *(.debug_aranges)
 .debug_aranges
                0x00000000       0x80 LED.o
 .debug_aranges
                0x00000080       0x40 Main_Func.o
 .debug_aranges
                0x000000c0       0x50 ring_buffer.o
 .debug_aranges
                0x00000110       0x40 UART.o
 .debug_aranges
                0x00000150       0x20 main.o

.debug_pubnames
 *(.debug_pubnames)

.debug_info     0x00000000     0x2614
 *(.debug_info .gnu.linkonce.wi.*)
 .debug_info    0x00000000      0xbbc C:/Program Files (x86)/Atmel/Studio/7.0/Packs/atmel/ATmega_DFP/1.3.300/gcc/dev/atmega2560/avr6/crtatmega2560.o
 .debug_info    0x00000bbc      0x36f LED.o
 .debug_info    0x00000f2b      0x461 Main_Func.o
 .debug_info    0x0000138c      0x360 ring_buffer.o
 .debug_info    0x000016ec      0x32f UART.o
 .debug_info    0x00001a1b      0xbf9 main.o

.debug_abbrev   0x00000000     0x115b
 *(.debug_abbrev)
 .debug_abbrev  0x00000000      0xb1a C:/Program Files (x86)/Atmel/Studio/7.0/Packs/atmel/ATmega_DFP/1.3.300/gcc/dev/atmega2560/avr6/crtatmega2560.o
 .debug_abbrev  0x00000b1a      0x136 LED.o
 .debug_abbrev  0x00000c50      0x163 Main_Func.o
 .debug_abbrev  0x00000db3      0x12a ring_buffer.o
 .debug_abbrev  0x00000edd      0x167 UART.o
 .debug_abbrev  0x00001044      0x117 main.o

.debug_line     0x00000000      0xf9d
 *(.debug_line .debug_line.* .debug_line_end)
 .debug_line    0x00000000      0x1f9 C:/Program Files (x86)/Atmel/Studio/7.0/Packs/atmel/ATmega_DFP/1.3.300/gcc/dev/atmega2560/avr6/crtatmega2560.o
 .debug_line    0x000001f9      0x399 LED.o
 .debug_line    0x00000592      0x284 Main_Func.o
 .debug_line    0x00000816      0x21d ring_buffer.o
 .debug_line    0x00000a33      0x1ff UART.o
 .debug_line    0x00000c32      0x36b main.o

.debug_frame    0x00000000      0x400
 *(.debug_frame)
 .debug_frame   0x00000000      0x18c LED.o
 .debug_frame   0x0000018c       0x74 Main_Func.o
 .debug_frame   0x00000200       0xdc ring_buffer.o
 .debug_frame   0x000002dc      0x100 UART.o
 .debug_frame   0x000003dc       0x24 main.o

.debug_str      0x00000000      0xf92
 *(.debug_str)
 .debug_str     0x00000000      0x3e6 C:/Program Files (x86)/Atmel/Studio/7.0/Packs/atmel/ATmega_DFP/1.3.300/gcc/dev/atmega2560/avr6/crtatmega2560.o
 .debug_str     0x000003e6      0x304 LED.o
                                0x338 (size before relaxing)
 .debug_str     0x000006ea      0x29c Main_Func.o
                                0x4fc (size before relaxing)
 .debug_str     0x00000986       0x5a ring_buffer.o
                                0x209 (size before relaxing)
 .debug_str     0x000009e0       0x45 UART.o
                                0x2d8 (size before relaxing)
 .debug_str     0x00000a25      0x56d main.o
                                0xa39 (size before relaxing)

.debug_loc      0x00000000      0xa98
 *(.debug_loc)
 .debug_loc     0x00000000      0x243 LED.o
 .debug_loc     0x00000243       0xa7 Main_Func.o
 .debug_loc     0x000002ea      0x58d ring_buffer.o
 .debug_loc     0x00000877      0x221 UART.o

.debug_macinfo
 *(.debug_macinfo)

.debug_weaknames
 *(.debug_weaknames)

.debug_funcnames
 *(.debug_funcnames)

.debug_typenames
 *(.debug_typenames)

.debug_varnames
 *(.debug_varnames)

.debug_pubtypes
 *(.debug_pubtypes)

.debug_ranges   0x00000000      0x138
 *(.debug_ranges)
 .debug_ranges  0x00000000       0x70 LED.o
 .debug_ranges  0x00000070       0x48 Main_Func.o
 .debug_ranges  0x000000b8       0x40 ring_buffer.o
 .debug_ranges  0x000000f8       0x30 UART.o
 .debug_ranges  0x00000128       0x10 main.o

.debug_macro
 *(.debug_macro)
OUTPUT(Mikrocontroller.elf elf32-avr)
LOAD linker stubs
