Archive member included to satisfy reference by file (symbol)

c:/program files (x86)/atmel/studio/7.0/toolchain/avr8/avr8-gnu-toolchain/bin/../lib/gcc/avr/5.4.0/avr6\libgcc.a(_mulsi3.o)
                              Cocktail_functions.o (__mulsi3)
c:/program files (x86)/atmel/studio/7.0/toolchain/avr8/avr8-gnu-toolchain/bin/../lib/gcc/avr/5.4.0/avr6\libgcc.a(_udivmodsi4.o)
                              Cocktail_functions.o (__udivmodsi4)
c:/program files (x86)/atmel/studio/7.0/toolchain/avr8/avr8-gnu-toolchain/bin/../lib/gcc/avr/5.4.0/avr6\libgcc.a(_divmodsi4.o)
                              tmc4671.o (__divmodsi4)
c:/program files (x86)/atmel/studio/7.0/toolchain/avr8/avr8-gnu-toolchain/bin/../lib/gcc/avr/5.4.0/avr6\libgcc.a(_negsi2.o)
                              c:/program files (x86)/atmel/studio/7.0/toolchain/avr8/avr8-gnu-toolchain/bin/../lib/gcc/avr/5.4.0/avr6\libgcc.a(_divmodsi4.o) (__negsi2)
c:/program files (x86)/atmel/studio/7.0/toolchain/avr8/avr8-gnu-toolchain/bin/../lib/gcc/avr/5.4.0/avr6\libgcc.a(_exit.o)
                              C:/Program Files (x86)/Atmel/Studio/7.0/Packs/atmel/ATmega_DFP/1.3.300/gcc/dev/atmega2560/avr6/crtatmega2560.o (exit)
c:/program files (x86)/atmel/studio/7.0/toolchain/avr8/avr8-gnu-toolchain/bin/../lib/gcc/avr/5.4.0/avr6\libgcc.a(_tablejump2.o)
                              Cocktail_functions.o (__tablejump2__)
c:/program files (x86)/atmel/studio/7.0/toolchain/avr8/avr8-gnu-toolchain/bin/../lib/gcc/avr/5.4.0/avr6\libgcc.a(_copy_data.o)
                              Cocktail_functions.o (__do_copy_data)
c:/program files (x86)/atmel/studio/7.0/toolchain/avr8/avr8-gnu-toolchain/bin/../lib/gcc/avr/5.4.0/avr6\libgcc.a(_clear_bss.o)
                              Cocktail_functions.o (__do_clear_bss)
c:/program files (x86)/atmel/studio/7.0/toolchain/avr8/avr8-gnu-toolchain/bin/../lib/gcc/avr/5.4.0/avr6\libgcc.a(_umulhisi3.o)
                              FAT32.o (__umulhisi3)
c:/program files (x86)/atmel/studio/7.0/toolchain/avr8/avr8-gnu-toolchain/bin/../lib/gcc/avr/5.4.0/avr6\libgcc.a(_usmulhisi3.o)
                              tmc4671.o (__usmulhisi3)
c:/program files (x86)/atmel/studio/7.0/toolchain/avr8/avr8-gnu-toolchain/bin/../lib/gcc/avr/5.4.0/avr6\libgcc.a(_muluhisi3.o)
                              Cocktail_functions.o (__muluhisi3)
c:/program files (x86)/atmel/studio/7.0/toolchain/avr8/avr8-gnu-toolchain/bin/../lib/gcc/avr/5.4.0/../../../../avr/lib/avr6\libc.a(calloc.o)
                              Getraenk.o (calloc)
c:/program files (x86)/atmel/studio/7.0/toolchain/avr8/avr8-gnu-toolchain/bin/../lib/gcc/avr/5.4.0/../../../../avr/lib/avr6\libc.a(malloc.o)
                              c:/program files (x86)/atmel/studio/7.0/toolchain/avr8/avr8-gnu-toolchain/bin/../lib/gcc/avr/5.4.0/../../../../avr/lib/avr6\libc.a(calloc.o) (malloc)
c:/program files (x86)/atmel/studio/7.0/toolchain/avr8/avr8-gnu-toolchain/bin/../lib/gcc/avr/5.4.0/../../../../avr/lib/avr6\libc.a(atoi.o)
                              Cocktail_functions.o (atoi)
c:/program files (x86)/atmel/studio/7.0/toolchain/avr8/avr8-gnu-toolchain/bin/../lib/gcc/avr/5.4.0/../../../../avr/lib/avr6\libc.a(strtok.o)
                              Cocktail_functions.o (strtok)
c:/program files (x86)/atmel/studio/7.0/toolchain/avr8/avr8-gnu-toolchain/bin/../lib/gcc/avr/5.4.0/../../../../avr/lib/avr6\libc.a(memset.o)
                              c:/program files (x86)/atmel/studio/7.0/toolchain/avr8/avr8-gnu-toolchain/bin/../lib/gcc/avr/5.4.0/../../../../avr/lib/avr6\libc.a(calloc.o) (memset)
c:/program files (x86)/atmel/studio/7.0/toolchain/avr8/avr8-gnu-toolchain/bin/../lib/gcc/avr/5.4.0/../../../../avr/lib/avr6\libc.a(strcat.o)
                              Cocktail_functions.o (strcat)
c:/program files (x86)/atmel/studio/7.0/toolchain/avr8/avr8-gnu-toolchain/bin/../lib/gcc/avr/5.4.0/../../../../avr/lib/avr6\libc.a(strcpy.o)
                              Cocktail_functions.o (strcpy)
c:/program files (x86)/atmel/studio/7.0/toolchain/avr8/avr8-gnu-toolchain/bin/../lib/gcc/avr/5.4.0/../../../../avr/lib/avr6\libc.a(strncpy.o)
                              Getraenk.o (strncpy)
c:/program files (x86)/atmel/studio/7.0/toolchain/avr8/avr8-gnu-toolchain/bin/../lib/gcc/avr/5.4.0/../../../../avr/lib/avr6\libc.a(strtok_r.o)
                              c:/program files (x86)/atmel/studio/7.0/toolchain/avr8/avr8-gnu-toolchain/bin/../lib/gcc/avr/5.4.0/../../../../avr/lib/avr6\libc.a(strtok.o) (strtok_r)
c:/program files (x86)/atmel/studio/7.0/toolchain/avr8/avr8-gnu-toolchain/bin/../lib/gcc/avr/5.4.0/../../../../avr/lib/avr6\libc.a(itoa_ncheck.o)
                              Cocktail_functions.o (__itoa_ncheck)
c:/program files (x86)/atmel/studio/7.0/toolchain/avr8/avr8-gnu-toolchain/bin/../lib/gcc/avr/5.4.0/../../../../avr/lib/avr6\libc.a(mul10.o)
[...]
Memory Configuration

Name             Origin             Length             Attributes
text             0x00000000         0x00100000         xr
data             0x00800200         0x0000fe00         rw !x
eeprom           0x00810000         0x00010000         rw !x
fuse             0x00820000         0x00000003         rw !x
lock             0x00830000         0x00000400         rw !x
signature        0x00840000         0x00000400         rw !x
user_signatures  0x00850000         0x00000400         rw !x
*default*        0x00000000         0xffffffff

Linker script and memory map

Address of section .data set to 0x800200
LOAD C:/Program Files (x86)/Atmel/Studio/7.0/Packs/atmel/ATmega_DFP/1.3.300/gcc/dev/atmega2560/avr6/crtatmega2560.o
LOAD Cocktail_functions.o
LOAD Cocktail_Statemachine.o
LOAD Getraenk.o
LOAD Zutaten.o
LOAD Main_Func.o
LOAD Nextion_Display.o
LOAD mfrc522.o
LOAD ring_buffer.o
LOAD FAT32.o
LOAD SD_routines.o
LOAD SPI.o
LOAD TAGS.o
LOAD tmc4671.o
LOAD TMC6200.o
LOAD UART.o
LOAD main.o
START GROUP
LOAD c:/program files (x86)/atmel/studio/7.0/toolchain/avr8/avr8-gnu-toolchain/bin/../lib/gcc/avr/5.4.0/../../../../avr/lib/avr6\libm.a
END GROUP
START GROUP
LOAD c:/program files (x86)/atmel/studio/7.0/toolchain/avr8/avr8-gnu-toolchain/bin/../lib/gcc/avr/5.4.0/avr6\libgcc.a
LOAD c:/program files (x86)/atmel/studio/7.0/toolchain/avr8/avr8-gnu-toolchain/bin/../lib/gcc/avr/5.4.0/../../../../avr/lib/avr6\libm.a
LOAD c:/program files (x86)/atmel/studio/7.0/toolchain/avr8/avr8-gnu-toolchain/bin/../lib/gcc/avr/5.4.0/../../../../avr/lib/avr6\libc.a
LOAD C:/Program Files (x86)/Atmel/Studio/7.0/Packs/atmel/ATmega_DFP/1.3.300/gcc/dev/atmega2560/avr6\libatmega2560.a
END GROUP
                0x00000000                __TEXT_REGION_ORIGIN__ = DEFINED (__TEXT_REGION_ORIGIN__)?__TEXT_REGION_ORIGIN__:0x0
                0x00800200                __DATA_REGION_ORIGIN__ = DEFINED (__DATA_REGION_ORIGIN__)?__DATA_REGION_ORIGIN__:0x800200
                0x00100000                __TEXT_REGION_LENGTH__ = DEFINED (__TEXT_REGION_LENGTH__)?__TEXT_REGION_LENGTH__:0x100000
                0x0000fe00                __DATA_REGION_LENGTH__ = DEFINED (__DATA_REGION_LENGTH__)?__DATA_REGION_LENGTH__:0xfe00
                0x00010000                __EEPROM_REGION_LENGTH__ = DEFINED (__EEPROM_REGION_LENGTH__)?__EEPROM_REGION_LENGTH__:0x10000
                [0x00000003]                __FUSE_REGION_LENGTH__ = DEFINED (__FUSE_REGION_LENGTH__)?__FUSE_REGION_LENGTH__:0x400
                0x00000400                __LOCK_REGION_LENGTH__ = DEFINED (__LOCK_REGION_LENGTH__)?__LOCK_REGION_LENGTH__:0x400
                0x00000400                __SIGNATURE_REGION_LENGTH__ = DEFINED (__SIGNATURE_REGION_LENGTH__)?__SIGNATURE_REGION_LENGTH__:0x400
                0x00000400                __USER_SIGNATURE_REGION_LENGTH__ = DEFINED (__USER_SIGNATURE_REGION_LENGTH__)?__USER_SIGNATURE_REGION_LENGTH__:0x400

.hash
 *(.hash)

.dynsym
 *(.dynsym)

.dynstr
 *(.dynstr)

.gnu.version
 *(.gnu.version)

.gnu.version_d
 *(.gnu.version_d)

.gnu.version_r
 *(.gnu.version_r)

.rel.init
 *(.rel.init)

.rela.init
 *(.rela.init)

.rel.text
 *(.rel.text)
 *(.rel.text.*)
 *(.rel.gnu.linkonce.t*)

.rela.text
 *(.rela.text)
 *(.rela.text.*)
 *(.rela.gnu.linkonce.t*)

.rel.fini
 *(.rel.fini)

.rela.fini
 *(.rela.fini)

.rel.rodata
 *(.rel.rodata)
 *(.rel.rodata.*)
 *(.rel.gnu.linkonce.r*)

.rela.rodata
 *(.rela.rodata)
 *(.rela.rodata.*)
 *(.rela.gnu.linkonce.r*)

.rel.data
 *(.rel.data)
 *(.rel.data.*)
 *(.rel.gnu.linkonce.d*)

.rela.data
 *(.rela.data)
 *(.rela.data.*)
 *(.rela.gnu.linkonce.d*)

.rel.ctors
 *(.rel.ctors)

.rela.ctors
 *(.rela.ctors)

.rel.dtors
 *(.rel.dtors)

.rela.dtors
 *(.rela.dtors)

.rel.got
 *(.rel.got)

.rela.got
 *(.rela.got)

.rel.bss
 *(.rel.bss)

.rela.bss
 *(.rela.bss)

.rel.plt
 *(.rel.plt)

.rela.plt
 *(.rela.plt)

.text           0x00000000     0x6cb0
 *(.vectors)
 .vectors       0x00000000       0xe4 C:/Program Files (x86)/Atmel/Studio/7.0/Packs/atmel/ATmega_DFP/1.3.300/gcc/dev/atmega2560/avr6/crtatmega2560.o
                0x00000000                __vector_default
                0x00000000                __vectors
 *(.vectors)
 *(.progmem.gcc*)
 .progmem.gcc_sw_table.schalte_pumpe_ein
                0x000000e4       0x18 Cocktail_functions.o
 .progmem.gcc_sw_table.schalte_pumpe_aus
                0x000000fc       0x18 Cocktail_functions.o
 .progmem.gcc_sw_table.lese_sensor
                0x00000114       0x18 Cocktail_functions.o
 .progmem.gcc_sw_table.check_startseite
                0x0000012c       0x10 Cocktail_Statemachine.o
 .progmem.gcc_sw_table.check_listenanzeige
                0x0000013c       0x14 Cocktail_Statemachine.o
 .progmem.gcc_sw_table.check_menuanzeige
                0x00000150        0xe Cocktail_Statemachine.o
 .progmem.gcc_sw_table.check_bearbeitungsanzeige
                0x0000015e       0x14 Cocktail_Statemachine.o
 .progmem.gcc_sw_table.check_ceinstanzeige
                0x00000172       0x10 Cocktail_Statemachine.o
 .progmem.gcc_sw_table.check_erstanzeige1
                0x00000182       0x3e Cocktail_Statemachine.o
 .progmem.gcc_sw_table.check_posanzeige
                0x000001c0       0x1a Cocktail_Statemachine.o
 .progmem.gcc_sw_table.check_fluessanzeige1
                0x000001da       0x16 Cocktail_Statemachine.o
 .progmem.gcc_sw_table.check_RFIDAnzeige1
                0x000001f0       0x12 Cocktail_Statemachine.o
 .progmem.gcc_sw_table.check_RFIDAnzeige2
                0x00000202       0x14 Cocktail_Statemachine.o
 .progmem.gcc_sw_table.cocktail_check_command
                0x00000216       0x32 Cocktail_Statemachine.o
                0x00000248                . = ALIGN (0x2)
                0x00000248                __trampolines_start = .
 *(.trampolines)
 .trampolines   0x00000248        0x0 linker stubs
 *(.trampolines*)
                0x00000248                __trampolines_end = .
 *libprintf_flt.a:*(.progmem.data)
 *libc.a:*(.progmem.data)
 *(.progmem*)
                0x00000248                . = ALIGN (0x2)
 *(.jumptables)
 *(.jumptables*)
 *(.lowtext)
 *(.lowtext*)
                0x00000248                __ctors_start = .
 *(.ctors)
                0x00000248                __ctors_end = .
                0x00000248                __dtors_start = .
 *(.dtors)
                0x00000248                __dtors_end = .
 SORT(*)(.ctors)
 SORT(*)(.dtors)
 *(.init0)
 .init0         0x00000248        0x0 C:/Program Files (x86)/Atmel/Studio/7.0/Packs/atmel/ATmega_DFP/1.3.300/gcc/dev/atmega2560/avr6/crtatmega2560.o
                0x00000248                __init
 *(.init0)
 *(.init1)
 *(.init1)
 *(.init2)
 .init2         0x00000248       0x10 C:/Program Files (x86)/Atmel/Studio/7.0/Packs/atmel/ATmega_DFP/1.3.300/gcc/dev/atmega2560/avr6/crtatmega2560.o
 *(.init2)
 *(.init3)
 *(.init3)
 *(.init4)
 .init4         0x00000258       0x1a c:/program files (x86)/atmel/studio/7.0/toolchain/avr8/avr8-gnu-toolchain/bin/../lib/gcc/avr/5.4.0/avr6\libgcc.a(_copy_data.o)
                0x00000258                __do_copy_data
 .init4         0x00000272       0x10 c:/program files (x86)/atmel/studio/7.0/toolchain/avr8/avr8-gnu-toolchain/bin/../lib/gcc/avr/5.4.0/avr6\libgcc.a(_clear_bss.o)
                0x00000272                __do_clear_bss
 *(.init4)
 *(.init5)
 *(.init5)
 *(.init6)
 *(.init6)
 *(.init7)
 *(.init7)
 *(.init8)
 *(.init8)
 *(.init9)
 .init9         0x00000282        0x8 C:/Program Files (x86)/Atmel/Studio/7.0/Packs/atmel/ATmega_DFP/1.3.300/gcc/dev/atmega2560/avr6/crtatmega2560.o
 *(.init9)
 *(.text)
 .text          0x0000028a        0x2 C:/Program Files (x86)/Atmel/Studio/7.0/Packs/atmel/ATmega_DFP/1.3.300/gcc/dev/atmega2560/avr6/crtatmega2560.o
                0x0000028a                __vector_38
                0x0000028a                __vector_22
                0x0000028a                __vector_28
                0x0000028a                __vector_1
                0x0000028a                __vector_32
                0x0000028a                __vector_34
                0x0000028a                __vector_24
                0x0000028a                __vector_12
                0x0000028a                __vector_46
                0x0000028a                __bad_interrupt
                0x0000028a                __vector_6
                0x0000028a                __vector_31
                0x0000028a                __vector_35
                0x0000028a                __vector_39
                0x0000028a                __vector_3
                0x0000028a                __vector_23
                0x0000028a                __vector_30
                0x0000028a                __vector_45
                0x0000028a                __vector_11
                0x0000028a                __vector_13
                0x0000028a                __vector_17
                0x0000028a                __vector_19
                0x0000028a                __vector_56
                0x0000028a                __vector_7
                0x0000028a                __vector_49
                0x0000028a                __vector_41
                0x0000028a                __vector_43
                0x0000028a                __vector_27
                0x0000028a                __vector_5
                0x0000028a                __vector_33
                0x0000028a                __vector_47
                0x0000028a                __vector_37
                0x0000028a                __vector_4
                0x0000028a                __vector_44
                0x0000028a                __vector_9
                0x0000028a                __vector_2
                0x0000028a                __vector_21
                0x0000028a                __vector_15
                0x0000028a                __vector_29
                0x0000028a                __vector_40
                0x0000028a                __vector_8
                0x0000028a                __vector_48
                0x0000028a                __vector_14
                0x0000028a                __vector_53
                0x0000028a                __vector_10
                0x0000028a                __vector_50
                0x0000028a                __vector_16
                0x0000028a                __vector_18
                0x0000028a                __vector_20
                0x0000028a                __vector_42
                0x0000028c                . = ALIGN (0x2)
 *(.text.*)
 .text.cocktail_test_command
                0x0000028c       0x22 Cocktail_functions.o
                0x0000028c                cocktail_test_command
 .text.schreibe_Menge_in_Getraenk
                0x000002ae      0x198 Cocktail_functions.o
                0x000002ae                schreibe_Menge_in_Getraenk
 .text.schalte_pumpe_ein
                0x00000446       0x6e Cocktail_functions.o
                0x00000446                schalte_pumpe_ein
 .text.schalte_pumpe_aus
                0x000004b4       0x6e Cocktail_functions.o
                0x000004b4                schalte_pumpe_aus
 .text.lese_sensor
                0x00000522       0x74 Cocktail_functions.o
                0x00000522                lese_sensor
 .text.erstelle_Liste_zutat
                0x00000596      0x25a Cocktail_functions.o
                0x00000596                erstelle_Liste_zutat
 .text.setze_startanzeige
                0x000007f0       0x94 Cocktail_functions.o
                0x000007f0                setze_startanzeige
 .text.fuelle_getraenk
                0x00000884      0x206 Cocktail_functions.o
                0x00000884                fuelle_getraenk
 .text.zubereitung_getraenk
                0x00000a8a       0x68 Cocktail_functions.o
                0x00000a8a                zubereitung_getraenk
 .text.erstelle_Zutatenliste
                0x00000af2      0x1a8 Cocktail_functions.o
                0x00000af2                erstelle_Zutatenliste
 .text.compare_string
                0x00000c9a       0x40 Cocktail_functions.o
                0x00000c9a                compare_string
 .text.pruefe_kopf
                0x00000cda        0xc Cocktail_functions.o
                0x00000cda                pruefe_kopf
 .text.lese_textfile_in_getraenk
                0x00000ce6      0x23a Cocktail_functions.o
                0x00000ce6                lese_textfile_in_getraenk
 .text.choose_aktuellesGetraenk
                0x00000f20       0x6e Cocktail_functions.o
                0x00000f20                choose_aktuellesGetraenk
 .text.bearbeite_Cocktail
                0x00000f8e       0x14 Cocktail_functions.o
                0x00000f8e                bearbeite_Cocktail
 .text.schiebe_file_next
                0x00000fa2       0x7a Cocktail_functions.o
                0x00000fa2                schiebe_file_next
 .text.schiebe_file_prev
                0x0000101c       0x7a Cocktail_functions.o
                0x0000101c                schiebe_file_prev
 .text.erstelle_Liste_name
                0x00001096      0x2d0 Cocktail_functions.o
                0x00001096                erstelle_Liste_name
 .text.SD_startup
                0x00001366       0xd0 Cocktail_functions.o
                0x00001366                SD_startup
 .text.erstelle_File
                0x00001436      0x28a Cocktail_functions.o
                0x00001436                erstelle_File
 .text.loesche_FIle
                0x000016c0       0x66 Cocktail_functions.o
                0x000016c0                loesche_FIle
 .text.lese_textfile_in_zutat
                0x00001726      0x124 Cocktail_functions.o
                0x00001726                lese_textfile_in_zutat
 .text.erstelle_Liste_Zutat_Pos
                0x0000184a      0x1f2 Cocktail_functions.o
                0x0000184a                erstelle_Liste_Zutat_Pos
 .text.setze_Posanzeige_Rot_Gruen
                0x00001a3c      0x10c Cocktail_functions.o
                0x00001a3c                setze_Posanzeige_Rot_Gruen
 .text.setze_aktuelle_Zutat_in_Maschine_prev
                0x00001b48       0x36 Cocktail_functions.o
                0x00001b48                setze_aktuelle_Zutat_in_Maschine_prev
 .text.setze_Fluessgkeit_in_Position
                0x00001b7e      0x384 Cocktail_functions.o
                0x00001b7e                setze_Fluessgkeit_in_Position
 .text.check_startseite
                0x00001f02      0x1ca Cocktail_Statemachine.o
                0x00001f02                check_startseite
 .text.check_zutatenanzeige
                0x000020cc       0x26 Cocktail_Statemachine.o
                0x000020cc                check_zutatenanzeige
 .text.check_listenanzeige
                0x000020f2       0xfa Cocktail_Statemachine.o
                0x000020f2                check_listenanzeige
 .text.check_zubabfrage
                0x000021ec       0x36 Cocktail_Statemachine.o
                0x000021ec                check_zubabfrage
 .text.check_zubbildschirm
                0x00002222        0xa Cocktail_Statemachine.o
                0x00002222                check_zubbildschirm
 .text.check_menuanzeige
                0x0000222c      0x170 Cocktail_Statemachine.o
                0x0000222c                check_menuanzeige
 .text.check_bearbeitungsanzeige
                0x0000239c       0x9a Cocktail_Statemachine.o
                0x0000239c                check_bearbeitungsanzeige
 .text.check_ceinstanzeige
                0x00002436       0xcc Cocktail_Statemachine.o
                0x00002436                check_ceinstanzeige
 .text.check_reinanzeige1
                0x00002502       0x1a Cocktail_Statemachine.o
                0x00002502                check_reinanzeige1
 .text.check_reinanzeige2
                0x0000251c       0x8c Cocktail_Statemachine.o
                0x0000251c                check_reinanzeige2
 .text.check_reinanzeige3
                0x000025a8       0x12 Cocktail_Statemachine.o
                0x000025a8                check_reinanzeige3
 .text.check_infoanzeige
                0x000025ba        0xc Cocktail_Statemachine.o
                0x000025ba                check_infoanzeige
 .text.check_erstanzeige1
                0x000025c6      0x5ea Cocktail_Statemachine.o
                0x000025c6                check_erstanzeige1
 .text.check_erstanzeige2
                0x00002bb0      0x174 Cocktail_Statemachine.o
                0x00002bb0                check_erstanzeige2
 .text.check_loeschanzeige
                0x00002d24      0x106 Cocktail_Statemachine.o
                0x00002d24                check_loeschanzeige
 .text.check_posanzeige
                0x00002e2a      0x12e Cocktail_Statemachine.o
                0x00002e2a                check_posanzeige
 .text.check_fluessanzeige1
                0x00002f58       0xbc Cocktail_Statemachine.o
                0x00002f58                check_fluessanzeige1
 .text.check_fluessanzeige2
                0x00003014       0x4e Cocktail_Statemachine.o
                0x00003014                check_fluessanzeige2
 .text.check_fluessanzeige3
                0x00003062      0x220 Cocktail_Statemachine.o
                0x00003062                check_fluessanzeige3
 .text.check_RFIDAnzeige1
                0x00003282      0x3ba Cocktail_Statemachine.o
                0x00003282                check_RFIDAnzeige1
 .text.schreibe_Getraenk_in_tag
                0x0000363c       0x74 Cocktail_Statemachine.o
                0x0000363c                schreibe_Getraenk_in_tag
 .text.check_RFIDAnzeige2
                0x000036b0       0x8a Cocktail_Statemachine.o
                0x000036b0                check_RFIDAnzeige2
 .text.check_RFIDFehler
                0x0000373a       0x12 Cocktail_Statemachine.o
                0x0000373a                check_RFIDFehler
 .text.cocktail_check_command
                0x0000374c       0xc0 Cocktail_Statemachine.o
                0x0000374c                cocktail_check_command
 .text.check_existence
                0x0000380c      0x1a0 Getraenk.o
                0x0000380c                check_existence
 .text.create_new_getraenk
                0x000039ac       0xda Getraenk.o
                0x000039ac                create_new_getraenk
 .text.create_new_getraenk_file
                0x00003a86       0x18 Getraenk.o
                0x00003a86                create_new_getraenk_file
 .text.insert_file_at_head
                0x00003a9e       0x56 Getraenk.o
                0x00003a9e                insert_file_at_head
 .text.cocktails_init
                0x00003af4       0xe2 Getraenk.o
                0x00003af4                cocktails_init
 .text.create_zutat
                0x00003bd6       0x42 Zutaten.o
                0x00003bd6                create_zutat
 .text.create_neue_zutat_Maschine
                0x00003c18       0x72 Zutaten.o
                0x00003c18                create_neue_zutat_Maschine
 .text.insert_zutat_Maschine_at_head
                0x00003c8a       0x50 Zutaten.o
                0x00003c8a                insert_zutat_Maschine_at_head
 .text.create_new_zutat_file
                0x00003cda       0x18 Zutaten.o
                0x00003cda                create_new_zutat_file
 .text.insert_zutat_file_at_head
                0x00003cf2       0x56 Zutaten.o
                0x00003cf2                insert_zutat_file_at_head
 .text.zutaten_init
                0x00003d48      0x236 Zutaten.o
                0x00003d48                zutaten_init
 .text.IO_init  0x00003f7e       0x2e Main_Func.o
                0x00003f7e                IO_init
 .text.check_Communication_Input_UART_0
                0x00003fac       0x5a Main_Func.o
                0x00003fac                check_Communication_Input_UART_0
 .text.proceed_Communication_Input_UART_0
                0x00004006        0xa Main_Func.o
                0x00004006                proceed_Communication_Input_UART_0
 .text.check_Communication_Input_UART_1
                0x00004010      0x112 Main_Func.o
                0x00004010                check_Communication_Input_UART_1
 .text.proceed_Communication_INPUT_UART_1
                0x00004122       0x24 Main_Func.o
                0x00004122                proceed_Communication_INPUT_UART_1
 .text.check_Communication_Input_UART_2
                0x00004146       0xde Main_Func.o
                0x00004146                check_Communication_Input_UART_2
 .text.proceed_Communication_Input_UART_2
                0x00004224       0x20 Main_Func.o
                0x00004224                proceed_Communication_Input_UART_2
 .text.check_Communication_Input_UART
                0x00004244       0x14 Main_Func.o
                0x00004244                check_Communication_Input_UART
 .text.endConversation
                0x00004258       0x2c Nextion_Display.o
                0x00004258                endConversation
 .text.nextion_change_page
                0x00004284       0x3e Nextion_Display.o
                0x00004284                nextion_change_page
 .text.nextion_setText
                0x000042c2       0x30 Nextion_Display.o
                0x000042c2                nextion_setText
 .text.nextion_setValue
                0x000042f2       0x20 Nextion_Display.o
                0x000042f2                nextion_setValue
 .text.nextion_setPicture
                0x00004312       0x4c Nextion_Display.o
                0x00004312                nextion_setPicture
 .text.nextion_getSliderValue
                0x0000435e       0x96 Nextion_Display.o
                0x0000435e                nextion_getSliderValue
 .text.nextion_disableButton
                0x000043f4       0x72 Nextion_Display.o
                0x000043f4                nextion_disableButton
 .text.mfrc522_write
                0x00004466       0x2a mfrc522.o
                0x00004466                mfrc522_write
 .text.mfrc522_read
                0x00004490       0x2a mfrc522.o
                0x00004490                mfrc522_read
 .text.mfrc522_reset
                0x000044ba        0x8 mfrc522.o
                0x000044ba                mfrc522_reset
 .text.mfrc522_init
                0x000044c2       0xb8 mfrc522.o
                0x000044c2                mfrc522_init
 .text.mfrc522_to_card
                0x0000457a      0x22c mfrc522.o
                0x0000457a                mfrc522_to_card
 .text.mfrc522_request
                0x000047a6       0x64 mfrc522.o
                0x000047a6                mfrc522_request
 .text.mfrc522_get_card_serial
                0x0000480a       0x6c mfrc522.o
                0x0000480a                mfrc522_get_card_serial
 .text.check_Communication_Input_MFRC522
                0x00004876       0x6a mfrc522.o
                0x00004876                check_Communication_Input_MFRC522
 .text.RB_init  0x000048e0        0x8 ring_buffer.o
                0x000048e0                RB_init
 .text.RB_free  0x000048e8       0x16 ring_buffer.o
                0x000048e8                RB_free
 .text.RB_length
                0x000048fe       0x18 ring_buffer.o
                0x000048fe                RB_length
 .text.RB_readByte
                0x00004916       0x28 ring_buffer.o
                0x00004916                RB_readByte
 .text.RB_writeByte
                0x0000493e       0x3a ring_buffer.o
                0x0000493e                RB_writeByte
 .text.RB_write
                0x00004978       0x64 ring_buffer.o
                0x00004978                RB_write
 .text.getFirstSector
                0x000049dc       0x42 FAT32.o
                0x000049dc                getFirstSector
 .text.getSetNextCluster
                0x00004a1e       0xf2 FAT32.o
                0x00004a1e                getSetNextCluster
 .text.getSetFreeCluster
                0x00004b10      0x124 FAT32.o
                0x00004b10                getSetFreeCluster
 .text.getBootSectorData
                0x00004c34      0x180 FAT32.o
                0x00004c34                getBootSectorData
 .text.convertFileName
                0x00004db4      0x120 FAT32.o
                0x00004db4                convertFileName
 .text.searchNextFreeCluster
                0x00004ed4      0x144 FAT32.o
                0x00004ed4                searchNextFreeCluster
 .text.displayMemory
                0x00005018       0xc2 FAT32.o
                0x00005018                displayMemory
 .text.freeMemoryUpdate
                0x000050da       0xdc FAT32.o
                0x000050da                freeMemoryUpdate
 .text.findFiles
                0x000051b6      0x3f0 FAT32.o
                0x000051b6                findFiles
 .text.readFile
                0x000055a6      0x19c FAT32.o
                0x000055a6                readFile
 .text.deleteFile
                0x00005742       0x18 FAT32.o
                0x00005742                deleteFile
 .text.writeFile
                0x0000575a      0x7ea FAT32.o
                0x0000575a                writeFile
 .text.SD_sendCommand
                0x00005f44       0xb4 SD_routines.o
                0x00005f44                SD_sendCommand
 .text.SD_init  0x00005ff8      0x112 SD_routines.o
                0x00005ff8                SD_init
 .text.SD_readSingleBlock
                0x0000610a       0x50 SD_routines.o
                0x0000610a                SD_readSingleBlock
 .text.SD_writeSingleBlock
                0x0000615a       0x82 SD_routines.o
                0x0000615a                SD_writeSingleBlock
 .text.spi_transmit
                0x000061dc        0xc SPI.o
                0x000061dc                spi_transmit
 .text.spi_receive
                0x000061e8        0xe SPI.o
                0x000061e8                spi_receive
 .text.enable_Slave
                0x000061f6       0x28 SPI.o
                0x000061f6                enable_Slave
 .text.disable_Slave
                0x0000621e       0x28 SPI.o
                0x0000621e                disable_Slave
 .text.SPI_init
                0x00006246       0x18 SPI.o
                0x00006246                SPI_init
 .text.create_new_tag
                0x0000625e       0x4c TAGS.o
                0x0000625e                create_new_tag
 .text.insert_tag_at_head
                0x000062aa       0x56 TAGS.o
                0x000062aa                insert_tag_at_head
 .text.RFID_init
                0x00006300       0x3a TAGS.o
                0x00006300                RFID_init
 .text.tx_completed
                0x0000633a        0x6 UART.o
                0x0000633a                tx_completed
 .text.UART_init
                0x00006340       0xfe UART.o
                0x00006340                UART_init
 .text.Uart_Transmit_IT_PC
                0x0000643e       0x26 UART.o
                0x0000643e                Uart_Transmit_IT_PC
 .text.Uart_Transmit_IT_Display
                0x00006464       0x2c UART.o
                0x00006464                Uart_Transmit_IT_Display
 .text.__vector_26
                0x00006490       0x7e UART.o
                0x00006490                __vector_26
 .text.__vector_25
                0x0000650e       0x58 UART.o
                0x0000650e                __vector_25
 .text.__vector_36
                0x00006566       0x58 UART.o
                0x00006566                __vector_36
 .text.__vector_52
                0x000065be       0x7e UART.o
                0x000065be                __vector_52
 .text.__vector_51
                0x0000663c       0x58 UART.o
                0x0000663c                __vector_51
 .text.__vector_55
                0x00006694       0x7e UART.o
                0x00006694                __vector_55
 .text.__vector_54
                0x00006712       0x58 UART.o
                0x00006712                __vector_54
 .text.transmitByte
                0x0000676a       0x10 UART.o
                0x0000676a                transmitByte
 .text.transmitString
                0x0000677a       0x1c UART.o
                0x0000677a                transmitString
 .text.main     0x00006796       0xc6 main.o
                0x00006796                main
 .text.libgcc.mul
                0x0000685c       0x1e c:/program files (x86)/atmel/studio/7.0/toolchain/avr8/avr8-gnu-toolchain/bin/../lib/gcc/avr/5.4.0/avr6\libgcc.a(_mulsi3.o)
                0x0000685c                __mulsi3
 .text.libgcc.div
                0x0000687a       0x44 c:/program files (x86)/atmel/studio/7.0/toolchain/avr8/avr8-gnu-toolchain/bin/../lib/gcc/avr/5.4.0/avr6\libgcc.a(_udivmodsi4.o)
                0x0000687a                __udivmodsi4
 .text.libgcc   0x000068be       0x10 c:/program files (x86)/atmel/studio/7.0/toolchain/avr8/avr8-gnu-toolchain/bin/../lib/gcc/avr/5.4.0/avr6\libgcc.a(_tablejump2.o)
                0x000068be                __tablejump2__
 .text.libgcc.mul
                0x000068ce       0x1e c:/program files (x86)/atmel/studio/7.0/toolchain/avr8/avr8-gnu-toolchain/bin/../lib/gcc/avr/5.4.0/avr6\libgcc.a(_umulhisi3.o)
                0x000068ce                __umulhisi3
 .text.libgcc.mul
                0x000068ec       0x14 c:/program files (x86)/atmel/studio/7.0/toolchain/avr8/avr8-gnu-toolchain/bin/../lib/gcc/avr/5.4.0/avr6\libgcc.a(_muluhisi3.o)
                0x000068ec                __muluhisi3
 .text.avr-libc
                0x00006900       0x34 c:/program files (x86)/atmel/studio/7.0/toolchain/avr8/avr8-gnu-toolchain/bin/../lib/gcc/avr/5.4.0/../../../../avr/lib/avr6\libc.a(calloc.o)
                0x00006900                calloc
 .text.avr-libc
                0x00006934      0x242 c:/program files (x86)/atmel/studio/7.0/toolchain/avr8/avr8-gnu-toolchain/bin/../lib/gcc/avr/5.4.0/../../../../avr/lib/avr6\libc.a(malloc.o)
                0x00006934                malloc
                0x00006a64                free
 .text.avr-libc
                0x00006b76       0x3a c:/program files (x86)/atmel/studio/7.0/toolchain/avr8/avr8-gnu-toolchain/bin/../lib/gcc/avr/5.4.0/../../../../avr/lib/avr6\libc.a(atoi.o)
                0x00006b76                atoi
 .text.avr-libc
                0x00006bb0        0x6 c:/program files (x86)/atmel/studio/7.0/toolchain/avr8/avr8-gnu-toolchain/bin/../lib/gcc/avr/5.4.0/../../../../avr/lib/avr6\libc.a(strtok.o)
                0x00006bb0                strtok
 .text.avr-libc
                0x00006bb6        0xe c:/program files (x86)/atmel/studio/7.0/toolchain/avr8/avr8-gnu-toolchain/bin/../lib/gcc/avr/5.4.0/../../../../avr/lib/avr6\libc.a(memset.o)
                0x00006bb6                memset
 .text.avr-libc
                0x00006bc4       0x16 c:/program files (x86)/atmel/studio/7.0/toolchain/avr8/avr8-gnu-toolchain/bin/../lib/gcc/avr/5.4.0/../../../../avr/lib/avr6\libc.a(strcat.o)
                0x00006bc4                strcat
 .text.avr-libc
                0x00006bda        0xe c:/program files (x86)/atmel/studio/7.0/toolchain/avr8/avr8-gnu-toolchain/bin/../lib/gcc/avr/5.4.0/../../../../avr/lib/avr6\libc.a(strcpy.o)
                0x00006bda                strcpy
 .text.avr-libc
                0x00006be8       0x4e c:/program files (x86)/atmel/studio/7.0/toolchain/avr8/avr8-gnu-toolchain/bin/../lib/gcc/avr/5.4.0/../../../../avr/lib/avr6\libc.a(strtok_r.o)
                0x00006be8                strtok_r
 .text.avr-libc
                0x00006c36       0x14 c:/program files (x86)/atmel/studio/7.0/toolchain/avr8/avr8-gnu-toolchain/bin/../lib/gcc/avr/5.4.0/../../../../avr/lib/avr6\libc.a(itoa_ncheck.o)
                0x00006c36                __itoa_ncheck
 .text.avr-libc
                0x00006c4a       0x10 c:/program files (x86)/atmel/studio/7.0/toolchain/avr8/avr8-gnu-toolchain/bin/../lib/gcc/avr/5.4.0/../../../../avr/lib/avr6\libc.a(mul10.o)
                0x00006c4a                __mulhi_const_10
 .text.avr-libc
                0x00006c5a       0x32 c:/program files (x86)/atmel/studio/7.0/toolchain/avr8/avr8-gnu-toolchain/bin/../lib/gcc/avr/5.4.0/../../../../avr/lib/avr6\libc.a(utoa_ncheck.o)
                0x00006c5a                __utoa_ncheck
                0x00006c5c                __utoa_common
 .text.avr-libc
                0x00006c8c       0x20 c:/program files (x86)/atmel/studio/7.0/toolchain/avr8/avr8-gnu-toolchain/bin/../lib/gcc/avr/5.4.0/../../../../avr/lib/avr6\libc.a(strrev.o)
                0x00006c8c                strrev
                0x00006cac                . = ALIGN (0x2)
 *(.fini9)
 .fini9         0x00006cac        0x0 c:/program files (x86)/atmel/studio/7.0/toolchain/avr8/avr8-gnu-toolchain/bin/../lib/gcc/avr/5.4.0/avr6\libgcc.a(_exit.o)
                0x00006cac                _exit
                0x00006cac                exit
 *(.fini9)
 *(.fini8)
 *(.fini8)
 *(.fini7)
 *(.fini7)
 *(.fini6)
 *(.fini6)
 *(.fini5)
 *(.fini5)
 *(.fini4)
 *(.fini4)
 *(.fini3)
 *(.fini3)
 *(.fini2)
 *(.fini2)
 *(.fini1)
 *(.fini1)
 *(.fini0)
 .fini0         0x00006cac        0x4 c:/program files (x86)/atmel/studio/7.0/toolchain/avr8/avr8-gnu-toolchain/bin/../lib/gcc/avr/5.4.0/avr6\libgcc.a(_exit.o)
 *(.fini0)
                0x00006cb0                _etext = .

.data           0x00800200      0x548 load address 0x00006cb0
                0x00800200                PROVIDE (__data_start, .)
 *(.data)
 .data          0x00800200        0x6 c:/program files (x86)/atmel/studio/7.0/toolchain/avr8/avr8-gnu-toolchain/bin/../lib/gcc/avr/5.4.0/../../../../avr/lib/avr6\libc.a(malloc.o)
                0x00800200                __malloc_heap_end
                0x00800202                __malloc_heap_start
                0x00800204                __malloc_margin
 *(.data*)
 *(.gnu.linkonce.d*)
 *(.rodata)
 .rodata        0x00800206       0x30 Cocktail_functions.o
 *(.rodata*)
 .rodata.str1.1
                0x00800236      0x2a2 Cocktail_functions.o
                                0x2b8 (size before relaxing)
 .rodata.str1.1
                0x008004d8       0x26 Cocktail_Statemachine.o
                                 0x4d (size before relaxing)
 .rodata.str1.1
                0x008004fe       0x15 Getraenk.o
                                 0x28 (size before relaxing)
 .rodata.str1.1
                0x00800513        0xb Zutaten.o
 .rodata.str1.1
                0x00800513       0x22 Main_Func.o
                                 0x27 (size before relaxing)
 .rodata.str1.1
                0x00800535       0x2a Nextion_Display.o
 .rodata.str1.1
                0x0080055f       0x51 mfrc522.o
                                 0x54 (size before relaxing)
 .rodata.str1.1
                0x008005b0      0x128 FAT32.o
 .rodata.str1.1
                0x008006d8        0x4 TAGS.o
 .rodata.str1.1
                0x008006dc       0x6c main.o
                                 0x78 (size before relaxing)
 *(.gnu.linkonce.r*)
                0x00800748                . = ALIGN (0x2)
                0x00800748                _edata = .
                0x00800748                PROVIDE (__data_end, .)

.bss            0x00800748      0xddd
                0x00800748                PROVIDE (__bss_start, .)
 *(.bss)
 .bss           0x00800748        0x2 c:/program files (x86)/atmel/studio/7.0/toolchain/avr8/avr8-gnu-toolchain/bin/../lib/gcc/avr/5.4.0/../../../../avr/lib/avr6\libc.a(strtok.o)
 *(.bss*)
 .bss.count.3084
                0x0080074a        0x4 Cocktail_functions.o
 .bss.oldval.3083
                0x0080074e        0x1 Cocktail_functions.o
 .bss.cntr_End_UART_2
                0x0080074f        0x1 main.o
                0x0080074f                cntr_End_UART_2
 .bss.cntr_UART_2
                0x00800750        0x1 main.o
                0x00800750                cntr_UART_2
 .bss.cntr_End_UART_1
                0x00800751        0x1 main.o
                0x00800751                cntr_End_UART_1
 .bss.cntr_UART_1
                0x00800752        0x1 main.o
                0x00800752                cntr_UART_1
 .bss.cntr_End_UART_0
                0x00800753        0x1 main.o
                0x00800753                cntr_End_UART_0
 .bss.cntr_UART_0
                0x00800754        0x1 main.o
                0x00800754                cntr_UART_0
 *(COMMON)
 COMMON         0x00800755      0x9ca Cocktail_functions.o
                0x00800755                head_zutat_file
                0x00800757                rb_tx_PC
                0x00800858                tail_getraenk_file
                0x0080085a                head_zut_in_Maschine
                0x0080085c                head_getraenk
                0x0080085e                Liste
                0x0080085f                aktuelleZutatInMaschine
                0x00800861                head_tag
                0x00800863                tail_getraenk
                0x00800865                appendFileLocation
                0x00800869                aktuelle_zutat
                0x0080086b                tail_zutat_file
                0x0080086d                fileName
                0x0080087a                firstDataSector
                0x0080087e                ptr_tx_completed_1
                0x00800880                fileSize
                0x00800884                bytesPerSector
                0x00800886                i_Liste_test_cnt
                0x00800887                totalClusters
                0x0080088b                option
                0x0080088c                aktuellesGetraenk_file
                0x0080088e                head_getraenk_file
                0x00800890                Grossschreib
                0x00800891                rootCluster
                0x00800895                block_list_runter
                0x00800896                rb_rx_ESP
                0x00800997                startBlock
                0x0080099b                aktueller_tag
                0x0080099d                i
                0x0080099f                address_Standardwiederherstellung
                0x008009a1                rb_rx_Display
                0x00800aa2                tail_tag
                0x00800aa4                buffer
                0x00800ca4                SPI_Slave
                0x00800ca5                sectorPerCluster
                0x00800ca7                ptr_tx_completed_2
                0x00800ca9                block_list_hoch
                0x00800caa                unusedSectors
                0x00800cae                rb_tx_RFID
                0x00800daf                SDHC_flag
                0x00800db0                counter
                0x00800db1                totalBlocks
                0x00800db5                tail_zut_in_Maschine
                0x00800db7                data
                0x00800db8                buff_name
                0x00800dcd                reservedSectorCount
                0x00800dcf                ptr_tx_completed_3
                0x00800dd1                aktuelles_zutat_file
                0x00800dd3                rb_rx_PC
                0x00800ed4                rb_tx_ESP
                0x00800fd5                address_getraenk
                0x00800fd7                appendStartCluster
                0x00800fdb                test2
                0x00800fdc                cardType
                0x00800fdd                error
                0x00800fde                rb_rx_RFID
                0x008010df                gui_pages
                0x008010e0                i_Liste
                0x008010e1                i_Liste_test
                0x00801113                freeClusterCountUpdated
                0x00801114                stop
                0x00801115                FAT32_active
                0x00801116                appendFileSector
                0x0080111a                aktuellesGetraenk
                0x0080111c                ptr_tx_completed_0
                0x0080111e                SPI_State
 COMMON         0x0080111f      0x402 main.o
                0x0080111f                INPUT_UART_0
                0x0080121f                INPUT_UART_3
                0x0080131f                INPUT_UART_1
                0x0080141f                ptr_Uart_1
                0x00801421                INPUT_UART_2
 COMMON         0x00801521        0x4 c:/program files (x86)/atmel/studio/7.0/toolchain/avr8/avr8-gnu-toolchain/bin/../lib/gcc/avr/5.4.0/../../../../avr/lib/avr6\libc.a(malloc.o)
                0x00801521                __brkval
                0x00801523                __flp
                0x00801525                PROVIDE (__bss_end, .)
                0x00006cb0                __data_load_start = LOADADDR (.data)
                0x000071f8                __data_load_end = (__data_load_start + SIZEOF (.data))

.noinit         0x00801525        0x0
                [!provide]                PROVIDE (__noinit_start, .)
 *(.noinit*)
                [!provide]                PROVIDE (__noinit_end, .)
                0x00801525                _end = .
                0x00801525                PROVIDE (__heap_start, .)

.eeprom         0x00810000        0x0
 *(.eeprom*)
                0x00810000                __eeprom_end = .

.fuse
 *(.fuse)
 *(.lfuse)
 *(.hfuse)
 *(.efuse)

.lock
 *(.lock*)

.signature
 *(.signature*)

.user_signatures
 *(.user_signatures*)

.stab
 *(.stab)

.stabstr
 *(.stabstr)

.stab.excl
 *(.stab.excl)

.stab.exclstr
 *(.stab.exclstr)

.stab.index
 *(.stab.index)

.stab.indexstr
 *(.stab.indexstr)

.comment        0x00000000       0x30
 *(.comment)
 .comment       0x00000000       0x30 Cocktail_functions.o
                                 0x31 (size before relaxing)
 .comment       0x00000030       0x31 Cocktail_Statemachine.o
 .comment       0x00000030       0x31 Getraenk.o
 .comment       0x00000030       0x31 Zutaten.o
 .comment       0x00000030       0x31 Main_Func.o
 .comment       0x00000030       0x31 Nextion_Display.o
 .comment       0x00000030       0x31 mfrc522.o
 .comment       0x00000030       0x31 ring_buffer.o
 .comment       0x00000030       0x31 FAT32.o
 .comment       0x00000030       0x31 SD_routines.o
 .comment       0x00000030       0x31 SPI.o
 .comment       0x00000030       0x31 TAGS.o
 .comment       0x00000030       0x31 UART.o
 .comment       0x00000030       0x31 main.o
 .comment       0x00000030       0x31 c:/program files (x86)/atmel/studio/7.0/toolchain/avr8/avr8-gnu-toolchain/bin/../lib/gcc/avr/5.4.0/../../../../avr/lib/avr6\libc.a(calloc.o)
 .comment       0x00000030       0x31 c:/program files (x86)/atmel/studio/7.0/toolchain/avr8/avr8-gnu-toolchain/bin/../lib/gcc/avr/5.4.0/../../../../avr/lib/avr6\libc.a(malloc.o)
 .comment       0x00000030       0x31 c:/program files (x86)/atmel/studio/7.0/toolchain/avr8/avr8-gnu-toolchain/bin/../lib/gcc/avr/5.4.0/../../../../avr/lib/avr6\libc.a(strtok.o)

.note.gnu.avr.deviceinfo
                0x00000000       0x40
 .note.gnu.avr.deviceinfo
                0x00000000       0x40 C:/Program Files (x86)/Atmel/Studio/7.0/Packs/atmel/ATmega_DFP/1.3.300/gcc/dev/atmega2560/avr6/crtatmega2560.o

.note.gnu.build-id
 *(.note.gnu.build-id)

.debug
 *(.debug)

.line
 *(.line)

.debug_srcinfo
 *(.debug_srcinfo)

.debug_sfnames
 *(.debug_sfnames)

.debug_aranges  0x00000000      0x5d8
 *(.debug_aranges)
 .debug_aranges
                0x00000000       0xf0 Cocktail_functions.o
 .debug_aranges
                0x000000f0       0xe8 Cocktail_Statemachine.o
 .debug_aranges
                0x000001d8       0x68 Getraenk.o
 .debug_aranges
                0x00000240       0x48 Zutaten.o
 .debug_aranges
                0x00000288       0x68 Main_Func.o
 .debug_aranges
                0x000002f0       0x50 Nextion_Display.o
 .debug_aranges
                0x00000340       0x58 mfrc522.o
 .debug_aranges
                0x00000398       0x50 ring_buffer.o
 .debug_aranges
                0x000003e8       0x80 FAT32.o
 .debug_aranges
                0x00000468       0x40 SD_routines.o
 .debug_aranges
                0x000004a8       0x48 SPI.o
 .debug_aranges
                0x000004f0       0x30 TAGS.o
 .debug_aranges
                0x00000520       0x98 UART.o
 .debug_aranges
                0x000005b8       0x20 main.o

.debug_pubnames
 *(.debug_pubnames)

.debug_info     0x00000000     0xf4f7
 *(.debug_info .gnu.linkonce.wi.*)
 .debug_info    0x00000000      0xbbc C:/Program Files (x86)/Atmel/Studio/7.0/Packs/atmel/ATmega_DFP/1.3.300/gcc/dev/atmega2560/avr6/crtatmega2560.o
 .debug_info    0x00000bbc     0x3479 Cocktail_functions.o
 .debug_info    0x00004035     0x2d71 Cocktail_Statemachine.o
 .debug_info    0x00006da6     0x1540 Getraenk.o
 .debug_info    0x000082e6      0xc0a Zutaten.o
 .debug_info    0x00008ef0      0xd1c Main_Func.o
 .debug_info    0x00009c0c      0xf15 Nextion_Display.o
 .debug_info    0x0000ab21      0xb55 mfrc522.o
 .debug_info    0x0000b676      0x360 ring_buffer.o
 .debug_info    0x0000b9d6     0x19c0 FAT32.o
 .debug_info    0x0000d396      0x812 SD_routines.o
 .debug_info    0x0000dba8      0x265 SPI.o
 .debug_info    0x0000de0d      0x2bf TAGS.o
 .debug_info    0x0000e0cc      0x6d5 UART.o
 .debug_info    0x0000e7a1      0xd56 main.o

.debug_abbrev   0x00000000     0x2954
 *(.debug_abbrev)
 .debug_abbrev  0x00000000      0xb1a C:/Program Files (x86)/Atmel/Studio/7.0/Packs/atmel/ATmega_DFP/1.3.300/gcc/dev/atmega2560/avr6/crtatmega2560.o
 .debug_abbrev  0x00000b1a      0x3d4 Cocktail_functions.o
 .debug_abbrev  0x00000eee      0x2f7 Cocktail_Statemachine.o
 .debug_abbrev  0x000011e5      0x3b7 Getraenk.o
 .debug_abbrev  0x0000159c      0x2a6 Zutaten.o
 .debug_abbrev  0x00001842      0x1fb Main_Func.o
 .debug_abbrev  0x00001a3d      0x24b Nextion_Display.o
 .debug_abbrev  0x00001c88      0x25d mfrc522.o
 .debug_abbrev  0x00001ee5      0x12a ring_buffer.o
 .debug_abbrev  0x0000200f      0x214 FAT32.o
 .debug_abbrev  0x00002223      0x154 SD_routines.o
 .debug_abbrev  0x00002377      0x11c SPI.o
 .debug_abbrev  0x00002493      0x122 TAGS.o
 .debug_abbrev  0x000025b5      0x1fe UART.o
 .debug_abbrev  0x000027b3      0x1a1 main.o

.debug_line     0x00000000     0x6bd2
 *(.debug_line .debug_line.* .debug_line_end)
 .debug_line    0x00000000      0x1f9 C:/Program Files (x86)/Atmel/Studio/7.0/Packs/atmel/ATmega_DFP/1.3.300/gcc/dev/atmega2560/avr6/crtatmega2560.o
 .debug_line    0x000001f9     0x1517 Cocktail_functions.o
 .debug_line    0x00001710     0x1739 Cocktail_Statemachine.o
 .debug_line    0x00002e49      0x86c Getraenk.o
 .debug_line    0x000036b5      0x460 Zutaten.o
 .debug_line    0x00003b15      0x718 Main_Func.o
 .debug_line    0x0000422d      0x543 Nextion_Display.o
 .debug_line    0x00004770      0x4af mfrc522.o
 .debug_line    0x00004c1f      0x21d ring_buffer.o
 .debug_line    0x00004e3c      0xc84 FAT32.o
 .debug_line    0x00005ac0      0x48d SD_routines.o
 .debug_line    0x00005f4d      0x1dc SPI.o
 .debug_line    0x00006129      0x187 TAGS.o
 .debug_line    0x000062b0      0x412 UART.o
 .debug_line    0x000066c2      0x510 main.o

.debug_frame    0x00000000     0x1878
 *(.debug_frame)
 .debug_frame   0x00000000      0x540 Cocktail_functions.o
 .debug_frame   0x00000540      0x2cc Cocktail_Statemachine.o
 .debug_frame   0x0000080c      0x22c Getraenk.o
 .debug_frame   0x00000a38       0xf4 Zutaten.o
 .debug_frame   0x00000b2c       0xfc Main_Func.o
 .debug_frame   0x00000c28      0x114 Nextion_Display.o
 .debug_frame   0x00000d3c      0x170 mfrc522.o
 .debug_frame   0x00000eac       0xdc ring_buffer.o
 .debug_frame   0x00000f88      0x3b8 FAT32.o
 .debug_frame   0x00001340       0xdc SD_routines.o
 .debug_frame   0x0000141c       0x74 SPI.o
 .debug_frame   0x00001490       0x78 TAGS.o
 .debug_frame   0x00001508      0x34c UART.o
 .debug_frame   0x00001854       0x24 main.o

.debug_str      0x00000000     0x2565
 *(.debug_str)
 .debug_str     0x00000000      0x3e6 C:/Program Files (x86)/Atmel/Studio/7.0/Packs/atmel/ATmega_DFP/1.3.300/gcc/dev/atmega2560/avr6/crtatmega2560.o
 .debug_str     0x000003e6      0xc82 Cocktail_functions.o
                                0xd6a (size before relaxing)
 .debug_str     0x00001068      0x792 Cocktail_Statemachine.o
                               0x12b0 (size before relaxing)
 .debug_str     0x000017fa      0x15a Getraenk.o
                                0xa3e (size before relaxing)
 .debug_str     0x00001954      0x100 Zutaten.o
                                0x660 (size before relaxing)
 .debug_str     0x00001a54      0x174 Main_Func.o
                                0xa00 (size before relaxing)
 .debug_str     0x00001bc8       0x52 Nextion_Display.o
                                0x957 (size before relaxing)
 .debug_str     0x00001c1a      0x162 mfrc522.o
                                0x43f (size before relaxing)
 .debug_str     0x00001d7c       0x5a ring_buffer.o
                                0x206 (size before relaxing)
 .debug_str     0x00001dd6      0x533 FAT32.o
                                0x931 (size before relaxing)
 .debug_str     0x00002309       0x53 SD_routines.o
                                0x358 (size before relaxing)
 .debug_str     0x0000235c       0x4b SPI.o
                                0x250 (size before relaxing)
 .debug_str     0x000023a7       0x5a TAGS.o
                                0x255 (size before relaxing)
 .debug_str     0x00002401       0xbb UART.o
                                0x384 (size before relaxing)
 .debug_str     0x000024bc       0xa9 main.o
                                0xa03 (size before relaxing)

.debug_loc      0x00000000     0x8ca9
 *(.debug_loc)
 .debug_loc     0x00000000     0x21cc Cocktail_functions.o
 .debug_loc     0x000021cc     0x10c6 Cocktail_Statemachine.o
 .debug_loc     0x00003292      0xf7e Getraenk.o
 .debug_loc     0x00004210      0x59a Zutaten.o
 .debug_loc     0x000047aa      0x294 Main_Func.o
 .debug_loc     0x00004a3e      0x495 Nextion_Display.o
 .debug_loc     0x00004ed3      0x830 mfrc522.o
 .debug_loc     0x00005703      0x58d ring_buffer.o
 .debug_loc     0x00005c90     0x1e44 FAT32.o
 .debug_loc     0x00007ad4      0x729 SD_routines.o
 .debug_loc     0x000081fd       0xbc SPI.o
 .debug_loc     0x000082b9      0x1f7 TAGS.o
 .debug_loc     0x000084b0      0x7f9 UART.o

.debug_macinfo
 *(.debug_macinfo)

.debug_weaknames
 *(.debug_weaknames)

.debug_funcnames
 *(.debug_funcnames)

.debug_typenames
 *(.debug_typenames)

.debug_varnames
 *(.debug_varnames)

.debug_pubtypes
 *(.debug_pubtypes)

.debug_ranges   0x00000000      0x710
 *(.debug_ranges)
 .debug_ranges  0x00000000      0x220 Cocktail_functions.o
 .debug_ranges  0x00000220       0xf0 Cocktail_Statemachine.o
 .debug_ranges  0x00000310       0x98 Getraenk.o
 .debug_ranges  0x000003a8       0x38 Zutaten.o
 .debug_ranges  0x000003e0       0xb0 Main_Func.o
 .debug_ranges  0x00000490       0x40 Nextion_Display.o
 .debug_ranges  0x000004d0       0x48 mfrc522.o
 .debug_ranges  0x00000518       0x40 ring_buffer.o
 .debug_ranges  0x00000558       0x98 FAT32.o
 .debug_ranges  0x000005f0       0x30 SD_routines.o
 .debug_ranges  0x00000620       0x38 SPI.o
 .debug_ranges  0x00000658       0x20 TAGS.o
 .debug_ranges  0x00000678       0x88 UART.o
 .debug_ranges  0x00000700       0x10 main.o

.debug_macro
 *(.debug_macro)
OUTPUT(Mikrocontroller.elf elf32-avr)
LOAD linker stubs
