Archive member included to satisfy reference by file (symbol)

c:/program files (x86)/atmel/studio/7.0/toolchain/avr8/avr8-gnu-toolchain/bin/../lib/gcc/avr/5.4.0/../../../../avr/lib/avr6\libm.a(addsf3.o)
                              LED.o (__subsf3)
c:/program files (x86)/atmel/studio/7.0/toolchain/avr8/avr8-gnu-toolchain/bin/../lib/gcc/avr/5.4.0/../../../../avr/lib/avr6\libm.a(addsf3x.o)
                              c:/program files (x86)/atmel/studio/7.0/toolchain/avr8/avr8-gnu-toolchain/bin/../lib/gcc/avr/5.4.0/../../../../avr/lib/avr6\libm.a(addsf3.o) (__addsf3x)
c:/program files (x86)/atmel/studio/7.0/toolchain/avr8/avr8-gnu-toolchain/bin/../lib/gcc/avr/5.4.0/../../../../avr/lib/avr6\libm.a(fixunssfsi.o)
                              LED.o (__fixunssfsi)
c:/program files (x86)/atmel/studio/7.0/toolchain/avr8/avr8-gnu-toolchain/bin/../lib/gcc/avr/5.4.0/../../../../avr/lib/avr6\libm.a(floatsisf.o)
                              LED.o (__floatsisf)
c:/program files (x86)/atmel/studio/7.0/toolchain/avr8/avr8-gnu-toolchain/bin/../lib/gcc/avr/5.4.0/../../../../avr/lib/avr6\libm.a(fp_inf.o)
                              c:/program files (x86)/atmel/studio/7.0/toolchain/avr8/avr8-gnu-toolchain/bin/../lib/gcc/avr/5.4.0/../../../../avr/lib/avr6\libm.a(addsf3x.o) (__fp_inf)
c:/program files (x86)/atmel/studio/7.0/toolchain/avr8/avr8-gnu-toolchain/bin/../lib/gcc/avr/5.4.0/../../../../avr/lib/avr6\libm.a(fp_nan.o)
                              c:/program files (x86)/atmel/studio/7.0/toolchain/avr8/avr8-gnu-toolchain/bin/../lib/gcc/avr/5.4.0/../../../../avr/lib/avr6\libm.a(addsf3x.o) (__fp_nan)
c:/program files (x86)/atmel/studio/7.0/toolchain/avr8/avr8-gnu-toolchain/bin/../lib/gcc/avr/5.4.0/../../../../avr/lib/avr6\libm.a(fp_pscA.o)
                              c:/program files (x86)/atmel/studio/7.0/toolchain/avr8/avr8-gnu-toolchain/bin/../lib/gcc/avr/5.4.0/../../../../avr/lib/avr6\libm.a(addsf3x.o) (__fp_pscA)
c:/program files (x86)/atmel/studio/7.0/toolchain/avr8/avr8-gnu-toolchain/bin/../lib/gcc/avr/5.4.0/../../../../avr/lib/avr6\libm.a(fp_pscB.o)
                              c:/program files (x86)/atmel/studio/7.0/toolchain/avr8/avr8-gnu-toolchain/bin/../lib/gcc/avr/5.4.0/../../../../avr/lib/avr6\libm.a(addsf3x.o) (__fp_pscB)
c:/program files (x86)/atmel/studio/7.0/toolchain/avr8/avr8-gnu-toolchain/bin/../lib/gcc/avr/5.4.0/../../../../avr/lib/avr6\libm.a(fp_round.o)
                              c:/program files (x86)/atmel/studio/7.0/toolchain/avr8/avr8-gnu-toolchain/bin/../lib/gcc/avr/5.4.0/../../../../avr/lib/avr6\libm.a(addsf3.o) (__fp_round)
c:/program files (x86)/atmel/studio/7.0/toolchain/avr8/avr8-gnu-toolchain/bin/../lib/gcc/avr/5.4.0/../../../../avr/lib/avr6\libm.a(fp_split3.o)
                              c:/program files (x86)/atmel/studio/7.0/toolchain/avr8/avr8-gnu-toolchain/bin/../lib/gcc/avr/5.4.0/../../../../avr/lib/avr6\libm.a(addsf3x.o) (__fp_split3)
c:/program files (x86)/atmel/studio/7.0/toolchain/avr8/avr8-gnu-toolchain/bin/../lib/gcc/avr/5.4.0/../../../../avr/lib/avr6\libm.a(fp_zero.o)
                              c:/program files (x86)/atmel/studio/7.0/toolchain/avr8/avr8-gnu-toolchain/bin/../lib/gcc/avr/5.4.0/../../../../avr/lib/avr6\libm.a(addsf3x.o) (__fp_zero)
c:/program files (x86)/atmel/studio/7.0/toolchain/avr8/avr8-gnu-toolchain/bin/../lib/gcc/avr/5.4.0/../../../../avr/lib/avr6\libm.a(mulsf3.o)
                              LED.o (__mulsf3)
c:/program files (x86)/atmel/studio/7.0/toolchain/avr8/avr8-gnu-toolchain/bin/../lib/gcc/avr/5.4.0/../../../../avr/lib/avr6\libm.a(mulsf3x.o)
                              c:/program files (x86)/atmel/studio/7.0/toolchain/avr8/avr8-gnu-toolchain/bin/../lib/gcc/avr/5.4.0/../../../../avr/lib/avr6\libm.a(mulsf3.o) (__mulsf3x)
c:/program files (x86)/atmel/studio/7.0/toolchain/avr8/avr8-gnu-toolchain/bin/../lib/gcc/avr/5.4.0/avr6\libgcc.a(_mulsi3.o)
                              Cocktail_functions.o (__mulsi3)
c:/program files (x86)/atmel/studio/7.0/toolchain/avr8/avr8-gnu-toolchain/bin/../lib/gcc/avr/5.4.0/avr6\libgcc.a(_udivmodsi4.o)
                              Cocktail_functions.o (__udivmodsi4)
c:/program files (x86)/atmel/studio/7.0/toolchain/avr8/avr8-gnu-toolchain/bin/../lib/gcc/avr/5.4.0/avr6\libgcc.a(_divmodsi4.o)
                              tmc4671.o (__divmodsi4)
c:/program files (x86)/atmel/studio/7.0/toolchain/avr8/avr8-gnu-toolchain/bin/../lib/gcc/avr/5.4.0/avr6\libgcc.a(_negsi2.o)
                              c:/program files (x86)/atmel/studio/7.0/toolchain/avr8/avr8-gnu-toolchain/bin/../lib/gcc/avr/5.4.0/avr6\libgcc.a(_divmodsi4.o) (__negsi2)
c:/program files (x86)/atmel/studio/7.0/toolchain/avr8/avr8-gnu-toolchain/bin/../lib/gcc/avr/5.4.0/avr6\libgcc.a(_exit.o)
                              C:/Program Files (x86)/Atmel/Studio/7.0/Packs/atmel/ATmega_DFP/1.3.300/gcc/dev/atmega2560/avr6/crtatmega2560.o (exit)
[...]
Memory Configuration

Name             Origin             Length             Attributes
text             0x00000000         0x00100000         xr
data             0x00800200         0x0000fe00         rw !x
eeprom           0x00810000         0x00010000         rw !x
fuse             0x00820000         0x00000003         rw !x
lock             0x00830000         0x00000400         rw !x
signature        0x00840000         0x00000400         rw !x
user_signatures  0x00850000         0x00000400         rw !x
*default*        0x00000000         0xffffffff

Linker script and memory map

Address of section .data set to 0x800200
LOAD C:/Program Files (x86)/Atmel/Studio/7.0/Packs/atmel/ATmega_DFP/1.3.300/gcc/dev/atmega2560/avr6/crtatmega2560.o
LOAD Cocktail_functions.o
LOAD Cocktail_Statemachine.o
LOAD Getraenk.o
LOAD TAGS.o
LOAD Zutaten.o
LOAD LED.o
LOAD Main_Func.o
LOAD Nextion_Display.o
LOAD ring_buffer.o
LOAD FAT32.o
LOAD SD_routines.o
LOAD Software_SPI.o
LOAD SPI.o
LOAD tmc4671.o
LOAD TMC6200.o
LOAD UART.o
LOAD main.o
START GROUP
LOAD c:/program files (x86)/atmel/studio/7.0/toolchain/avr8/avr8-gnu-toolchain/bin/../lib/gcc/avr/5.4.0/../../../../avr/lib/avr6\libm.a
END GROUP
START GROUP
LOAD c:/program files (x86)/atmel/studio/7.0/toolchain/avr8/avr8-gnu-toolchain/bin/../lib/gcc/avr/5.4.0/avr6\libgcc.a
LOAD c:/program files (x86)/atmel/studio/7.0/toolchain/avr8/avr8-gnu-toolchain/bin/../lib/gcc/avr/5.4.0/../../../../avr/lib/avr6\libm.a
LOAD c:/program files (x86)/atmel/studio/7.0/toolchain/avr8/avr8-gnu-toolchain/bin/../lib/gcc/avr/5.4.0/../../../../avr/lib/avr6\libc.a
LOAD C:/Program Files (x86)/Atmel/Studio/7.0/Packs/atmel/ATmega_DFP/1.3.300/gcc/dev/atmega2560/avr6\libatmega2560.a
END GROUP
                0x00000000                __TEXT_REGION_ORIGIN__ = DEFINED (__TEXT_REGION_ORIGIN__)?__TEXT_REGION_ORIGIN__:0x0
                0x00800200                __DATA_REGION_ORIGIN__ = DEFINED (__DATA_REGION_ORIGIN__)?__DATA_REGION_ORIGIN__:0x800200
                0x00100000                __TEXT_REGION_LENGTH__ = DEFINED (__TEXT_REGION_LENGTH__)?__TEXT_REGION_LENGTH__:0x100000
                0x0000fe00                __DATA_REGION_LENGTH__ = DEFINED (__DATA_REGION_LENGTH__)?__DATA_REGION_LENGTH__:0xfe00
                0x00010000                __EEPROM_REGION_LENGTH__ = DEFINED (__EEPROM_REGION_LENGTH__)?__EEPROM_REGION_LENGTH__:0x10000
                [0x00000003]                __FUSE_REGION_LENGTH__ = DEFINED (__FUSE_REGION_LENGTH__)?__FUSE_REGION_LENGTH__:0x400
                0x00000400                __LOCK_REGION_LENGTH__ = DEFINED (__LOCK_REGION_LENGTH__)?__LOCK_REGION_LENGTH__:0x400
                0x00000400                __SIGNATURE_REGION_LENGTH__ = DEFINED (__SIGNATURE_REGION_LENGTH__)?__SIGNATURE_REGION_LENGTH__:0x400
                0x00000400                __USER_SIGNATURE_REGION_LENGTH__ = DEFINED (__USER_SIGNATURE_REGION_LENGTH__)?__USER_SIGNATURE_REGION_LENGTH__:0x400

.hash
 *(.hash)

.dynsym
 *(.dynsym)

.dynstr
 *(.dynstr)

.gnu.version
 *(.gnu.version)

.gnu.version_d
 *(.gnu.version_d)

.gnu.version_r
 *(.gnu.version_r)

.rel.init
 *(.rel.init)

.rela.init
 *(.rela.init)

.rel.text
 *(.rel.text)
 *(.rel.text.*)
 *(.rel.gnu.linkonce.t*)

.rela.text
 *(.rela.text)
 *(.rela.text.*)
 *(.rela.gnu.linkonce.t*)

.rel.fini
 *(.rel.fini)

.rela.fini
 *(.rela.fini)

.rel.rodata
 *(.rel.rodata)
 *(.rel.rodata.*)
 *(.rel.gnu.linkonce.r*)

.rela.rodata
 *(.rela.rodata)
 *(.rela.rodata.*)
 *(.rela.gnu.linkonce.r*)

.rel.data
 *(.rel.data)
 *(.rel.data.*)
 *(.rel.gnu.linkonce.d*)

.rela.data
 *(.rela.data)
 *(.rela.data.*)
 *(.rela.gnu.linkonce.d*)

.rel.ctors
 *(.rel.ctors)

.rela.ctors
 *(.rela.ctors)

.rel.dtors
 *(.rel.dtors)

.rela.dtors
 *(.rela.dtors)

.rel.got
 *(.rel.got)

.rela.got
 *(.rela.got)

.rel.bss
 *(.rel.bss)

.rela.bss
 *(.rela.bss)

.rel.plt
 *(.rel.plt)

.rela.plt
 *(.rela.plt)

.text           0x00000000     0x7dc8
 *(.vectors)
 .vectors       0x00000000       0xe4 C:/Program Files (x86)/Atmel/Studio/7.0/Packs/atmel/ATmega_DFP/1.3.300/gcc/dev/atmega2560/avr6/crtatmega2560.o
                0x00000000                __vector_default
                0x00000000                __vectors
 *(.vectors)
 *(.progmem.gcc*)
 .progmem.gcc_sw_table.schalte_pumpe_ein
                0x000000e4       0x18 Cocktail_functions.o
 .progmem.gcc_sw_table.schalte_pumpe_aus
                0x000000fc       0x18 Cocktail_functions.o
 .progmem.gcc_sw_table.lese_sensor
                0x00000114       0x18 Cocktail_functions.o
 .progmem.gcc_sw_table.check_startseite
                0x0000012c       0x10 Cocktail_Statemachine.o
 .progmem.gcc_sw_table.check_listenanzeige
                0x0000013c       0x12 Cocktail_Statemachine.o
 .progmem.gcc_sw_table.check_menuanzeige
                0x0000014e       0x10 Cocktail_Statemachine.o
 .progmem.gcc_sw_table.check_bearbeitungsanzeige
                0x0000015e       0x12 Cocktail_Statemachine.o
 .progmem.gcc_sw_table.check_ceinstanzeige
                0x00000170       0x14 Cocktail_Statemachine.o
 .progmem.gcc_sw_table.check_erstanzeige1
                0x00000184       0x3e Cocktail_Statemachine.o
 .progmem.gcc_sw_table.check_posanzeige
                0x000001c2       0x1a Cocktail_Statemachine.o
 .progmem.gcc_sw_table.check_fluessanzeige1
                0x000001dc       0x16 Cocktail_Statemachine.o
 .progmem.gcc_sw_table.check_RFIDAnzeige1
                0x000001f2       0x12 Cocktail_Statemachine.o
 .progmem.gcc_sw_table.check_RFIDAnzeige2
                0x00000204       0x12 Cocktail_Statemachine.o
 .progmem.gcc_sw_table.check_LED
                0x00000216       0x10 Cocktail_Statemachine.o
 .progmem.gcc_sw_table.cocktail_check_command
                0x00000226       0x38 Cocktail_Statemachine.o
                0x0000025e                . = ALIGN (0x2)
                0x0000025e                __trampolines_start = .
 *(.trampolines)
 .trampolines   0x0000025e        0x0 linker stubs
 *(.trampolines*)
                0x0000025e                __trampolines_end = .
 *libprintf_flt.a:*(.progmem.data)
 *libc.a:*(.progmem.data)
 *(.progmem*)
                0x0000025e                . = ALIGN (0x2)
 *(.jumptables)
 *(.jumptables*)
 *(.lowtext)
 *(.lowtext*)
                0x0000025e                __ctors_start = .
 *(.ctors)
                0x0000025e                __ctors_end = .
                0x0000025e                __dtors_start = .
 *(.dtors)
                0x0000025e                __dtors_end = .
 SORT(*)(.ctors)
 SORT(*)(.dtors)
 *(.init0)
 .init0         0x0000025e        0x0 C:/Program Files (x86)/Atmel/Studio/7.0/Packs/atmel/ATmega_DFP/1.3.300/gcc/dev/atmega2560/avr6/crtatmega2560.o
                0x0000025e                __init
 *(.init0)
 *(.init1)
 *(.init1)
 *(.init2)
 .init2         0x0000025e       0x10 C:/Program Files (x86)/Atmel/Studio/7.0/Packs/atmel/ATmega_DFP/1.3.300/gcc/dev/atmega2560/avr6/crtatmega2560.o
 *(.init2)
 *(.init3)
 *(.init3)
 *(.init4)
 .init4         0x0000026e       0x1a c:/program files (x86)/atmel/studio/7.0/toolchain/avr8/avr8-gnu-toolchain/bin/../lib/gcc/avr/5.4.0/avr6\libgcc.a(_copy_data.o)
                0x0000026e                __do_copy_data
 .init4         0x00000288       0x10 c:/program files (x86)/atmel/studio/7.0/toolchain/avr8/avr8-gnu-toolchain/bin/../lib/gcc/avr/5.4.0/avr6\libgcc.a(_clear_bss.o)
                0x00000288                __do_clear_bss
 *(.init4)
 *(.init5)
 *(.init5)
 *(.init6)
 *(.init6)
 *(.init7)
 *(.init7)
 *(.init8)
 *(.init8)
 *(.init9)
 .init9         0x00000298        0x8 C:/Program Files (x86)/Atmel/Studio/7.0/Packs/atmel/ATmega_DFP/1.3.300/gcc/dev/atmega2560/avr6/crtatmega2560.o
 *(.init9)
 *(.text)
 .text          0x000002a0        0x2 C:/Program Files (x86)/Atmel/Studio/7.0/Packs/atmel/ATmega_DFP/1.3.300/gcc/dev/atmega2560/avr6/crtatmega2560.o
                0x000002a0                __vector_38
                0x000002a0                __vector_22
                0x000002a0                __vector_28
                0x000002a0                __vector_1
                0x000002a0                __vector_34
                0x000002a0                __vector_24
                0x000002a0                __vector_12
                0x000002a0                __vector_46
                0x000002a0                __bad_interrupt
                0x000002a0                __vector_6
                0x000002a0                __vector_31
                0x000002a0                __vector_35
                0x000002a0                __vector_39
                0x000002a0                __vector_3
                0x000002a0                __vector_23
                0x000002a0                __vector_30
                0x000002a0                __vector_45
                0x000002a0                __vector_11
                0x000002a0                __vector_13
                0x000002a0                __vector_19
                0x000002a0                __vector_56
                0x000002a0                __vector_7
                0x000002a0                __vector_49
                0x000002a0                __vector_41
                0x000002a0                __vector_27
                0x000002a0                __vector_5
                0x000002a0                __vector_37
                0x000002a0                __vector_4
                0x000002a0                __vector_44
                0x000002a0                __vector_9
                0x000002a0                __vector_2
                0x000002a0                __vector_15
                0x000002a0                __vector_29
                0x000002a0                __vector_40
                0x000002a0                __vector_8
                0x000002a0                __vector_14
                0x000002a0                __vector_53
                0x000002a0                __vector_10
                0x000002a0                __vector_50
                0x000002a0                __vector_16
                0x000002a0                __vector_20
                0x000002a2                . = ALIGN (0x2)
 *(.text.*)
 .text.schreibe_Menge_in_Getraenk
                0x000002a2      0x1cc Cocktail_functions.o
                0x000002a2                schreibe_Menge_in_Getraenk
 .text.schalte_pumpe_ein
                0x0000046e       0x6e Cocktail_functions.o
                0x0000046e                schalte_pumpe_ein
 .text.schalte_pumpe_aus
                0x000004dc       0x6e Cocktail_functions.o
                0x000004dc                schalte_pumpe_aus
 .text.lese_sensor
                0x0000054a       0x74 Cocktail_functions.o
                0x0000054a                lese_sensor
 .text.erstelle_Liste_zutat
                0x000005be      0x25a Cocktail_functions.o
                0x000005be                erstelle_Liste_zutat
 .text.setze_startanzeige
                0x00000818       0xae Cocktail_functions.o
                0x00000818                setze_startanzeige
 .text.fuelle_getraenk
                0x000008c6      0x2a4 Cocktail_functions.o
                0x000008c6                fuelle_getraenk
 .text.zubereitung_getraenk
                0x00000b6a       0x68 Cocktail_functions.o
                0x00000b6a                zubereitung_getraenk
 .text.erstelle_Zutatenliste
                0x00000bd2      0x1a8 Cocktail_functions.o
                0x00000bd2                erstelle_Zutatenliste
 .text.lese_textfile_in_getraenk
                0x00000d7a      0x26e Cocktail_functions.o
                0x00000d7a                lese_textfile_in_getraenk
 .text.choose_aktuellesGetraenk
                0x00000fe8       0x6e Cocktail_functions.o
                0x00000fe8                choose_aktuellesGetraenk
 .text.bearbeite_Cocktail
                0x00001056       0x14 Cocktail_functions.o
                0x00001056                bearbeite_Cocktail
 .text.erstelle_Liste_name
                0x0000106a      0x1e0 Cocktail_functions.o
                0x0000106a                erstelle_Liste_name
 .text.schiebe_file_next
                0x0000124a       0x62 Cocktail_functions.o
                0x0000124a                schiebe_file_next
 .text.schiebe_file_prev
                0x000012ac       0x62 Cocktail_functions.o
                0x000012ac                schiebe_file_prev
 .text.erstelle_File
                0x0000130e      0x2d8 Cocktail_functions.o
                0x0000130e                erstelle_File
 .text.loesche_FIle
                0x000015e6       0x66 Cocktail_functions.o
                0x000015e6                loesche_FIle
 .text.lese_textfile_in_zutat
                0x0000164c      0x128 Cocktail_functions.o
                0x0000164c                lese_textfile_in_zutat
 .text.erstelle_Liste_Zutat_Pos
                0x00001774      0x1f4 Cocktail_functions.o
                0x00001774                erstelle_Liste_Zutat_Pos
 .text.setze_Posanzeige_Rot_Gruen
                0x00001968      0x10c Cocktail_functions.o
                0x00001968                setze_Posanzeige_Rot_Gruen
 .text.setze_aktuelle_Zutat_in_Maschine_prev
                0x00001a74       0x36 Cocktail_functions.o
                0x00001a74                setze_aktuelle_Zutat_in_Maschine_prev
 .text.setze_Fluessgkeit_in_Position
                0x00001aaa      0x412 Cocktail_functions.o
                0x00001aaa                setze_Fluessgkeit_in_Position
 .text.send_List_Getraenke
                0x00001ebc      0x1a4 Cocktail_functions.o
                0x00001ebc                send_List_Getraenke
 .text.send_List_Zutaten
                0x00002060      0x12a Cocktail_functions.o
                0x00002060                send_List_Zutaten
 .text.ESP_Getraenk
                0x0000218a       0xa4 Cocktail_functions.o
                0x0000218a                ESP_Getraenk
 .text.Getraenk_erstellt
                0x0000222e      0x324 Cocktail_functions.o
                0x0000222e                Getraenk_erstellt
 .text.check_startseite
                0x00002552      0x1e0 Cocktail_Statemachine.o
                0x00002552                check_startseite
 .text.check_zutatenanzeige
                0x00002732       0x2c Cocktail_Statemachine.o
                0x00002732                check_zutatenanzeige
 .text.check_listenanzeige
                0x0000275e      0x122 Cocktail_Statemachine.o
                0x0000275e                check_listenanzeige
 .text.check_zubabfrage
                0x00002880       0x36 Cocktail_Statemachine.o
                0x00002880                check_zubabfrage
 .text.check_zubbildschirm
                0x000028b6        0xa Cocktail_Statemachine.o
                0x000028b6                check_zubbildschirm
 .text.check_menuanzeige
                0x000028c0      0x1ba Cocktail_Statemachine.o
                0x000028c0                check_menuanzeige
 .text.check_bearbeitungsanzeige
                0x00002a7a       0xaa Cocktail_Statemachine.o
                0x00002a7a                check_bearbeitungsanzeige
 .text.check_ceinstanzeige
                0x00002b24      0x150 Cocktail_Statemachine.o
                0x00002b24                check_ceinstanzeige
 .text.check_reinanzeige1
                0x00002c74       0x1a Cocktail_Statemachine.o
                0x00002c74                check_reinanzeige1
 .text.check_reinanzeige2
                0x00002c8e       0x8c Cocktail_Statemachine.o
                0x00002c8e                check_reinanzeige2
 .text.check_reinanzeige3
                0x00002d1a       0x12 Cocktail_Statemachine.o
                0x00002d1a                check_reinanzeige3
 .text.check_infoanzeige
                0x00002d2c        0xc Cocktail_Statemachine.o
                0x00002d2c                check_infoanzeige
 .text.check_erstanzeige1
                0x00002d38      0x690 Cocktail_Statemachine.o
                0x00002d38                check_erstanzeige1
 .text.check_erstanzeige2
                0x000033c8      0x1aa Cocktail_Statemachine.o
                0x000033c8                check_erstanzeige2
 .text.check_loeschanzeige
                0x00003572      0x112 Cocktail_Statemachine.o
                0x00003572                check_loeschanzeige
 .text.check_posanzeige
                0x00003684      0x1c8 Cocktail_Statemachine.o
                0x00003684                check_posanzeige
 .text.check_fluessanzeige1
                0x0000384c       0xc4 Cocktail_Statemachine.o
                0x0000384c                check_fluessanzeige1
 .text.check_fluessanzeige2
                0x00003910       0x4a Cocktail_Statemachine.o
                0x00003910                check_fluessanzeige2
 .text.check_fluessanzeige3
                0x0000395a      0x23a Cocktail_Statemachine.o
                0x0000395a                check_fluessanzeige3
 .text.check_fluessanzeige4
                0x00003b94       0x46 Cocktail_Statemachine.o
                0x00003b94                check_fluessanzeige4
 .text.check_RFIDAnzeige1
                0x00003bda      0x60a Cocktail_Statemachine.o
                0x00003bda                check_RFIDAnzeige1
 .text.schreibe_Getraenk_in_tag
                0x000041e4      0x140 Cocktail_Statemachine.o
                0x000041e4                schreibe_Getraenk_in_tag
 .text.check_RFIDAnzeige2
                0x00004324       0x90 Cocktail_Statemachine.o
                0x00004324                check_RFIDAnzeige2
 .text.check_RFIDFehler
                0x000043b4       0x12 Cocktail_Statemachine.o
                0x000043b4                check_RFIDFehler
 .text.check_ESP32
                0x000043c6       0x2e Cocktail_Statemachine.o
                0x000043c6                check_ESP32
 .text.check_LED
                0x000043f4      0x1bc Cocktail_Statemachine.o
                0x000043f4                check_LED
 .text.cocktail_check_command
                0x000045b0       0xf4 Cocktail_Statemachine.o
                0x000045b0                cocktail_check_command
 .text.check_existence
                0x000046a4      0x1a0 Getraenk.o
                0x000046a4                check_existence
 .text.create_new_getraenk_file
                0x00004844       0x18 Getraenk.o
                0x00004844                create_new_getraenk_file
 .text.insert_file_at_head
                0x0000485c       0x56 Getraenk.o
                0x0000485c                insert_file_at_head
 .text.create_new_zutat_file
                0x000048b2       0x18 Zutaten.o
                0x000048b2                create_new_zutat_file
 .text.insert_zutat_file_at_head
                0x000048ca       0x56 Zutaten.o
                0x000048ca                insert_zutat_file_at_head
 .text.__vector_17
                0x00004920       0x16 LED.o
                0x00004920                __vector_17
 .text.__vector_18
                0x00004936       0x16 LED.o
                0x00004936                __vector_18
 .text.__vector_32
                0x0000494c       0x16 LED.o
                0x0000494c                __vector_32
 .text.__vector_33
                0x00004962       0x16 LED.o
                0x00004962                __vector_33
 .text.__vector_42
                0x00004978       0x16 LED.o
                0x00004978                __vector_42
 .text.__vector_43
                0x0000498e       0x16 LED.o
                0x0000498e                __vector_43
 .text.__vector_47
                0x000049a4       0x16 LED.o
                0x000049a4                __vector_47
 .text.__vector_48
                0x000049ba       0x16 LED.o
                0x000049ba                __vector_48
 .text.rainbow  0x000049d0      0x1c0 LED.o
                0x000049d0                rainbow
 .text.__vector_21
                0x00004b90      0x17a LED.o
                0x00004b90                __vector_21
 .text.IO_init  0x00004d0a       0x46 Main_Func.o
                0x00004d0a                IO_init
 .text.interfaces_init
                0x00004d50        0xc Main_Func.o
                0x00004d50                interfaces_init
 .text.devices_init
                0x00004d5c       0x2a Main_Func.o
                0x00004d5c                devices_init
 .text.check_Communication_Input_UART_0
                0x00004d86       0x5a Main_Func.o
                0x00004d86                check_Communication_Input_UART_0
 .text.proceed_Communication_Input_UART_0
                0x00004de0      0x130 Main_Func.o
                0x00004de0                proceed_Communication_Input_UART_0
 .text.check_Communication_Input_UART_1
                0x00004f10      0x112 Main_Func.o
                0x00004f10                check_Communication_Input_UART_1
 .text.proceed_Communication_INPUT_UART_1
                0x00005022       0x24 Main_Func.o
                0x00005022                proceed_Communication_INPUT_UART_1
 .text.check_Communication_Input_UART_2
                0x00005046       0xde Main_Func.o
                0x00005046                check_Communication_Input_UART_2
 .text.proceed_Communication_Input_UART_2
                0x00005124       0x24 Main_Func.o
                0x00005124                proceed_Communication_Input_UART_2
 .text.check_Communication_Input_UART
                0x00005148       0x14 Main_Func.o
                0x00005148                check_Communication_Input_UART
 .text.endConversation
                0x0000515c       0x2c Nextion_Display.o
                0x0000515c                endConversation
 .text.nextion_change_page
                0x00005188       0x3e Nextion_Display.o
                0x00005188                nextion_change_page
 .text.nextion_setText
                0x000051c6       0x30 Nextion_Display.o
                0x000051c6                nextion_setText
 .text.nextion_setValue
                0x000051f6       0x20 Nextion_Display.o
                0x000051f6                nextion_setValue
 .text.nextion_setPicture
                0x00005216       0x4c Nextion_Display.o
                0x00005216                nextion_setPicture
 .text.nextion_getSliderValue
                0x00005262       0xb6 Nextion_Display.o
                0x00005262                nextion_getSliderValue
 .text.nextion_disableButton
                0x00005318       0x72 Nextion_Display.o
                0x00005318                nextion_disableButton
 .text.nextion_enableButton
                0x0000538a       0x72 Nextion_Display.o
                0x0000538a                nextion_enableButton
 .text.nextion_visible_off
                0x000053fc       0x72 Nextion_Display.o
                0x000053fc                nextion_visible_off
 .text.nextion_visible_on
                0x0000546e       0x72 Nextion_Display.o
                0x0000546e                nextion_visible_on
 .text.RB_init  0x000054e0        0x8 ring_buffer.o
                0x000054e0                RB_init
 .text.RB_free  0x000054e8       0x16 ring_buffer.o
                0x000054e8                RB_free
 .text.RB_length
                0x000054fe       0x18 ring_buffer.o
                0x000054fe                RB_length
 .text.RB_readByte
                0x00005516       0x28 ring_buffer.o
                0x00005516                RB_readByte
 .text.RB_writeByte
                0x0000553e       0x3a ring_buffer.o
                0x0000553e                RB_writeByte
 .text.RB_write
                0x00005578       0x64 ring_buffer.o
                0x00005578                RB_write
 .text.getFirstSector
                0x000055dc       0x42 FAT32.o
                0x000055dc                getFirstSector
 .text.getSetNextCluster
                0x0000561e       0xf2 FAT32.o
                0x0000561e                getSetNextCluster
 .text.getSetFreeCluster
                0x00005710      0x124 FAT32.o
                0x00005710                getSetFreeCluster
 .text.convertFileName
                0x00005834      0x120 FAT32.o
                0x00005834                convertFileName
 .text.searchNextFreeCluster
                0x00005954      0x144 FAT32.o
                0x00005954                searchNextFreeCluster
 .text.displayMemory
                0x00005a98       0xc2 FAT32.o
                0x00005a98                displayMemory
 .text.freeMemoryUpdate
                0x00005b5a       0xdc FAT32.o
                0x00005b5a                freeMemoryUpdate
 .text.findFiles
                0x00005c36      0x3fc FAT32.o
                0x00005c36                findFiles
 .text.readFile
                0x00006032      0x19e FAT32.o
                0x00006032                readFile
 .text.deleteFile
                0x000061d0       0x18 FAT32.o
                0x000061d0                deleteFile
 .text.writeFile
                0x000061e8      0x81e FAT32.o
                0x000061e8                writeFile
 .text.SD_sendCommand
                0x00006a06       0xb4 SD_routines.o
                0x00006a06                SD_sendCommand
 .text.SD_readSingleBlock
                0x00006aba       0x50 SD_routines.o
                0x00006aba                SD_readSingleBlock
 .text.SD_writeSingleBlock
                0x00006b0a       0x82 SD_routines.o
                0x00006b0a                SD_writeSingleBlock
 .text.softspi_clk_low
                0x00006b8c        0xc Software_SPI.o
                0x00006b8c                softspi_clk_low
 .text.softspi_clk_high
                0x00006b98        0xc Software_SPI.o
                0x00006b98                softspi_clk_high
 .text.softspi_mosi_low
                0x00006ba4        0xc Software_SPI.o
                0x00006ba4                softspi_mosi_low
 .text.softspi_mosi_high
                0x00006bb0        0xc Software_SPI.o
                0x00006bb0                softspi_mosi_high
 .text.softspi_write_bit
                0x00006bbc       0x2c Software_SPI.o
                0x00006bbc                softspi_write_bit
 .text.softspi_write_uint8
                0x00006be8       0x36 Software_SPI.o
                0x00006be8                softspi_write_uint8
 .text.softspi_read_bit
                0x00006c1e       0x42 Software_SPI.o
                0x00006c1e                softspi_read_bit
 .text.softspi_read_uint8
                0x00006c60       0x60 Software_SPI.o
                0x00006c60                softspi_read_uint8
 .text.spi_transmit_IT
                0x00006cc0       0x1e SPI.o
                0x00006cc0                spi_transmit_IT
 .text.spi_transmit
                0x00006cde        0xa SPI.o
                0x00006cde                spi_transmit
 .text.spi_receive
                0x00006ce8        0xe SPI.o
                0x00006ce8                spi_receive
 .text.enable_Slave
                0x00006cf6       0x28 SPI.o
                0x00006cf6                enable_Slave
 .text.disable_Slave
                0x00006d1e       0x28 SPI.o
                0x00006d1e                disable_Slave
 .text.SPI_init
                0x00006d46       0x18 SPI.o
                0x00006d46                SPI_init
 .text.tmc40bit_writeInt
                0x00006d5e      0x10e tmc4671.o
                0x00006d5e                tmc40bit_writeInt
 .text.tmc40bit_readInt
                0x00006e6c      0x144 tmc4671.o
                0x00006e6c                tmc40bit_readInt
 .text.tmc4671_readInt
                0x00006fb0        0x4 tmc4671.o
                0x00006fb0                tmc4671_readInt
 .text.encoder_testdrive
                0x00006fb4       0xdc tmc4671.o
                0x00006fb4                encoder_testdrive
 .text.tmc4671_switchToMotionMode
                0x00007090       0x30 tmc4671.o
                0x00007090                tmc4671_switchToMotionMode
 .text.tmc4671_setAbsolutTargetPosition
                0x000070c0       0x2c tmc4671.o
                0x000070c0                tmc4671_setAbsolutTargetPosition
 .text.initTMC4671_Encoder
                0x000070ec      0x238 tmc4671.o
                0x000070ec                initTMC4671_Encoder
 .text.tmc4671_getActualPosition
                0x00007324       0x10 tmc4671.o
                0x00007324                tmc4671_getActualPosition
 .text.tmc6200_writeInt
                0x00007334       0xfe TMC6200.o
                0x00007334                tmc6200_writeInt
 .text.initTMC6200
                0x00007432       0x9c TMC6200.o
                0x00007432                initTMC6200
 .text.tx_completed
                0x000074ce        0x6 UART.o
                0x000074ce                tx_completed
 .text.UART_init
                0x000074d4      0x102 UART.o
                0x000074d4                UART_init
 .text.Uart_Transmit_IT_PC
                0x000075d6       0x26 UART.o
                0x000075d6                Uart_Transmit_IT_PC
 .text.Uart_Transmit_IT_Display
                0x000075fc       0x2c UART.o
                0x000075fc                Uart_Transmit_IT_Display
 .text.Uart_Transmit_IT_ESP
                0x00007628       0x26 UART.o
                0x00007628                Uart_Transmit_IT_ESP
 .text.__vector_26
                0x0000764e       0x7e UART.o
                0x0000764e                __vector_26
 .text.__vector_25
                0x000076cc       0x58 UART.o
                0x000076cc                __vector_25
 .text.__vector_36
                0x00007724       0x58 UART.o
                0x00007724                __vector_36
 .text.__vector_52
                0x0000777c       0x7e UART.o
                0x0000777c                __vector_52
 .text.__vector_51
                0x000077fa       0x58 UART.o
                0x000077fa                __vector_51
 .text.__vector_55
                0x00007852       0x7e UART.o
                0x00007852                __vector_55
 .text.__vector_54
                0x000078d0       0x58 UART.o
                0x000078d0                __vector_54
 .text.transmitByte
                0x00007928       0x10 UART.o
                0x00007928                transmitByte
 .text.transmitString
                0x00007938       0x1c UART.o
                0x00007938                transmitString
 .text.main     0x00007954        0xe main.o
                0x00007954                main
 .text.libgcc.mul
                0x00007962       0x1e c:/program files (x86)/atmel/studio/7.0/toolchain/avr8/avr8-gnu-toolchain/bin/../lib/gcc/avr/5.4.0/avr6\libgcc.a(_mulsi3.o)
                0x00007962                __mulsi3
 .text.libgcc.div
                0x00007980       0x44 c:/program files (x86)/atmel/studio/7.0/toolchain/avr8/avr8-gnu-toolchain/bin/../lib/gcc/avr/5.4.0/avr6\libgcc.a(_udivmodsi4.o)
                0x00007980                __udivmodsi4
 .text.libgcc   0x000079c4       0x10 c:/program files (x86)/atmel/studio/7.0/toolchain/avr8/avr8-gnu-toolchain/bin/../lib/gcc/avr/5.4.0/avr6\libgcc.a(_tablejump2.o)
                0x000079c4                __tablejump2__
 .text.libgcc.mul
                0x000079d4       0x1e c:/program files (x86)/atmel/studio/7.0/toolchain/avr8/avr8-gnu-toolchain/bin/../lib/gcc/avr/5.4.0/avr6\libgcc.a(_umulhisi3.o)
                0x000079d4                __umulhisi3
 .text.libgcc.mul
                0x000079f2       0x14 c:/program files (x86)/atmel/studio/7.0/toolchain/avr8/avr8-gnu-toolchain/bin/../lib/gcc/avr/5.4.0/avr6\libgcc.a(_muluhisi3.o)
                0x000079f2                __muluhisi3
 .text.avr-libc
                0x00007a06       0x34 c:/program files (x86)/atmel/studio/7.0/toolchain/avr8/avr8-gnu-toolchain/bin/../lib/gcc/avr/5.4.0/../../../../avr/lib/avr6\libc.a(calloc.o)
                0x00007a06                calloc
 .text.avr-libc
                0x00007a3a      0x242 c:/program files (x86)/atmel/studio/7.0/toolchain/avr8/avr8-gnu-toolchain/bin/../lib/gcc/avr/5.4.0/../../../../avr/lib/avr6\libc.a(malloc.o)
                0x00007a3a                malloc
                0x00007b6a                free
 .text.avr-libc
                0x00007c7c       0x3a c:/program files (x86)/atmel/studio/7.0/toolchain/avr8/avr8-gnu-toolchain/bin/../lib/gcc/avr/5.4.0/../../../../avr/lib/avr6\libc.a(atoi.o)
                0x00007c7c                atoi
 .text.avr-libc
                0x00007cb6        0x6 c:/program files (x86)/atmel/studio/7.0/toolchain/avr8/avr8-gnu-toolchain/bin/../lib/gcc/avr/5.4.0/../../../../avr/lib/avr6\libc.a(strtok.o)
                0x00007cb6                strtok
 .text.avr-libc
                0x00007cbc        0xe c:/program files (x86)/atmel/studio/7.0/toolchain/avr8/avr8-gnu-toolchain/bin/../lib/gcc/avr/5.4.0/../../../../avr/lib/avr6\libc.a(memset.o)
                0x00007cbc                memset
 .text.avr-libc
                0x00007cca       0x16 c:/program files (x86)/atmel/studio/7.0/toolchain/avr8/avr8-gnu-toolchain/bin/../lib/gcc/avr/5.4.0/../../../../avr/lib/avr6\libc.a(strcat.o)
                0x00007cca                strcat
 .text.avr-libc
                0x00007ce0       0x12 c:/program files (x86)/atmel/studio/7.0/toolchain/avr8/avr8-gnu-toolchain/bin/../lib/gcc/avr/5.4.0/../../../../avr/lib/avr6\libc.a(strcmp.o)
                0x00007ce0                strcmp
 .text.avr-libc
                0x00007cf2        0xe c:/program files (x86)/atmel/studio/7.0/toolchain/avr8/avr8-gnu-toolchain/bin/../lib/gcc/avr/5.4.0/../../../../avr/lib/avr6\libc.a(strcpy.o)
                0x00007cf2                strcpy
 .text.avr-libc
                0x00007d00       0x4e c:/program files (x86)/atmel/studio/7.0/toolchain/avr8/avr8-gnu-toolchain/bin/../lib/gcc/avr/5.4.0/../../../../avr/lib/avr6\libc.a(strtok_r.o)
                0x00007d00                strtok_r
 .text.avr-libc
                0x00007d4e       0x14 c:/program files (x86)/atmel/studio/7.0/toolchain/avr8/avr8-gnu-toolchain/bin/../lib/gcc/avr/5.4.0/../../../../avr/lib/avr6\libc.a(itoa_ncheck.o)
                0x00007d4e                __itoa_ncheck
 .text.avr-libc
                0x00007d62       0x10 c:/program files (x86)/atmel/studio/7.0/toolchain/avr8/avr8-gnu-toolchain/bin/../lib/gcc/avr/5.4.0/../../../../avr/lib/avr6\libc.a(mul10.o)
                0x00007d62                __mulhi_const_10
 .text.avr-libc
                0x00007d72       0x32 c:/program files (x86)/atmel/studio/7.0/toolchain/avr8/avr8-gnu-toolchain/bin/../lib/gcc/avr/5.4.0/../../../../avr/lib/avr6\libc.a(utoa_ncheck.o)
                0x00007d72                __utoa_ncheck
                0x00007d74                __utoa_common
 .text.avr-libc
                0x00007da4       0x20 c:/program files (x86)/atmel/studio/7.0/toolchain/avr8/avr8-gnu-toolchain/bin/../lib/gcc/avr/5.4.0/../../../../avr/lib/avr6\libc.a(strrev.o)
                0x00007da4                strrev
                0x00007dc4                . = ALIGN (0x2)
 *(.fini9)
 .fini9         0x00007dc4        0x0 c:/program files (x86)/atmel/studio/7.0/toolchain/avr8/avr8-gnu-toolchain/bin/../lib/gcc/avr/5.4.0/avr6\libgcc.a(_exit.o)
                0x00007dc4                _exit
                0x00007dc4                exit
 *(.fini9)
 *(.fini8)
 *(.fini8)
 *(.fini7)
 *(.fini7)
 *(.fini6)
 *(.fini6)
 *(.fini5)
 *(.fini5)
 *(.fini4)
 *(.fini4)
 *(.fini3)
 *(.fini3)
 *(.fini2)
 *(.fini2)
 *(.fini1)
 *(.fini1)
 *(.fini0)
 .fini0         0x00007dc4        0x4 c:/program files (x86)/atmel/studio/7.0/toolchain/avr8/avr8-gnu-toolchain/bin/../lib/gcc/avr/5.4.0/avr6\libgcc.a(_exit.o)
 *(.fini0)
                0x00007dc8                _etext = .

.data           0x00800200      0x648 load address 0x00007dc8
                0x00800200                PROVIDE (__data_start, .)
 *(.data)
 .data          0x00800200        0x6 c:/program files (x86)/atmel/studio/7.0/toolchain/avr8/avr8-gnu-toolchain/bin/../lib/gcc/avr/5.4.0/../../../../avr/lib/avr6\libc.a(malloc.o)
                0x00800200                __malloc_heap_end
                0x00800202                __malloc_heap_start
                0x00800204                __malloc_margin
 *(.data*)
 *(.gnu.linkonce.d*)
 *(.rodata)
 .rodata        0x00800206       0x30 Cocktail_functions.o
 *(.rodata*)
 .rodata.str1.1
                0x00800236      0x2e8 Cocktail_functions.o
                                0x2fe (size before relaxing)
 .rodata.str1.1
                0x0080051e       0xe2 Cocktail_Statemachine.o
                                0x128 (size before relaxing)
 .rodata.str1.1
                0x00800600       0x15 Getraenk.o
                                 0x28 (size before relaxing)
 .rodata.str1.1
                0x00800615       0x87 Main_Func.o
                                 0x96 (size before relaxing)
 .rodata.str1.1
                0x0080069c       0x2f Nextion_Display.o
                                 0x31 (size before relaxing)
 .rodata.str1.1
                0x008006cb      0x128 FAT32.o
 .rodata.str1.1
                0x008007f3       0x2c tmc4671.o
                                 0x32 (size before relaxing)
 .rodata.str1.1
                0x0080081f       0x29 TMC6200.o
                                 0x32 (size before relaxing)
 *(.gnu.linkonce.r*)
                0x00800848                . = ALIGN (0x2)
                0x00800848                _edata = .
                0x00800848                PROVIDE (__data_end, .)

.bss            0x00800848      0xdec
                0x00800848                PROVIDE (__bss_start, .)
 *(.bss)
 .bss           0x00800848        0x2 c:/program files (x86)/atmel/studio/7.0/toolchain/avr8/avr8-gnu-toolchain/bin/../lib/gcc/avr/5.4.0/../../../../avr/lib/avr6\libc.a(strtok.o)
 *(.bss*)
 .bss.count.3145
                0x0080084a        0x4 Cocktail_functions.o
 .bss.oldval.3144
                0x0080084e        0x1 Cocktail_functions.o
 .bss.cntr_End_UART_2
                0x0080084f        0x1 main.o
                0x0080084f                cntr_End_UART_2
 .bss.cntr_UART_2
                0x00800850        0x1 main.o
                0x00800850                cntr_UART_2
 .bss.cntr_End_UART_1
                0x00800851        0x1 main.o
                0x00800851                cntr_End_UART_1
 .bss.cntr_UART_1
                0x00800852        0x1 main.o
                0x00800852                cntr_UART_1
 .bss.cntr_End_UART_0
                0x00800853        0x1 main.o
                0x00800853                cntr_End_UART_0
 .bss.cntr_UART_0
                0x00800854        0x1 main.o
                0x00800854                cntr_UART_0
 *(COMMON)
 COMMON         0x00800855      0x9d9 Cocktail_functions.o
                0x00800855                head_zutat_file
                0x00800857                rb_tx_PC
                0x00800958                tail_getraenk_file
                0x0080095a                head_zut_in_Maschine
                0x0080095c                head_getraenk
                0x0080095e                Position
                0x00800962                head_getraenk_file_2
                0x00800964                rainbow_i
                0x00800966                Liste
                0x00800967                aktuelleZutatInMaschine
                0x00800969                tail_getraenk
                0x0080096b                head_tag
                0x0080096d                appendFileLocation
                0x00800971                aktuelle_zutat
                0x00800973                tail_zutat_file
                0x00800975                fileName
                0x00800982                firstDataSector
                0x00800986                ptr_tx_completed_1
                0x00800988                fileSize
                0x0080098c                bytesPerSector
                0x0080098e                i_Liste_test_cnt
                0x0080098f                totalClusters
                0x00800993                option
                0x00800994                tail_getraenk_file_2
                0x00800996                aktuellesGetraenk_file
                0x00800998                head_getraenk_file
                0x0080099a                Grossschreib
                0x0080099b                rootCluster
                0x0080099f                block_list_runter
                0x008009a0                state
                0x008009a2                aktuellesGetraenk_file_2
                0x008009a4                light
                0x008009a5                rb_rx_ESP
                0x00800aa6                startBlock
                0x00800aaa                aktueller_tag
                0x00800aac                i
                0x00800aae                address_Standardwiederherstellung
                0x00800ab0                rb_rx_Display
                0x00800bb1                tail_tag
                0x00800bb3                buffer
                0x00800db3                externes_Getraenk_flag
                0x00800db4                SPI_Slave
                0x00800db5                sectorPerCluster
                0x00800db7                ptr_tx_completed_2
                0x00800db9                block_list_hoch
                0x00800dba                unusedSectors
                0x00800dbe                rb_tx_RFID
                0x00800ebf                SDHC_flag
                0x00800ec0                counter
                0x00800ec1                totalBlocks
                0x00800ec5                tail_zut_in_Maschine
                0x00800ec7                data
                0x00800ec8                buff_name
                0x00800edd                reservedSectorCount
                0x00800edf                ptr_tx_completed_3
                0x00800ee1                aktuelles_zutat_file
                0x00800ee3                rb_rx_PC
                0x00800fe4                rb_tx_ESP
                0x008010e5                address_getraenk
                0x008010e7                appendStartCluster
                0x008010eb                cardType
                0x008010ec                error
                0x008010ed                rb_rx_RFID
                0x008011ee                gui_pages
                0x008011ef                i_Liste
                0x008011f0                i_Liste_test
                0x00801222                freeClusterCountUpdated
                0x00801223                stop
                0x00801224                FAT32_active
                0x00801225                appendFileSector
                0x00801229                aktuellesGetraenk
                0x0080122b                ptr_tx_completed_0
                0x0080122d                SPI_State
 COMMON         0x0080122e      0x402 main.o
                0x0080122e                INPUT_UART_0
                0x0080132e                INPUT_UART_3
                0x0080142e                INPUT_UART_1
                0x0080152e                ptr_Uart_1
                0x00801530                INPUT_UART_2
 COMMON         0x00801630        0x4 c:/program files (x86)/atmel/studio/7.0/toolchain/avr8/avr8-gnu-toolchain/bin/../lib/gcc/avr/5.4.0/../../../../avr/lib/avr6\libc.a(malloc.o)
                0x00801630                __brkval
                0x00801632                __flp
                0x00801634                PROVIDE (__bss_end, .)
                0x00007dc8                __data_load_start = LOADADDR (.data)
                0x00008410                __data_load_end = (__data_load_start + SIZEOF (.data))

.noinit         0x00801634        0x0
                [!provide]                PROVIDE (__noinit_start, .)
 *(.noinit*)
                [!provide]                PROVIDE (__noinit_end, .)
                0x00801634                _end = .
                0x00801634                PROVIDE (__heap_start, .)

.eeprom         0x00810000        0x0
 *(.eeprom*)
                0x00810000                __eeprom_end = .

.fuse
 *(.fuse)
 *(.lfuse)
 *(.hfuse)
 *(.efuse)

.lock
 *(.lock*)

.signature
 *(.signature*)

.user_signatures
 *(.user_signatures*)

.stab
 *(.stab)

.stabstr
 *(.stabstr)

.stab.excl
 *(.stab.excl)

.stab.exclstr
 *(.stab.exclstr)

.stab.index
 *(.stab.index)

.stab.indexstr
 *(.stab.indexstr)

.comment        0x00000000       0x30
 *(.comment)
 .comment       0x00000000       0x30 Cocktail_functions.o
                                 0x31 (size before relaxing)
 .comment       0x00000030       0x31 Cocktail_Statemachine.o
 .comment       0x00000030       0x31 Getraenk.o
 .comment       0x00000030       0x31 Zutaten.o
 .comment       0x00000030       0x31 LED.o
 .comment       0x00000030       0x31 Main_Func.o
 .comment       0x00000030       0x31 Nextion_Display.o
 .comment       0x00000030       0x31 ring_buffer.o
 .comment       0x00000030       0x31 FAT32.o
 .comment       0x00000030       0x31 SD_routines.o
 .comment       0x00000030       0x31 Software_SPI.o
 .comment       0x00000030       0x31 SPI.o
 .comment       0x00000030       0x31 tmc4671.o
 .comment       0x00000030       0x31 TMC6200.o
 .comment       0x00000030       0x31 UART.o
 .comment       0x00000030       0x31 main.o
 .comment       0x00000030       0x31 c:/program files (x86)/atmel/studio/7.0/toolchain/avr8/avr8-gnu-toolchain/bin/../lib/gcc/avr/5.4.0/../../../../avr/lib/avr6\libc.a(calloc.o)
 .comment       0x00000030       0x31 c:/program files (x86)/atmel/studio/7.0/toolchain/avr8/avr8-gnu-toolchain/bin/../lib/gcc/avr/5.4.0/../../../../avr/lib/avr6\libc.a(malloc.o)
 .comment       0x00000030       0x31 c:/program files (x86)/atmel/studio/7.0/toolchain/avr8/avr8-gnu-toolchain/bin/../lib/gcc/avr/5.4.0/../../../../avr/lib/avr6\libc.a(strtok.o)

.note.gnu.avr.deviceinfo
                0x00000000       0x40
 .note.gnu.avr.deviceinfo
                0x00000000       0x40 C:/Program Files (x86)/Atmel/Studio/7.0/Packs/atmel/ATmega_DFP/1.3.300/gcc/dev/atmega2560/avr6/crtatmega2560.o

.note.gnu.build-id
 *(.note.gnu.build-id)

.debug
 *(.debug)

.line
 *(.line)

.debug_srcinfo
 *(.debug_srcinfo)

.debug_sfnames
 *(.debug_sfnames)

.debug_aranges  0x00000000      0x8e8
 *(.debug_aranges)
 .debug_aranges
                0x00000000      0x100 Cocktail_functions.o
 .debug_aranges
                0x00000100      0x100 Cocktail_Statemachine.o
 .debug_aranges
                0x00000200       0x78 Getraenk.o
 .debug_aranges
                0x00000278       0x48 Zutaten.o
 .debug_aranges
                0x000002c0       0x88 LED.o
 .debug_aranges
                0x00000348       0x88 Main_Func.o
 .debug_aranges
                0x000003d0       0x68 Nextion_Display.o
 .debug_aranges
                0x00000438       0x50 ring_buffer.o
 .debug_aranges
                0x00000488       0x80 FAT32.o
 .debug_aranges
                0x00000508       0x40 SD_routines.o
 .debug_aranges
                0x00000548       0x70 Software_SPI.o
 .debug_aranges
                0x000005b8       0x48 SPI.o
 .debug_aranges
                0x00000600      0x1f8 tmc4671.o
 .debug_aranges
                0x000007f8       0x38 TMC6200.o
 .debug_aranges
                0x00000830       0x98 UART.o
 .debug_aranges
                0x000008c8       0x20 main.o

.debug_pubnames
 *(.debug_pubnames)

.debug_info     0x00000000    0x14ead
 *(.debug_info .gnu.linkonce.wi.*)
 .debug_info    0x00000000      0xbbc C:/Program Files (x86)/Atmel/Studio/7.0/Packs/atmel/ATmega_DFP/1.3.300/gcc/dev/atmega2560/avr6/crtatmega2560.o
 .debug_info    0x00000bbc     0x3b72 Cocktail_functions.o
 .debug_info    0x0000472e     0x3dc9 Cocktail_Statemachine.o
 .debug_info    0x000084f7     0x17cb Getraenk.o
 .debug_info    0x00009cc2      0xd02 Zutaten.o
 .debug_info    0x0000a9c4      0x39f LED.o
 .debug_info    0x0000ad63      0xd1d Main_Func.o
 .debug_info    0x0000ba80      0xb76 Nextion_Display.o
 .debug_info    0x0000c5f6      0x360 ring_buffer.o
 .debug_info    0x0000c956     0x19c0 FAT32.o
 .debug_info    0x0000e316      0x812 SD_routines.o
 .debug_info    0x0000eb28      0x548 Software_SPI.o
 .debug_info    0x0000f070      0x263 SPI.o
 .debug_info    0x0000f2d3     0x3e4e tmc4671.o
 .debug_info    0x00013121      0xaf1 TMC6200.o
 .debug_info    0x00013c12      0x6d7 UART.o
 .debug_info    0x000142e9      0xbc4 main.o

.debug_abbrev   0x00000000     0x2fcf
 *(.debug_abbrev)
 .debug_abbrev  0x00000000      0xb1a C:/Program Files (x86)/Atmel/Studio/7.0/Packs/atmel/ATmega_DFP/1.3.300/gcc/dev/atmega2560/avr6/crtatmega2560.o
 .debug_abbrev  0x00000b1a      0x3ce Cocktail_functions.o
 .debug_abbrev  0x00000ee8      0x337 Cocktail_Statemachine.o
 .debug_abbrev  0x0000121f      0x3c6 Getraenk.o
 .debug_abbrev  0x000015e5      0x2b5 Zutaten.o
 .debug_abbrev  0x0000189a      0x176 LED.o
 .debug_abbrev  0x00001a10      0x320 Main_Func.o
 .debug_abbrev  0x00001d30      0x222 Nextion_Display.o
 .debug_abbrev  0x00001f52      0x12a ring_buffer.o
 .debug_abbrev  0x0000207c      0x214 FAT32.o
 .debug_abbrev  0x00002290      0x154 SD_routines.o
 .debug_abbrev  0x000023e4      0x15b Software_SPI.o
 .debug_abbrev  0x0000253f      0x11c SPI.o
 .debug_abbrev  0x0000265b      0x3fa tmc4671.o
 .debug_abbrev  0x00002a55      0x265 TMC6200.o
 .debug_abbrev  0x00002cba      0x1fe UART.o
 .debug_abbrev  0x00002eb8      0x117 main.o

.debug_line     0x00000000     0x8529
 *(.debug_line .debug_line.* .debug_line_end)
 .debug_line    0x00000000      0x1f9 C:/Program Files (x86)/Atmel/Studio/7.0/Packs/atmel/ATmega_DFP/1.3.300/gcc/dev/atmega2560/avr6/crtatmega2560.o
 .debug_line    0x000001f9     0x183c Cocktail_functions.o
 .debug_line    0x00001a35     0x1cbc Cocktail_Statemachine.o
 .debug_line    0x000036f1      0x92f Getraenk.o
 .debug_line    0x00004020      0x48a Zutaten.o
 .debug_line    0x000044aa      0x47c LED.o
 .debug_line    0x00004926      0x767 Main_Func.o
 .debug_line    0x0000508d      0x49a Nextion_Display.o
 .debug_line    0x00005527      0x21d ring_buffer.o
 .debug_line    0x00005744      0xc8f FAT32.o
 .debug_line    0x000063d3      0x48d SD_routines.o
 .debug_line    0x00006860      0x305 Software_SPI.o
 .debug_line    0x00006b65      0x1d6 SPI.o
 .debug_line    0x00006d3b      0xd0b tmc4671.o
 .debug_line    0x00007a46      0x3ea TMC6200.o
 .debug_line    0x00007e30      0x412 UART.o
 .debug_line    0x00008242      0x2e7 main.o

.debug_frame    0x00000000     0x24c8
 *(.debug_frame)
 .debug_frame   0x00000000      0x62c Cocktail_functions.o
 .debug_frame   0x0000062c      0x338 Cocktail_Statemachine.o
 .debug_frame   0x00000964      0x264 Getraenk.o
 .debug_frame   0x00000bc8      0x124 Zutaten.o
 .debug_frame   0x00000cec      0x19c LED.o
 .debug_frame   0x00000e88      0x180 Main_Func.o
 .debug_frame   0x00001008      0x198 Nextion_Display.o
 .debug_frame   0x000011a0       0xdc ring_buffer.o
 .debug_frame   0x0000127c      0x3b8 FAT32.o
 .debug_frame   0x00001634       0xdc SD_routines.o
 .debug_frame   0x00001710      0x108 Software_SPI.o
 .debug_frame   0x00001818       0x74 SPI.o
 .debug_frame   0x0000188c      0x800 tmc4671.o
 .debug_frame   0x0000208c       0xcc TMC6200.o
 .debug_frame   0x00002158      0x34c UART.o
 .debug_frame   0x000024a4       0x24 main.o

.debug_str      0x00000000     0x3147
 *(.debug_str)
 .debug_str     0x00000000      0x3e6 C:/Program Files (x86)/Atmel/Studio/7.0/Packs/atmel/ATmega_DFP/1.3.300/gcc/dev/atmega2560/avr6/crtatmega2560.o
 .debug_str     0x000003e6      0xe05 Cocktail_functions.o
                                0xf09 (size before relaxing)
 .debug_str     0x000011eb      0x85b Cocktail_Statemachine.o
                               0x156d (size before relaxing)
 .debug_str     0x00001a46      0x180 Getraenk.o
                                0xb3b (size before relaxing)
 .debug_str     0x00001bc6      0x125 Zutaten.o
                                0x6a8 (size before relaxing)
 .debug_str     0x00001ceb       0xca LED.o
                                0x349 (size before relaxing)
 .debug_str     0x00001db5      0x205 Main_Func.o
                                0x806 (size before relaxing)
 .debug_str     0x00001fba       0x52 Nextion_Display.o
                                0x612 (size before relaxing)
 .debug_str     0x0000200c       0x5a ring_buffer.o
                                0x206 (size before relaxing)
 .debug_str     0x00002066      0x533 FAT32.o
                                0x931 (size before relaxing)
 .debug_str     0x00002599       0x69 SD_routines.o
                                0x358 (size before relaxing)
 .debug_str     0x00002602      0x104 Software_SPI.o
                                0x2c6 (size before relaxing)
 .debug_str     0x00002706       0x5d SPI.o
                                0x250 (size before relaxing)
 .debug_str     0x00002763      0x848 tmc4671.o
                                0xc24 (size before relaxing)
 .debug_str     0x00002fab       0x57 TMC6200.o
                                0x3e6 (size before relaxing)
 .debug_str     0x00003002       0x9c UART.o
                                0x384 (size before relaxing)
 .debug_str     0x0000309e       0xa9 main.o
                                0xa00 (size before relaxing)

.debug_loc      0x00000000     0xe21a
 *(.debug_loc)
 .debug_loc     0x00000000     0x257c Cocktail_functions.o
 .debug_loc     0x0000257c     0x17be Cocktail_Statemachine.o
 .debug_loc     0x00003d3a     0x10e3 Getraenk.o
 .debug_loc     0x00004e1d      0x69d Zutaten.o
 .debug_loc     0x000054ba      0x26f LED.o
 .debug_loc     0x00005729      0x4a8 Main_Func.o
 .debug_loc     0x00005bd1      0x6a6 Nextion_Display.o
 .debug_loc     0x00006277      0x58d ring_buffer.o
 .debug_loc     0x00006804     0x1e44 FAT32.o
 .debug_loc     0x00008648      0x729 SD_routines.o
 .debug_loc     0x00008d71      0x357 Software_SPI.o
 .debug_loc     0x000090c8       0x9d SPI.o
 .debug_loc     0x00009165     0x431e tmc4671.o
 .debug_loc     0x0000d483      0x59e TMC6200.o
 .debug_loc     0x0000da21      0x7f9 UART.o

.debug_macinfo
 *(.debug_macinfo)

.debug_weaknames
 *(.debug_weaknames)

.debug_funcnames
 *(.debug_funcnames)

.debug_typenames
 *(.debug_typenames)

.debug_varnames
 *(.debug_varnames)

.debug_pubtypes
 *(.debug_pubtypes)

.debug_ranges   0x00000000      0x9d0
 *(.debug_ranges)
 .debug_ranges  0x00000000      0x200 Cocktail_functions.o
 .debug_ranges  0x00000200       0xf0 Cocktail_Statemachine.o
 .debug_ranges  0x000002f0       0xa8 Getraenk.o
 .debug_ranges  0x00000398       0x38 Zutaten.o
 .debug_ranges  0x000003d0       0x78 LED.o
 .debug_ranges  0x00000448       0xe8 Main_Func.o
 .debug_ranges  0x00000530       0x58 Nextion_Display.o
 .debug_ranges  0x00000588       0x40 ring_buffer.o
 .debug_ranges  0x000005c8       0x98 FAT32.o
 .debug_ranges  0x00000660       0x30 SD_routines.o
 .debug_ranges  0x00000690       0x60 Software_SPI.o
 .debug_ranges  0x000006f0       0x38 SPI.o
 .debug_ranges  0x00000728      0x1e8 tmc4671.o
 .debug_ranges  0x00000910       0x28 TMC6200.o
 .debug_ranges  0x00000938       0x88 UART.o
 .debug_ranges  0x000009c0       0x10 main.o

.debug_macro
 *(.debug_macro)
OUTPUT(Mikrocontroller.elf elf32-avr)
LOAD linker stubs
