Archive member included to satisfy reference by file (symbol)

c:/program files (x86)/atmel/studio/7.0/toolchain/avr8/avr8-gnu-toolchain/bin/../lib/gcc/avr/5.4.0/../../../../avr/lib/avr6\libm.a(addsf3.o)
                              LED.o (__subsf3)
c:/program files (x86)/atmel/studio/7.0/toolchain/avr8/avr8-gnu-toolchain/bin/../lib/gcc/avr/5.4.0/../../../../avr/lib/avr6\libm.a(addsf3x.o)
                              c:/program files (x86)/atmel/studio/7.0/toolchain/avr8/avr8-gnu-toolchain/bin/../lib/gcc/avr/5.4.0/../../../../avr/lib/avr6\libm.a(addsf3.o) (__addsf3x)
c:/program files (x86)/atmel/studio/7.0/toolchain/avr8/avr8-gnu-toolchain/bin/../lib/gcc/avr/5.4.0/../../../../avr/lib/avr6\libm.a(cmpsf2.o)
                              ramp1.o (__ltsf2)
c:/program files (x86)/atmel/studio/7.0/toolchain/avr8/avr8-gnu-toolchain/bin/../lib/gcc/avr/5.4.0/../../../../avr/lib/avr6\libm.a(divsf3.o)
                              ramp1.o (__divsf3)
c:/program files (x86)/atmel/studio/7.0/toolchain/avr8/avr8-gnu-toolchain/bin/../lib/gcc/avr/5.4.0/../../../../avr/lib/avr6\libm.a(divsf3x.o)
                              c:/program files (x86)/atmel/studio/7.0/toolchain/avr8/avr8-gnu-toolchain/bin/../lib/gcc/avr/5.4.0/../../../../avr/lib/avr6\libm.a(divsf3.o) (__divsf3x)
c:/program files (x86)/atmel/studio/7.0/toolchain/avr8/avr8-gnu-toolchain/bin/../lib/gcc/avr/5.4.0/../../../../avr/lib/avr6\libm.a(fixsfsi.o)
                              ramp1.o (__fixsfsi)
c:/program files (x86)/atmel/studio/7.0/toolchain/avr8/avr8-gnu-toolchain/bin/../lib/gcc/avr/5.4.0/../../../../avr/lib/avr6\libm.a(fixunssfsi.o)
                              LED.o (__fixunssfsi)
c:/program files (x86)/atmel/studio/7.0/toolchain/avr8/avr8-gnu-toolchain/bin/../lib/gcc/avr/5.4.0/../../../../avr/lib/avr6\libm.a(floatsisf.o)
                              Main_Func.o (__floatunsisf)
c:/program files (x86)/atmel/studio/7.0/toolchain/avr8/avr8-gnu-toolchain/bin/../lib/gcc/avr/5.4.0/../../../../avr/lib/avr6\libm.a(fp_cmp.o)
                              c:/program files (x86)/atmel/studio/7.0/toolchain/avr8/avr8-gnu-toolchain/bin/../lib/gcc/avr/5.4.0/../../../../avr/lib/avr6\libm.a(cmpsf2.o) (__fp_cmp)
c:/program files (x86)/atmel/studio/7.0/toolchain/avr8/avr8-gnu-toolchain/bin/../lib/gcc/avr/5.4.0/../../../../avr/lib/avr6\libm.a(fp_inf.o)
                              c:/program files (x86)/atmel/studio/7.0/toolchain/avr8/avr8-gnu-toolchain/bin/../lib/gcc/avr/5.4.0/../../../../avr/lib/avr6\libm.a(addsf3x.o) (__fp_inf)
c:/program files (x86)/atmel/studio/7.0/toolchain/avr8/avr8-gnu-toolchain/bin/../lib/gcc/avr/5.4.0/../../../../avr/lib/avr6\libm.a(fp_nan.o)
                              c:/program files (x86)/atmel/studio/7.0/toolchain/avr8/avr8-gnu-toolchain/bin/../lib/gcc/avr/5.4.0/../../../../avr/lib/avr6\libm.a(addsf3x.o) (__fp_nan)
c:/program files (x86)/atmel/studio/7.0/toolchain/avr8/avr8-gnu-toolchain/bin/../lib/gcc/avr/5.4.0/../../../../avr/lib/avr6\libm.a(fp_pscA.o)
                              c:/program files (x86)/atmel/studio/7.0/toolchain/avr8/avr8-gnu-toolchain/bin/../lib/gcc/avr/5.4.0/../../../../avr/lib/avr6\libm.a(addsf3x.o) (__fp_pscA)
c:/program files (x86)/atmel/studio/7.0/toolchain/avr8/avr8-gnu-toolchain/bin/../lib/gcc/avr/5.4.0/../../../../avr/lib/avr6\libm.a(fp_pscB.o)
                              c:/program files (x86)/atmel/studio/7.0/toolchain/avr8/avr8-gnu-toolchain/bin/../lib/gcc/avr/5.4.0/../../../../avr/lib/avr6\libm.a(addsf3x.o) (__fp_pscB)
c:/program files (x86)/atmel/studio/7.0/toolchain/avr8/avr8-gnu-toolchain/bin/../lib/gcc/avr/5.4.0/../../../../avr/lib/avr6\libm.a(fp_round.o)
                              c:/program files (x86)/atmel/studio/7.0/toolchain/avr8/avr8-gnu-toolchain/bin/../lib/gcc/avr/5.4.0/../../../../avr/lib/avr6\libm.a(addsf3.o) (__fp_round)
c:/program files (x86)/atmel/studio/7.0/toolchain/avr8/avr8-gnu-toolchain/bin/../lib/gcc/avr/5.4.0/../../../../avr/lib/avr6\libm.a(fp_split3.o)
                              c:/program files (x86)/atmel/studio/7.0/toolchain/avr8/avr8-gnu-toolchain/bin/../lib/gcc/avr/5.4.0/../../../../avr/lib/avr6\libm.a(addsf3x.o) (__fp_split3)
c:/program files (x86)/atmel/studio/7.0/toolchain/avr8/avr8-gnu-toolchain/bin/../lib/gcc/avr/5.4.0/../../../../avr/lib/avr6\libm.a(fp_zero.o)
                              c:/program files (x86)/atmel/studio/7.0/toolchain/avr8/avr8-gnu-toolchain/bin/../lib/gcc/avr/5.4.0/../../../../avr/lib/avr6\libm.a(addsf3x.o) (__fp_zero)
c:/program files (x86)/atmel/studio/7.0/toolchain/avr8/avr8-gnu-toolchain/bin/../lib/gcc/avr/5.4.0/../../../../avr/lib/avr6\libm.a(gesf2.o)
                              ramp1.o (__gesf2)
c:/program files (x86)/atmel/studio/7.0/toolchain/avr8/avr8-gnu-toolchain/bin/../lib/gcc/avr/5.4.0/../../../../avr/lib/avr6\libm.a(mulsf3.o)
                              LED.o (__mulsf3)
c:/program files (x86)/atmel/studio/7.0/toolchain/avr8/avr8-gnu-toolchain/bin/../lib/gcc/avr/5.4.0/../../../../avr/lib/avr6\libm.a(mulsf3x.o)
[...]
Memory Configuration

Name             Origin             Length             Attributes
text             0x00000000         0x00100000         xr
data             0x00800200         0x0000fe00         rw !x
eeprom           0x00810000         0x00010000         rw !x
fuse             0x00820000         0x00000003         rw !x
lock             0x00830000         0x00000400         rw !x
signature        0x00840000         0x00000400         rw !x
user_signatures  0x00850000         0x00000400         rw !x
*default*        0x00000000         0xffffffff

Linker script and memory map

Address of section .data set to 0x800200
LOAD C:/Program Files (x86)/Atmel/Studio/7.0/Packs/atmel/ATmega_DFP/1.3.300/gcc/dev/atmega2560/avr6/crtatmega2560.o
LOAD Cocktail_functions.o
LOAD Cocktail_Statemachine.o
LOAD Getraenk.o
LOAD TAGS.o
LOAD Zutaten.o
LOAD LED.o
LOAD Lists.o
LOAD Main_Func.o
LOAD Nextion_Display.o
LOAD ring_buffer.o
LOAD FAT32.o
LOAD SD_routines.o
LOAD ramp1.o
LOAD Software_SPI.o
LOAD SPI.o
LOAD tmc4671.o
LOAD TMC6200.o
LOAD UART.o
LOAD main.o
START GROUP
LOAD c:/program files (x86)/atmel/studio/7.0/toolchain/avr8/avr8-gnu-toolchain/bin/../lib/gcc/avr/5.4.0/../../../../avr/lib/avr6\libm.a
END GROUP
START GROUP
LOAD c:/program files (x86)/atmel/studio/7.0/toolchain/avr8/avr8-gnu-toolchain/bin/../lib/gcc/avr/5.4.0/avr6\libgcc.a
LOAD c:/program files (x86)/atmel/studio/7.0/toolchain/avr8/avr8-gnu-toolchain/bin/../lib/gcc/avr/5.4.0/../../../../avr/lib/avr6\libm.a
LOAD c:/program files (x86)/atmel/studio/7.0/toolchain/avr8/avr8-gnu-toolchain/bin/../lib/gcc/avr/5.4.0/../../../../avr/lib/avr6\libc.a
LOAD C:/Program Files (x86)/Atmel/Studio/7.0/Packs/atmel/ATmega_DFP/1.3.300/gcc/dev/atmega2560/avr6\libatmega2560.a
END GROUP
                0x00000000                __TEXT_REGION_ORIGIN__ = DEFINED (__TEXT_REGION_ORIGIN__)?__TEXT_REGION_ORIGIN__:0x0
                0x00800200                __DATA_REGION_ORIGIN__ = DEFINED (__DATA_REGION_ORIGIN__)?__DATA_REGION_ORIGIN__:0x800200
                0x00100000                __TEXT_REGION_LENGTH__ = DEFINED (__TEXT_REGION_LENGTH__)?__TEXT_REGION_LENGTH__:0x100000
                0x0000fe00                __DATA_REGION_LENGTH__ = DEFINED (__DATA_REGION_LENGTH__)?__DATA_REGION_LENGTH__:0xfe00
                0x00010000                __EEPROM_REGION_LENGTH__ = DEFINED (__EEPROM_REGION_LENGTH__)?__EEPROM_REGION_LENGTH__:0x10000
                [0x00000003]                __FUSE_REGION_LENGTH__ = DEFINED (__FUSE_REGION_LENGTH__)?__FUSE_REGION_LENGTH__:0x400
                0x00000400                __LOCK_REGION_LENGTH__ = DEFINED (__LOCK_REGION_LENGTH__)?__LOCK_REGION_LENGTH__:0x400
                0x00000400                __SIGNATURE_REGION_LENGTH__ = DEFINED (__SIGNATURE_REGION_LENGTH__)?__SIGNATURE_REGION_LENGTH__:0x400
                0x00000400                __USER_SIGNATURE_REGION_LENGTH__ = DEFINED (__USER_SIGNATURE_REGION_LENGTH__)?__USER_SIGNATURE_REGION_LENGTH__:0x400

.hash
 *(.hash)

.dynsym
 *(.dynsym)

.dynstr
 *(.dynstr)

.gnu.version
 *(.gnu.version)

.gnu.version_d
 *(.gnu.version_d)

.gnu.version_r
 *(.gnu.version_r)

.rel.init
 *(.rel.init)

.rela.init
 *(.rela.init)

.rel.text
 *(.rel.text)
 *(.rel.text.*)
 *(.rel.gnu.linkonce.t*)

.rela.text
 *(.rela.text)
 *(.rela.text.*)
 *(.rela.gnu.linkonce.t*)

.rel.fini
 *(.rel.fini)

.rela.fini
 *(.rela.fini)

.rel.rodata
 *(.rel.rodata)
 *(.rel.rodata.*)
 *(.rel.gnu.linkonce.r*)

.rela.rodata
 *(.rela.rodata)
 *(.rela.rodata.*)
 *(.rela.gnu.linkonce.r*)

.rel.data
 *(.rel.data)
 *(.rel.data.*)
 *(.rel.gnu.linkonce.d*)

.rela.data
 *(.rela.data)
 *(.rela.data.*)
 *(.rela.gnu.linkonce.d*)

.rel.ctors
 *(.rel.ctors)

.rela.ctors
 *(.rela.ctors)

.rel.dtors
 *(.rel.dtors)

.rela.dtors
 *(.rela.dtors)

.rel.got
 *(.rel.got)

.rela.got
 *(.rela.got)

.rel.bss
 *(.rel.bss)

.rela.bss
 *(.rela.bss)

.rel.plt
 *(.rel.plt)

.rela.plt
 *(.rela.plt)

.text           0x00000000     0xb60e
 *(.vectors)
 .vectors       0x00000000       0xe4 C:/Program Files (x86)/Atmel/Studio/7.0/Packs/atmel/ATmega_DFP/1.3.300/gcc/dev/atmega2560/avr6/crtatmega2560.o
                0x00000000                __vector_default
                0x00000000                __vectors
 *(.vectors)
 *(.progmem.gcc*)
 .progmem.gcc_sw_table.schalte_pumpe_ein
                0x000000e4       0x18 Cocktail_functions.o
 .progmem.gcc_sw_table.schalte_pumpe_aus
                0x000000fc       0x18 Cocktail_functions.o
 .progmem.gcc_sw_table.lese_sensor
                0x00000114       0x18 Cocktail_functions.o
 .progmem.gcc_sw_table.check_startseite
                0x0000012c       0x10 Cocktail_Statemachine.o
 .progmem.gcc_sw_table.check_listenanzeige
                0x0000013c       0x12 Cocktail_Statemachine.o
 .progmem.gcc_sw_table.check_menuanzeige
                0x0000014e       0x10 Cocktail_Statemachine.o
 .progmem.gcc_sw_table.check_bearbeitungsanzeige
                0x0000015e       0x14 Cocktail_Statemachine.o
 .progmem.gcc_sw_table.check_ceinstanzeige
                0x00000172       0x14 Cocktail_Statemachine.o
 .progmem.gcc_sw_table.check_erstanzeige1
                0x00000186       0x3e Cocktail_Statemachine.o
 .progmem.gcc_sw_table.check_posanzeige
                0x000001c4       0x1c Cocktail_Statemachine.o
 .progmem.gcc_sw_table.check_fluessanzeige1
                0x000001e0       0x16 Cocktail_Statemachine.o
 .progmem.gcc_sw_table.check_RFIDAnzeige1
                0x000001f6       0x12 Cocktail_Statemachine.o
 .progmem.gcc_sw_table.check_RFIDAnzeige2
                0x00000208       0x12 Cocktail_Statemachine.o
 .progmem.gcc_sw_table.check_LED
                0x0000021a       0x10 Cocktail_Statemachine.o
 .progmem.gcc_sw_table.cocktail_check_command
                0x0000022a       0x38 Cocktail_Statemachine.o
                0x00000262                . = ALIGN (0x2)
                0x00000262                __trampolines_start = .
 *(.trampolines)
 .trampolines   0x00000262        0x0 linker stubs
 *(.trampolines*)
                0x00000262                __trampolines_end = .
 *libprintf_flt.a:*(.progmem.data)
 *libc.a:*(.progmem.data)
 *(.progmem*)
                0x00000262                . = ALIGN (0x2)
 *(.jumptables)
 *(.jumptables*)
 *(.lowtext)
 *(.lowtext*)
                0x00000262                __ctors_start = .
 *(.ctors)
                0x00000262                __ctors_end = .
                0x00000262                __dtors_start = .
 *(.dtors)
                0x00000262                __dtors_end = .
 SORT(*)(.ctors)
 SORT(*)(.dtors)
 *(.init0)
 .init0         0x00000262        0x0 C:/Program Files (x86)/Atmel/Studio/7.0/Packs/atmel/ATmega_DFP/1.3.300/gcc/dev/atmega2560/avr6/crtatmega2560.o
                0x00000262                __init
 *(.init0)
 *(.init1)
 *(.init1)
 *(.init2)
 .init2         0x00000262       0x10 C:/Program Files (x86)/Atmel/Studio/7.0/Packs/atmel/ATmega_DFP/1.3.300/gcc/dev/atmega2560/avr6/crtatmega2560.o
 *(.init2)
 *(.init3)
 *(.init3)
 *(.init4)
 .init4         0x00000272       0x1a c:/program files (x86)/atmel/studio/7.0/toolchain/avr8/avr8-gnu-toolchain/bin/../lib/gcc/avr/5.4.0/avr6\libgcc.a(_copy_data.o)
                0x00000272                __do_copy_data
 .init4         0x0000028c       0x10 c:/program files (x86)/atmel/studio/7.0/toolchain/avr8/avr8-gnu-toolchain/bin/../lib/gcc/avr/5.4.0/avr6\libgcc.a(_clear_bss.o)
                0x0000028c                __do_clear_bss
 *(.init4)
 *(.init5)
 *(.init5)
 *(.init6)
 *(.init6)
 *(.init7)
 *(.init7)
 *(.init8)
 *(.init8)
 *(.init9)
 .init9         0x0000029c        0x8 C:/Program Files (x86)/Atmel/Studio/7.0/Packs/atmel/ATmega_DFP/1.3.300/gcc/dev/atmega2560/avr6/crtatmega2560.o
 *(.init9)
 *(.text)
 .text          0x000002a4        0x2 C:/Program Files (x86)/Atmel/Studio/7.0/Packs/atmel/ATmega_DFP/1.3.300/gcc/dev/atmega2560/avr6/crtatmega2560.o
                0x000002a4                __vector_38
                0x000002a4                __vector_22
                0x000002a4                __vector_28
                0x000002a4                __vector_1
                0x000002a4                __vector_34
                0x000002a4                __vector_24
                0x000002a4                __vector_12
                0x000002a4                __vector_55
                0x000002a4                __vector_46
                0x000002a4                __bad_interrupt
                0x000002a4                __vector_6
                0x000002a4                __vector_31
                0x000002a4                __vector_35
                0x000002a4                __vector_39
                0x000002a4                __vector_3
                0x000002a4                __vector_23
                0x000002a4                __vector_30
                0x000002a4                __vector_45
                0x000002a4                __vector_11
                0x000002a4                __vector_54
                0x000002a4                __vector_19
                0x000002a4                __vector_56
                0x000002a4                __vector_7
                0x000002a4                __vector_49
                0x000002a4                __vector_41
                0x000002a4                __vector_27
                0x000002a4                __vector_5
                0x000002a4                __vector_52
                0x000002a4                __vector_37
                0x000002a4                __vector_4
                0x000002a4                __vector_44
                0x000002a4                __vector_9
                0x000002a4                __vector_2
                0x000002a4                __vector_15
                0x000002a4                __vector_29
                0x000002a4                __vector_40
                0x000002a4                __vector_8
                0x000002a4                __vector_26
                0x000002a4                __vector_14
                0x000002a4                __vector_53
                0x000002a4                __vector_10
                0x000002a4                __vector_50
                0x000002a4                __vector_16
                0x000002a4                __vector_20
                0x000002a6                . = ALIGN (0x2)
 *(.text.*)
 .text.schreibe_Menge_in_Getraenk
                0x000002a6      0x284 Cocktail_functions.o
                0x000002a6                schreibe_Menge_in_Getraenk
 .text.schalte_pumpe_ein
                0x0000052a       0x6e Cocktail_functions.o
                0x0000052a                schalte_pumpe_ein
 .text.schalte_pumpe_aus
                0x00000598       0x6e Cocktail_functions.o
                0x00000598                schalte_pumpe_aus
 .text.lese_sensor
                0x00000606       0x74 Cocktail_functions.o
                0x00000606                lese_sensor
 .text.erstelle_Liste_zutat
                0x0000067a      0x366 Cocktail_functions.o
                0x0000067a                erstelle_Liste_zutat
 .text.setze_startanzeige
                0x000009e0       0xae Cocktail_functions.o
                0x000009e0                setze_startanzeige
 .text.fuelle_getraenk
                0x00000a8e      0x380 Cocktail_functions.o
                0x00000a8e                fuelle_getraenk
 .text.zubereitung_getraenk
                0x00000e0e       0x70 Cocktail_functions.o
                0x00000e0e                zubereitung_getraenk
 .text.erstelle_Zutatenliste
                0x00000e7e      0x21a Cocktail_functions.o
                0x00000e7e                erstelle_Zutatenliste
 .text.lese_textfile_in_getraenk
                0x00001098      0x29a Cocktail_functions.o
                0x00001098                lese_textfile_in_getraenk
 .text.bearbeite_Cocktail
                0x00001332       0xa2 Cocktail_functions.o
                0x00001332                bearbeite_Cocktail
 .text.choose_aktuellesGetraenk
                0x000013d4       0x36 Cocktail_functions.o
                0x000013d4                choose_aktuellesGetraenk
 .text.schreibe_Getraenk_in_tag
                0x0000140a      0x1ce Cocktail_functions.o
                0x0000140a                schreibe_Getraenk_in_tag
 .text.erstelle_Liste_name
                0x000015d8      0x182 Cocktail_functions.o
                0x000015d8                erstelle_Liste_name
 .text.schiebe_file_next
                0x0000175a       0x62 Cocktail_functions.o
                0x0000175a                schiebe_file_next
 .text.schiebe_file_prev
                0x000017bc       0x62 Cocktail_functions.o
                0x000017bc                schiebe_file_prev
 .text.SD_startup
                0x0000181e       0xe2 Cocktail_functions.o
                0x0000181e                SD_startup
 .text.erstelle_File
                0x00001900      0x384 Cocktail_functions.o
                0x00001900                erstelle_File
 .text.loesche_FIle
                0x00001c84       0x66 Cocktail_functions.o
                0x00001c84                loesche_FIle
 .text.lese_textfile_in_zutat
                0x00001cea      0x15a Cocktail_functions.o
                0x00001cea                lese_textfile_in_zutat
 .text.erstelle_Liste_Zutat_Pos
                0x00001e44      0x34e Cocktail_functions.o
                0x00001e44                erstelle_Liste_Zutat_Pos
 .text.setze_Posanzeige_Rot_Gruen
                0x00002192      0x10c Cocktail_functions.o
                0x00002192                setze_Posanzeige_Rot_Gruen
 .text.setze_aktuelle_Zutat_in_Maschine
                0x0000229e       0x2e Cocktail_functions.o
                0x0000229e                setze_aktuelle_Zutat_in_Maschine
 .text.send_List_Getraenke
                0x000022cc      0x1a4 Cocktail_functions.o
                0x000022cc                send_List_Getraenke
 .text.send_List_Zutaten
                0x00002470      0x16a Cocktail_functions.o
                0x00002470                send_List_Zutaten
 .text.ESP_Getraenk
                0x000025da       0xee Cocktail_functions.o
                0x000025da                ESP_Getraenk
 .text.Getraenk_erstellt
                0x000026c8      0x394 Cocktail_functions.o
                0x000026c8                Getraenk_erstellt
 .text.free_list_getraenke
                0x00002a5c       0x68 Cocktail_functions.o
                0x00002a5c                free_list_getraenke
 .text.renew_list
                0x00002ac4      0x104 Cocktail_functions.o
                0x00002ac4                renew_list
 .text.setze_standardeinstellungen
                0x00002bc8      0x2ce Cocktail_functions.o
                0x00002bc8                setze_standardeinstellungen
 .text.write_M_file
                0x00002e96      0x2be Cocktail_functions.o
                0x00002e96                write_M_file
 .text.setze_Fluessgkeit_in_Position
                0x00003154      0x2ce Cocktail_functions.o
                0x00003154                setze_Fluessgkeit_in_Position
 .text.setze_Fluessgkeit_in_Position_Aussen
                0x00003422      0x3e4 Cocktail_functions.o
                0x00003422                setze_Fluessgkeit_in_Position_Aussen
 .text.begin_erstelle_Liste_Zutat_Pos
                0x00003806       0x94 Cocktail_functions.o
                0x00003806                begin_erstelle_Liste_Zutat_Pos
 .text.check_startseite
                0x0000389a      0x268 Cocktail_Statemachine.o
                0x0000389a                check_startseite
 .text.check_zutatenanzeige
                0x00003b02       0x32 Cocktail_Statemachine.o
                0x00003b02                check_zutatenanzeige
 .text.check_listenanzeige
                0x00003b34      0x1e4 Cocktail_Statemachine.o
                0x00003b34                check_listenanzeige
 .text.check_zubabfrage
                0x00003d18       0x36 Cocktail_Statemachine.o
                0x00003d18                check_zubabfrage
 .text.check_zubbildschirm
                0x00003d4e        0xa Cocktail_Statemachine.o
                0x00003d4e                check_zubbildschirm
 .text.check_menuanzeige
                0x00003d58      0x2aa Cocktail_Statemachine.o
                0x00003d58                check_menuanzeige
 .text.check_bearbeitungsanzeige
                0x00004002      0x126 Cocktail_Statemachine.o
                0x00004002                check_bearbeitungsanzeige
 .text.check_ceinstanzeige
                0x00004128      0x23e Cocktail_Statemachine.o
                0x00004128                check_ceinstanzeige
 .text.check_reinanzeige1
                0x00004366       0x1a Cocktail_Statemachine.o
                0x00004366                check_reinanzeige1
 .text.check_reinanzeige2
                0x00004380       0x8c Cocktail_Statemachine.o
                0x00004380                check_reinanzeige2
 .text.check_reinanzeige3
                0x0000440c       0x12 Cocktail_Statemachine.o
                0x0000440c                check_reinanzeige3
 .text.check_infoanzeige
                0x0000441e        0xc Cocktail_Statemachine.o
                0x0000441e                check_infoanzeige
 .text.check_erstanzeige1
                0x0000442a      0x8aa Cocktail_Statemachine.o
                0x0000442a                check_erstanzeige1
 .text.check_erstanzeige2
                0x00004cd4      0x274 Cocktail_Statemachine.o
                0x00004cd4                check_erstanzeige2
 .text.check_loeschanzeige
                0x00004f48      0x112 Cocktail_Statemachine.o
                0x00004f48                check_loeschanzeige
 .text.check_posanzeige
                0x0000505a       0xec Cocktail_Statemachine.o
                0x0000505a                check_posanzeige
 .text.check_fluessanzeige1
                0x00005146      0x1ca Cocktail_Statemachine.o
                0x00005146                check_fluessanzeige1
 .text.check_fluessanzeige2
                0x00005310      0x166 Cocktail_Statemachine.o
                0x00005310                check_fluessanzeige2
 .text.check_fluessanzeige3
                0x00005476      0x38a Cocktail_Statemachine.o
                0x00005476                check_fluessanzeige3
 .text.check_fluessanzeige4
                0x00005800       0x46 Cocktail_Statemachine.o
                0x00005800                check_fluessanzeige4
 .text.check_RFIDAnzeige1
                0x00005846      0x63c Cocktail_Statemachine.o
                0x00005846                check_RFIDAnzeige1
 .text.check_RFIDAnzeige2
                0x00005e82      0x106 Cocktail_Statemachine.o
                0x00005e82                check_RFIDAnzeige2
 .text.check_RFIDFehler
                0x00005f88       0x12 Cocktail_Statemachine.o
                0x00005f88                check_RFIDFehler
 .text.check_ESP32
                0x00005f9a       0x2e Cocktail_Statemachine.o
                0x00005f9a                check_ESP32
 .text.check_LED
                0x00005fc8      0x1ce Cocktail_Statemachine.o
                0x00005fc8                check_LED
 .text.cocktail_check_command
                0x00006196       0xda Cocktail_Statemachine.o
                0x00006196                cocktail_check_command
 .text.check_existence
                0x00006270      0x1cc Getraenk.o
                0x00006270                check_existence
 .text.create_new_getraenk
                0x0000643c       0xe2 Getraenk.o
                0x0000643c                create_new_getraenk
 .text.cocktails_init
                0x0000651e      0x124 Getraenk.o
                0x0000651e                cocktails_init
 .text.create_new_list_node_file
                0x00006642       0x1e Getraenk.o
                0x00006642                create_new_list_node_file
 .text.insert_list_node_at_head
                0x00006660       0x56 Getraenk.o
                0x00006660                insert_list_node_at_head
 .text.create_new_tag
                0x000066b6       0x52 TAGS.o
                0x000066b6                create_new_tag
 .text.insert_tag_at_head
                0x00006708       0x56 TAGS.o
                0x00006708                insert_tag_at_head
 .text.RFID_init
                0x0000675e       0x38 TAGS.o
                0x0000675e                RFID_init
 .text.create_zutat
                0x00006796       0x44 Zutaten.o
                0x00006796                create_zutat
 .text.zutaten_init
                0x000067da      0x450 Zutaten.o
                0x000067da                zutaten_init
 .text.create_new_list_node_zut_file
                0x00006c2a       0x1e Zutaten.o
                0x00006c2a                create_new_list_node_zut_file
 .text.insert_zutat_list_node_at_head
                0x00006c48       0x56 Zutaten.o
                0x00006c48                insert_zutat_list_node_at_head
 .text.create_new_list_node_zutMaschine_file
                0x00006c9e       0x1e Zutaten.o
                0x00006c9e                create_new_list_node_zutMaschine_file
 .text.insert_zutatMaschine_list_node_at_head
                0x00006cbc       0x56 Zutaten.o
                0x00006cbc                insert_zutatMaschine_list_node_at_head
 .text.__vector_17
                0x00006d12       0x16 LED.o
                0x00006d12                __vector_17
 .text.__vector_18
                0x00006d28       0x16 LED.o
                0x00006d28                __vector_18
 .text.__vector_32
                0x00006d3e       0x16 LED.o
                0x00006d3e                __vector_32
 .text.__vector_33
                0x00006d54       0x16 LED.o
                0x00006d54                __vector_33
 .text.__vector_42
                0x00006d6a       0x16 LED.o
                0x00006d6a                __vector_42
 .text.__vector_43
                0x00006d80       0x16 LED.o
                0x00006d80                __vector_43
 .text.__vector_47
                0x00006d96       0x16 LED.o
                0x00006d96                __vector_47
 .text.__vector_48
                0x00006dac       0x16 LED.o
                0x00006dac                __vector_48
 .text.rainbow  0x00006dc2      0x1c0 LED.o
                0x00006dc2                rainbow
 .text.__vector_21
                0x00006f82      0x17a LED.o
                0x00006f82                __vector_21
 .text.create_file_node
                0x000070fc       0x30 Lists.o
                0x000070fc                create_file_node
 .text.insert_at_first
                0x0000712c       0xa8 Lists.o
                0x0000712c                insert_at_first
 .text.insert_at_end
                0x000071d4       0xa0 Lists.o
                0x000071d4                insert_at_end
 .text.display_from_beg
                0x00007274       0xe4 Lists.o
                0x00007274                display_from_beg
 .text.create_zutat_maschine_node
                0x00007358       0x90 Lists.o
                0x00007358                create_zutat_maschine_node
 .text.insert_at_end_2
                0x000073e8       0xd6 Lists.o
                0x000073e8                insert_at_end_2
 .text.display_from_beg_2
                0x000074be       0x92 Lists.o
                0x000074be                display_from_beg_2
 .text.create_list_node
                0x00007550       0x36 Lists.o
                0x00007550                create_list_node
 .text.insert_at_end_3
                0x00007586       0x98 Lists.o
                0x00007586                insert_at_end_3
 .text.IO_init  0x0000761e       0x4a Main_Func.o
                0x0000761e                IO_init
 .text.interfaces_init
                0x00007668        0xc Main_Func.o
                0x00007668                interfaces_init
 .text.devices_init
                0x00007674       0x3c Main_Func.o
                0x00007674                devices_init
 .text.speicher_init
                0x000076b0       0x44 Main_Func.o
                0x000076b0                speicher_init
 .text.ramp_init
                0x000076f4       0x16 Main_Func.o
                0x000076f4                ramp_init
 .text.check_motor_activities
                0x0000770a       0xec Main_Func.o
                0x0000770a                check_motor_activities
 .text.check_Communication_Input_UART_0
                0x000077f6       0x5a Main_Func.o
                0x000077f6                check_Communication_Input_UART_0
 .text.proceed_Communication_Input_UART_0
                0x00007850      0x118 Main_Func.o
                0x00007850                proceed_Communication_Input_UART_0
 .text.check_Communication_Input_UART_1
                0x00007968      0x112 Main_Func.o
                0x00007968                check_Communication_Input_UART_1
 .text.proceed_Communication_INPUT_UART_1
                0x00007a7a       0x94 Main_Func.o
                0x00007a7a                proceed_Communication_INPUT_UART_1
 .text.check_Communication_Input_UART_2
                0x00007b0e       0xde Main_Func.o
                0x00007b0e                check_Communication_Input_UART_2
 .text.proceed_Communication_Input_UART_2
                0x00007bec       0x26 Main_Func.o
                0x00007bec                proceed_Communication_Input_UART_2
 .text.check_Communication_Input_UART
                0x00007c12       0x14 Main_Func.o
                0x00007c12                check_Communication_Input_UART
 .text.periodic_jobs
                0x00007c26        0x6 Main_Func.o
                0x00007c26                periodic_jobs
 .text.endConversation
                0x00007c2c       0x2c Nextion_Display.o
                0x00007c2c                endConversation
 .text.nextion_change_page
                0x00007c58       0x3e Nextion_Display.o
                0x00007c58                nextion_change_page
 .text.nextion_setText
                0x00007c96       0x30 Nextion_Display.o
                0x00007c96                nextion_setText
 .text.nextion_setValue
                0x00007cc6       0x20 Nextion_Display.o
                0x00007cc6                nextion_setValue
 .text.nextion_setPicture
                0x00007ce6       0x4c Nextion_Display.o
                0x00007ce6                nextion_setPicture
 .text.nextion_getSliderValue
                0x00007d32       0x8e Nextion_Display.o
                0x00007d32                nextion_getSliderValue
 .text.nextion_disableButton
                0x00007dc0       0x72 Nextion_Display.o
                0x00007dc0                nextion_disableButton
 .text.nextion_enableButton
                0x00007e32       0x72 Nextion_Display.o
                0x00007e32                nextion_enableButton
 .text.nextion_visible_off
                0x00007ea4       0x72 Nextion_Display.o
                0x00007ea4                nextion_visible_off
 .text.nextion_visible_on
                0x00007f16       0x72 Nextion_Display.o
                0x00007f16                nextion_visible_on
 .text.RB_init  0x00007f88        0x8 ring_buffer.o
                0x00007f88                RB_init
 .text.RB_free  0x00007f90       0x16 ring_buffer.o
                0x00007f90                RB_free
 .text.RB_length
                0x00007fa6       0x18 ring_buffer.o
                0x00007fa6                RB_length
 .text.RB_readByte
                0x00007fbe       0x28 ring_buffer.o
                0x00007fbe                RB_readByte
 .text.RB_writeByte
                0x00007fe6       0x3a ring_buffer.o
                0x00007fe6                RB_writeByte
 .text.getFirstSector
                0x00008020       0x42 FAT32.o
                0x00008020                getFirstSector
 .text.getSetNextCluster
                0x00008062       0xf2 FAT32.o
                0x00008062                getSetNextCluster
 .text.getSetFreeCluster
                0x00008154      0x124 FAT32.o
                0x00008154                getSetFreeCluster
 .text.getBootSectorData
                0x00008278      0x180 FAT32.o
                0x00008278                getBootSectorData
 .text.convertFileName
                0x000083f8      0x120 FAT32.o
                0x000083f8                convertFileName
 .text.searchNextFreeCluster
                0x00008518      0x144 FAT32.o
                0x00008518                searchNextFreeCluster
 .text.displayMemory
                0x0000865c       0xc2 FAT32.o
                0x0000865c                displayMemory
 .text.freeMemoryUpdate
                0x0000871e       0xdc FAT32.o
                0x0000871e                freeMemoryUpdate
 .text.findFiles
                0x000087fa      0x3fc FAT32.o
                0x000087fa                findFiles
 .text.readFile
                0x00008bf6      0x19e FAT32.o
                0x00008bf6                readFile
 .text.deleteFile
                0x00008d94       0x18 FAT32.o
                0x00008d94                deleteFile
 .text.writeFile
                0x00008dac      0x82e FAT32.o
                0x00008dac                writeFile
 .text.SD_sendCommand
                0x000095da       0xb4 SD_routines.o
                0x000095da                SD_sendCommand
 .text.SD_init  0x0000968e      0x10e SD_routines.o
                0x0000968e                SD_init
 .text.SD_readSingleBlock
                0x0000979c       0x52 SD_routines.o
                0x0000979c                SD_readSingleBlock
 .text.SD_writeSingleBlock
                0x000097ee       0x84 SD_routines.o
                0x000097ee                SD_writeSingleBlock
 .text.linear_ramp_init
                0x00009872       0xb4 ramp1.o
                0x00009872                linear_ramp_init
 .text.linear_ramp_set_defaults
                0x00009926       0xcc ramp1.o
                0x00009926                linear_ramp_set_defaults
 .text.calculateRamp
                0x000099f2       0x38 ramp1.o
                0x000099f2                calculateRamp
 .text.iterate_timer
                0x00009a2a       0x28 ramp1.o
                0x00009a2a                iterate_timer
 .text.position_func
                0x00009a52       0xe4 ramp1.o
                0x00009a52                position_func
 .text.velocity_func
                0x00009b36       0x48 ramp1.o
                0x00009b36                velocity_func
 .text.computeRamp
                0x00009b7e      0x2cc ramp1.o
                0x00009b7e                computeRamp
 .text.__vector_13
                0x00009e4a       0x56 ramp1.o
                0x00009e4a                __vector_13
 .text.ramp_pwm_init
                0x00009ea0       0x26 ramp1.o
                0x00009ea0                ramp_pwm_init
 .text.softspi_clk_low
                0x00009ec6        0x4 Software_SPI.o
                0x00009ec6                softspi_clk_low
 .text.softspi_clk_high
                0x00009eca        0x4 Software_SPI.o
                0x00009eca                softspi_clk_high
 .text.softspi_mosi_low
                0x00009ece        0x4 Software_SPI.o
                0x00009ece                softspi_mosi_low
 .text.softspi_mosi_high
                0x00009ed2        0x4 Software_SPI.o
                0x00009ed2                softspi_mosi_high
 .text.softspi_write_bit
                0x00009ed6       0x2c Software_SPI.o
                0x00009ed6                softspi_write_bit
 .text.softspi_write_uint8
                0x00009f02       0x36 Software_SPI.o
                0x00009f02                softspi_write_uint8
 .text.softspi_read_bit
                0x00009f38       0x3e Software_SPI.o
                0x00009f38                softspi_read_bit
 .text.softspi_read_uint8
                0x00009f76       0x58 Software_SPI.o
                0x00009f76                softspi_read_uint8
 .text.spi_transmit
                0x00009fce        0xa SPI.o
                0x00009fce                spi_transmit
 .text.spi_receive
                0x00009fd8        0xe SPI.o
                0x00009fd8                spi_receive
 .text.enable_Slave
                0x00009fe6       0x30 SPI.o
                0x00009fe6                enable_Slave
 .text.disable_Slave
                0x0000a016       0x20 SPI.o
                0x0000a016                disable_Slave
 .text.SPI_init
                0x0000a036       0x18 SPI.o
                0x0000a036                SPI_init
 .text.tmc40bit_writeInt
                0x0000a04e      0x112 tmc4671.o
                0x0000a04e                tmc40bit_writeInt
 .text.tmc4671_writeInt
                0x0000a160        0x4 tmc4671.o
                0x0000a160                tmc4671_writeInt
 .text.tmc40bit_readInt
                0x0000a164      0x16e tmc4671.o
                0x0000a164                tmc40bit_readInt
 .text.tmc4671_readInt
                0x0000a2d2        0x4 tmc4671.o
                0x0000a2d2                tmc4671_readInt
 .text.read_registers_TMC4671
                0x0000a2d6       0x42 tmc4671.o
                0x0000a2d6                read_registers_TMC4671
 .text.encoder_testdrive
                0x0000a318       0xf0 tmc4671.o
                0x0000a318                encoder_testdrive
 .text.tmc4671_switchToMotionMode
                0x0000a408       0x2c tmc4671.o
                0x0000a408                tmc4671_switchToMotionMode
 .text.tmc4671_setAbsolutTargetPosition
                0x0000a434       0x2c tmc4671.o
                0x0000a434                tmc4671_setAbsolutTargetPosition
 .text.initTMC4671_Encoder
                0x0000a460      0x238 tmc4671.o
                0x0000a460                initTMC4671_Encoder
 .text.tmc4671_getActualPosition
                0x0000a698        0x8 tmc4671.o
                0x0000a698                tmc4671_getActualPosition
 .text.tmc6200_readInt
                0x0000a6a0      0x166 TMC6200.o
                0x0000a6a0                tmc6200_readInt
 .text.tmc6200_writeInt
                0x0000a806      0x10e TMC6200.o
                0x0000a806                tmc6200_writeInt
 .text.initTMC6200
                0x0000a914       0x66 TMC6200.o
                0x0000a914                initTMC6200
 .text.read_registers_TMC6200
                0x0000a97a       0x44 TMC6200.o
                0x0000a97a                read_registers_TMC6200
 .text.tx_completed
                0x0000a9be        0x6 UART.o
                0x0000a9be                tx_completed
 .text.UART_init
                0x0000a9c4       0xb0 UART.o
                0x0000a9c4                UART_init
 .text.Uart_Transmit_IT_PC
                0x0000aa74       0x2c UART.o
                0x0000aa74                Uart_Transmit_IT_PC
 .text.Uart_Transmit_IT_Display
                0x0000aaa0       0x2c UART.o
                0x0000aaa0                Uart_Transmit_IT_Display
 .text.Uart_Transmit_IT_ESP
                0x0000aacc       0x2c UART.o
                0x0000aacc                Uart_Transmit_IT_ESP
 .text.__vector_25
                0x0000aaf8       0x58 UART.o
                0x0000aaf8                __vector_25
 .text.__vector_36
                0x0000ab50       0x58 UART.o
                0x0000ab50                __vector_36
 .text.__vector_51
                0x0000aba8       0x58 UART.o
                0x0000aba8                __vector_51
 .text.transmitByte
                0x0000ac00       0x10 UART.o
                0x0000ac00                transmitByte
 .text.transmitString
                0x0000ac10       0x1c UART.o
                0x0000ac10                transmitString
 .text.main     0x0000ac2c       0x5a main.o
                0x0000ac2c                main
 .text.avr-libc.fplib
                0x0000ac86        0xa c:/program files (x86)/atmel/studio/7.0/toolchain/avr8/avr8-gnu-toolchain/bin/../lib/gcc/avr/5.4.0/../../../../avr/lib/avr6\libm.a(addsf3.o)
                0x0000ac86                __subsf3
                0x0000ac88                __addsf3
 .text.avr-libc.fplib
                0x0000ac90       0xc0 c:/program files (x86)/atmel/studio/7.0/toolchain/avr8/avr8-gnu-toolchain/bin/../lib/gcc/avr/5.4.0/../../../../avr/lib/avr6\libm.a(addsf3x.o)
                0x0000acaa                __addsf3x
 .text.avr-libc.fplib
                0x0000ad50        0x8 c:/program files (x86)/atmel/studio/7.0/toolchain/avr8/avr8-gnu-toolchain/bin/../lib/gcc/avr/5.4.0/../../../../avr/lib/avr6\libm.a(cmpsf2.o)
                0x0000ad50                __nesf2
                0x0000ad50                __eqsf2
                0x0000ad50                __cmpsf2
                0x0000ad50                __ltsf2
                0x0000ad50                __lesf2
 .text.avr-libc.fplib
                0x0000ad58        0x4 c:/program files (x86)/atmel/studio/7.0/toolchain/avr8/avr8-gnu-toolchain/bin/../lib/gcc/avr/5.4.0/../../../../avr/lib/avr6\libm.a(divsf3.o)
                0x0000ad58                __divsf3
 .text.avr-libc.fplib
                0x0000ad5c       0xcc c:/program files (x86)/atmel/studio/7.0/toolchain/avr8/avr8-gnu-toolchain/bin/../lib/gcc/avr/5.4.0/../../../../avr/lib/avr6\libm.a(divsf3x.o)
                0x0000ad72                __divsf3x
                0x0000ad76                __divsf3_pse
 .text.avr-libc.fplib
                0x0000ae28       0x58 c:/program files (x86)/atmel/studio/7.0/toolchain/avr8/avr8-gnu-toolchain/bin/../lib/gcc/avr/5.4.0/../../../../avr/lib/avr6\libm.a(fixunssfsi.o)
                0x0000ae28                __fixunssfsi
 .text.avr-libc.fplib
                0x0000ae80       0x7a c:/program files (x86)/atmel/studio/7.0/toolchain/avr8/avr8-gnu-toolchain/bin/../lib/gcc/avr/5.4.0/../../../../avr/lib/avr6\libm.a(floatsisf.o)
                0x0000ae80                __floatunsisf
                0x0000ae84                __floatsisf
 .text.avr-libc.fplib
                0x0000aefa       0x48 c:/program files (x86)/atmel/studio/7.0/toolchain/avr8/avr8-gnu-toolchain/bin/../lib/gcc/avr/5.4.0/../../../../avr/lib/avr6\libm.a(fp_cmp.o)
                0x0000aefa                __fp_cmp
 .text.avr-libc.fplib
                0x0000af42        0xc c:/program files (x86)/atmel/studio/7.0/toolchain/avr8/avr8-gnu-toolchain/bin/../lib/gcc/avr/5.4.0/../../../../avr/lib/avr6\libm.a(fp_inf.o)
                0x0000af42                __fp_inf
 .text.avr-libc.fplib
                0x0000af4e        0x6 c:/program files (x86)/atmel/studio/7.0/toolchain/avr8/avr8-gnu-toolchain/bin/../lib/gcc/avr/5.4.0/../../../../avr/lib/avr6\libm.a(fp_nan.o)
                0x0000af4e                __fp_nan
 .text.avr-libc.fplib
                0x0000af54        0xe c:/program files (x86)/atmel/studio/7.0/toolchain/avr8/avr8-gnu-toolchain/bin/../lib/gcc/avr/5.4.0/../../../../avr/lib/avr6\libm.a(fp_pscA.o)
                0x0000af54                __fp_pscA
 .text.avr-libc.fplib
                0x0000af62        0xe c:/program files (x86)/atmel/studio/7.0/toolchain/avr8/avr8-gnu-toolchain/bin/../lib/gcc/avr/5.4.0/../../../../avr/lib/avr6\libm.a(fp_pscB.o)
                0x0000af62                __fp_pscB
 .text.avr-libc.fplib
                0x0000af70       0x22 c:/program files (x86)/atmel/studio/7.0/toolchain/avr8/avr8-gnu-toolchain/bin/../lib/gcc/avr/5.4.0/../../../../avr/lib/avr6\libm.a(fp_round.o)
                0x0000af70                __fp_round
 .text.avr-libc.fplib
                0x0000af92       0x44 c:/program files (x86)/atmel/studio/7.0/toolchain/avr8/avr8-gnu-toolchain/bin/../lib/gcc/avr/5.4.0/../../../../avr/lib/avr6\libm.a(fp_split3.o)
                0x0000af92                __fp_split3
                0x0000afa2                __fp_splitA
 .text.avr-libc.fplib
                0x0000afd6        0xe c:/program files (x86)/atmel/studio/7.0/toolchain/avr8/avr8-gnu-toolchain/bin/../lib/gcc/avr/5.4.0/../../../../avr/lib/avr6\libm.a(fp_zero.o)
                0x0000afd6                __fp_zero
                0x0000afd8                __fp_szero
 .text.avr-libc.fplib
                0x0000afe4        0x8 c:/program files (x86)/atmel/studio/7.0/toolchain/avr8/avr8-gnu-toolchain/bin/../lib/gcc/avr/5.4.0/../../../../avr/lib/avr6\libm.a(gesf2.o)
                0x0000afe4                __gesf2
                0x0000afe4                __gtsf2
 .text.avr-libc.fplib
                0x0000afec        0x4 c:/program files (x86)/atmel/studio/7.0/toolchain/avr8/avr8-gnu-toolchain/bin/../lib/gcc/avr/5.4.0/../../../../avr/lib/avr6\libm.a(mulsf3.o)
                0x0000afec                __mulsf3
 .text.avr-libc.fplib
                0x0000aff0       0xc2 c:/program files (x86)/atmel/studio/7.0/toolchain/avr8/avr8-gnu-toolchain/bin/../lib/gcc/avr/5.4.0/../../../../avr/lib/avr6\libm.a(mulsf3x.o)
                0x0000b004                __mulsf3x
                0x0000b008                __mulsf3_pse
 .text.avr-libc.fplib
                0x0000b0b2       0x84 c:/program files (x86)/atmel/studio/7.0/toolchain/avr8/avr8-gnu-toolchain/bin/../lib/gcc/avr/5.4.0/../../../../avr/lib/avr6\libm.a(sqrt.o)
                0x0000b0ba                sqrtf
                0x0000b0ba                sqrt
 .text.avr-libc.fplib
                0x0000b136       0x1c c:/program files (x86)/atmel/studio/7.0/toolchain/avr8/avr8-gnu-toolchain/bin/../lib/gcc/avr/5.4.0/../../../../avr/lib/avr6\libm.a(fp_mpack.o)
                0x0000b136                __fp_mpack
                0x0000b13a                __fp_mpack_finite
 .text.avr-libc.fplib
                0x0000b152        0xe c:/program files (x86)/atmel/studio/7.0/toolchain/avr8/avr8-gnu-toolchain/bin/../lib/gcc/avr/5.4.0/../../../../avr/lib/avr6\libm.a(fp_norm2.o)
                0x0000b152                __fp_norm2
 .text.libgcc.mul
                0x0000b160       0x1e c:/program files (x86)/atmel/studio/7.0/toolchain/avr8/avr8-gnu-toolchain/bin/../lib/gcc/avr/5.4.0/avr6\libgcc.a(_mulsi3.o)
                0x0000b160                __mulsi3
 .text.libgcc.div
                0x0000b17e       0x44 c:/program files (x86)/atmel/studio/7.0/toolchain/avr8/avr8-gnu-toolchain/bin/../lib/gcc/avr/5.4.0/avr6\libgcc.a(_udivmodsi4.o)
                0x0000b17e                __udivmodsi4
 .text.libgcc.div
                0x0000b1c2       0x28 c:/program files (x86)/atmel/studio/7.0/toolchain/avr8/avr8-gnu-toolchain/bin/../lib/gcc/avr/5.4.0/avr6\libgcc.a(_divmodsi4.o)
                0x0000b1c2                __divmodsi4
 .text.libgcc.div
                0x0000b1ea       0x10 c:/program files (x86)/atmel/studio/7.0/toolchain/avr8/avr8-gnu-toolchain/bin/../lib/gcc/avr/5.4.0/avr6\libgcc.a(_negsi2.o)
                0x0000b1ea                __negsi2
 .text.libgcc   0x0000b1fa       0x10 c:/program files (x86)/atmel/studio/7.0/toolchain/avr8/avr8-gnu-toolchain/bin/../lib/gcc/avr/5.4.0/avr6\libgcc.a(_tablejump2.o)
                0x0000b1fa                __tablejump2__
 .text.libgcc.mul
                0x0000b20a       0x1e c:/program files (x86)/atmel/studio/7.0/toolchain/avr8/avr8-gnu-toolchain/bin/../lib/gcc/avr/5.4.0/avr6\libgcc.a(_umulhisi3.o)
                0x0000b20a                __umulhisi3
 .text.libgcc.mul
                0x0000b228       0x14 c:/program files (x86)/atmel/studio/7.0/toolchain/avr8/avr8-gnu-toolchain/bin/../lib/gcc/avr/5.4.0/avr6\libgcc.a(_muluhisi3.o)
                0x0000b228                __muluhisi3
 .text.avr-libc
                0x0000b23c       0x34 c:/program files (x86)/atmel/studio/7.0/toolchain/avr8/avr8-gnu-toolchain/bin/../lib/gcc/avr/5.4.0/../../../../avr/lib/avr6\libc.a(calloc.o)
                0x0000b23c                calloc
 .text.avr-libc
                0x0000b270      0x242 c:/program files (x86)/atmel/studio/7.0/toolchain/avr8/avr8-gnu-toolchain/bin/../lib/gcc/avr/5.4.0/../../../../avr/lib/avr6\libc.a(malloc.o)
                0x0000b270                malloc
                0x0000b3a0                free
 .text.avr-libc
                0x0000b4b2       0x3a c:/program files (x86)/atmel/studio/7.0/toolchain/avr8/avr8-gnu-toolchain/bin/../lib/gcc/avr/5.4.0/../../../../avr/lib/avr6\libc.a(atoi.o)
                0x0000b4b2                atoi
 .text.avr-libc
                0x0000b4ec        0x6 c:/program files (x86)/atmel/studio/7.0/toolchain/avr8/avr8-gnu-toolchain/bin/../lib/gcc/avr/5.4.0/../../../../avr/lib/avr6\libc.a(strtok.o)
                0x0000b4ec                strtok
 .text.avr-libc
                0x0000b4f2        0xe c:/program files (x86)/atmel/studio/7.0/toolchain/avr8/avr8-gnu-toolchain/bin/../lib/gcc/avr/5.4.0/../../../../avr/lib/avr6\libc.a(memset.o)
                0x0000b4f2                memset
 .text.avr-libc
                0x0000b500       0x16 c:/program files (x86)/atmel/studio/7.0/toolchain/avr8/avr8-gnu-toolchain/bin/../lib/gcc/avr/5.4.0/../../../../avr/lib/avr6\libc.a(strcat.o)
                0x0000b500                strcat
 .text.avr-libc
                0x0000b516       0x12 c:/program files (x86)/atmel/studio/7.0/toolchain/avr8/avr8-gnu-toolchain/bin/../lib/gcc/avr/5.4.0/../../../../avr/lib/avr6\libc.a(strcmp.o)
                0x0000b516                strcmp
 .text.avr-libc
                0x0000b528        0xe c:/program files (x86)/atmel/studio/7.0/toolchain/avr8/avr8-gnu-toolchain/bin/../lib/gcc/avr/5.4.0/../../../../avr/lib/avr6\libc.a(strcpy.o)
                0x0000b528                strcpy
 .text.avr-libc
                0x0000b536       0x4e c:/program files (x86)/atmel/studio/7.0/toolchain/avr8/avr8-gnu-toolchain/bin/../lib/gcc/avr/5.4.0/../../../../avr/lib/avr6\libc.a(strtok_r.o)
                0x0000b536                strtok_r
 .text.avr-libc
                0x0000b584       0x14 c:/program files (x86)/atmel/studio/7.0/toolchain/avr8/avr8-gnu-toolchain/bin/../lib/gcc/avr/5.4.0/../../../../avr/lib/avr6\libc.a(itoa_ncheck.o)
                0x0000b584                __itoa_ncheck
 .text.avr-libc
                0x0000b598       0x10 c:/program files (x86)/atmel/studio/7.0/toolchain/avr8/avr8-gnu-toolchain/bin/../lib/gcc/avr/5.4.0/../../../../avr/lib/avr6\libc.a(mul10.o)
                0x0000b598                __mulhi_const_10
 .text.avr-libc
                0x0000b5a8       0x32 c:/program files (x86)/atmel/studio/7.0/toolchain/avr8/avr8-gnu-toolchain/bin/../lib/gcc/avr/5.4.0/../../../../avr/lib/avr6\libc.a(utoa_ncheck.o)
                0x0000b5a8                __utoa_ncheck
                0x0000b5aa                __utoa_common
 .text.avr-libc
                0x0000b5da       0x20 c:/program files (x86)/atmel/studio/7.0/toolchain/avr8/avr8-gnu-toolchain/bin/../lib/gcc/avr/5.4.0/../../../../avr/lib/avr6\libc.a(strrev.o)
                0x0000b5da                strrev
 .text.avr-libc
                0x0000b5fa       0x10 C:/Program Files (x86)/Atmel/Studio/7.0/Packs/atmel/ATmega_DFP/1.3.300/gcc/dev/atmega2560/avr6\libatmega2560.a(eerd_byte.o)
                0x0000b5fa                eeprom_read_byte
                0x0000b60a                . = ALIGN (0x2)
 *(.fini9)
 .fini9         0x0000b60a        0x0 c:/program files (x86)/atmel/studio/7.0/toolchain/avr8/avr8-gnu-toolchain/bin/../lib/gcc/avr/5.4.0/avr6\libgcc.a(_exit.o)
                0x0000b60a                _exit
                0x0000b60a                exit
 *(.fini9)
 *(.fini8)
 *(.fini8)
 *(.fini7)
 *(.fini7)
 *(.fini6)
 *(.fini6)
 *(.fini5)
 *(.fini5)
 *(.fini4)
 *(.fini4)
 *(.fini3)
 *(.fini3)
 *(.fini2)
 *(.fini2)
 *(.fini1)
 *(.fini1)
 *(.fini0)
 .fini0         0x0000b60a        0x4 c:/program files (x86)/atmel/studio/7.0/toolchain/avr8/avr8-gnu-toolchain/bin/../lib/gcc/avr/5.4.0/avr6\libgcc.a(_exit.o)
 *(.fini0)
                0x0000b60e                _etext = .

.data           0x00800200      0xa60 load address 0x0000b60e
                0x00800200                PROVIDE (__data_start, .)
 *(.data)
 .data          0x00800200        0x6 c:/program files (x86)/atmel/studio/7.0/toolchain/avr8/avr8-gnu-toolchain/bin/../lib/gcc/avr/5.4.0/../../../../avr/lib/avr6\libc.a(malloc.o)
                0x00800200                __malloc_heap_end
                0x00800202                __malloc_heap_start
                0x00800204                __malloc_margin
 *(.data*)
 *(.gnu.linkonce.d*)
 *(.rodata)
 .rodata        0x00800206       0x30 Cocktail_functions.o
 *(.rodata*)
 .rodata.str1.1
                0x00800236      0x40c Cocktail_functions.o
                                0x431 (size before relaxing)
 .rodata.str1.1
                0x00800642      0x1a5 Cocktail_Statemachine.o
                                0x205 (size before relaxing)
 .rodata.str1.1
                0x008007e7       0x28 Getraenk.o
                                 0x3d (size before relaxing)
 .rodata.str1.1
                0x0080080f        0x1 TAGS.o
 .rodata.str1.1
                0x0080080f        0x2 Zutaten.o
                                  0xd (size before relaxing)
 .rodata.str1.1
                0x00800811      0x218 Lists.o
                                0x21d (size before relaxing)
 .rodata.str1.1
                0x00800a29       0x8b Main_Func.o
                                 0x9a (size before relaxing)
 .rodata.str1.1
                0x00800ab4       0x2f Nextion_Display.o
 .rodata.str1.1
                0x00800ae3      0x128 FAT32.o
 .rodata.str1.1
                0x00800c0b       0x2c tmc4671.o
                                 0x32 (size before relaxing)
 .rodata.str1.1
                0x00800c37       0x29 TMC6200.o
                                 0x32 (size before relaxing)
 *(.gnu.linkonce.r*)
                0x00800c60                . = ALIGN (0x2)
                0x00800c60                _edata = .
                0x00800c60                PROVIDE (__data_end, .)

.bss            0x00800c60      0x808
                0x00800c60                PROVIDE (__bss_start, .)
 *(.bss)
 .bss           0x00800c60        0x2 c:/program files (x86)/atmel/studio/7.0/toolchain/avr8/avr8-gnu-toolchain/bin/../lib/gcc/avr/5.4.0/../../../../avr/lib/avr6\libc.a(strtok.o)
 *(.bss*)
 .bss.count.3631
                0x00800c62        0x4 Cocktail_functions.o
 .bss.oldval.3630
                0x00800c66        0x1 Cocktail_functions.o
 .bss.cntr_End_UART_2
                0x00800c67        0x1 main.o
                0x00800c67                cntr_End_UART_2
 .bss.cntr_UART_2
                0x00800c68        0x1 main.o
                0x00800c68                cntr_UART_2
 .bss.cntr_End_UART_1
                0x00800c69        0x1 main.o
                0x00800c69                cntr_End_UART_1
 .bss.cntr_UART_1
                0x00800c6a        0x1 main.o
                0x00800c6a                cntr_UART_1
 .bss.cntr_End_UART_0
                0x00800c6b        0x1 main.o
                0x00800c6b                cntr_End_UART_0
 .bss.cntr_UART_0
                0x00800c6c        0x1 main.o
                0x00800c6c                cntr_UART_0
 *(COMMON)
 COMMON         0x00800c6d      0x675 Cocktail_functions.o
                0x00800c6d                buffer2_getraenk_file_alle
                0x00800c6f                number_zutaten_maschine_ohne
                0x00800c71                aktuelles_Zutat_file_ausser_Maschine_mit_KS
                0x00800c73                ptr_zutat_maschine_node
                0x00800c75                buffer_zut_in_Maschine_ohne_KS
                0x00800c77                Position
                0x00800c7b                head_zutat_list_node
                0x00800c7d                number_list_
                0x00800c7f                number_getraenk_alle_
                0x00800c81                number_zutaten_mit_
                0x00800c83                number_zutaten_mit
                0x00800c85                rainbow_i
                0x00800c87                Liste
                0x00800c88                number_zutaten_maschine_ohne_
                0x00800c8a                head_tag
                0x00800c8c                aktuelle_zutat_list_node
                0x00800c8e                appendFileLocation
                0x00800c92                aktuelle_zutat
                0x00800c94                tail_getraenk_file_alle
                0x00800c96                count_bla
                0x00800c9a                compute
                0x00800c9b                fileName
                0x00800ca8                new_file_node
                0x00800caa                buffer_zutat_file
                0x00800cac                tail_zutat_file_ohne
                0x00800cae                firstDataSector
                0x00800cb2                ptr_tx_completed_1
                0x00800cb4                fileSize
                0x00800cb8                bytesPerSector
                0x00800cba                number_zutaten_maschine_mit
                0x00800cbc                i_Liste_test_cnt
                0x00800cbd                totalClusters
                0x00800cc1                option
                0x00800cc2                aktuelles_Zutat_file_in_Maschine_ohne_KS
                0x00800cc4                ramp
                0x00800cc6                number_main
                0x00800cc8                number_zutaten_ohne_
                0x00800cca                buffer_zutat_list_node
                0x00800ccc                head_zutatMaschine_list_node
                0x00800cce                ptr_file_node
                0x00800cd0                Grossschreib
                0x00800cd1                rootCluster
                0x00800cd5                block_list_runter
                0x00800cd6                new_list_node
                0x00800cd8                head_zutat_maschine_mit
                0x00800cda                state
                0x00800cdc                light
                0x00800cdd                rb_rx_ESP
                0x00800dde                startBlock
                0x00800de2                aktueller_tag
                0x00800de4                tail
                0x00800de6                aktuelle_Zutat_in_Maschine_ohne_KS
                0x00800de8                head
                0x00800dea                i
                0x00800dec                head_getraenk_file_alle
                0x00800dee                new_zutat_maschine_node
                0x00800df0                tail_zutatMaschine_list_node
                0x00800df2                address_Standardwiederherstellung
                0x00800df4                rb_rx_Display
                0x00800ef5                buffer_getraenk_file_alle
                0x00800ef7                tail_tag
                0x00800ef9                buffer
                0x008010f9                tail_zutat_file_mit
                0x008010fb                externes_Getraenk_flag
                0x008010fc                SPI_Slave
                0x008010fd                sectorPerCluster
                0x008010ff                ptr_tx_completed_2
                0x00801101                states
                0x00801102                block_list_hoch
                0x00801103                unusedSectors
                0x00801107                head_zutat_file_mit
                0x00801109                SDHC_flag
                0x0080110a                counter
                0x0080110b                number_getraenk_alle
                0x0080110d                totalBlocks
                0x00801111                data
                0x00801112                buff_name
                0x00801127                reservedSectorCount
                0x00801129                kohlensaeure_mode
                0x0080112a                tail_zutat_list_node
                0x0080112c                number_zutaten_ohne
                0x0080112e                ptr_tx_completed_3
                0x00801130                rb_rx_PC
                0x00801231                address_getraenk
                0x00801233                appendStartCluster
                0x00801237                ptr_list_node
                0x00801239                cardType
                0x0080123a                error
                0x0080123b                aktuelle_Zutat_ausser_Maschine_mit_KS
                0x0080123d                buffer_zutatMaschine_list_node
                0x0080123f                head_zutat_file_ohne
                0x00801241                actual_list_node_getraenk
                0x00801243                gui_pages
                0x00801244                head_list_node_getraenk
                0x00801246                actual_getraenk_file_alle
                0x00801248                tail_list_node_getraenk
                0x0080124a                number_zutaten_maschine_mit_
                0x0080124c                i_Liste
                0x0080124d                i_Liste_test
                0x0080127f                number_list
                0x00801281                freeClusterCountUpdated
                0x00801282                stop
                0x00801283                FAT32_active
                0x00801284                appendFileSector
                0x00801288                head_zutat_maschine_ohne
                0x0080128a                aktuellesGetraenk
                0x0080128c                aRamp
                0x008012d5                ptr_tx_completed_0
                0x008012d7                number_main_ptr
                0x008012d9                buffer_zut_ausser_Maschine_mit_KS
                0x008012db                aktuelle_zutatMaschine_list_node
                0x008012dd                tail_zutat_maschine_ohne
                0x008012df                SPI_State
                0x008012e0                tail_zutat_maschine_mit
 COMMON         0x008012e2      0x182 main.o
                0x008012e2                INPUT_UART_0
                0x00801362                INPUT_UART_1
                0x008013e2                ptr_Uart_1
                0x008013e4                INPUT_UART_2
 COMMON         0x00801464        0x4 c:/program files (x86)/atmel/studio/7.0/toolchain/avr8/avr8-gnu-toolchain/bin/../lib/gcc/avr/5.4.0/../../../../avr/lib/avr6\libc.a(malloc.o)
                0x00801464                __brkval
                0x00801466                __flp
                0x00801468                PROVIDE (__bss_end, .)
                0x0000b60e                __data_load_start = LOADADDR (.data)
                0x0000c06e                __data_load_end = (__data_load_start + SIZEOF (.data))

.noinit         0x00801468        0x0
                [!provide]                PROVIDE (__noinit_start, .)
 *(.noinit*)
                [!provide]                PROVIDE (__noinit_end, .)
                0x00801468                _end = .
                0x00801468                PROVIDE (__heap_start, .)

.eeprom         0x00810000        0x0
 *(.eeprom*)
                0x00810000                __eeprom_end = .

.fuse
 *(.fuse)
 *(.lfuse)
 *(.hfuse)
 *(.efuse)

.lock
 *(.lock*)

.signature
 *(.signature*)

.user_signatures
 *(.user_signatures*)

.stab
 *(.stab)

.stabstr
 *(.stabstr)

.stab.excl
 *(.stab.excl)

.stab.exclstr
 *(.stab.exclstr)

.stab.index
 *(.stab.index)

.stab.indexstr
 *(.stab.indexstr)

.comment        0x00000000       0x30
 *(.comment)
 .comment       0x00000000       0x30 Cocktail_functions.o
                                 0x31 (size before relaxing)
 .comment       0x00000030       0x31 Cocktail_Statemachine.o
 .comment       0x00000030       0x31 Getraenk.o
 .comment       0x00000030       0x31 TAGS.o
 .comment       0x00000030       0x31 Zutaten.o
 .comment       0x00000030       0x31 LED.o
 .comment       0x00000030       0x31 Lists.o
 .comment       0x00000030       0x31 Main_Func.o
 .comment       0x00000030       0x31 Nextion_Display.o
 .comment       0x00000030       0x31 ring_buffer.o
 .comment       0x00000030       0x31 FAT32.o
 .comment       0x00000030       0x31 SD_routines.o
 .comment       0x00000030       0x31 ramp1.o
 .comment       0x00000030       0x31 Software_SPI.o
 .comment       0x00000030       0x31 SPI.o
 .comment       0x00000030       0x31 tmc4671.o
 .comment       0x00000030       0x31 TMC6200.o
 .comment       0x00000030       0x31 UART.o
 .comment       0x00000030       0x31 main.o
 .comment       0x00000030       0x31 c:/program files (x86)/atmel/studio/7.0/toolchain/avr8/avr8-gnu-toolchain/bin/../lib/gcc/avr/5.4.0/../../../../avr/lib/avr6\libc.a(calloc.o)
 .comment       0x00000030       0x31 c:/program files (x86)/atmel/studio/7.0/toolchain/avr8/avr8-gnu-toolchain/bin/../lib/gcc/avr/5.4.0/../../../../avr/lib/avr6\libc.a(malloc.o)
 .comment       0x00000030       0x31 c:/program files (x86)/atmel/studio/7.0/toolchain/avr8/avr8-gnu-toolchain/bin/../lib/gcc/avr/5.4.0/../../../../avr/lib/avr6\libc.a(strtok.o)

.note.gnu.avr.deviceinfo
                0x00000000       0x40
 .note.gnu.avr.deviceinfo
                0x00000000       0x40 C:/Program Files (x86)/Atmel/Studio/7.0/Packs/atmel/ATmega_DFP/1.3.300/gcc/dev/atmega2560/avr6/crtatmega2560.o

.note.gnu.build-id
 *(.note.gnu.build-id)

.debug
 *(.debug)

.line
 *(.line)

.debug_srcinfo
 *(.debug_srcinfo)

.debug_sfnames
 *(.debug_sfnames)

.debug_aranges  0x00000000      0xac0
 *(.debug_aranges)
 .debug_aranges
                0x00000000      0x140 Cocktail_functions.o
 .debug_aranges
                0x00000140       0xf8 Cocktail_Statemachine.o
 .debug_aranges
                0x00000238       0x60 Getraenk.o
 .debug_aranges
                0x00000298       0x30 TAGS.o
 .debug_aranges
                0x000002c8       0x48 Zutaten.o
 .debug_aranges
                0x00000310       0x88 LED.o
 .debug_aranges
                0x00000398      0x120 Lists.o
 .debug_aranges
                0x000004b8       0xa8 Main_Func.o
 .debug_aranges
                0x00000560       0x68 Nextion_Display.o
 .debug_aranges
                0x000005c8       0x50 ring_buffer.o
 .debug_aranges
                0x00000618       0x80 FAT32.o
 .debug_aranges
                0x00000698       0x40 SD_routines.o
 .debug_aranges
                0x000006d8       0x90 ramp1.o
 .debug_aranges
                0x00000768       0x70 Software_SPI.o
 .debug_aranges
                0x000007d8       0x48 SPI.o
 .debug_aranges
                0x00000820      0x1b8 tmc4671.o
 .debug_aranges
                0x000009d8       0x38 TMC6200.o
 .debug_aranges
                0x00000a10       0x70 UART.o
 .debug_aranges
                0x00000a80       0x20 main.o
 .debug_aranges
                0x00000aa0       0x20 C:/Program Files (x86)/Atmel/Studio/7.0/Packs/atmel/ATmega_DFP/1.3.300/gcc/dev/atmega2560/avr6\libatmega2560.a(eerd_byte.o)

.debug_pubnames
 *(.debug_pubnames)

.debug_info     0x00000000    0x1b350
 *(.debug_info .gnu.linkonce.wi.*)
 .debug_info    0x00000000      0xbbc C:/Program Files (x86)/Atmel/Studio/7.0/Packs/atmel/ATmega_DFP/1.3.300/gcc/dev/atmega2560/avr6/crtatmega2560.o
 .debug_info    0x00000bbc     0x5958 Cocktail_functions.o
 .debug_info    0x00006514     0x4835 Cocktail_Statemachine.o
 .debug_info    0x0000ad49     0x170a Getraenk.o
 .debug_info    0x0000c453      0x2be TAGS.o
 .debug_info    0x0000c711     0x1207 Zutaten.o
 .debug_info    0x0000d918      0x365 LED.o
 .debug_info    0x0000dc7d     0x1e63 Lists.o
 .debug_info    0x0000fae0     0x19cc Main_Func.o
 .debug_info    0x000114ac     0x12bf Nextion_Display.o
 .debug_info    0x0001276b      0x318 ring_buffer.o
 .debug_info    0x00012a83     0x1972 FAT32.o
 .debug_info    0x000143f5      0x7c0 SD_routines.o
 .debug_info    0x00014bb5      0xb5b ramp1.o
 .debug_info    0x00015710      0x548 Software_SPI.o
 .debug_info    0x00015c58      0x261 SPI.o
 .debug_info    0x00015eb9     0x3500 tmc4671.o
 .debug_info    0x000193b9      0xa34 TMC6200.o
 .debug_info    0x00019ded      0x43b UART.o
 .debug_info    0x0001a228     0x108e main.o
 .debug_info    0x0001b2b6       0x9a C:/Program Files (x86)/Atmel/Studio/7.0/Packs/atmel/ATmega_DFP/1.3.300/gcc/dev/atmega2560/avr6\libatmega2560.a(eerd_byte.o)

.debug_abbrev   0x00000000     0x35d2
 *(.debug_abbrev)
 .debug_abbrev  0x00000000      0xb1a C:/Program Files (x86)/Atmel/Studio/7.0/Packs/atmel/ATmega_DFP/1.3.300/gcc/dev/atmega2560/avr6/crtatmega2560.o
 .debug_abbrev  0x00000b1a      0x40b Cocktail_functions.o
 .debug_abbrev  0x00000f25      0x31e Cocktail_Statemachine.o
 .debug_abbrev  0x00001243      0x273 Getraenk.o
 .debug_abbrev  0x000014b6      0x122 TAGS.o
 .debug_abbrev  0x000015d8      0x2be Zutaten.o
 .debug_abbrev  0x00001896      0x176 LED.o
 .debug_abbrev  0x00001a0c      0x2db Lists.o
 .debug_abbrev  0x00001ce7      0x39b Main_Func.o
 .debug_abbrev  0x00002082      0x23a Nextion_Display.o
 .debug_abbrev  0x000022bc      0x12a ring_buffer.o
 .debug_abbrev  0x000023e6      0x214 FAT32.o
 .debug_abbrev  0x000025fa      0x154 SD_routines.o
 .debug_abbrev  0x0000274e      0x337 ramp1.o
 .debug_abbrev  0x00002a85      0x15b Software_SPI.o
 .debug_abbrev  0x00002be0      0x11c SPI.o
 .debug_abbrev  0x00002cfc      0x3aa tmc4671.o
 .debug_abbrev  0x000030a6      0x265 TMC6200.o
 .debug_abbrev  0x0000330b      0x183 UART.o
 .debug_abbrev  0x0000348e      0x130 main.o
 .debug_abbrev  0x000035be       0x14 C:/Program Files (x86)/Atmel/Studio/7.0/Packs/atmel/ATmega_DFP/1.3.300/gcc/dev/atmega2560/avr6\libatmega2560.a(eerd_byte.o)

.debug_line     0x00000000     0xaff8
 *(.debug_line .debug_line.* .debug_line_end)
 .debug_line    0x00000000      0x1f9 C:/Program Files (x86)/Atmel/Studio/7.0/Packs/atmel/ATmega_DFP/1.3.300/gcc/dev/atmega2560/avr6/crtatmega2560.o
 .debug_line    0x000001f9     0x252e Cocktail_functions.o
 .debug_line    0x00002727     0x2223 Cocktail_Statemachine.o
 .debug_line    0x0000494a      0x844 Getraenk.o
 .debug_line    0x0000518e      0x195 TAGS.o
 .debug_line    0x00005323      0x522 Zutaten.o
 .debug_line    0x00005845      0x47c LED.o
 .debug_line    0x00005cc1      0xe59 Lists.o
 .debug_line    0x00006b1a      0xa32 Main_Func.o
 .debug_line    0x0000754c      0x5dd Nextion_Display.o
 .debug_line    0x00007b29      0x21d ring_buffer.o
 .debug_line    0x00007d46      0xc8f FAT32.o
 .debug_line    0x000089d5      0x481 SD_routines.o
 .debug_line    0x00008e56      0x686 ramp1.o
 .debug_line    0x000094dc      0x2ff Software_SPI.o
 .debug_line    0x000097db      0x1e8 SPI.o
 .debug_line    0x000099c3      0xac1 tmc4671.o
 .debug_line    0x0000a484      0x3f0 TMC6200.o
 .debug_line    0x0000a874      0x329 UART.o
 .debug_line    0x0000ab9d      0x3e1 main.o
 .debug_line    0x0000af7e       0x7a C:/Program Files (x86)/Atmel/Studio/7.0/Packs/atmel/ATmega_DFP/1.3.300/gcc/dev/atmega2560/avr6\libatmega2560.a(eerd_byte.o)

.debug_frame    0x00000000     0x2ef0
 *(.debug_frame)
 .debug_frame   0x00000000      0x894 Cocktail_functions.o
 .debug_frame   0x00000894      0x3f4 Cocktail_Statemachine.o
 .debug_frame   0x00000c88      0x1ac Getraenk.o
 .debug_frame   0x00000e34       0x78 TAGS.o
 .debug_frame   0x00000eac      0x108 Zutaten.o
 .debug_frame   0x00000fb4      0x19c LED.o
 .debug_frame   0x00001150      0x610 Lists.o
 .debug_frame   0x00001760      0x260 Main_Func.o
 .debug_frame   0x000019c0      0x198 Nextion_Display.o
 .debug_frame   0x00001b58       0xdc ring_buffer.o
 .debug_frame   0x00001c34      0x3b8 FAT32.o
 .debug_frame   0x00001fec       0xec SD_routines.o
 .debug_frame   0x000020d8      0x318 ramp1.o
 .debug_frame   0x000023f0      0x108 Software_SPI.o
 .debug_frame   0x000024f8       0x74 SPI.o
 .debug_frame   0x0000256c      0x69c tmc4671.o
 .debug_frame   0x00002c08       0xd8 TMC6200.o
 .debug_frame   0x00002ce0      0x1ec UART.o
 .debug_frame   0x00002ecc       0x24 main.o

.debug_str      0x00000000     0x398c
 *(.debug_str)
 .debug_str     0x00000000      0x3e6 C:/Program Files (x86)/Atmel/Studio/7.0/Packs/atmel/ATmega_DFP/1.3.300/gcc/dev/atmega2560/avr6/crtatmega2560.o
 .debug_str     0x000003e6     0x1664 Cocktail_functions.o
                               0x17ad (size before relaxing)
 .debug_str     0x00001a4a      0x873 Cocktail_Statemachine.o
                               0x1cd1 (size before relaxing)
 .debug_str     0x000022bd      0x102 Getraenk.o
                               0x1075 (size before relaxing)
 .debug_str     0x000023bf       0x68 TAGS.o
                                0x263 (size before relaxing)
 .debug_str     0x00002427       0xc0 Zutaten.o
                                0xa7f (size before relaxing)
 .debug_str     0x000024e7       0xca LED.o
                                0x320 (size before relaxing)
 .debug_str     0x000025b1      0x202 Lists.o
                                0x607 (size before relaxing)
 .debug_str     0x000027b3      0x28e Main_Func.o
                               0x105d (size before relaxing)
 .debug_str     0x00002a41       0x58 Nextion_Display.o
                                0xd9d (size before relaxing)
 .debug_str     0x00002a99       0x5a ring_buffer.o
                                0x1dd (size before relaxing)
 .debug_str     0x00002af3      0x533 FAT32.o
                                0x908 (size before relaxing)
 .debug_str     0x00003026       0x69 SD_routines.o
                                0x32f (size before relaxing)
 .debug_str     0x0000308f       0xeb ramp1.o
                                0x5fe (size before relaxing)
 .debug_str     0x0000317a      0x104 Software_SPI.o
                                0x2c6 (size before relaxing)
 .debug_str     0x0000327e       0x5d SPI.o
                                0x250 (size before relaxing)
 .debug_str     0x000032db      0x5b9 tmc4671.o
                                0x9a4 (size before relaxing)
 .debug_str     0x00003894       0x40 TMC6200.o
                                0x3b5 (size before relaxing)
 .debug_str     0x000038d4       0x56 UART.o
                                0x305 (size before relaxing)
 .debug_str     0x0000392a       0x62 main.o
                                0xfb4 (size before relaxing)

.debug_loc      0x00000000    0x126ad
 *(.debug_loc)
 .debug_loc     0x00000000     0x3895 Cocktail_functions.o
 .debug_loc     0x00003895     0x2118 Cocktail_Statemachine.o
 .debug_loc     0x000059ad      0x90b Getraenk.o
 .debug_loc     0x000062b8      0x1f7 TAGS.o
 .debug_loc     0x000064af      0x542 Zutaten.o
 .debug_loc     0x000069f1      0x26f LED.o
 .debug_loc     0x00006c60     0x2fb5 Lists.o
 .debug_loc     0x00009c15      0x953 Main_Func.o
 .debug_loc     0x0000a568      0x65a Nextion_Display.o
 .debug_loc     0x0000abc2      0x58d ring_buffer.o
 .debug_loc     0x0000b14f     0x1e95 FAT32.o
 .debug_loc     0x0000cfe4      0x78d SD_routines.o
 .debug_loc     0x0000d771      0xd57 ramp1.o
 .debug_loc     0x0000e4c8      0x357 Software_SPI.o
 .debug_loc     0x0000e81f       0x98 SPI.o
 .debug_loc     0x0000e8b7     0x3439 tmc4671.o
 .debug_loc     0x00011cf0      0x530 TMC6200.o
 .debug_loc     0x00012220      0x48d UART.o

.debug_macinfo
 *(.debug_macinfo)

.debug_weaknames
 *(.debug_weaknames)

.debug_funcnames
 *(.debug_funcnames)

.debug_typenames
 *(.debug_typenames)

.debug_varnames
 *(.debug_varnames)

.debug_pubtypes
 *(.debug_pubtypes)

.debug_ranges   0x00000000      0xbb8
 *(.debug_ranges)
 .debug_ranges  0x00000000      0x228 Cocktail_functions.o
 .debug_ranges  0x00000228      0x148 Cocktail_Statemachine.o
 .debug_ranges  0x00000370       0xa8 Getraenk.o
 .debug_ranges  0x00000418       0x20 TAGS.o
 .debug_ranges  0x00000438       0x38 Zutaten.o
 .debug_ranges  0x00000470       0x78 LED.o
 .debug_ranges  0x000004e8      0x128 Lists.o
 .debug_ranges  0x00000610       0xf0 Main_Func.o
 .debug_ranges  0x00000700       0x58 Nextion_Display.o
 .debug_ranges  0x00000758       0x40 ring_buffer.o
 .debug_ranges  0x00000798       0x98 FAT32.o
 .debug_ranges  0x00000830       0x30 SD_routines.o
 .debug_ranges  0x00000860       0x80 ramp1.o
 .debug_ranges  0x000008e0       0x60 Software_SPI.o
 .debug_ranges  0x00000940       0x38 SPI.o
 .debug_ranges  0x00000978      0x1a8 tmc4671.o
 .debug_ranges  0x00000b20       0x28 TMC6200.o
 .debug_ranges  0x00000b48       0x60 UART.o
 .debug_ranges  0x00000ba8       0x10 main.o

.debug_macro
 *(.debug_macro)
OUTPUT(Mikrocontroller.elf elf32-avr)
LOAD linker stubs
