Archive member included to satisfy reference by file (symbol)

c:/program files (x86)/atmel/studio/7.0/toolchain/avr8/avr8-gnu-toolchain/bin/../lib/gcc/avr/5.4.0/../../../../avr/lib/avr6\libm.a(addsf3.o)
                              Cocktail_functions.o (__subsf3)
c:/program files (x86)/atmel/studio/7.0/toolchain/avr8/avr8-gnu-toolchain/bin/../lib/gcc/avr/5.4.0/../../../../avr/lib/avr6\libm.a(addsf3x.o)
                              c:/program files (x86)/atmel/studio/7.0/toolchain/avr8/avr8-gnu-toolchain/bin/../lib/gcc/avr/5.4.0/../../../../avr/lib/avr6\libm.a(addsf3.o) (__addsf3x)
c:/program files (x86)/atmel/studio/7.0/toolchain/avr8/avr8-gnu-toolchain/bin/../lib/gcc/avr/5.4.0/../../../../avr/lib/avr6\libm.a(cmpsf2.o)
                              ramp1.o (__ltsf2)
c:/program files (x86)/atmel/studio/7.0/toolchain/avr8/avr8-gnu-toolchain/bin/../lib/gcc/avr/5.4.0/../../../../avr/lib/avr6\libm.a(divsf3.o)
                              Cocktail_functions.o (__divsf3)
c:/program files (x86)/atmel/studio/7.0/toolchain/avr8/avr8-gnu-toolchain/bin/../lib/gcc/avr/5.4.0/../../../../avr/lib/avr6\libm.a(divsf3x.o)
                              c:/program files (x86)/atmel/studio/7.0/toolchain/avr8/avr8-gnu-toolchain/bin/../lib/gcc/avr/5.4.0/../../../../avr/lib/avr6\libm.a(divsf3.o) (__divsf3x)
c:/program files (x86)/atmel/studio/7.0/toolchain/avr8/avr8-gnu-toolchain/bin/../lib/gcc/avr/5.4.0/../../../../avr/lib/avr6\libm.a(fixsfsi.o)
                              ramp1.o (__fixsfsi)
c:/program files (x86)/atmel/studio/7.0/toolchain/avr8/avr8-gnu-toolchain/bin/../lib/gcc/avr/5.4.0/../../../../avr/lib/avr6\libm.a(fixunssfsi.o)
                              LED.o (__fixunssfsi)
c:/program files (x86)/atmel/studio/7.0/toolchain/avr8/avr8-gnu-toolchain/bin/../lib/gcc/avr/5.4.0/../../../../avr/lib/avr6\libm.a(floatsisf.o)
                              Cocktail_functions.o (__floatsisf)
c:/program files (x86)/atmel/studio/7.0/toolchain/avr8/avr8-gnu-toolchain/bin/../lib/gcc/avr/5.4.0/../../../../avr/lib/avr6\libm.a(fp_cmp.o)
                              c:/program files (x86)/atmel/studio/7.0/toolchain/avr8/avr8-gnu-toolchain/bin/../lib/gcc/avr/5.4.0/../../../../avr/lib/avr6\libm.a(cmpsf2.o) (__fp_cmp)
c:/program files (x86)/atmel/studio/7.0/toolchain/avr8/avr8-gnu-toolchain/bin/../lib/gcc/avr/5.4.0/../../../../avr/lib/avr6\libm.a(fp_inf.o)
                              c:/program files (x86)/atmel/studio/7.0/toolchain/avr8/avr8-gnu-toolchain/bin/../lib/gcc/avr/5.4.0/../../../../avr/lib/avr6\libm.a(addsf3x.o) (__fp_inf)
c:/program files (x86)/atmel/studio/7.0/toolchain/avr8/avr8-gnu-toolchain/bin/../lib/gcc/avr/5.4.0/../../../../avr/lib/avr6\libm.a(fp_nan.o)
                              c:/program files (x86)/atmel/studio/7.0/toolchain/avr8/avr8-gnu-toolchain/bin/../lib/gcc/avr/5.4.0/../../../../avr/lib/avr6\libm.a(addsf3x.o) (__fp_nan)
c:/program files (x86)/atmel/studio/7.0/toolchain/avr8/avr8-gnu-toolchain/bin/../lib/gcc/avr/5.4.0/../../../../avr/lib/avr6\libm.a(fp_pscA.o)
                              c:/program files (x86)/atmel/studio/7.0/toolchain/avr8/avr8-gnu-toolchain/bin/../lib/gcc/avr/5.4.0/../../../../avr/lib/avr6\libm.a(addsf3x.o) (__fp_pscA)
c:/program files (x86)/atmel/studio/7.0/toolchain/avr8/avr8-gnu-toolchain/bin/../lib/gcc/avr/5.4.0/../../../../avr/lib/avr6\libm.a(fp_pscB.o)
                              c:/program files (x86)/atmel/studio/7.0/toolchain/avr8/avr8-gnu-toolchain/bin/../lib/gcc/avr/5.4.0/../../../../avr/lib/avr6\libm.a(addsf3x.o) (__fp_pscB)
c:/program files (x86)/atmel/studio/7.0/toolchain/avr8/avr8-gnu-toolchain/bin/../lib/gcc/avr/5.4.0/../../../../avr/lib/avr6\libm.a(fp_round.o)
                              c:/program files (x86)/atmel/studio/7.0/toolchain/avr8/avr8-gnu-toolchain/bin/../lib/gcc/avr/5.4.0/../../../../avr/lib/avr6\libm.a(addsf3.o) (__fp_round)
c:/program files (x86)/atmel/studio/7.0/toolchain/avr8/avr8-gnu-toolchain/bin/../lib/gcc/avr/5.4.0/../../../../avr/lib/avr6\libm.a(fp_split3.o)
                              c:/program files (x86)/atmel/studio/7.0/toolchain/avr8/avr8-gnu-toolchain/bin/../lib/gcc/avr/5.4.0/../../../../avr/lib/avr6\libm.a(addsf3x.o) (__fp_split3)
c:/program files (x86)/atmel/studio/7.0/toolchain/avr8/avr8-gnu-toolchain/bin/../lib/gcc/avr/5.4.0/../../../../avr/lib/avr6\libm.a(fp_zero.o)
                              c:/program files (x86)/atmel/studio/7.0/toolchain/avr8/avr8-gnu-toolchain/bin/../lib/gcc/avr/5.4.0/../../../../avr/lib/avr6\libm.a(addsf3x.o) (__fp_zero)
c:/program files (x86)/atmel/studio/7.0/toolchain/avr8/avr8-gnu-toolchain/bin/../lib/gcc/avr/5.4.0/../../../../avr/lib/avr6\libm.a(gesf2.o)
                              ramp1.o (__gesf2)
c:/program files (x86)/atmel/studio/7.0/toolchain/avr8/avr8-gnu-toolchain/bin/../lib/gcc/avr/5.4.0/../../../../avr/lib/avr6\libm.a(mulsf3.o)
                              Cocktail_functions.o (__mulsf3)
[...]
Memory Configuration

Name             Origin             Length             Attributes
text             0x00000000         0x00100000         xr
data             0x00800200         0x0000fe00         rw !x
eeprom           0x00810000         0x00010000         rw !x
fuse             0x00820000         0x00000003         rw !x
lock             0x00830000         0x00000400         rw !x
signature        0x00840000         0x00000400         rw !x
user_signatures  0x00850000         0x00000400         rw !x
*default*        0x00000000         0xffffffff

Linker script and memory map

Address of section .data set to 0x800200
LOAD C:/Program Files (x86)/Atmel/Studio/7.0/Packs/atmel/ATmega_DFP/1.3.300/gcc/dev/atmega2560/avr6/crtatmega2560.o
LOAD Cocktail_functions.o
LOAD Cocktail_Statemachine.o
LOAD Getraenk.o
LOAD TAGS.o
LOAD Zutaten.o
LOAD LED.o
LOAD Lists.o
LOAD Main_Func.o
LOAD Nextion_Display.o
LOAD ring_buffer.o
LOAD FAT32.o
LOAD SD_routines.o
LOAD ramp1.o
LOAD Software_SPI.o
LOAD SPI.o
LOAD tmc4671.o
LOAD TMC6200.o
LOAD UART.o
LOAD main.o
START GROUP
LOAD c:/program files (x86)/atmel/studio/7.0/toolchain/avr8/avr8-gnu-toolchain/bin/../lib/gcc/avr/5.4.0/../../../../avr/lib/avr6\libm.a
END GROUP
START GROUP
LOAD c:/program files (x86)/atmel/studio/7.0/toolchain/avr8/avr8-gnu-toolchain/bin/../lib/gcc/avr/5.4.0/avr6\libgcc.a
LOAD c:/program files (x86)/atmel/studio/7.0/toolchain/avr8/avr8-gnu-toolchain/bin/../lib/gcc/avr/5.4.0/../../../../avr/lib/avr6\libm.a
LOAD c:/program files (x86)/atmel/studio/7.0/toolchain/avr8/avr8-gnu-toolchain/bin/../lib/gcc/avr/5.4.0/../../../../avr/lib/avr6\libc.a
LOAD C:/Program Files (x86)/Atmel/Studio/7.0/Packs/atmel/ATmega_DFP/1.3.300/gcc/dev/atmega2560/avr6\libatmega2560.a
END GROUP
                0x00000000                __TEXT_REGION_ORIGIN__ = DEFINED (__TEXT_REGION_ORIGIN__)?__TEXT_REGION_ORIGIN__:0x0
                0x00800200                __DATA_REGION_ORIGIN__ = DEFINED (__DATA_REGION_ORIGIN__)?__DATA_REGION_ORIGIN__:0x800200
                0x00100000                __TEXT_REGION_LENGTH__ = DEFINED (__TEXT_REGION_LENGTH__)?__TEXT_REGION_LENGTH__:0x100000
                0x0000fe00                __DATA_REGION_LENGTH__ = DEFINED (__DATA_REGION_LENGTH__)?__DATA_REGION_LENGTH__:0xfe00
                0x00010000                __EEPROM_REGION_LENGTH__ = DEFINED (__EEPROM_REGION_LENGTH__)?__EEPROM_REGION_LENGTH__:0x10000
                [0x00000003]                __FUSE_REGION_LENGTH__ = DEFINED (__FUSE_REGION_LENGTH__)?__FUSE_REGION_LENGTH__:0x400
                0x00000400                __LOCK_REGION_LENGTH__ = DEFINED (__LOCK_REGION_LENGTH__)?__LOCK_REGION_LENGTH__:0x400
                0x00000400                __SIGNATURE_REGION_LENGTH__ = DEFINED (__SIGNATURE_REGION_LENGTH__)?__SIGNATURE_REGION_LENGTH__:0x400
                0x00000400                __USER_SIGNATURE_REGION_LENGTH__ = DEFINED (__USER_SIGNATURE_REGION_LENGTH__)?__USER_SIGNATURE_REGION_LENGTH__:0x400

.hash
 *(.hash)

.dynsym
 *(.dynsym)

.dynstr
 *(.dynstr)

.gnu.version
 *(.gnu.version)

.gnu.version_d
 *(.gnu.version_d)

.gnu.version_r
 *(.gnu.version_r)

.rel.init
 *(.rel.init)

.rela.init
 *(.rela.init)

.rel.text
 *(.rel.text)
 *(.rel.text.*)
 *(.rel.gnu.linkonce.t*)

.rela.text
 *(.rela.text)
 *(.rela.text.*)
 *(.rela.gnu.linkonce.t*)

.rel.fini
 *(.rel.fini)

.rela.fini
 *(.rela.fini)

.rel.rodata
 *(.rel.rodata)
 *(.rel.rodata.*)
 *(.rel.gnu.linkonce.r*)

.rela.rodata
 *(.rela.rodata)
 *(.rela.rodata.*)
 *(.rela.gnu.linkonce.r*)

.rel.data
 *(.rel.data)
 *(.rel.data.*)
 *(.rel.gnu.linkonce.d*)

.rela.data
 *(.rela.data)
 *(.rela.data.*)
 *(.rela.gnu.linkonce.d*)

.rel.ctors
 *(.rel.ctors)

.rela.ctors
 *(.rela.ctors)

.rel.dtors
 *(.rel.dtors)

.rela.dtors
 *(.rela.dtors)

.rel.got
 *(.rel.got)

.rela.got
 *(.rela.got)

.rel.bss
 *(.rel.bss)

.rela.bss
 *(.rela.bss)

.rel.plt
 *(.rel.plt)

.rela.plt
 *(.rela.plt)

.text           0x00000000     0xc680
 *(.vectors)
 .vectors       0x00000000       0xe4 C:/Program Files (x86)/Atmel/Studio/7.0/Packs/atmel/ATmega_DFP/1.3.300/gcc/dev/atmega2560/avr6/crtatmega2560.o
                0x00000000                __vector_default
                0x00000000                __vectors
 *(.vectors)
 *(.progmem.gcc*)
 .progmem.gcc_sw_table.schalte_pumpe_ein
                0x000000e4       0x18 Cocktail_functions.o
 .progmem.gcc_sw_table.schalte_pumpe_aus
                0x000000fc       0x18 Cocktail_functions.o
 .progmem.gcc_sw_table.lese_sensor
                0x00000114       0x18 Cocktail_functions.o
 .progmem.gcc_sw_table.check_startseite
                0x0000012c       0x10 Cocktail_Statemachine.o
 .progmem.gcc_sw_table.check_listenanzeige
                0x0000013c       0x12 Cocktail_Statemachine.o
 .progmem.gcc_sw_table.check_menuanzeige
                0x0000014e       0x10 Cocktail_Statemachine.o
 .progmem.gcc_sw_table.check_bearbeitungsanzeige
                0x0000015e       0x14 Cocktail_Statemachine.o
 .progmem.gcc_sw_table.check_ceinstanzeige
                0x00000172       0x14 Cocktail_Statemachine.o
 .progmem.gcc_sw_table.check_erstanzeige1
                0x00000186       0x3e Cocktail_Statemachine.o
 .progmem.gcc_sw_table.check_posanzeige
                0x000001c4       0x1c Cocktail_Statemachine.o
 .progmem.gcc_sw_table.check_fluessanzeige1
                0x000001e0       0x16 Cocktail_Statemachine.o
 .progmem.gcc_sw_table.check_RFIDAnzeige1
                0x000001f6       0x12 Cocktail_Statemachine.o
 .progmem.gcc_sw_table.check_RFIDAnzeige2
                0x00000208       0x12 Cocktail_Statemachine.o
 .progmem.gcc_sw_table.check_LED
                0x0000021a       0x10 Cocktail_Statemachine.o
 .progmem.gcc_sw_table.cocktail_check_command_display
                0x0000022a       0x38 Cocktail_Statemachine.o
 .progmem.gcc_fplib
                0x00000262       0x28 c:/program files (x86)/atmel/studio/7.0/toolchain/avr8/avr8-gnu-toolchain/bin/../lib/gcc/avr/5.4.0/../../../../avr/lib/avr6\libm.a(exp.o)
 .progmem.gcc_fplib
                0x0000028a       0x5a c:/program files (x86)/atmel/studio/7.0/toolchain/avr8/avr8-gnu-toolchain/bin/../lib/gcc/avr/5.4.0/../../../../avr/lib/avr6\libm.a(log.o)
                0x000002e4                . = ALIGN (0x2)
                0x000002e4                __trampolines_start = .
 *(.trampolines)
 .trampolines   0x000002e4        0x0 linker stubs
 *(.trampolines*)
                0x000002e4                __trampolines_end = .
 *libprintf_flt.a:*(.progmem.data)
 *libc.a:*(.progmem.data)
 *(.progmem*)
                0x000002e4                . = ALIGN (0x2)
 *(.jumptables)
 *(.jumptables*)
 *(.lowtext)
 *(.lowtext*)
                0x000002e4                __ctors_start = .
 *(.ctors)
                0x000002e4                __ctors_end = .
                0x000002e4                __dtors_start = .
 *(.dtors)
                0x000002e4                __dtors_end = .
 SORT(*)(.ctors)
 SORT(*)(.dtors)
 *(.init0)
 .init0         0x000002e4        0x0 C:/Program Files (x86)/Atmel/Studio/7.0/Packs/atmel/ATmega_DFP/1.3.300/gcc/dev/atmega2560/avr6/crtatmega2560.o
                0x000002e4                __init
 *(.init0)
 *(.init1)
 *(.init1)
 *(.init2)
 .init2         0x000002e4       0x10 C:/Program Files (x86)/Atmel/Studio/7.0/Packs/atmel/ATmega_DFP/1.3.300/gcc/dev/atmega2560/avr6/crtatmega2560.o
 *(.init2)
 *(.init3)
 *(.init3)
 *(.init4)
 .init4         0x000002f4       0x1a c:/program files (x86)/atmel/studio/7.0/toolchain/avr8/avr8-gnu-toolchain/bin/../lib/gcc/avr/5.4.0/avr6\libgcc.a(_copy_data.o)
                0x000002f4                __do_copy_data
 .init4         0x0000030e       0x10 c:/program files (x86)/atmel/studio/7.0/toolchain/avr8/avr8-gnu-toolchain/bin/../lib/gcc/avr/5.4.0/avr6\libgcc.a(_clear_bss.o)
                0x0000030e                __do_clear_bss
 *(.init4)
 *(.init5)
 *(.init5)
 *(.init6)
 *(.init6)
 *(.init7)
 *(.init7)
 *(.init8)
 *(.init8)
 *(.init9)
 .init9         0x0000031e        0x8 C:/Program Files (x86)/Atmel/Studio/7.0/Packs/atmel/ATmega_DFP/1.3.300/gcc/dev/atmega2560/avr6/crtatmega2560.o
 *(.init9)
 *(.text)
 .text          0x00000326        0x2 C:/Program Files (x86)/Atmel/Studio/7.0/Packs/atmel/ATmega_DFP/1.3.300/gcc/dev/atmega2560/avr6/crtatmega2560.o
                0x00000326                __vector_38
                0x00000326                __vector_22
                0x00000326                __vector_28
                0x00000326                __vector_1
                0x00000326                __vector_34
                0x00000326                __vector_24
                0x00000326                __vector_12
                0x00000326                __vector_55
                0x00000326                __vector_46
                0x00000326                __bad_interrupt
                0x00000326                __vector_6
                0x00000326                __vector_31
                0x00000326                __vector_35
                0x00000326                __vector_39
                0x00000326                __vector_3
                0x00000326                __vector_23
                0x00000326                __vector_30
                0x00000326                __vector_45
                0x00000326                __vector_11
                0x00000326                __vector_54
                0x00000326                __vector_19
                0x00000326                __vector_56
                0x00000326                __vector_7
                0x00000326                __vector_49
                0x00000326                __vector_41
                0x00000326                __vector_27
                0x00000326                __vector_5
                0x00000326                __vector_52
                0x00000326                __vector_37
                0x00000326                __vector_4
                0x00000326                __vector_44
                0x00000326                __vector_9
                0x00000326                __vector_2
                0x00000326                __vector_15
                0x00000326                __vector_29
                0x00000326                __vector_40
                0x00000326                __vector_8
                0x00000326                __vector_26
                0x00000326                __vector_14
                0x00000326                __vector_53
                0x00000326                __vector_10
                0x00000326                __vector_50
                0x00000326                __vector_16
                0x00000326                __vector_20
                0x00000328                . = ALIGN (0x2)
 *(.text.*)
 .text.SD_startup
                0x00000328       0xe2 Cocktail_functions.o
                0x00000328                SD_startup
 .text.concentrace_zutat_maschine_list
                0x0000040a       0x8c Cocktail_functions.o
                0x0000040a                concentrace_zutat_maschine_list
 .text.deconcentrace_zutat_maschine_list
                0x00000496       0x52 Cocktail_functions.o
                0x00000496                deconcentrace_zutat_maschine_list
 .text.delete_list_node_files
                0x000004e8       0xba Cocktail_functions.o
                0x000004e8                delete_list_node_files
 .text.delete_list_node_zutat_maschine
                0x000005a2       0x36 Cocktail_functions.o
                0x000005a2                delete_list_node_zutat_maschine
 .text.delete_file_node_alle
                0x000005d8      0x118 Cocktail_functions.o
                0x000005d8                delete_file_node_alle
 .text.setze_aktuelle_Zutat_in_Maschine
                0x000006f0       0x2e Cocktail_functions.o
                0x000006f0                setze_aktuelle_Zutat_in_Maschine
 .text.erstelle_liste_zutat
                0x0000071e      0x2c2 Cocktail_functions.o
                0x0000071e                erstelle_liste_zutat
 .text.runterlist_zutat_maschine
                0x000009e0       0x5c Cocktail_functions.o
                0x000009e0                runterlist_zutat_maschine
 .text.rauflist_zutat_maschine
                0x00000a3c       0x2e Cocktail_functions.o
                0x00000a3c                rauflist_zutat_maschine
 .text.begin_erstelle_liste_alle_zutaten
                0x00000a6a       0x94 Cocktail_functions.o
                0x00000a6a                begin_erstelle_liste_alle_zutaten
 .text.write_M_file
                0x00000afe      0x242 Cocktail_functions.o
                0x00000afe                write_M_file
 .text.check_existence
                0x00000d40      0x1cc Cocktail_functions.o
                0x00000d40                check_existence
 .text.schalte_pumpe_ein
                0x00000f0c       0x6e Cocktail_functions.o
                0x00000f0c                schalte_pumpe_ein
 .text.schalte_pumpe_aus
                0x00000f7a       0x6e Cocktail_functions.o
                0x00000f7a                schalte_pumpe_aus
 .text.lese_sensor
                0x00000fe8       0x74 Cocktail_functions.o
                0x00000fe8                lese_sensor
 .text.schreibe_Menge_in_Getraenk
                0x0000105c      0x1d2 Cocktail_functions.o
                0x0000105c                schreibe_Menge_in_Getraenk
 .text.prepare_empty_getraenk
                0x0000122e       0xb6 Cocktail_functions.o
                0x0000122e                prepare_empty_getraenk
 .text.setze_startanzeige
                0x000012e4       0xae Cocktail_functions.o
                0x000012e4                setze_startanzeige
 .text.erstelle_Zutatenliste
                0x00001392      0x176 Cocktail_functions.o
                0x00001392                erstelle_Zutatenliste
 .text.setze_Posanzeige_Rot_Gruen
                0x00001508       0xf8 Cocktail_functions.o
                0x00001508                setze_Posanzeige_Rot_Gruen
 .text.lese_textfile_in_getraenk
                0x00001600      0x28c Cocktail_functions.o
                0x00001600                lese_textfile_in_getraenk
 .text.setze_aktuelles_getraenk_in_maschine
                0x0000188c       0x2e Cocktail_functions.o
                0x0000188c                setze_aktuelles_getraenk_in_maschine
 .text.erstelle_liste_cocktails
                0x000018ba      0x182 Cocktail_functions.o
                0x000018ba                erstelle_liste_cocktails
 .text.begin_erstelle_liste_cocktails
                0x00001a3c       0x98 Cocktail_functions.o
                0x00001a3c                begin_erstelle_liste_cocktails
 .text.renew_list
                0x00001ad4      0x12a Cocktail_functions.o
                0x00001ad4                renew_list
 .text.setze_standardeinstellungen
                0x00001bfe      0x26a Cocktail_functions.o
                0x00001bfe                setze_standardeinstellungen
 .text.fuelle_getraenk
                0x00001e68      0x862 Cocktail_functions.o
                0x00001e68                fuelle_getraenk
 .text.zubereitung_getraenk
                0x000026ca       0x68 Cocktail_functions.o
                0x000026ca                zubereitung_getraenk
 .text.bearbeite_Cocktail
                0x00002732       0xb6 Cocktail_functions.o
                0x00002732                bearbeite_Cocktail
 .text.schreibe_Getraenk_in_tag
                0x000027e8      0x1ce Cocktail_functions.o
                0x000027e8                schreibe_Getraenk_in_tag
 .text.schiebe_file_next
                0x000029b6       0x64 Cocktail_functions.o
                0x000029b6                schiebe_file_next
 .text.schiebe_file_prev
                0x00002a1a       0x64 Cocktail_functions.o
                0x00002a1a                schiebe_file_prev
 .text.lese_textfile_in_zutat
                0x00002a7e      0x15a Cocktail_functions.o
                0x00002a7e                lese_textfile_in_zutat
 .text.erstelle_liste_zutat_pos
                0x00002bd8      0x346 Cocktail_functions.o
                0x00002bd8                erstelle_liste_zutat_pos
 .text.runterlist_files
                0x00002f1e       0xe2 Cocktail_functions.o
                0x00002f1e                runterlist_files
 .text.rauflist_files
                0x00003000       0x5a Cocktail_functions.o
                0x00003000                rauflist_files
 .text.begin_erstelle_liste_zutaten_maschine
                0x0000305a       0xc2 Cocktail_functions.o
                0x0000305a                begin_erstelle_liste_zutaten_maschine
 .text.setze_fluessgkeit_in_position_ohne
                0x0000311c      0x2ce Cocktail_functions.o
                0x0000311c                setze_fluessgkeit_in_position_ohne
 .text.setze_fluessgkeit_in_position_mit
                0x000033ea      0x3d8 Cocktail_functions.o
                0x000033ea                setze_fluessgkeit_in_position_mit
 .text.erstelle_File
                0x000037c2      0x2cc Cocktail_functions.o
                0x000037c2                erstelle_File
 .text.speichere_neuen_cocktail
                0x00003a8e      0x1f8 Cocktail_functions.o
                0x00003a8e                speichere_neuen_cocktail
 .text.loesche_FIle
                0x00003c86       0x66 Cocktail_functions.o
                0x00003c86                loesche_FIle
 .text.speichere_bearbeiteten_cocktail
                0x00003cec       0xa2 Cocktail_functions.o
                0x00003cec                speichere_bearbeiteten_cocktail
 .text.send_List_Getraenke
                0x00003d8e      0x1a4 Cocktail_functions.o
                0x00003d8e                send_List_Getraenke
 .text.send_List_Zutaten
                0x00003f32      0x160 Cocktail_functions.o
                0x00003f32                send_List_Zutaten
 .text.ESP_Getraenk
                0x00004092       0xee Cocktail_functions.o
                0x00004092                ESP_Getraenk
 .text.Getraenk_erstellt
                0x00004180      0x3be Cocktail_functions.o
                0x00004180                Getraenk_erstellt
 .text.check_startseite
                0x0000453e      0x1f8 Cocktail_Statemachine.o
                0x0000453e                check_startseite
 .text.check_zutatenanzeige
                0x00004736       0x32 Cocktail_Statemachine.o
                0x00004736                check_zutatenanzeige
 .text.check_listenanzeige
                0x00004768      0x14a Cocktail_Statemachine.o
                0x00004768                check_listenanzeige
 .text.check_menuanzeige
                0x000048b2      0x166 Cocktail_Statemachine.o
                0x000048b2                check_menuanzeige
 .text.check_bearbeitungsanzeige
                0x00004a18       0x8a Cocktail_Statemachine.o
                0x00004a18                check_bearbeitungsanzeige
 .text.check_ceinstanzeige
                0x00004aa2       0x96 Cocktail_Statemachine.o
                0x00004aa2                check_ceinstanzeige
 .text.check_erstanzeige1
                0x00004b38      0x7f8 Cocktail_Statemachine.o
                0x00004b38                check_erstanzeige1
 .text.check_erstanzeige2
                0x00005330       0x46 Cocktail_Statemachine.o
                0x00005330                check_erstanzeige2
 .text.check_loeschanzeige
                0x00005376      0x12e Cocktail_Statemachine.o
                0x00005376                check_loeschanzeige
 .text.check_reinanzeige1
                0x000054a4       0x1a Cocktail_Statemachine.o
                0x000054a4                check_reinanzeige1
 .text.check_reinanzeige2
                0x000054be       0x8c Cocktail_Statemachine.o
                0x000054be                check_reinanzeige2
 .text.check_reinanzeige3
                0x0000554a       0x12 Cocktail_Statemachine.o
                0x0000554a                check_reinanzeige3
 .text.check_infoanzeige
                0x0000555c        0xc Cocktail_Statemachine.o
                0x0000555c                check_infoanzeige
 .text.check_RFIDFehler
                0x00005568       0x12 Cocktail_Statemachine.o
                0x00005568                check_RFIDFehler
 .text.check_zubbildschirm
                0x0000557a        0xa Cocktail_Statemachine.o
                0x0000557a                check_zubbildschirm
 .text.check_zubabfrage
                0x00005584       0x28 Cocktail_Statemachine.o
                0x00005584                check_zubabfrage
 .text.check_posanzeige
                0x000055ac      0x13a Cocktail_Statemachine.o
                0x000055ac                check_posanzeige
 .text.check_fluessanzeige1
                0x000056e6      0x12a Cocktail_Statemachine.o
                0x000056e6                check_fluessanzeige1
 .text.check_fluessanzeige2
                0x00005810      0x166 Cocktail_Statemachine.o
                0x00005810                check_fluessanzeige2
 .text.check_fluessanzeige3
                0x00005976      0x30e Cocktail_Statemachine.o
                0x00005976                check_fluessanzeige3
 .text.check_fluessanzeige4
                0x00005c84       0x46 Cocktail_Statemachine.o
                0x00005c84                check_fluessanzeige4
 .text.check_RFIDAnzeige1
                0x00005cca      0x5ac Cocktail_Statemachine.o
                0x00005cca                check_RFIDAnzeige1
 .text.check_RFIDAnzeige2
                0x00006276       0x72 Cocktail_Statemachine.o
                0x00006276                check_RFIDAnzeige2
 .text.check_LED
                0x000062e8      0x1ce Cocktail_Statemachine.o
                0x000062e8                check_LED
 .text.check_ESP32
                0x000064b6       0x2e Cocktail_Statemachine.o
                0x000064b6                check_ESP32
 .text.cocktail_check_command_display
                0x000064e4       0xd4 Cocktail_Statemachine.o
                0x000064e4                cocktail_check_command_display
 .text.cocktail_check_command_ESP
                0x000065b8        0xa Cocktail_Statemachine.o
                0x000065b8                cocktail_check_command_ESP
 .text.create_new_getraenk
                0x000065c2       0xe2 Getraenk.o
                0x000065c2                create_new_getraenk
 .text.cocktails_init
                0x000066a4      0x162 Getraenk.o
                0x000066a4                cocktails_init
 .text.create_new_tag
                0x00006806       0x52 TAGS.o
                0x00006806                create_new_tag
 .text.insert_tag_at_head
                0x00006858       0x56 TAGS.o
                0x00006858                insert_tag_at_head
 .text.RFID_init
                0x000068ae       0x38 TAGS.o
                0x000068ae                RFID_init
 .text.create_zutat
                0x000068e6       0x44 Zutaten.o
                0x000068e6                create_zutat
 .text.zutaten_init
                0x0000692a      0x4e2 Zutaten.o
                0x0000692a                zutaten_init
 .text.milliS_timer
                0x00006e0c       0x42 LED.o
                0x00006e0c                milliS_timer
 .text.PWM_init
                0x00006e4e       0x9e LED.o
                0x00006e4e                PWM_init
 .text.init_LED
                0x00006eec       0x1a LED.o
                0x00006eec                init_LED
 .text.__vector_17
                0x00006f06       0x16 LED.o
                0x00006f06                __vector_17
 .text.__vector_18
                0x00006f1c       0x16 LED.o
                0x00006f1c                __vector_18
 .text.__vector_32
                0x00006f32       0x16 LED.o
                0x00006f32                __vector_32
 .text.__vector_33
                0x00006f48       0x16 LED.o
                0x00006f48                __vector_33
 .text.__vector_42
                0x00006f5e       0x16 LED.o
                0x00006f5e                __vector_42
 .text.__vector_43
                0x00006f74       0x16 LED.o
                0x00006f74                __vector_43
 .text.__vector_47
                0x00006f8a       0x16 LED.o
                0x00006f8a                __vector_47
 .text.__vector_48
                0x00006fa0       0x16 LED.o
                0x00006fa0                __vector_48
 .text.rainbow  0x00006fb6      0x1c0 LED.o
                0x00006fb6                rainbow
 .text.__vector_21
                0x00007176      0x17a LED.o
                0x00007176                __vector_21
 .text.create_file_node
                0x000072f0       0x30 Lists.o
                0x000072f0                create_file_node
 .text.insert_at_end
                0x00007320       0xa0 Lists.o
                0x00007320                insert_at_end
 .text.delete_node_position
                0x000073c0      0x122 Lists.o
                0x000073c0                delete_node_position
 .text.update   0x000074e2       0x88 Lists.o
                0x000074e2                update
 .text.display_from_beg
                0x0000756a       0xe4 Lists.o
                0x0000756a                display_from_beg
 .text.create_zutat_maschine_node
                0x0000764e       0x90 Lists.o
                0x0000764e                create_zutat_maschine_node
 .text.insert_at_end_2
                0x000076de       0xd6 Lists.o
                0x000076de                insert_at_end_2
 .text.display_from_beg_2
                0x000077b4       0x92 Lists.o
                0x000077b4                display_from_beg_2
 .text.create_list_node
                0x00007846       0x36 Lists.o
                0x00007846                create_list_node
 .text.insert_at_end_3
                0x0000787c       0x98 Lists.o
                0x0000787c                insert_at_end_3
 .text.delete_node_position_3
                0x00007914      0x118 Lists.o
                0x00007914                delete_node_position_3
 .text.update_3
                0x00007a2c       0x8e Lists.o
                0x00007a2c                update_3
 .text.display_from_beg_3
                0x00007aba       0xea Lists.o
                0x00007aba                display_from_beg_3
 .text.create_zutat_maschine_list_node
                0x00007ba4       0x36 Lists.o
                0x00007ba4                create_zutat_maschine_list_node
 .text.insert_at_end_4
                0x00007bda       0x98 Lists.o
                0x00007bda                insert_at_end_4
 .text.delete_node_position_4
                0x00007c72      0x118 Lists.o
                0x00007c72                delete_node_position_4
 .text.update_4
                0x00007d8a       0x8e Lists.o
                0x00007d8a                update_4
 .text.display_from_beg_4
                0x00007e18       0x98 Lists.o
                0x00007e18                display_from_beg_4
 .text.IO_init  0x00007eb0       0x4a Main_Func.o
                0x00007eb0                IO_init
 .text.interfaces_init
                0x00007efa        0xc Main_Func.o
                0x00007efa                interfaces_init
 .text.devices_init
                0x00007f06       0x3c Main_Func.o
                0x00007f06                devices_init
 .text.speicher_init
                0x00007f42       0x48 Main_Func.o
                0x00007f42                speicher_init
 .text.ramp_init
                0x00007f8a       0x16 Main_Func.o
                0x00007f8a                ramp_init
 .text.my_itoa  0x00007fa0      0x184 Main_Func.o
                0x00007fa0                my_itoa
 .text.check_Communication_Input_UART_0
                0x00008124       0x5a Main_Func.o
                0x00008124                check_Communication_Input_UART_0
 .text.proceed_Communication_Input_UART_0
                0x0000817e       0x8a Main_Func.o
                0x0000817e                proceed_Communication_Input_UART_0
 .text.check_Communication_Input_UART_1
                0x00008208      0x112 Main_Func.o
                0x00008208                check_Communication_Input_UART_1
 .text.proceed_Communication_INPUT_UART_1
                0x0000831a       0x94 Main_Func.o
                0x0000831a                proceed_Communication_INPUT_UART_1
 .text.check_Communication_Input_UART_2
                0x000083ae       0xde Main_Func.o
                0x000083ae                check_Communication_Input_UART_2
 .text.proceed_Communication_Input_UART_2
                0x0000848c       0x96 Main_Func.o
                0x0000848c                proceed_Communication_Input_UART_2
 .text.check_Communication_Input_UART
                0x00008522       0x14 Main_Func.o
                0x00008522                check_Communication_Input_UART
 .text.periodic_jobs
                0x00008536       0x14 Main_Func.o
                0x00008536                periodic_jobs
 .text.endConversation
                0x0000854a       0x2c Nextion_Display.o
                0x0000854a                endConversation
 .text.nextion_change_page
                0x00008576       0x3e Nextion_Display.o
                0x00008576                nextion_change_page
 .text.nextion_setText
                0x000085b4       0x30 Nextion_Display.o
                0x000085b4                nextion_setText
 .text.nextion_setValue
                0x000085e4       0x20 Nextion_Display.o
                0x000085e4                nextion_setValue
 .text.nextion_setPicture
                0x00008604       0x4c Nextion_Display.o
                0x00008604                nextion_setPicture
 .text.nextion_getSliderValue
                0x00008650       0x8e Nextion_Display.o
                0x00008650                nextion_getSliderValue
 .text.nextion_disableButton
                0x000086de       0x72 Nextion_Display.o
                0x000086de                nextion_disableButton
 .text.nextion_enableButton
                0x00008750       0x72 Nextion_Display.o
                0x00008750                nextion_enableButton
 .text.nextion_visible_off
                0x000087c2       0x72 Nextion_Display.o
                0x000087c2                nextion_visible_off
 .text.nextion_visible_on
                0x00008834       0x72 Nextion_Display.o
                0x00008834                nextion_visible_on
 .text.RB_init  0x000088a6        0x8 ring_buffer.o
                0x000088a6                RB_init
 .text.RB_free  0x000088ae       0x16 ring_buffer.o
                0x000088ae                RB_free
 .text.RB_length
                0x000088c4       0x18 ring_buffer.o
                0x000088c4                RB_length
 .text.RB_readByte
                0x000088dc       0x28 ring_buffer.o
                0x000088dc                RB_readByte
 .text.RB_writeByte
                0x00008904       0x3a ring_buffer.o
                0x00008904                RB_writeByte
 .text.getFirstSector
                0x0000893e       0x42 FAT32.o
                0x0000893e                getFirstSector
 .text.getSetNextCluster
                0x00008980       0xf2 FAT32.o
                0x00008980                getSetNextCluster
 .text.getSetFreeCluster
                0x00008a72      0x124 FAT32.o
                0x00008a72                getSetFreeCluster
 .text.getBootSectorData
                0x00008b96      0x180 FAT32.o
                0x00008b96                getBootSectorData
 .text.convertFileName
                0x00008d16      0x120 FAT32.o
                0x00008d16                convertFileName
 .text.searchNextFreeCluster
                0x00008e36      0x144 FAT32.o
                0x00008e36                searchNextFreeCluster
 .text.displayMemory
                0x00008f7a       0xc2 FAT32.o
                0x00008f7a                displayMemory
 .text.freeMemoryUpdate
                0x0000903c       0xdc FAT32.o
                0x0000903c                freeMemoryUpdate
 .text.findFiles
                0x00009118      0x3fc FAT32.o
                0x00009118                findFiles
 .text.readFile
                0x00009514      0x19e FAT32.o
                0x00009514                readFile
 .text.deleteFile
                0x000096b2       0x18 FAT32.o
                0x000096b2                deleteFile
 .text.writeFile
                0x000096ca      0x82e FAT32.o
                0x000096ca                writeFile
 .text.SD_sendCommand
                0x00009ef8       0xb4 SD_routines.o
                0x00009ef8                SD_sendCommand
 .text.SD_init  0x00009fac      0x10e SD_routines.o
                0x00009fac                SD_init
 .text.SD_readSingleBlock
                0x0000a0ba       0x52 SD_routines.o
                0x0000a0ba                SD_readSingleBlock
 .text.SD_writeSingleBlock
                0x0000a10c       0x84 SD_routines.o
                0x0000a10c                SD_writeSingleBlock
 .text.linear_ramp_init
                0x0000a190       0xb4 ramp1.o
                0x0000a190                linear_ramp_init
 .text.linear_ramp_set_defaults
                0x0000a244       0xc4 ramp1.o
                0x0000a244                linear_ramp_set_defaults
 .text.calculateRamp
                0x0000a308       0x5c ramp1.o
                0x0000a308                calculateRamp
 .text.iterate_timer
                0x0000a364       0x28 ramp1.o
                0x0000a364                iterate_timer
 .text.position_func
                0x0000a38c       0xe4 ramp1.o
                0x0000a38c                position_func
 .text.velocity_func
                0x0000a470       0x48 ramp1.o
                0x0000a470                velocity_func
 .text.reverse  0x0000a4b8       0x2e ramp1.o
                0x0000a4b8                reverse
 .text.intToStr
                0x0000a4e6       0x82 ramp1.o
                0x0000a4e6                intToStr
 .text.ftoa     0x0000a568       0xce ramp1.o
                0x0000a568                ftoa
 .text.computeRamp
                0x0000a636      0x3bc ramp1.o
                0x0000a636                computeRamp
 .text.__vector_13
                0x0000a9f2       0x5e ramp1.o
                0x0000a9f2                __vector_13
 .text.ramp_pwm_init
                0x0000aa50       0x26 ramp1.o
                0x0000aa50                ramp_pwm_init
 .text.softspi_clk_low
                0x0000aa76        0x4 Software_SPI.o
                0x0000aa76                softspi_clk_low
 .text.softspi_clk_high
                0x0000aa7a        0x4 Software_SPI.o
                0x0000aa7a                softspi_clk_high
 .text.softspi_mosi_low
                0x0000aa7e        0x4 Software_SPI.o
                0x0000aa7e                softspi_mosi_low
 .text.softspi_mosi_high
                0x0000aa82        0x4 Software_SPI.o
                0x0000aa82                softspi_mosi_high
 .text.softspi_write_bit
                0x0000aa86       0x2c Software_SPI.o
                0x0000aa86                softspi_write_bit
 .text.softspi_write_uint8
                0x0000aab2       0x36 Software_SPI.o
                0x0000aab2                softspi_write_uint8
 .text.softspi_read_bit
                0x0000aae8       0x3e Software_SPI.o
                0x0000aae8                softspi_read_bit
 .text.softspi_read_uint8
                0x0000ab26       0x58 Software_SPI.o
                0x0000ab26                softspi_read_uint8
 .text.spi_transmit
                0x0000ab7e        0xa SPI.o
                0x0000ab7e                spi_transmit
 .text.spi_receive
                0x0000ab88        0xe SPI.o
                0x0000ab88                spi_receive
 .text.enable_Slave
                0x0000ab96       0x30 SPI.o
                0x0000ab96                enable_Slave
 .text.disable_Slave
                0x0000abc6       0x20 SPI.o
                0x0000abc6                disable_Slave
 .text.SPI_init
                0x0000abe6       0x18 SPI.o
                0x0000abe6                SPI_init
 .text.tmc40bit_writeInt
                0x0000abfe      0x112 tmc4671.o
                0x0000abfe                tmc40bit_writeInt
 .text.tmc4671_writeInt
                0x0000ad10        0x4 tmc4671.o
                0x0000ad10                tmc4671_writeInt
 .text.tmc40bit_readInt
                0x0000ad14      0x16e tmc4671.o
                0x0000ad14                tmc40bit_readInt
 .text.tmc4671_readInt
                0x0000ae82        0x4 tmc4671.o
                0x0000ae82                tmc4671_readInt
 .text.read_registers_TMC4671
                0x0000ae86       0x42 tmc4671.o
                0x0000ae86                read_registers_TMC4671
 .text.encoder_testdrive
                0x0000aec8       0xf0 tmc4671.o
                0x0000aec8                encoder_testdrive
 .text.tmc4671_switchToMotionMode
                0x0000afb8       0x2c tmc4671.o
                0x0000afb8                tmc4671_switchToMotionMode
 .text.tmc4671_setAbsolutTargetPosition
                0x0000afe4       0x2c tmc4671.o
                0x0000afe4                tmc4671_setAbsolutTargetPosition
 .text.initTMC4671_Encoder
                0x0000b010      0x238 tmc4671.o
                0x0000b010                initTMC4671_Encoder
 .text.tmc4671_setActualPosition
                0x0000b248        0xc tmc4671.o
                0x0000b248                tmc4671_setActualPosition
 .text.tmc4671_getActualPosition
                0x0000b254        0x8 tmc4671.o
                0x0000b254                tmc4671_getActualPosition
 .text.tmc6200_readInt
                0x0000b25c      0x16a TMC6200.o
                0x0000b25c                tmc6200_readInt
 .text.tmc6200_writeInt
                0x0000b3c6      0x112 TMC6200.o
                0x0000b3c6                tmc6200_writeInt
 .text.initTMC6200
                0x0000b4d8       0x66 TMC6200.o
                0x0000b4d8                initTMC6200
 .text.read_registers_TMC6200
                0x0000b53e       0x44 TMC6200.o
                0x0000b53e                read_registers_TMC6200
 .text.tx_completed
                0x0000b582        0x6 UART.o
                0x0000b582                tx_completed
 .text.UART_init
                0x0000b588       0xb0 UART.o
                0x0000b588                UART_init
 .text.Uart_Transmit_IT_PC
                0x0000b638       0x2c UART.o
                0x0000b638                Uart_Transmit_IT_PC
 .text.Uart_Transmit_IT_Display
                0x0000b664       0x2c UART.o
                0x0000b664                Uart_Transmit_IT_Display
 .text.Uart_Transmit_IT_ESP
                0x0000b690       0x2c UART.o
                0x0000b690                Uart_Transmit_IT_ESP
 .text.__vector_25
                0x0000b6bc       0x58 UART.o
                0x0000b6bc                __vector_25
 .text.__vector_36
                0x0000b714       0x58 UART.o
                0x0000b714                __vector_36
 .text.__vector_51
                0x0000b76c       0x58 UART.o
                0x0000b76c                __vector_51
 .text.transmitByte
                0x0000b7c4       0x10 UART.o
                0x0000b7c4                transmitByte
 .text.transmitString
                0x0000b7d4       0x1c UART.o
                0x0000b7d4                transmitString
 .text.main     0x0000b7f0       0x4a main.o
                0x0000b7f0                main
 .text.avr-libc.fplib
                0x0000b83a        0xa c:/program files (x86)/atmel/studio/7.0/toolchain/avr8/avr8-gnu-toolchain/bin/../lib/gcc/avr/5.4.0/../../../../avr/lib/avr6\libm.a(addsf3.o)
                0x0000b83a                __subsf3
                0x0000b83c                __addsf3
 .text.avr-libc.fplib
                0x0000b844       0xc0 c:/program files (x86)/atmel/studio/7.0/toolchain/avr8/avr8-gnu-toolchain/bin/../lib/gcc/avr/5.4.0/../../../../avr/lib/avr6\libm.a(addsf3x.o)
                0x0000b85e                __addsf3x
 .text.avr-libc.fplib
                0x0000b904        0x8 c:/program files (x86)/atmel/studio/7.0/toolchain/avr8/avr8-gnu-toolchain/bin/../lib/gcc/avr/5.4.0/../../../../avr/lib/avr6\libm.a(cmpsf2.o)
                0x0000b904                __nesf2
                0x0000b904                __eqsf2
                0x0000b904                __cmpsf2
                0x0000b904                __ltsf2
                0x0000b904                __lesf2
 .text.avr-libc.fplib
                0x0000b90c        0x4 c:/program files (x86)/atmel/studio/7.0/toolchain/avr8/avr8-gnu-toolchain/bin/../lib/gcc/avr/5.4.0/../../../../avr/lib/avr6\libm.a(divsf3.o)
                0x0000b90c                __divsf3
 .text.avr-libc.fplib
                0x0000b910       0xcc c:/program files (x86)/atmel/studio/7.0/toolchain/avr8/avr8-gnu-toolchain/bin/../lib/gcc/avr/5.4.0/../../../../avr/lib/avr6\libm.a(divsf3x.o)
                0x0000b926                __divsf3x
                0x0000b92a                __divsf3_pse
 .text.avr-libc.fplib
                0x0000b9dc        0xa c:/program files (x86)/atmel/studio/7.0/toolchain/avr8/avr8-gnu-toolchain/bin/../lib/gcc/avr/5.4.0/../../../../avr/lib/avr6\libm.a(fixsfsi.o)
                0x0000b9dc                __fixsfsi
 .text.avr-libc.fplib
                0x0000b9e6       0x58 c:/program files (x86)/atmel/studio/7.0/toolchain/avr8/avr8-gnu-toolchain/bin/../lib/gcc/avr/5.4.0/../../../../avr/lib/avr6\libm.a(fixunssfsi.o)
                0x0000b9e6                __fixunssfsi
 .text.avr-libc.fplib
                0x0000ba3e       0x7a c:/program files (x86)/atmel/studio/7.0/toolchain/avr8/avr8-gnu-toolchain/bin/../lib/gcc/avr/5.4.0/../../../../avr/lib/avr6\libm.a(floatsisf.o)
                0x0000ba3e                __floatunsisf
                0x0000ba42                __floatsisf
 .text.avr-libc.fplib
                0x0000bab8       0x48 c:/program files (x86)/atmel/studio/7.0/toolchain/avr8/avr8-gnu-toolchain/bin/../lib/gcc/avr/5.4.0/../../../../avr/lib/avr6\libm.a(fp_cmp.o)
                0x0000bab8                __fp_cmp
 .text.avr-libc.fplib
                0x0000bb00        0xc c:/program files (x86)/atmel/studio/7.0/toolchain/avr8/avr8-gnu-toolchain/bin/../lib/gcc/avr/5.4.0/../../../../avr/lib/avr6\libm.a(fp_inf.o)
                0x0000bb00                __fp_inf
 .text.avr-libc.fplib
                0x0000bb0c        0x6 c:/program files (x86)/atmel/studio/7.0/toolchain/avr8/avr8-gnu-toolchain/bin/../lib/gcc/avr/5.4.0/../../../../avr/lib/avr6\libm.a(fp_nan.o)
                0x0000bb0c                __fp_nan
 .text.avr-libc.fplib
                0x0000bb12        0xe c:/program files (x86)/atmel/studio/7.0/toolchain/avr8/avr8-gnu-toolchain/bin/../lib/gcc/avr/5.4.0/../../../../avr/lib/avr6\libm.a(fp_pscA.o)
                0x0000bb12                __fp_pscA
 .text.avr-libc.fplib
                0x0000bb20        0xe c:/program files (x86)/atmel/studio/7.0/toolchain/avr8/avr8-gnu-toolchain/bin/../lib/gcc/avr/5.4.0/../../../../avr/lib/avr6\libm.a(fp_pscB.o)
                0x0000bb20                __fp_pscB
 .text.avr-libc.fplib
                0x0000bb2e       0x22 c:/program files (x86)/atmel/studio/7.0/toolchain/avr8/avr8-gnu-toolchain/bin/../lib/gcc/avr/5.4.0/../../../../avr/lib/avr6\libm.a(fp_round.o)
                0x0000bb2e                __fp_round
 .text.avr-libc.fplib
                0x0000bb50       0x44 c:/program files (x86)/atmel/studio/7.0/toolchain/avr8/avr8-gnu-toolchain/bin/../lib/gcc/avr/5.4.0/../../../../avr/lib/avr6\libm.a(fp_split3.o)
                0x0000bb50                __fp_split3
                0x0000bb60                __fp_splitA
 .text.avr-libc.fplib
                0x0000bb94        0xe c:/program files (x86)/atmel/studio/7.0/toolchain/avr8/avr8-gnu-toolchain/bin/../lib/gcc/avr/5.4.0/../../../../avr/lib/avr6\libm.a(fp_zero.o)
                0x0000bb94                __fp_zero
                0x0000bb96                __fp_szero
 .text.avr-libc.fplib
                0x0000bba2        0x8 c:/program files (x86)/atmel/studio/7.0/toolchain/avr8/avr8-gnu-toolchain/bin/../lib/gcc/avr/5.4.0/../../../../avr/lib/avr6\libm.a(gesf2.o)
                0x0000bba2                __gesf2
                0x0000bba2                __gtsf2
 .text.avr-libc.fplib
                0x0000bbaa        0x4 c:/program files (x86)/atmel/studio/7.0/toolchain/avr8/avr8-gnu-toolchain/bin/../lib/gcc/avr/5.4.0/../../../../avr/lib/avr6\libm.a(mulsf3.o)
                0x0000bbaa                __mulsf3
 .text.avr-libc.fplib
                0x0000bbae       0xc2 c:/program files (x86)/atmel/studio/7.0/toolchain/avr8/avr8-gnu-toolchain/bin/../lib/gcc/avr/5.4.0/../../../../avr/lib/avr6\libm.a(mulsf3x.o)
                0x0000bbc2                __mulsf3x
                0x0000bbc6                __mulsf3_pse
 .text.avr-libc.fplib
                0x0000bc70       0x98 c:/program files (x86)/atmel/studio/7.0/toolchain/avr8/avr8-gnu-toolchain/bin/../lib/gcc/avr/5.4.0/../../../../avr/lib/avr6\libm.a(pow.o)
                0x0000bc70                pow
 .text.avr-libc.fplib
                0x0000bd08       0x84 c:/program files (x86)/atmel/studio/7.0/toolchain/avr8/avr8-gnu-toolchain/bin/../lib/gcc/avr/5.4.0/../../../../avr/lib/avr6\libm.a(sqrt.o)
                0x0000bd10                sqrtf
                0x0000bd10                sqrt
 .text.avr-libc.fplib
                0x0000bd8c       0x62 c:/program files (x86)/atmel/studio/7.0/toolchain/avr8/avr8-gnu-toolchain/bin/../lib/gcc/avr/5.4.0/../../../../avr/lib/avr6\libm.a(exp.o)
                0x0000bd96                exp
 .text.avr-libc.fplib
                0x0000bdee       0x1c c:/program files (x86)/atmel/studio/7.0/toolchain/avr8/avr8-gnu-toolchain/bin/../lib/gcc/avr/5.4.0/../../../../avr/lib/avr6\libm.a(fp_mpack.o)
                0x0000bdee                __fp_mpack
                0x0000bdf2                __fp_mpack_finite
 .text.avr-libc.fplib
                0x0000be0a        0xe c:/program files (x86)/atmel/studio/7.0/toolchain/avr8/avr8-gnu-toolchain/bin/../lib/gcc/avr/5.4.0/../../../../avr/lib/avr6\libm.a(fp_norm2.o)
                0x0000be0a                __fp_norm2
 .text.avr-libc.fplib
                0x0000be18       0x4a c:/program files (x86)/atmel/studio/7.0/toolchain/avr8/avr8-gnu-toolchain/bin/../lib/gcc/avr/5.4.0/../../../../avr/lib/avr6\libm.a(fp_powser.o)
                0x0000be18                __fp_powser
 .text.avr-libc.fplib
                0x0000be62        0xe c:/program files (x86)/atmel/studio/7.0/toolchain/avr8/avr8-gnu-toolchain/bin/../lib/gcc/avr/5.4.0/../../../../avr/lib/avr6\libm.a(inverse.o)
                0x0000be62                inverse
 .text.avr-libc.fplib
                0x0000be70       0x6c c:/program files (x86)/atmel/studio/7.0/toolchain/avr8/avr8-gnu-toolchain/bin/../lib/gcc/avr/5.4.0/../../../../avr/lib/avr6\libm.a(ldexp.o)
                0x0000be74                ldexp
 .text.avr-libc.fplib
                0x0000bedc       0x8a c:/program files (x86)/atmel/studio/7.0/toolchain/avr8/avr8-gnu-toolchain/bin/../lib/gcc/avr/5.4.0/../../../../avr/lib/avr6\libm.a(log.o)
                0x0000bee6                log
 .text.avr-libc.fplib
                0x0000bf66       0x66 c:/program files (x86)/atmel/studio/7.0/toolchain/avr8/avr8-gnu-toolchain/bin/../lib/gcc/avr/5.4.0/../../../../avr/lib/avr6\libm.a(modf.o)
                0x0000bf66                modf
                0x0000bf66                modff
 .text.libgcc.mul
                0x0000bfcc       0x1e c:/program files (x86)/atmel/studio/7.0/toolchain/avr8/avr8-gnu-toolchain/bin/../lib/gcc/avr/5.4.0/avr6\libgcc.a(_mulsi3.o)
                0x0000bfcc                __mulsi3
 .text.libgcc.div
                0x0000bfea       0x26 c:/program files (x86)/atmel/studio/7.0/toolchain/avr8/avr8-gnu-toolchain/bin/../lib/gcc/avr/5.4.0/avr6\libgcc.a(_divmodhi4.o)
                0x0000bfea                _div
                0x0000bfea                __divmodhi4
 .text.libgcc.div
                0x0000c010       0x44 c:/program files (x86)/atmel/studio/7.0/toolchain/avr8/avr8-gnu-toolchain/bin/../lib/gcc/avr/5.4.0/avr6\libgcc.a(_udivmodsi4.o)
                0x0000c010                __udivmodsi4
 .text.libgcc.div
                0x0000c054       0x28 c:/program files (x86)/atmel/studio/7.0/toolchain/avr8/avr8-gnu-toolchain/bin/../lib/gcc/avr/5.4.0/avr6\libgcc.a(_divmodsi4.o)
                0x0000c054                __divmodsi4
 .text.libgcc.div
                0x0000c07c       0x10 c:/program files (x86)/atmel/studio/7.0/toolchain/avr8/avr8-gnu-toolchain/bin/../lib/gcc/avr/5.4.0/avr6\libgcc.a(_negsi2.o)
                0x0000c07c                __negsi2
 .text.libgcc   0x0000c08c       0x10 c:/program files (x86)/atmel/studio/7.0/toolchain/avr8/avr8-gnu-toolchain/bin/../lib/gcc/avr/5.4.0/avr6\libgcc.a(_tablejump2.o)
                0x0000c08c                __tablejump2__
 .text.libgcc.mul
                0x0000c09c       0x1e c:/program files (x86)/atmel/studio/7.0/toolchain/avr8/avr8-gnu-toolchain/bin/../lib/gcc/avr/5.4.0/avr6\libgcc.a(_umulhisi3.o)
                0x0000c09c                __umulhisi3
 .text.libgcc.mul
                0x0000c0ba       0x14 c:/program files (x86)/atmel/studio/7.0/toolchain/avr8/avr8-gnu-toolchain/bin/../lib/gcc/avr/5.4.0/avr6\libgcc.a(_muluhisi3.o)
                0x0000c0ba                __muluhisi3
 .text.libgcc.div
                0x0000c0ce       0x56 c:/program files (x86)/atmel/studio/7.0/toolchain/avr8/avr8-gnu-toolchain/bin/../lib/gcc/avr/5.4.0/avr6\libgcc.a(_divdi3.o)
                0x0000c0ce                __moddi3
                0x0000c0d2                __divdi3
                0x0000c0d4                __divdi3_moddi3
 .text.libgcc.div
                0x0000c124       0x1a c:/program files (x86)/atmel/studio/7.0/toolchain/avr8/avr8-gnu-toolchain/bin/../lib/gcc/avr/5.4.0/avr6\libgcc.a(_udivdi3.o)
                0x0000c124                __umoddi3
                0x0000c128                __udivdi3
                0x0000c12a                __udivdi3_umoddi3
 .text.libgcc.div
                0x0000c13e       0xa2 c:/program files (x86)/atmel/studio/7.0/toolchain/avr8/avr8-gnu-toolchain/bin/../lib/gcc/avr/5.4.0/avr6\libgcc.a(_udivmod64.o)
                0x0000c13e                __udivmod64
 .text.libgcc   0x0000c1e0       0x20 c:/program files (x86)/atmel/studio/7.0/toolchain/avr8/avr8-gnu-toolchain/bin/../lib/gcc/avr/5.4.0/avr6\libgcc.a(_negdi2.o)
                0x0000c1e0                __negdi2
 .text.libgcc.prologue
                0x0000c200       0x38 c:/program files (x86)/atmel/studio/7.0/toolchain/avr8/avr8-gnu-toolchain/bin/../lib/gcc/avr/5.4.0/avr6\libgcc.a(_prologue.o)
                0x0000c200                __prologue_saves__
 .text.libgcc.prologue
                0x0000c238       0x36 c:/program files (x86)/atmel/studio/7.0/toolchain/avr8/avr8-gnu-toolchain/bin/../lib/gcc/avr/5.4.0/avr6\libgcc.a(_epilogue.o)
                0x0000c238                __epilogue_restores__
 .text.libgcc   0x0000c26e       0x18 c:/program files (x86)/atmel/studio/7.0/toolchain/avr8/avr8-gnu-toolchain/bin/../lib/gcc/avr/5.4.0/avr6\libgcc.a(_cmpdi2_s8.o)
                0x0000c26e                __cmpdi2_s8
 .text.libgcc.div
                0x0000c286       0x28 c:/program files (x86)/atmel/studio/7.0/toolchain/avr8/avr8-gnu-toolchain/bin/../lib/gcc/avr/5.4.0/avr6\libgcc.a(_udivmodhi4.o)
                0x0000c286                __udivmodhi4
 .text.avr-libc
                0x0000c2ae       0x34 c:/program files (x86)/atmel/studio/7.0/toolchain/avr8/avr8-gnu-toolchain/bin/../lib/gcc/avr/5.4.0/../../../../avr/lib/avr6\libc.a(calloc.o)
                0x0000c2ae                calloc
 .text.avr-libc
                0x0000c2e2      0x242 c:/program files (x86)/atmel/studio/7.0/toolchain/avr8/avr8-gnu-toolchain/bin/../lib/gcc/avr/5.4.0/../../../../avr/lib/avr6\libc.a(malloc.o)
                0x0000c2e2                malloc
                0x0000c412                free
 .text.avr-libc
                0x0000c524       0x3a c:/program files (x86)/atmel/studio/7.0/toolchain/avr8/avr8-gnu-toolchain/bin/../lib/gcc/avr/5.4.0/../../../../avr/lib/avr6\libc.a(atoi.o)
                0x0000c524                atoi
 .text.avr-libc
                0x0000c55e        0x6 c:/program files (x86)/atmel/studio/7.0/toolchain/avr8/avr8-gnu-toolchain/bin/../lib/gcc/avr/5.4.0/../../../../avr/lib/avr6\libc.a(strtok.o)
                0x0000c55e                strtok
 .text.avr-libc
                0x0000c564        0xe c:/program files (x86)/atmel/studio/7.0/toolchain/avr8/avr8-gnu-toolchain/bin/../lib/gcc/avr/5.4.0/../../../../avr/lib/avr6\libc.a(memset.o)
                0x0000c564                memset
 .text.avr-libc
                0x0000c572       0x16 c:/program files (x86)/atmel/studio/7.0/toolchain/avr8/avr8-gnu-toolchain/bin/../lib/gcc/avr/5.4.0/../../../../avr/lib/avr6\libc.a(strcat.o)
                0x0000c572                strcat
 .text.avr-libc
                0x0000c588       0x12 c:/program files (x86)/atmel/studio/7.0/toolchain/avr8/avr8-gnu-toolchain/bin/../lib/gcc/avr/5.4.0/../../../../avr/lib/avr6\libc.a(strcmp.o)
                0x0000c588                strcmp
 .text.avr-libc
                0x0000c59a        0xe c:/program files (x86)/atmel/studio/7.0/toolchain/avr8/avr8-gnu-toolchain/bin/../lib/gcc/avr/5.4.0/../../../../avr/lib/avr6\libc.a(strcpy.o)
                0x0000c59a                strcpy
 .text.avr-libc
                0x0000c5a8       0x4e c:/program files (x86)/atmel/studio/7.0/toolchain/avr8/avr8-gnu-toolchain/bin/../lib/gcc/avr/5.4.0/../../../../avr/lib/avr6\libc.a(strtok_r.o)
                0x0000c5a8                strtok_r
 .text.avr-libc
                0x0000c5f6       0x14 c:/program files (x86)/atmel/studio/7.0/toolchain/avr8/avr8-gnu-toolchain/bin/../lib/gcc/avr/5.4.0/../../../../avr/lib/avr6\libc.a(itoa_ncheck.o)
                0x0000c5f6                __itoa_ncheck
 .text.avr-libc
                0x0000c60a       0x10 c:/program files (x86)/atmel/studio/7.0/toolchain/avr8/avr8-gnu-toolchain/bin/../lib/gcc/avr/5.4.0/../../../../avr/lib/avr6\libc.a(mul10.o)
                0x0000c60a                __mulhi_const_10
 .text.avr-libc
                0x0000c61a       0x32 c:/program files (x86)/atmel/studio/7.0/toolchain/avr8/avr8-gnu-toolchain/bin/../lib/gcc/avr/5.4.0/../../../../avr/lib/avr6\libc.a(utoa_ncheck.o)
                0x0000c61a                __utoa_ncheck
                0x0000c61c                __utoa_common
 .text.avr-libc
                0x0000c64c       0x20 c:/program files (x86)/atmel/studio/7.0/toolchain/avr8/avr8-gnu-toolchain/bin/../lib/gcc/avr/5.4.0/../../../../avr/lib/avr6\libc.a(strrev.o)
                0x0000c64c                strrev
 .text.avr-libc
                0x0000c66c       0x10 C:/Program Files (x86)/Atmel/Studio/7.0/Packs/atmel/ATmega_DFP/1.3.300/gcc/dev/atmega2560/avr6\libatmega2560.a(eerd_byte.o)
                0x0000c66c                eeprom_read_byte
                0x0000c67c                . = ALIGN (0x2)
 *(.fini9)
 .fini9         0x0000c67c        0x0 c:/program files (x86)/atmel/studio/7.0/toolchain/avr8/avr8-gnu-toolchain/bin/../lib/gcc/avr/5.4.0/avr6\libgcc.a(_exit.o)
                0x0000c67c                _exit
                0x0000c67c                exit
 *(.fini9)
 *(.fini8)
 *(.fini8)
 *(.fini7)
 *(.fini7)
 *(.fini6)
 *(.fini6)
 *(.fini5)
 *(.fini5)
 *(.fini4)
 *(.fini4)
 *(.fini3)
 *(.fini3)
 *(.fini2)
 *(.fini2)
 *(.fini1)
 *(.fini1)
 *(.fini0)
 .fini0         0x0000c67c        0x4 c:/program files (x86)/atmel/studio/7.0/toolchain/avr8/avr8-gnu-toolchain/bin/../lib/gcc/avr/5.4.0/avr6\libgcc.a(_exit.o)
 *(.fini0)
                0x0000c680                _etext = .

.data           0x00800200      0xc86 load address 0x0000c680
                0x00800200                PROVIDE (__data_start, .)
 *(.data)
 .data          0x00800200        0x6 c:/program files (x86)/atmel/studio/7.0/toolchain/avr8/avr8-gnu-toolchain/bin/../lib/gcc/avr/5.4.0/../../../../avr/lib/avr6\libc.a(malloc.o)
                0x00800200                __malloc_heap_end
                0x00800202                __malloc_heap_start
                0x00800204                __malloc_margin
 *(.data*)
 .data.forward.2444
                0x00800206        0x1 ramp1.o
 *(.gnu.linkonce.d*)
 *(.rodata)
 .rodata        0x00800207       0x9c Cocktail_functions.o
 *(.rodata*)
 .rodata.str1.1
                0x008002a3      0x498 Cocktail_functions.o
                                0x4ce (size before relaxing)
 .rodata.str1.1
                0x0080073b      0x141 Cocktail_Statemachine.o
                                0x1ad (size before relaxing)
 .rodata.str1.1
                0x0080087c       0x21 Getraenk.o
                                 0x28 (size before relaxing)
 .rodata.str1.1
                0x0080089d        0x1 TAGS.o
 .rodata.str1.1
                0x0080089d       0x38 Zutaten.o
                                 0x45 (size before relaxing)
 .rodata.str1.1
                0x008008d5      0x2fd Lists.o
                                0x302 (size before relaxing)
 .rodata.str1.1
                0x00800bd2       0x82 Main_Func.o
                                 0x8e (size before relaxing)
 .rodata.str1.1
                0x00800c54       0x2f Nextion_Display.o
 .rodata.str1.1
                0x00800c83      0x128 FAT32.o
 .rodata.str1.1
                0x00800dab       0x85 ramp1.o
                                 0x8a (size before relaxing)
 .rodata.str1.1
                0x00800e30       0x2c tmc4671.o
                                 0x32 (size before relaxing)
 .rodata.str1.1
                0x00800e5c       0x29 TMC6200.o
                                 0x32 (size before relaxing)
 *(.gnu.linkonce.r*)
                0x00800e86                . = ALIGN (0x2)
 *fill*         0x00800e85        0x1 
                0x00800e86                _edata = .
                0x00800e86                PROVIDE (__data_end, .)

.bss            0x00800e86      0x7e5
                0x00800e86                PROVIDE (__bss_start, .)
 *(.bss)
 .bss           0x00800e86        0x2 c:/program files (x86)/atmel/studio/7.0/toolchain/avr8/avr8-gnu-toolchain/bin/../lib/gcc/avr/5.4.0/../../../../avr/lib/avr6\libc.a(strtok.o)
 *(.bss*)
 .bss.count.3933
                0x00800e88        0x4 Cocktail_functions.o
 .bss.oldval.3932
                0x00800e8c        0x1 Cocktail_functions.o
 .bss.cntr_End_UART_2
                0x00800e8d        0x1 main.o
                0x00800e8d                cntr_End_UART_2
 .bss.cntr_UART_2
                0x00800e8e        0x1 main.o
                0x00800e8e                cntr_UART_2
 .bss.cntr_End_UART_1
                0x00800e8f        0x1 main.o
                0x00800e8f                cntr_End_UART_1
 .bss.cntr_UART_1
                0x00800e90        0x1 main.o
                0x00800e90                cntr_UART_1
 .bss.cntr_End_UART_0
                0x00800e91        0x1 main.o
                0x00800e91                cntr_End_UART_0
 .bss.cntr_UART_0
                0x00800e92        0x1 main.o
                0x00800e92                cntr_UART_0
 *(COMMON)
 COMMON         0x00800e93      0x652 Cocktail_functions.o
                0x00800e93                buffer2_getraenk_file_alle
                0x00800e95                number_zutaten_maschine_ohne
                0x00800e97                aktuelles_Zutat_file_ausser_Maschine_mit_KS
                0x00800e99                new_zutat_maschine_list_node
                0x00800e9b                tmp_zut_Maschine_head
                0x00800e9d                ptr_zutat_maschine_node
                0x00800e9f                buffer_zut_in_Maschine_ohne_KS
                0x00800ea1                Position
                0x00800ea5                number_getraenk_alle_
                0x00800ea7                number_zutaten_mit
                0x00800ea9                rainbow_i
                0x00800eab                Liste
                0x00800eac                head_tag
                0x00800eae                number_list_zutaten_val
                0x00800eb0                number_zutaten_mit_val
                0x00800eb2                appendFileLocation
                0x00800eb6                aktuelle_zutat
                0x00800eb8                actual_list_node_zutat_maschine
                0x00800eba                tail_getraenk_file_alle
                0x00800ebc                count_bla
                0x00800ec0                compute
                0x00800ec1                fileName
                0x00800ece                tmp_zut_Maschine_actual
                0x00800ed0                head_list_node_zutat_maschine
                0x00800ed2                new_file_node
                0x00800ed4                tail_list_node_zutaten
                0x00800ed6                buffer_zutat_file
                0x00800ed8                tail_zutat_file_ohne
                0x00800eda                firstDataSector
                0x00800ede                ptr_tx_completed_1
                0x00800ee0                fileSize
                0x00800ee4                bytesPerSector
                0x00800ee6                number_zutaten_maschine_mit
                0x00800ee8                actual_list_node_zutaten
                0x00800eea                totalClusters
                0x00800eee                option
                0x00800eef                aktuelles_Zutat_file_in_Maschine_ohne_KS
                0x00800ef1                ramp
                0x00800ef3                tmp_mit_KS_head
                0x00800ef5                tmp_ohne_KS_tail
                0x00800ef7                ptr_file_node
                0x00800ef9                Grossschreib
                0x00800efa                number_zutaten_maschine_mit_val
                0x00800efc                rootCluster
                0x00800f00                block_list_runter
                0x00800f01                new_list_node
                0x00800f03                head_zutat_maschine_mit
                0x00800f05                state
                0x00800f07                light
                0x00800f08                rb_rx_ESP
                0x00801009                startBlock
                0x0080100d                aktueller_tag
                0x0080100f                aktuelle_Zutat_in_Maschine_ohne_KS
                0x00801011                number_list_getraenke_alle_val
                0x00801013                number_zutaten_ohne_val
                0x00801015                i
                0x00801017                head_getraenk_file_alle
                0x00801019                new_zutat_maschine_node
                0x0080101b                address_Standardwiederherstellung
                0x0080101d                rb_rx_Display
                0x0080111e                number_zutaten_maschine_ohne_val
                0x00801120                buffer_getraenk_file_alle
                0x00801122                tail_tag
                0x00801124                buffer
                0x00801324                tail_zutat_file_mit
                0x00801326                externes_Getraenk_flag
                0x00801327                SPI_Slave
                0x00801328                sectorPerCluster
                0x0080132a                tail_list_node_zutat_maschine
                0x0080132c                ptr_tx_completed_2
                0x0080132e                states
                0x0080132f                block_list_hoch
                0x00801330                unusedSectors
                0x00801334                head_zutat_file_mit
                0x00801336                number_list_zutat_maschine
                0x00801338                SDHC_flag
                0x00801339                counter
                0x0080133a                buffer2_zutat_file
                0x0080133c                number_getraenk_alle
                0x0080133e                totalBlocks
                0x00801342                data
                0x00801343                buff_name
                0x00801358                reservedSectorCount
                0x0080135a                kohlensaeure_mode
                0x0080135b                number_zutaten_ohne
                0x0080135d                ptr_tx_completed_3
                0x0080135f                ptr_zutat_maschine_list_node
                0x00801361                rb_rx_PC
                0x00801462                appendStartCluster
                0x00801466                number_list_getranke_alle
                0x00801468                tmp_mit_KS_tail
                0x0080146a                ptr_list_node
                0x0080146c                cardType
                0x0080146d                error
                0x0080146e                tmp_ohne_KS_head
                0x00801470                aktuelle_Zutat_ausser_Maschine_mit_KS
                0x00801472                head_zutat_file_ohne
                0x00801474                actual_list_node_getraenk
                0x00801476                gui_pages
                0x00801477                head_list_node_getraenk
                0x00801479                actual_getraenk_file_alle
                0x0080147b                tail_list_node_getraenk
                0x0080147d                tmp_zut_Maschine_tail
                0x0080147f                i_Liste
                0x00801480                number_list_zutat_maschine_val
                0x00801482                number_list_zutaten
                0x00801484                head_list_node_zutaten
                0x00801486                freeClusterCountUpdated
                0x00801487                stop
                0x00801488                FAT32_active
                0x00801489                appendFileSector
                0x0080148d                head_zutat_maschine_ohne
                0x0080148f                aktuellesGetraenk
                0x00801491                buffer_zutat_maschine
                0x00801493                aRamp
                0x008014dc                ptr_tx_completed_0
                0x008014de                buffer_zut_ausser_Maschine_mit_KS
                0x008014e0                tail_zutat_maschine_ohne
                0x008014e2                SPI_State
                0x008014e3                tail_zutat_maschine_mit
 COMMON         0x008014e5      0x182 main.o
                0x008014e5                INPUT_UART_0
                0x00801565                INPUT_UART_1
                0x008015e5                ptr_Uart_1
                0x008015e7                INPUT_UART_2
 COMMON         0x00801667        0x4 c:/program files (x86)/atmel/studio/7.0/toolchain/avr8/avr8-gnu-toolchain/bin/../lib/gcc/avr/5.4.0/../../../../avr/lib/avr6\libc.a(malloc.o)
                0x00801667                __brkval
                0x00801669                __flp
                0x0080166b                PROVIDE (__bss_end, .)
                0x0000c680                __data_load_start = LOADADDR (.data)
                0x0000d306                __data_load_end = (__data_load_start + SIZEOF (.data))

.noinit         0x0080166b        0x0
                [!provide]                PROVIDE (__noinit_start, .)
 *(.noinit*)
                [!provide]                PROVIDE (__noinit_end, .)
                0x0080166b                _end = .
                0x0080166b                PROVIDE (__heap_start, .)

.eeprom         0x00810000        0x0
 *(.eeprom*)
                0x00810000                __eeprom_end = .

.fuse
 *(.fuse)
 *(.lfuse)
 *(.hfuse)
 *(.efuse)

.lock
 *(.lock*)

.signature
 *(.signature*)

.user_signatures
 *(.user_signatures*)

.stab
 *(.stab)

.stabstr
 *(.stabstr)

.stab.excl
 *(.stab.excl)

.stab.exclstr
 *(.stab.exclstr)

.stab.index
 *(.stab.index)

.stab.indexstr
 *(.stab.indexstr)

.comment        0x00000000       0x30
 *(.comment)
 .comment       0x00000000       0x30 Cocktail_functions.o
                                 0x31 (size before relaxing)
 .comment       0x00000030       0x31 Cocktail_Statemachine.o
 .comment       0x00000030       0x31 Getraenk.o
 .comment       0x00000030       0x31 TAGS.o
 .comment       0x00000030       0x31 Zutaten.o
 .comment       0x00000030       0x31 LED.o
 .comment       0x00000030       0x31 Lists.o
 .comment       0x00000030       0x31 Main_Func.o
 .comment       0x00000030       0x31 Nextion_Display.o
 .comment       0x00000030       0x31 ring_buffer.o
 .comment       0x00000030       0x31 FAT32.o
 .comment       0x00000030       0x31 SD_routines.o
 .comment       0x00000030       0x31 ramp1.o
 .comment       0x00000030       0x31 Software_SPI.o
 .comment       0x00000030       0x31 SPI.o
 .comment       0x00000030       0x31 tmc4671.o
 .comment       0x00000030       0x31 TMC6200.o
 .comment       0x00000030       0x31 UART.o
 .comment       0x00000030       0x31 main.o
 .comment       0x00000030       0x31 c:/program files (x86)/atmel/studio/7.0/toolchain/avr8/avr8-gnu-toolchain/bin/../lib/gcc/avr/5.4.0/../../../../avr/lib/avr6\libc.a(calloc.o)
 .comment       0x00000030       0x31 c:/program files (x86)/atmel/studio/7.0/toolchain/avr8/avr8-gnu-toolchain/bin/../lib/gcc/avr/5.4.0/../../../../avr/lib/avr6\libc.a(malloc.o)
 .comment       0x00000030       0x31 c:/program files (x86)/atmel/studio/7.0/toolchain/avr8/avr8-gnu-toolchain/bin/../lib/gcc/avr/5.4.0/../../../../avr/lib/avr6\libc.a(strtok.o)

.note.gnu.avr.deviceinfo
                0x00000000       0x40
 .note.gnu.avr.deviceinfo
                0x00000000       0x40 C:/Program Files (x86)/Atmel/Studio/7.0/Packs/atmel/ATmega_DFP/1.3.300/gcc/dev/atmega2560/avr6/crtatmega2560.o

.note.gnu.build-id
 *(.note.gnu.build-id)

.debug
 *(.debug)

.line
 *(.line)

.debug_srcinfo
 *(.debug_srcinfo)

.debug_sfnames
 *(.debug_sfnames)

.debug_aranges  0x00000000      0xb40
 *(.debug_aranges)
 .debug_aranges
                0x00000000      0x1a0 Cocktail_functions.o
 .debug_aranges
                0x000001a0       0xf8 Cocktail_Statemachine.o
 .debug_aranges
                0x00000298       0x50 Getraenk.o
 .debug_aranges
                0x000002e8       0x30 TAGS.o
 .debug_aranges
                0x00000318       0x28 Zutaten.o
 .debug_aranges
                0x00000340       0x88 LED.o
 .debug_aranges
                0x000003c8      0x178 Lists.o
 .debug_aranges
                0x00000540       0xa0 Main_Func.o
 .debug_aranges
                0x000005e0       0x68 Nextion_Display.o
 .debug_aranges
                0x00000648       0x50 ring_buffer.o
 .debug_aranges
                0x00000698       0x80 FAT32.o
 .debug_aranges
                0x00000718       0x40 SD_routines.o
 .debug_aranges
                0x00000758       0x90 ramp1.o
 .debug_aranges
                0x000007e8       0x70 Software_SPI.o
 .debug_aranges
                0x00000858       0x48 SPI.o
 .debug_aranges
                0x000008a0      0x1b8 tmc4671.o
 .debug_aranges
                0x00000a58       0x38 TMC6200.o
 .debug_aranges
                0x00000a90       0x70 UART.o
 .debug_aranges
                0x00000b00       0x20 main.o
 .debug_aranges
                0x00000b20       0x20 C:/Program Files (x86)/Atmel/Studio/7.0/Packs/atmel/ATmega_DFP/1.3.300/gcc/dev/atmega2560/avr6\libatmega2560.a(eerd_byte.o)

.debug_pubnames
 *(.debug_pubnames)

.debug_info     0x00000000    0x1c8b1
 *(.debug_info .gnu.linkonce.wi.*)
 .debug_info    0x00000000      0xbbc C:/Program Files (x86)/Atmel/Studio/7.0/Packs/atmel/ATmega_DFP/1.3.300/gcc/dev/atmega2560/avr6/crtatmega2560.o
 .debug_info    0x00000bbc     0x6ae1 Cocktail_functions.o
 .debug_info    0x0000769d     0x40f5 Cocktail_Statemachine.o
 .debug_info    0x0000b792     0x14aa Getraenk.o
 .debug_info    0x0000cc3c      0x2be TAGS.o
 .debug_info    0x0000cefa     0x12ae Zutaten.o
 .debug_info    0x0000e1a8      0x365 LED.o
 .debug_info    0x0000e50d     0x28b4 Lists.o
 .debug_info    0x00010dc1     0x1982 Main_Func.o
 .debug_info    0x00012743     0x1461 Nextion_Display.o
 .debug_info    0x00013ba4      0x318 ring_buffer.o
 .debug_info    0x00013ebc     0x1972 FAT32.o
 .debug_info    0x0001582e      0x7c0 SD_routines.o
 .debug_info    0x00015fee      0xc5f ramp1.o
 .debug_info    0x00016c4d      0x548 Software_SPI.o
 .debug_info    0x00017195      0x261 SPI.o
 .debug_info    0x000173f6     0x3500 tmc4671.o
 .debug_info    0x0001a8f6      0xa34 TMC6200.o
 .debug_info    0x0001b32a      0x43b UART.o
 .debug_info    0x0001b765     0x10b2 main.o
 .debug_info    0x0001c817       0x9a C:/Program Files (x86)/Atmel/Studio/7.0/Packs/atmel/ATmega_DFP/1.3.300/gcc/dev/atmega2560/avr6\libatmega2560.a(eerd_byte.o)

.debug_abbrev   0x00000000     0x34db
 *(.debug_abbrev)
 .debug_abbrev  0x00000000      0xb1a C:/Program Files (x86)/Atmel/Studio/7.0/Packs/atmel/ATmega_DFP/1.3.300/gcc/dev/atmega2560/avr6/crtatmega2560.o
 .debug_abbrev  0x00000b1a      0x3cf Cocktail_functions.o
 .debug_abbrev  0x00000ee9      0x306 Cocktail_Statemachine.o
 .debug_abbrev  0x000011ef      0x25b Getraenk.o
 .debug_abbrev  0x0000144a      0x122 TAGS.o
 .debug_abbrev  0x0000156c      0x23b Zutaten.o
 .debug_abbrev  0x000017a7      0x176 LED.o
 .debug_abbrev  0x0000191d      0x2db Lists.o
 .debug_abbrev  0x00001bf8      0x370 Main_Func.o
 .debug_abbrev  0x00001f68      0x23a Nextion_Display.o
 .debug_abbrev  0x000021a2      0x12a ring_buffer.o
 .debug_abbrev  0x000022cc      0x214 FAT32.o
 .debug_abbrev  0x000024e0      0x154 SD_routines.o
 .debug_abbrev  0x00002634      0x35a ramp1.o
 .debug_abbrev  0x0000298e      0x15b Software_SPI.o
 .debug_abbrev  0x00002ae9      0x11c SPI.o
 .debug_abbrev  0x00002c05      0x3aa tmc4671.o
 .debug_abbrev  0x00002faf      0x265 TMC6200.o
 .debug_abbrev  0x00003214      0x183 UART.o
 .debug_abbrev  0x00003397      0x130 main.o
 .debug_abbrev  0x000034c7       0x14 C:/Program Files (x86)/Atmel/Studio/7.0/Packs/atmel/ATmega_DFP/1.3.300/gcc/dev/atmega2560/avr6\libatmega2560.a(eerd_byte.o)

.debug_line     0x00000000     0xb379
 *(.debug_line .debug_line.* .debug_line_end)
 .debug_line    0x00000000      0x1f9 C:/Program Files (x86)/Atmel/Studio/7.0/Packs/atmel/ATmega_DFP/1.3.300/gcc/dev/atmega2560/avr6/crtatmega2560.o
 .debug_line    0x000001f9     0x2aa2 Cocktail_functions.o
 .debug_line    0x00002c9b     0x1d4a Cocktail_Statemachine.o
 .debug_line    0x000049e5      0x6f5 Getraenk.o
 .debug_line    0x000050da      0x195 TAGS.o
 .debug_line    0x0000526f      0x490 Zutaten.o
 .debug_line    0x000056ff      0x47c LED.o
 .debug_line    0x00005b7b     0x1315 Lists.o
 .debug_line    0x00006e90      0x9db Main_Func.o
 .debug_line    0x0000786b      0x5eb Nextion_Display.o
 .debug_line    0x00007e56      0x21d ring_buffer.o
 .debug_line    0x00008073      0xc8f FAT32.o
 .debug_line    0x00008d02      0x481 SD_routines.o
 .debug_line    0x00009183      0x6e0 ramp1.o
 .debug_line    0x00009863      0x2ff Software_SPI.o
 .debug_line    0x00009b62      0x1e8 SPI.o
 .debug_line    0x00009d4a      0xac1 tmc4671.o
 .debug_line    0x0000a80b      0x3f0 TMC6200.o
 .debug_line    0x0000abfb      0x329 UART.o
 .debug_line    0x0000af24      0x3db main.o
 .debug_line    0x0000b2ff       0x7a C:/Program Files (x86)/Atmel/Studio/7.0/Packs/atmel/ATmega_DFP/1.3.300/gcc/dev/atmega2560/avr6\libatmega2560.a(eerd_byte.o)

.debug_frame    0x00000000     0x308c
 *(.debug_frame)
 .debug_frame   0x00000000      0x99c Cocktail_functions.o
 .debug_frame   0x0000099c      0x354 Cocktail_Statemachine.o
 .debug_frame   0x00000cf0      0x124 Getraenk.o
 .debug_frame   0x00000e14       0x78 TAGS.o
 .debug_frame   0x00000e8c       0x98 Zutaten.o
 .debug_frame   0x00000f24      0x19c LED.o
 .debug_frame   0x000010c0      0x7f0 Lists.o
 .debug_frame   0x000018b0      0x27c Main_Func.o
 .debug_frame   0x00001b2c      0x198 Nextion_Display.o
 .debug_frame   0x00001cc4       0xdc ring_buffer.o
 .debug_frame   0x00001da0      0x3b8 FAT32.o
 .debug_frame   0x00002158       0xec SD_routines.o
 .debug_frame   0x00002244      0x348 ramp1.o
 .debug_frame   0x0000258c      0x108 Software_SPI.o
 .debug_frame   0x00002694       0x74 SPI.o
 .debug_frame   0x00002708      0x69c tmc4671.o
 .debug_frame   0x00002da4       0xd8 TMC6200.o
 .debug_frame   0x00002e7c      0x1ec UART.o
 .debug_frame   0x00003068       0x24 main.o

.debug_str      0x00000000     0x3c20
 *(.debug_str)
 .debug_str     0x00000000      0x3e6 C:/Program Files (x86)/Atmel/Studio/7.0/Packs/atmel/ATmega_DFP/1.3.300/gcc/dev/atmega2560/avr6/crtatmega2560.o
 .debug_str     0x000003e6     0x1933 Cocktail_functions.o
                               0x1a8b (size before relaxing)
 .debug_str     0x00001d19      0x83f Cocktail_Statemachine.o
                               0x1dc5 (size before relaxing)
 .debug_str     0x00002558      0x11e Getraenk.o
                               0x115e (size before relaxing)
 .debug_str     0x00002676       0x68 TAGS.o
                                0x263 (size before relaxing)
 .debug_str     0x000026de       0xb3 Zutaten.o
                                0xb33 (size before relaxing)
 .debug_str     0x00002791       0xca LED.o
                                0x320 (size before relaxing)
 .debug_str     0x0000285b      0x22b Lists.o
                                0x741 (size before relaxing)
 .debug_str     0x00002a86      0x237 Main_Func.o
                               0x1273 (size before relaxing)
 .debug_str     0x00002cbd       0x5e Nextion_Display.o
                               0x1000 (size before relaxing)
 .debug_str     0x00002d1b       0x5a ring_buffer.o
                                0x1dd (size before relaxing)
 .debug_str     0x00002d75      0x533 FAT32.o
                                0x908 (size before relaxing)
 .debug_str     0x000032a8       0x69 SD_routines.o
                                0x32f (size before relaxing)
 .debug_str     0x00003311      0x112 ramp1.o
                                0x655 (size before relaxing)
 .debug_str     0x00003423      0x104 Software_SPI.o
                                0x2c6 (size before relaxing)
 .debug_str     0x00003527       0x5d SPI.o
                                0x250 (size before relaxing)
 .debug_str     0x00003584      0x59f tmc4671.o
                                0x9a4 (size before relaxing)
 .debug_str     0x00003b23       0x40 TMC6200.o
                                0x3b5 (size before relaxing)
 .debug_str     0x00003b63       0x56 UART.o
                                0x305 (size before relaxing)
 .debug_str     0x00003bb9       0x67 main.o
                               0x10b7 (size before relaxing)

.debug_loc      0x00000000    0x12de9
 *(.debug_loc)
 .debug_loc     0x00000000     0x3c67 Cocktail_functions.o
 .debug_loc     0x00003c67     0x16b9 Cocktail_Statemachine.o
 .debug_loc     0x00005320      0x51a Getraenk.o
 .debug_loc     0x0000583a      0x1f7 TAGS.o
 .debug_loc     0x00005a31      0x3b2 Zutaten.o
 .debug_loc     0x00005de3      0x26f LED.o
 .debug_loc     0x00006052     0x4109 Lists.o
 .debug_loc     0x0000a15b      0xa5b Main_Func.o
 .debug_loc     0x0000abb6      0x65a Nextion_Display.o
 .debug_loc     0x0000b210      0x58d ring_buffer.o
 .debug_loc     0x0000b79d     0x1e95 FAT32.o
 .debug_loc     0x0000d632      0x78d SD_routines.o
 .debug_loc     0x0000ddbf      0xe45 ramp1.o
 .debug_loc     0x0000ec04      0x357 Software_SPI.o
 .debug_loc     0x0000ef5b       0x98 SPI.o
 .debug_loc     0x0000eff3     0x3439 tmc4671.o
 .debug_loc     0x0001242c      0x530 TMC6200.o
 .debug_loc     0x0001295c      0x48d UART.o

.debug_macinfo
 *(.debug_macinfo)

.debug_weaknames
 *(.debug_weaknames)

.debug_funcnames
 *(.debug_funcnames)

.debug_typenames
 *(.debug_typenames)

.debug_varnames
 *(.debug_varnames)

.debug_pubtypes
 *(.debug_pubtypes)

.debug_ranges   0x00000000      0xc38
 *(.debug_ranges)
 .debug_ranges  0x00000000      0x2e0 Cocktail_functions.o
 .debug_ranges  0x000002e0      0x148 Cocktail_Statemachine.o
 .debug_ranges  0x00000428       0x40 Getraenk.o
 .debug_ranges  0x00000468       0x20 TAGS.o
 .debug_ranges  0x00000488       0x18 Zutaten.o
 .debug_ranges  0x000004a0       0x78 LED.o
 .debug_ranges  0x00000518      0x180 Lists.o
 .debug_ranges  0x00000698       0xe8 Main_Func.o
 .debug_ranges  0x00000780       0x58 Nextion_Display.o
 .debug_ranges  0x000007d8       0x40 ring_buffer.o
 .debug_ranges  0x00000818       0x98 FAT32.o
 .debug_ranges  0x000008b0       0x30 SD_routines.o
 .debug_ranges  0x000008e0       0x80 ramp1.o
 .debug_ranges  0x00000960       0x60 Software_SPI.o
 .debug_ranges  0x000009c0       0x38 SPI.o
 .debug_ranges  0x000009f8      0x1a8 tmc4671.o
 .debug_ranges  0x00000ba0       0x28 TMC6200.o
 .debug_ranges  0x00000bc8       0x60 UART.o
 .debug_ranges  0x00000c28       0x10 main.o

.debug_macro
 *(.debug_macro)
OUTPUT(Mikrocontroller.elf elf32-avr)
LOAD linker stubs
