Archive member included to satisfy reference by file (symbol)

c:/program files (x86)/atmel/studio/7.0/toolchain/avr8/avr8-gnu-toolchain/bin/../lib/gcc/avr/5.4.0/../../../../avr/lib/avr6\libm.a(addsf3.o)
                              LED.o (__subsf3)
c:/program files (x86)/atmel/studio/7.0/toolchain/avr8/avr8-gnu-toolchain/bin/../lib/gcc/avr/5.4.0/../../../../avr/lib/avr6\libm.a(addsf3x.o)
                              c:/program files (x86)/atmel/studio/7.0/toolchain/avr8/avr8-gnu-toolchain/bin/../lib/gcc/avr/5.4.0/../../../../avr/lib/avr6\libm.a(addsf3.o) (__addsf3x)
c:/program files (x86)/atmel/studio/7.0/toolchain/avr8/avr8-gnu-toolchain/bin/../lib/gcc/avr/5.4.0/../../../../avr/lib/avr6\libm.a(cmpsf2.o)
                              ramp1.o (__ltsf2)
c:/program files (x86)/atmel/studio/7.0/toolchain/avr8/avr8-gnu-toolchain/bin/../lib/gcc/avr/5.4.0/../../../../avr/lib/avr6\libm.a(divsf3.o)
                              ramp1.o (__divsf3)
c:/program files (x86)/atmel/studio/7.0/toolchain/avr8/avr8-gnu-toolchain/bin/../lib/gcc/avr/5.4.0/../../../../avr/lib/avr6\libm.a(divsf3x.o)
                              c:/program files (x86)/atmel/studio/7.0/toolchain/avr8/avr8-gnu-toolchain/bin/../lib/gcc/avr/5.4.0/../../../../avr/lib/avr6\libm.a(divsf3.o) (__divsf3x)
c:/program files (x86)/atmel/studio/7.0/toolchain/avr8/avr8-gnu-toolchain/bin/../lib/gcc/avr/5.4.0/../../../../avr/lib/avr6\libm.a(fixsfsi.o)
                              ramp1.o (__fixsfsi)
c:/program files (x86)/atmel/studio/7.0/toolchain/avr8/avr8-gnu-toolchain/bin/../lib/gcc/avr/5.4.0/../../../../avr/lib/avr6\libm.a(fixunssfsi.o)
                              LED.o (__fixunssfsi)
c:/program files (x86)/atmel/studio/7.0/toolchain/avr8/avr8-gnu-toolchain/bin/../lib/gcc/avr/5.4.0/../../../../avr/lib/avr6\libm.a(floatsisf.o)
                              Main_Func.o (__floatunsisf)
c:/program files (x86)/atmel/studio/7.0/toolchain/avr8/avr8-gnu-toolchain/bin/../lib/gcc/avr/5.4.0/../../../../avr/lib/avr6\libm.a(fp_cmp.o)
                              c:/program files (x86)/atmel/studio/7.0/toolchain/avr8/avr8-gnu-toolchain/bin/../lib/gcc/avr/5.4.0/../../../../avr/lib/avr6\libm.a(cmpsf2.o) (__fp_cmp)
c:/program files (x86)/atmel/studio/7.0/toolchain/avr8/avr8-gnu-toolchain/bin/../lib/gcc/avr/5.4.0/../../../../avr/lib/avr6\libm.a(fp_inf.o)
                              c:/program files (x86)/atmel/studio/7.0/toolchain/avr8/avr8-gnu-toolchain/bin/../lib/gcc/avr/5.4.0/../../../../avr/lib/avr6\libm.a(addsf3x.o) (__fp_inf)
c:/program files (x86)/atmel/studio/7.0/toolchain/avr8/avr8-gnu-toolchain/bin/../lib/gcc/avr/5.4.0/../../../../avr/lib/avr6\libm.a(fp_nan.o)
                              c:/program files (x86)/atmel/studio/7.0/toolchain/avr8/avr8-gnu-toolchain/bin/../lib/gcc/avr/5.4.0/../../../../avr/lib/avr6\libm.a(addsf3x.o) (__fp_nan)
c:/program files (x86)/atmel/studio/7.0/toolchain/avr8/avr8-gnu-toolchain/bin/../lib/gcc/avr/5.4.0/../../../../avr/lib/avr6\libm.a(fp_pscA.o)
                              c:/program files (x86)/atmel/studio/7.0/toolchain/avr8/avr8-gnu-toolchain/bin/../lib/gcc/avr/5.4.0/../../../../avr/lib/avr6\libm.a(addsf3x.o) (__fp_pscA)
c:/program files (x86)/atmel/studio/7.0/toolchain/avr8/avr8-gnu-toolchain/bin/../lib/gcc/avr/5.4.0/../../../../avr/lib/avr6\libm.a(fp_pscB.o)
                              c:/program files (x86)/atmel/studio/7.0/toolchain/avr8/avr8-gnu-toolchain/bin/../lib/gcc/avr/5.4.0/../../../../avr/lib/avr6\libm.a(addsf3x.o) (__fp_pscB)
c:/program files (x86)/atmel/studio/7.0/toolchain/avr8/avr8-gnu-toolchain/bin/../lib/gcc/avr/5.4.0/../../../../avr/lib/avr6\libm.a(fp_round.o)
                              c:/program files (x86)/atmel/studio/7.0/toolchain/avr8/avr8-gnu-toolchain/bin/../lib/gcc/avr/5.4.0/../../../../avr/lib/avr6\libm.a(addsf3.o) (__fp_round)
c:/program files (x86)/atmel/studio/7.0/toolchain/avr8/avr8-gnu-toolchain/bin/../lib/gcc/avr/5.4.0/../../../../avr/lib/avr6\libm.a(fp_split3.o)
                              c:/program files (x86)/atmel/studio/7.0/toolchain/avr8/avr8-gnu-toolchain/bin/../lib/gcc/avr/5.4.0/../../../../avr/lib/avr6\libm.a(addsf3x.o) (__fp_split3)
c:/program files (x86)/atmel/studio/7.0/toolchain/avr8/avr8-gnu-toolchain/bin/../lib/gcc/avr/5.4.0/../../../../avr/lib/avr6\libm.a(fp_zero.o)
                              c:/program files (x86)/atmel/studio/7.0/toolchain/avr8/avr8-gnu-toolchain/bin/../lib/gcc/avr/5.4.0/../../../../avr/lib/avr6\libm.a(addsf3x.o) (__fp_zero)
c:/program files (x86)/atmel/studio/7.0/toolchain/avr8/avr8-gnu-toolchain/bin/../lib/gcc/avr/5.4.0/../../../../avr/lib/avr6\libm.a(gesf2.o)
                              ramp1.o (__gesf2)
c:/program files (x86)/atmel/studio/7.0/toolchain/avr8/avr8-gnu-toolchain/bin/../lib/gcc/avr/5.4.0/../../../../avr/lib/avr6\libm.a(mulsf3.o)
                              LED.o (__mulsf3)
c:/program files (x86)/atmel/studio/7.0/toolchain/avr8/avr8-gnu-toolchain/bin/../lib/gcc/avr/5.4.0/../../../../avr/lib/avr6\libm.a(mulsf3x.o)
[...]
Memory Configuration

Name             Origin             Length             Attributes
text             0x00000000         0x00100000         xr
data             0x00800200         0x0000fe00         rw !x
eeprom           0x00810000         0x00010000         rw !x
fuse             0x00820000         0x00000003         rw !x
lock             0x00830000         0x00000400         rw !x
signature        0x00840000         0x00000400         rw !x
user_signatures  0x00850000         0x00000400         rw !x
*default*        0x00000000         0xffffffff

Linker script and memory map

Address of section .data set to 0x800200
LOAD C:/Program Files (x86)/Atmel/Studio/7.0/Packs/atmel/ATmega_DFP/1.3.300/gcc/dev/atmega2560/avr6/crtatmega2560.o
LOAD Cocktail_functions.o
LOAD Cocktail_Statemachine.o
LOAD Getraenk.o
LOAD TAGS.o
LOAD Zutaten.o
LOAD LED.o
LOAD Lists.o
LOAD Main_Func.o
LOAD Nextion_Display.o
LOAD ring_buffer.o
LOAD FAT32.o
LOAD SD_routines.o
LOAD ramp1.o
LOAD Software_SPI.o
LOAD SPI.o
LOAD tmc4671.o
LOAD TMC6200.o
LOAD UART.o
LOAD main.o
START GROUP
LOAD c:/program files (x86)/atmel/studio/7.0/toolchain/avr8/avr8-gnu-toolchain/bin/../lib/gcc/avr/5.4.0/../../../../avr/lib/avr6\libm.a
END GROUP
START GROUP
LOAD c:/program files (x86)/atmel/studio/7.0/toolchain/avr8/avr8-gnu-toolchain/bin/../lib/gcc/avr/5.4.0/avr6\libgcc.a
LOAD c:/program files (x86)/atmel/studio/7.0/toolchain/avr8/avr8-gnu-toolchain/bin/../lib/gcc/avr/5.4.0/../../../../avr/lib/avr6\libm.a
LOAD c:/program files (x86)/atmel/studio/7.0/toolchain/avr8/avr8-gnu-toolchain/bin/../lib/gcc/avr/5.4.0/../../../../avr/lib/avr6\libc.a
LOAD C:/Program Files (x86)/Atmel/Studio/7.0/Packs/atmel/ATmega_DFP/1.3.300/gcc/dev/atmega2560/avr6\libatmega2560.a
END GROUP
                0x00000000                __TEXT_REGION_ORIGIN__ = DEFINED (__TEXT_REGION_ORIGIN__)?__TEXT_REGION_ORIGIN__:0x0
                0x00800200                __DATA_REGION_ORIGIN__ = DEFINED (__DATA_REGION_ORIGIN__)?__DATA_REGION_ORIGIN__:0x800200
                0x00100000                __TEXT_REGION_LENGTH__ = DEFINED (__TEXT_REGION_LENGTH__)?__TEXT_REGION_LENGTH__:0x100000
                0x0000fe00                __DATA_REGION_LENGTH__ = DEFINED (__DATA_REGION_LENGTH__)?__DATA_REGION_LENGTH__:0xfe00
                0x00010000                __EEPROM_REGION_LENGTH__ = DEFINED (__EEPROM_REGION_LENGTH__)?__EEPROM_REGION_LENGTH__:0x10000
                [0x00000003]                __FUSE_REGION_LENGTH__ = DEFINED (__FUSE_REGION_LENGTH__)?__FUSE_REGION_LENGTH__:0x400
                0x00000400                __LOCK_REGION_LENGTH__ = DEFINED (__LOCK_REGION_LENGTH__)?__LOCK_REGION_LENGTH__:0x400
                0x00000400                __SIGNATURE_REGION_LENGTH__ = DEFINED (__SIGNATURE_REGION_LENGTH__)?__SIGNATURE_REGION_LENGTH__:0x400
                0x00000400                __USER_SIGNATURE_REGION_LENGTH__ = DEFINED (__USER_SIGNATURE_REGION_LENGTH__)?__USER_SIGNATURE_REGION_LENGTH__:0x400

.hash
 *(.hash)

.dynsym
 *(.dynsym)

.dynstr
 *(.dynstr)

.gnu.version
 *(.gnu.version)

.gnu.version_d
 *(.gnu.version_d)

.gnu.version_r
 *(.gnu.version_r)

.rel.init
 *(.rel.init)

.rela.init
 *(.rela.init)

.rel.text
 *(.rel.text)
 *(.rel.text.*)
 *(.rel.gnu.linkonce.t*)

.rela.text
 *(.rela.text)
 *(.rela.text.*)
 *(.rela.gnu.linkonce.t*)

.rel.fini
 *(.rel.fini)

.rela.fini
 *(.rela.fini)

.rel.rodata
 *(.rel.rodata)
 *(.rel.rodata.*)
 *(.rel.gnu.linkonce.r*)

.rela.rodata
 *(.rela.rodata)
 *(.rela.rodata.*)
 *(.rela.gnu.linkonce.r*)

.rel.data
 *(.rel.data)
 *(.rel.data.*)
 *(.rel.gnu.linkonce.d*)

.rela.data
 *(.rela.data)
 *(.rela.data.*)
 *(.rela.gnu.linkonce.d*)

.rel.ctors
 *(.rel.ctors)

.rela.ctors
 *(.rela.ctors)

.rel.dtors
 *(.rel.dtors)

.rela.dtors
 *(.rela.dtors)

.rel.got
 *(.rel.got)

.rela.got
 *(.rela.got)

.rel.bss
 *(.rel.bss)

.rela.bss
 *(.rela.bss)

.rel.plt
 *(.rel.plt)

.rela.plt
 *(.rela.plt)

.text           0x00000000     0xb91e
 *(.vectors)
 .vectors       0x00000000       0xe4 C:/Program Files (x86)/Atmel/Studio/7.0/Packs/atmel/ATmega_DFP/1.3.300/gcc/dev/atmega2560/avr6/crtatmega2560.o
                0x00000000                __vector_default
                0x00000000                __vectors
 *(.vectors)
 *(.progmem.gcc*)
 .progmem.gcc_sw_table.schalte_pumpe_ein
                0x000000e4       0x18 Cocktail_functions.o
 .progmem.gcc_sw_table.schalte_pumpe_aus
                0x000000fc       0x18 Cocktail_functions.o
 .progmem.gcc_sw_table.lese_sensor
                0x00000114       0x18 Cocktail_functions.o
 .progmem.gcc_sw_table.check_startseite
                0x0000012c       0x10 Cocktail_Statemachine.o
 .progmem.gcc_sw_table.check_listenanzeige
                0x0000013c       0x12 Cocktail_Statemachine.o
 .progmem.gcc_sw_table.check_menuanzeige
                0x0000014e       0x10 Cocktail_Statemachine.o
 .progmem.gcc_sw_table.check_bearbeitungsanzeige
                0x0000015e       0x14 Cocktail_Statemachine.o
 .progmem.gcc_sw_table.check_ceinstanzeige
                0x00000172       0x14 Cocktail_Statemachine.o
 .progmem.gcc_sw_table.check_erstanzeige1
                0x00000186       0x3e Cocktail_Statemachine.o
 .progmem.gcc_sw_table.check_posanzeige
                0x000001c4       0x1c Cocktail_Statemachine.o
 .progmem.gcc_sw_table.check_fluessanzeige1
                0x000001e0       0x16 Cocktail_Statemachine.o
 .progmem.gcc_sw_table.check_RFIDAnzeige1
                0x000001f6       0x12 Cocktail_Statemachine.o
 .progmem.gcc_sw_table.check_RFIDAnzeige2
                0x00000208       0x12 Cocktail_Statemachine.o
 .progmem.gcc_sw_table.check_LED
                0x0000021a       0x10 Cocktail_Statemachine.o
 .progmem.gcc_sw_table.cocktail_check_command_display
                0x0000022a       0x38 Cocktail_Statemachine.o
                0x00000262                . = ALIGN (0x2)
                0x00000262                __trampolines_start = .
 *(.trampolines)
 .trampolines   0x00000262        0x0 linker stubs
 *(.trampolines*)
                0x00000262                __trampolines_end = .
 *libprintf_flt.a:*(.progmem.data)
 *libc.a:*(.progmem.data)
 *(.progmem*)
                0x00000262                . = ALIGN (0x2)
 *(.jumptables)
 *(.jumptables*)
 *(.lowtext)
 *(.lowtext*)
                0x00000262                __ctors_start = .
 *(.ctors)
                0x00000262                __ctors_end = .
                0x00000262                __dtors_start = .
 *(.dtors)
                0x00000262                __dtors_end = .
 SORT(*)(.ctors)
 SORT(*)(.dtors)
 *(.init0)
 .init0         0x00000262        0x0 C:/Program Files (x86)/Atmel/Studio/7.0/Packs/atmel/ATmega_DFP/1.3.300/gcc/dev/atmega2560/avr6/crtatmega2560.o
                0x00000262                __init
 *(.init0)
 *(.init1)
 *(.init1)
 *(.init2)
 .init2         0x00000262       0x10 C:/Program Files (x86)/Atmel/Studio/7.0/Packs/atmel/ATmega_DFP/1.3.300/gcc/dev/atmega2560/avr6/crtatmega2560.o
 *(.init2)
 *(.init3)
 *(.init3)
 *(.init4)
 .init4         0x00000272       0x1a c:/program files (x86)/atmel/studio/7.0/toolchain/avr8/avr8-gnu-toolchain/bin/../lib/gcc/avr/5.4.0/avr6\libgcc.a(_copy_data.o)
                0x00000272                __do_copy_data
 .init4         0x0000028c       0x10 c:/program files (x86)/atmel/studio/7.0/toolchain/avr8/avr8-gnu-toolchain/bin/../lib/gcc/avr/5.4.0/avr6\libgcc.a(_clear_bss.o)
                0x0000028c                __do_clear_bss
 *(.init4)
 *(.init5)
 *(.init5)
 *(.init6)
 *(.init6)
 *(.init7)
 *(.init7)
 *(.init8)
 *(.init8)
 *(.init9)
 .init9         0x0000029c        0x8 C:/Program Files (x86)/Atmel/Studio/7.0/Packs/atmel/ATmega_DFP/1.3.300/gcc/dev/atmega2560/avr6/crtatmega2560.o
 *(.init9)
 *(.text)
 .text          0x000002a4        0x2 C:/Program Files (x86)/Atmel/Studio/7.0/Packs/atmel/ATmega_DFP/1.3.300/gcc/dev/atmega2560/avr6/crtatmega2560.o
                0x000002a4                __vector_38
                0x000002a4                __vector_22
                0x000002a4                __vector_28
                0x000002a4                __vector_1
                0x000002a4                __vector_34
                0x000002a4                __vector_24
                0x000002a4                __vector_12
                0x000002a4                __vector_55
                0x000002a4                __vector_46
                0x000002a4                __bad_interrupt
                0x000002a4                __vector_6
                0x000002a4                __vector_31
                0x000002a4                __vector_35
                0x000002a4                __vector_39
                0x000002a4                __vector_3
                0x000002a4                __vector_23
                0x000002a4                __vector_30
                0x000002a4                __vector_45
                0x000002a4                __vector_11
                0x000002a4                __vector_54
                0x000002a4                __vector_19
                0x000002a4                __vector_56
                0x000002a4                __vector_7
                0x000002a4                __vector_49
                0x000002a4                __vector_41
                0x000002a4                __vector_27
                0x000002a4                __vector_5
                0x000002a4                __vector_52
                0x000002a4                __vector_37
                0x000002a4                __vector_4
                0x000002a4                __vector_44
                0x000002a4                __vector_9
                0x000002a4                __vector_2
                0x000002a4                __vector_15
                0x000002a4                __vector_29
                0x000002a4                __vector_40
                0x000002a4                __vector_8
                0x000002a4                __vector_26
                0x000002a4                __vector_14
                0x000002a4                __vector_53
                0x000002a4                __vector_10
                0x000002a4                __vector_50
                0x000002a4                __vector_16
                0x000002a4                __vector_20
                0x000002a6                . = ALIGN (0x2)
 *(.text.*)
 .text.SD_startup
                0x000002a6       0xe2 Cocktail_functions.o
                0x000002a6                SD_startup
 .text.concentrace_zutat_maschine_list
                0x00000388       0x8c Cocktail_functions.o
                0x00000388                concentrace_zutat_maschine_list
 .text.deconcentrace_zutat_maschine_list
                0x00000414       0x52 Cocktail_functions.o
                0x00000414                deconcentrace_zutat_maschine_list
 .text.delete_list_node_files
                0x00000466       0xba Cocktail_functions.o
                0x00000466                delete_list_node_files
 .text.delete_list_node_zutat_maschine
                0x00000520       0x36 Cocktail_functions.o
                0x00000520                delete_list_node_zutat_maschine
 .text.delete_file_node_alle
                0x00000556      0x118 Cocktail_functions.o
                0x00000556                delete_file_node_alle
 .text.setze_aktuelle_Zutat_in_Maschine
                0x0000066e       0x2e Cocktail_functions.o
                0x0000066e                setze_aktuelle_Zutat_in_Maschine
 .text.erstelle_liste_zutat
                0x0000069c      0x2c2 Cocktail_functions.o
                0x0000069c                erstelle_liste_zutat
 .text.runterlist_zutat_maschine
                0x0000095e       0x5c Cocktail_functions.o
                0x0000095e                runterlist_zutat_maschine
 .text.rauflist_zutat_maschine
                0x000009ba       0x2e Cocktail_functions.o
                0x000009ba                rauflist_zutat_maschine
 .text.begin_erstelle_liste_alle_zutaten
                0x000009e8       0x94 Cocktail_functions.o
                0x000009e8                begin_erstelle_liste_alle_zutaten
 .text.write_M_file
                0x00000a7c      0x242 Cocktail_functions.o
                0x00000a7c                write_M_file
 .text.check_existence
                0x00000cbe      0x1cc Cocktail_functions.o
                0x00000cbe                check_existence
 .text.schalte_pumpe_ein
                0x00000e8a       0x6e Cocktail_functions.o
                0x00000e8a                schalte_pumpe_ein
 .text.schalte_pumpe_aus
                0x00000ef8       0x6e Cocktail_functions.o
                0x00000ef8                schalte_pumpe_aus
 .text.lese_sensor
                0x00000f66       0x74 Cocktail_functions.o
                0x00000f66                lese_sensor
 .text.schreibe_Menge_in_Getraenk
                0x00000fda      0x1d2 Cocktail_functions.o
                0x00000fda                schreibe_Menge_in_Getraenk
 .text.prepare_empty_getraenk
                0x000011ac       0xb6 Cocktail_functions.o
                0x000011ac                prepare_empty_getraenk
 .text.setze_startanzeige
                0x00001262       0xae Cocktail_functions.o
                0x00001262                setze_startanzeige
 .text.fuelle_getraenk
                0x00001310      0x380 Cocktail_functions.o
                0x00001310                fuelle_getraenk
 .text.zubereitung_getraenk
                0x00001690       0x70 Cocktail_functions.o
                0x00001690                zubereitung_getraenk
 .text.erstelle_Zutatenliste
                0x00001700      0x178 Cocktail_functions.o
                0x00001700                erstelle_Zutatenliste
 .text.setze_Posanzeige_Rot_Gruen
                0x00001878       0xf8 Cocktail_functions.o
                0x00001878                setze_Posanzeige_Rot_Gruen
 .text.lese_textfile_in_getraenk
                0x00001970      0x28c Cocktail_functions.o
                0x00001970                lese_textfile_in_getraenk
 .text.setze_aktuelles_getraenk_in_maschine
                0x00001bfc       0x2e Cocktail_functions.o
                0x00001bfc                setze_aktuelles_getraenk_in_maschine
 .text.erstelle_liste_cocktails
                0x00001c2a      0x182 Cocktail_functions.o
                0x00001c2a                erstelle_liste_cocktails
 .text.begin_erstelle_liste_cocktails
                0x00001dac       0x98 Cocktail_functions.o
                0x00001dac                begin_erstelle_liste_cocktails
 .text.renew_list
                0x00001e44      0x12c Cocktail_functions.o
                0x00001e44                renew_list
 .text.setze_standardeinstellungen
                0x00001f70      0x26a Cocktail_functions.o
                0x00001f70                setze_standardeinstellungen
 .text.bearbeite_Cocktail
                0x000021da       0xb4 Cocktail_functions.o
                0x000021da                bearbeite_Cocktail
 .text.schreibe_Getraenk_in_tag
                0x0000228e      0x1cc Cocktail_functions.o
                0x0000228e                schreibe_Getraenk_in_tag
 .text.schiebe_file_next
                0x0000245a       0x62 Cocktail_functions.o
                0x0000245a                schiebe_file_next
 .text.schiebe_file_prev
                0x000024bc       0x62 Cocktail_functions.o
                0x000024bc                schiebe_file_prev
 .text.lese_textfile_in_zutat
                0x0000251e      0x15a Cocktail_functions.o
                0x0000251e                lese_textfile_in_zutat
 .text.erstelle_liste_zutat_pos
                0x00002678      0x346 Cocktail_functions.o
                0x00002678                erstelle_liste_zutat_pos
 .text.runterlist_files
                0x000029be       0xe0 Cocktail_functions.o
                0x000029be                runterlist_files
 .text.rauflist_files
                0x00002a9e       0x58 Cocktail_functions.o
                0x00002a9e                rauflist_files
 .text.begin_erstelle_liste_zutaten_maschine
                0x00002af6       0xc2 Cocktail_functions.o
                0x00002af6                begin_erstelle_liste_zutaten_maschine
 .text.setze_fluessgkeit_in_position_ohne
                0x00002bb8      0x2ce Cocktail_functions.o
                0x00002bb8                setze_fluessgkeit_in_position_ohne
 .text.setze_fluessgkeit_in_position_mit
                0x00002e86      0x3d8 Cocktail_functions.o
                0x00002e86                setze_fluessgkeit_in_position_mit
 .text.erstelle_File
                0x0000325e      0x2cc Cocktail_functions.o
                0x0000325e                erstelle_File
 .text.speichere_neuen_cocktail
                0x0000352a      0x1f8 Cocktail_functions.o
                0x0000352a                speichere_neuen_cocktail
 .text.loesche_FIle
                0x00003722       0x66 Cocktail_functions.o
                0x00003722                loesche_FIle
 .text.speichere_bearbeiteten_cocktail
                0x00003788       0xa2 Cocktail_functions.o
                0x00003788                speichere_bearbeiteten_cocktail
 .text.send_List_Getraenke
                0x0000382a      0x1a4 Cocktail_functions.o
                0x0000382a                send_List_Getraenke
 .text.send_List_Zutaten
                0x000039ce      0x160 Cocktail_functions.o
                0x000039ce                send_List_Zutaten
 .text.ESP_Getraenk
                0x00003b2e       0xee Cocktail_functions.o
                0x00003b2e                ESP_Getraenk
 .text.Getraenk_erstellt
                0x00003c1c      0x3be Cocktail_functions.o
                0x00003c1c                Getraenk_erstellt
 .text.check_startseite
                0x00003fda      0x1f8 Cocktail_Statemachine.o
                0x00003fda                check_startseite
 .text.check_zutatenanzeige
                0x000041d2       0x32 Cocktail_Statemachine.o
                0x000041d2                check_zutatenanzeige
 .text.check_listenanzeige
                0x00004204      0x14a Cocktail_Statemachine.o
                0x00004204                check_listenanzeige
 .text.check_menuanzeige
                0x0000434e      0x166 Cocktail_Statemachine.o
                0x0000434e                check_menuanzeige
 .text.check_bearbeitungsanzeige
                0x000044b4       0x8a Cocktail_Statemachine.o
                0x000044b4                check_bearbeitungsanzeige
 .text.check_ceinstanzeige
                0x0000453e       0x96 Cocktail_Statemachine.o
                0x0000453e                check_ceinstanzeige
 .text.check_erstanzeige1
                0x000045d4      0x7f8 Cocktail_Statemachine.o
                0x000045d4                check_erstanzeige1
 .text.check_erstanzeige2
                0x00004dcc       0x46 Cocktail_Statemachine.o
                0x00004dcc                check_erstanzeige2
 .text.check_loeschanzeige
                0x00004e12      0x12e Cocktail_Statemachine.o
                0x00004e12                check_loeschanzeige
 .text.check_reinanzeige1
                0x00004f40       0x1a Cocktail_Statemachine.o
                0x00004f40                check_reinanzeige1
 .text.check_reinanzeige2
                0x00004f5a       0x8c Cocktail_Statemachine.o
                0x00004f5a                check_reinanzeige2
 .text.check_reinanzeige3
                0x00004fe6       0x12 Cocktail_Statemachine.o
                0x00004fe6                check_reinanzeige3
 .text.check_infoanzeige
                0x00004ff8        0xc Cocktail_Statemachine.o
                0x00004ff8                check_infoanzeige
 .text.check_RFIDFehler
                0x00005004       0x12 Cocktail_Statemachine.o
                0x00005004                check_RFIDFehler
 .text.check_zubbildschirm
                0x00005016        0xa Cocktail_Statemachine.o
                0x00005016                check_zubbildschirm
 .text.check_zubabfrage
                0x00005020       0x36 Cocktail_Statemachine.o
                0x00005020                check_zubabfrage
 .text.check_posanzeige
                0x00005056      0x13a Cocktail_Statemachine.o
                0x00005056                check_posanzeige
 .text.check_fluessanzeige1
                0x00005190      0x12a Cocktail_Statemachine.o
                0x00005190                check_fluessanzeige1
 .text.check_fluessanzeige2
                0x000052ba      0x166 Cocktail_Statemachine.o
                0x000052ba                check_fluessanzeige2
 .text.check_fluessanzeige3
                0x00005420      0x30e Cocktail_Statemachine.o
                0x00005420                check_fluessanzeige3
 .text.check_fluessanzeige4
                0x0000572e       0x46 Cocktail_Statemachine.o
                0x0000572e                check_fluessanzeige4
 .text.check_RFIDAnzeige1
                0x00005774      0x5ac Cocktail_Statemachine.o
                0x00005774                check_RFIDAnzeige1
 .text.check_RFIDAnzeige2
                0x00005d20       0x72 Cocktail_Statemachine.o
                0x00005d20                check_RFIDAnzeige2
 .text.check_LED
                0x00005d92      0x1ce Cocktail_Statemachine.o
                0x00005d92                check_LED
 .text.check_ESP32
                0x00005f60       0x2e Cocktail_Statemachine.o
                0x00005f60                check_ESP32
 .text.cocktail_check_command_display
                0x00005f8e       0xd4 Cocktail_Statemachine.o
                0x00005f8e                cocktail_check_command_display
 .text.cocktail_check_command_ESP
                0x00006062        0xa Cocktail_Statemachine.o
                0x00006062                cocktail_check_command_ESP
 .text.create_new_getraenk
                0x0000606c       0xe2 Getraenk.o
                0x0000606c                create_new_getraenk
 .text.cocktails_init
                0x0000614e      0x162 Getraenk.o
                0x0000614e                cocktails_init
 .text.create_new_tag
                0x000062b0       0x52 TAGS.o
                0x000062b0                create_new_tag
 .text.insert_tag_at_head
                0x00006302       0x56 TAGS.o
                0x00006302                insert_tag_at_head
 .text.RFID_init
                0x00006358       0x38 TAGS.o
                0x00006358                RFID_init
 .text.create_zutat
                0x00006390       0x44 Zutaten.o
                0x00006390                create_zutat
 .text.zutaten_init
                0x000063d4      0x4e2 Zutaten.o
                0x000063d4                zutaten_init
 .text.milliS_timer
                0x000068b6       0x42 LED.o
                0x000068b6                milliS_timer
 .text.PWM_init
                0x000068f8       0x9e LED.o
                0x000068f8                PWM_init
 .text.init_LED
                0x00006996       0x1a LED.o
                0x00006996                init_LED
 .text.__vector_17
                0x000069b0       0x16 LED.o
                0x000069b0                __vector_17
 .text.__vector_18
                0x000069c6       0x16 LED.o
                0x000069c6                __vector_18
 .text.__vector_32
                0x000069dc       0x16 LED.o
                0x000069dc                __vector_32
 .text.__vector_33
                0x000069f2       0x16 LED.o
                0x000069f2                __vector_33
 .text.__vector_42
                0x00006a08       0x16 LED.o
                0x00006a08                __vector_42
 .text.__vector_43
                0x00006a1e       0x16 LED.o
                0x00006a1e                __vector_43
 .text.__vector_47
                0x00006a34       0x16 LED.o
                0x00006a34                __vector_47
 .text.__vector_48
                0x00006a4a       0x16 LED.o
                0x00006a4a                __vector_48
 .text.rainbow  0x00006a60      0x1c0 LED.o
                0x00006a60                rainbow
 .text.__vector_21
                0x00006c20      0x17a LED.o
                0x00006c20                __vector_21
 .text.create_file_node
                0x00006d9a       0x30 Lists.o
                0x00006d9a                create_file_node
 .text.insert_at_end
                0x00006dca       0xa0 Lists.o
                0x00006dca                insert_at_end
 .text.delete_node_position
                0x00006e6a      0x122 Lists.o
                0x00006e6a                delete_node_position
 .text.update   0x00006f8c       0x88 Lists.o
                0x00006f8c                update
 .text.display_from_beg
                0x00007014       0xe4 Lists.o
                0x00007014                display_from_beg
 .text.create_zutat_maschine_node
                0x000070f8       0x90 Lists.o
                0x000070f8                create_zutat_maschine_node
 .text.insert_at_end_2
                0x00007188       0xd6 Lists.o
                0x00007188                insert_at_end_2
 .text.display_from_beg_2
                0x0000725e       0x92 Lists.o
                0x0000725e                display_from_beg_2
 .text.create_list_node
                0x000072f0       0x36 Lists.o
                0x000072f0                create_list_node
 .text.insert_at_end_3
                0x00007326       0x98 Lists.o
                0x00007326                insert_at_end_3
 .text.delete_node_position_3
                0x000073be      0x118 Lists.o
                0x000073be                delete_node_position_3
 .text.update_3
                0x000074d6       0x8e Lists.o
                0x000074d6                update_3
 .text.display_from_beg_3
                0x00007564       0xea Lists.o
                0x00007564                display_from_beg_3
 .text.create_zutat_maschine_list_node
                0x0000764e       0x36 Lists.o
                0x0000764e                create_zutat_maschine_list_node
 .text.insert_at_end_4
                0x00007684       0x98 Lists.o
                0x00007684                insert_at_end_4
 .text.delete_node_position_4
                0x0000771c      0x118 Lists.o
                0x0000771c                delete_node_position_4
 .text.update_4
                0x00007834       0x8e Lists.o
                0x00007834                update_4
 .text.display_from_beg_4
                0x000078c2       0x98 Lists.o
                0x000078c2                display_from_beg_4
 .text.IO_init  0x0000795a       0x4a Main_Func.o
                0x0000795a                IO_init
 .text.interfaces_init
                0x000079a4        0xc Main_Func.o
                0x000079a4                interfaces_init
 .text.devices_init
                0x000079b0       0x3c Main_Func.o
                0x000079b0                devices_init
 .text.speicher_init
                0x000079ec       0x48 Main_Func.o
                0x000079ec                speicher_init
 .text.ramp_init
                0x00007a34       0x16 Main_Func.o
                0x00007a34                ramp_init
 .text.check_motor_activities
                0x00007a4a       0xec Main_Func.o
                0x00007a4a                check_motor_activities
 .text.check_Communication_Input_UART_0
                0x00007b36       0x5a Main_Func.o
                0x00007b36                check_Communication_Input_UART_0
 .text.proceed_Communication_Input_UART_0
                0x00007b90       0x8a Main_Func.o
                0x00007b90                proceed_Communication_Input_UART_0
 .text.check_Communication_Input_UART_1
                0x00007c1a      0x112 Main_Func.o
                0x00007c1a                check_Communication_Input_UART_1
 .text.proceed_Communication_INPUT_UART_1
                0x00007d2c       0x94 Main_Func.o
                0x00007d2c                proceed_Communication_INPUT_UART_1
 .text.check_Communication_Input_UART_2
                0x00007dc0       0xde Main_Func.o
                0x00007dc0                check_Communication_Input_UART_2
 .text.proceed_Communication_Input_UART_2
                0x00007e9e       0x96 Main_Func.o
                0x00007e9e                proceed_Communication_Input_UART_2
 .text.check_Communication_Input_UART
                0x00007f34       0x14 Main_Func.o
                0x00007f34                check_Communication_Input_UART
 .text.periodic_jobs
                0x00007f48        0x6 Main_Func.o
                0x00007f48                periodic_jobs
 .text.endConversation
                0x00007f4e       0x2c Nextion_Display.o
                0x00007f4e                endConversation
 .text.nextion_change_page
                0x00007f7a       0x3e Nextion_Display.o
                0x00007f7a                nextion_change_page
 .text.nextion_setText
                0x00007fb8       0x30 Nextion_Display.o
                0x00007fb8                nextion_setText
 .text.nextion_setValue
                0x00007fe8       0x20 Nextion_Display.o
                0x00007fe8                nextion_setValue
 .text.nextion_setPicture
                0x00008008       0x4c Nextion_Display.o
                0x00008008                nextion_setPicture
 .text.nextion_getSliderValue
                0x00008054       0x8e Nextion_Display.o
                0x00008054                nextion_getSliderValue
 .text.nextion_disableButton
                0x000080e2       0x72 Nextion_Display.o
                0x000080e2                nextion_disableButton
 .text.nextion_enableButton
                0x00008154       0x72 Nextion_Display.o
                0x00008154                nextion_enableButton
 .text.nextion_visible_off
                0x000081c6       0x72 Nextion_Display.o
                0x000081c6                nextion_visible_off
 .text.nextion_visible_on
                0x00008238       0x72 Nextion_Display.o
                0x00008238                nextion_visible_on
 .text.RB_init  0x000082aa        0x8 ring_buffer.o
                0x000082aa                RB_init
 .text.RB_free  0x000082b2       0x16 ring_buffer.o
                0x000082b2                RB_free
 .text.RB_length
                0x000082c8       0x18 ring_buffer.o
                0x000082c8                RB_length
 .text.RB_readByte
                0x000082e0       0x28 ring_buffer.o
                0x000082e0                RB_readByte
 .text.RB_writeByte
                0x00008308       0x3a ring_buffer.o
                0x00008308                RB_writeByte
 .text.getFirstSector
                0x00008342       0x42 FAT32.o
                0x00008342                getFirstSector
 .text.getSetNextCluster
                0x00008384       0xf2 FAT32.o
                0x00008384                getSetNextCluster
 .text.getSetFreeCluster
                0x00008476      0x124 FAT32.o
                0x00008476                getSetFreeCluster
 .text.getBootSectorData
                0x0000859a      0x180 FAT32.o
                0x0000859a                getBootSectorData
 .text.convertFileName
                0x0000871a      0x120 FAT32.o
                0x0000871a                convertFileName
 .text.searchNextFreeCluster
                0x0000883a      0x144 FAT32.o
                0x0000883a                searchNextFreeCluster
 .text.displayMemory
                0x0000897e       0xc2 FAT32.o
                0x0000897e                displayMemory
 .text.freeMemoryUpdate
                0x00008a40       0xdc FAT32.o
                0x00008a40                freeMemoryUpdate
 .text.findFiles
                0x00008b1c      0x3fc FAT32.o
                0x00008b1c                findFiles
 .text.readFile
                0x00008f18      0x19e FAT32.o
                0x00008f18                readFile
 .text.deleteFile
                0x000090b6       0x18 FAT32.o
                0x000090b6                deleteFile
 .text.writeFile
                0x000090ce      0x82e FAT32.o
                0x000090ce                writeFile
 .text.SD_sendCommand
                0x000098fc       0xb4 SD_routines.o
                0x000098fc                SD_sendCommand
 .text.SD_init  0x000099b0      0x10e SD_routines.o
                0x000099b0                SD_init
 .text.SD_readSingleBlock
                0x00009abe       0x52 SD_routines.o
                0x00009abe                SD_readSingleBlock
 .text.SD_writeSingleBlock
                0x00009b10       0x84 SD_routines.o
                0x00009b10                SD_writeSingleBlock
 .text.linear_ramp_init
                0x00009b94       0xb4 ramp1.o
                0x00009b94                linear_ramp_init
 .text.linear_ramp_set_defaults
                0x00009c48       0xcc ramp1.o
                0x00009c48                linear_ramp_set_defaults
 .text.calculateRamp
                0x00009d14       0x38 ramp1.o
                0x00009d14                calculateRamp
 .text.iterate_timer
                0x00009d4c       0x28 ramp1.o
                0x00009d4c                iterate_timer
 .text.position_func
                0x00009d74       0xe4 ramp1.o
                0x00009d74                position_func
 .text.velocity_func
                0x00009e58       0x48 ramp1.o
                0x00009e58                velocity_func
 .text.computeRamp
                0x00009ea0      0x2ca ramp1.o
                0x00009ea0                computeRamp
 .text.__vector_13
                0x0000a16a       0x56 ramp1.o
                0x0000a16a                __vector_13
 .text.ramp_pwm_init
                0x0000a1c0       0x26 ramp1.o
                0x0000a1c0                ramp_pwm_init
 .text.softspi_clk_low
                0x0000a1e6        0x4 Software_SPI.o
                0x0000a1e6                softspi_clk_low
 .text.softspi_clk_high
                0x0000a1ea        0x4 Software_SPI.o
                0x0000a1ea                softspi_clk_high
 .text.softspi_mosi_low
                0x0000a1ee        0x4 Software_SPI.o
                0x0000a1ee                softspi_mosi_low
 .text.softspi_mosi_high
                0x0000a1f2        0x4 Software_SPI.o
                0x0000a1f2                softspi_mosi_high
 .text.softspi_write_bit
                0x0000a1f6       0x2c Software_SPI.o
                0x0000a1f6                softspi_write_bit
 .text.softspi_write_uint8
                0x0000a222       0x36 Software_SPI.o
                0x0000a222                softspi_write_uint8
 .text.softspi_read_bit
                0x0000a258       0x3e Software_SPI.o
                0x0000a258                softspi_read_bit
 .text.softspi_read_uint8
                0x0000a296       0x58 Software_SPI.o
                0x0000a296                softspi_read_uint8
 .text.spi_transmit
                0x0000a2ee        0xa SPI.o
                0x0000a2ee                spi_transmit
 .text.spi_receive
                0x0000a2f8        0xe SPI.o
                0x0000a2f8                spi_receive
 .text.enable_Slave
                0x0000a306       0x30 SPI.o
                0x0000a306                enable_Slave
 .text.disable_Slave
                0x0000a336       0x20 SPI.o
                0x0000a336                disable_Slave
 .text.SPI_init
                0x0000a356       0x18 SPI.o
                0x0000a356                SPI_init
 .text.tmc40bit_writeInt
                0x0000a36e      0x112 tmc4671.o
                0x0000a36e                tmc40bit_writeInt
 .text.tmc4671_writeInt
                0x0000a480        0x4 tmc4671.o
                0x0000a480                tmc4671_writeInt
 .text.tmc40bit_readInt
                0x0000a484      0x16e tmc4671.o
                0x0000a484                tmc40bit_readInt
 .text.tmc4671_readInt
                0x0000a5f2        0x4 tmc4671.o
                0x0000a5f2                tmc4671_readInt
 .text.read_registers_TMC4671
                0x0000a5f6       0x42 tmc4671.o
                0x0000a5f6                read_registers_TMC4671
 .text.encoder_testdrive
                0x0000a638       0xf0 tmc4671.o
                0x0000a638                encoder_testdrive
 .text.tmc4671_switchToMotionMode
                0x0000a728       0x2c tmc4671.o
                0x0000a728                tmc4671_switchToMotionMode
 .text.tmc4671_setAbsolutTargetPosition
                0x0000a754       0x2c tmc4671.o
                0x0000a754                tmc4671_setAbsolutTargetPosition
 .text.initTMC4671_Encoder
                0x0000a780      0x238 tmc4671.o
                0x0000a780                initTMC4671_Encoder
 .text.tmc4671_getActualPosition
                0x0000a9b8        0x8 tmc4671.o
                0x0000a9b8                tmc4671_getActualPosition
 .text.tmc6200_readInt
                0x0000a9c0      0x166 TMC6200.o
                0x0000a9c0                tmc6200_readInt
 .text.tmc6200_writeInt
                0x0000ab26      0x10e TMC6200.o
                0x0000ab26                tmc6200_writeInt
 .text.initTMC6200
                0x0000ac34       0x66 TMC6200.o
                0x0000ac34                initTMC6200
 .text.read_registers_TMC6200
                0x0000ac9a       0x44 TMC6200.o
                0x0000ac9a                read_registers_TMC6200
 .text.tx_completed
                0x0000acde        0x6 UART.o
                0x0000acde                tx_completed
 .text.UART_init
                0x0000ace4       0xb0 UART.o
                0x0000ace4                UART_init
 .text.Uart_Transmit_IT_PC
                0x0000ad94       0x2c UART.o
                0x0000ad94                Uart_Transmit_IT_PC
 .text.Uart_Transmit_IT_Display
                0x0000adc0       0x2c UART.o
                0x0000adc0                Uart_Transmit_IT_Display
 .text.Uart_Transmit_IT_ESP
                0x0000adec       0x2c UART.o
                0x0000adec                Uart_Transmit_IT_ESP
 .text.__vector_25
                0x0000ae18       0x58 UART.o
                0x0000ae18                __vector_25
 .text.__vector_36
                0x0000ae70       0x58 UART.o
                0x0000ae70                __vector_36
 .text.__vector_51
                0x0000aec8       0x58 UART.o
                0x0000aec8                __vector_51
 .text.transmitByte
                0x0000af20       0x10 UART.o
                0x0000af20                transmitByte
 .text.transmitString
                0x0000af30       0x1c UART.o
                0x0000af30                transmitString
 .text.main     0x0000af4c       0x4a main.o
                0x0000af4c                main
 .text.avr-libc.fplib
                0x0000af96        0xa c:/program files (x86)/atmel/studio/7.0/toolchain/avr8/avr8-gnu-toolchain/bin/../lib/gcc/avr/5.4.0/../../../../avr/lib/avr6\libm.a(addsf3.o)
                0x0000af96                __subsf3
                0x0000af98                __addsf3
 .text.avr-libc.fplib
                0x0000afa0       0xc0 c:/program files (x86)/atmel/studio/7.0/toolchain/avr8/avr8-gnu-toolchain/bin/../lib/gcc/avr/5.4.0/../../../../avr/lib/avr6\libm.a(addsf3x.o)
                0x0000afba                __addsf3x
 .text.avr-libc.fplib
                0x0000b060        0x8 c:/program files (x86)/atmel/studio/7.0/toolchain/avr8/avr8-gnu-toolchain/bin/../lib/gcc/avr/5.4.0/../../../../avr/lib/avr6\libm.a(cmpsf2.o)
                0x0000b060                __nesf2
                0x0000b060                __eqsf2
                0x0000b060                __cmpsf2
                0x0000b060                __ltsf2
                0x0000b060                __lesf2
 .text.avr-libc.fplib
                0x0000b068        0x4 c:/program files (x86)/atmel/studio/7.0/toolchain/avr8/avr8-gnu-toolchain/bin/../lib/gcc/avr/5.4.0/../../../../avr/lib/avr6\libm.a(divsf3.o)
                0x0000b068                __divsf3
 .text.avr-libc.fplib
                0x0000b06c       0xcc c:/program files (x86)/atmel/studio/7.0/toolchain/avr8/avr8-gnu-toolchain/bin/../lib/gcc/avr/5.4.0/../../../../avr/lib/avr6\libm.a(divsf3x.o)
                0x0000b082                __divsf3x
                0x0000b086                __divsf3_pse
 .text.avr-libc.fplib
                0x0000b138       0x58 c:/program files (x86)/atmel/studio/7.0/toolchain/avr8/avr8-gnu-toolchain/bin/../lib/gcc/avr/5.4.0/../../../../avr/lib/avr6\libm.a(fixunssfsi.o)
                0x0000b138                __fixunssfsi
 .text.avr-libc.fplib
                0x0000b190       0x7a c:/program files (x86)/atmel/studio/7.0/toolchain/avr8/avr8-gnu-toolchain/bin/../lib/gcc/avr/5.4.0/../../../../avr/lib/avr6\libm.a(floatsisf.o)
                0x0000b190                __floatunsisf
                0x0000b194                __floatsisf
 .text.avr-libc.fplib
                0x0000b20a       0x48 c:/program files (x86)/atmel/studio/7.0/toolchain/avr8/avr8-gnu-toolchain/bin/../lib/gcc/avr/5.4.0/../../../../avr/lib/avr6\libm.a(fp_cmp.o)
                0x0000b20a                __fp_cmp
 .text.avr-libc.fplib
                0x0000b252        0xc c:/program files (x86)/atmel/studio/7.0/toolchain/avr8/avr8-gnu-toolchain/bin/../lib/gcc/avr/5.4.0/../../../../avr/lib/avr6\libm.a(fp_inf.o)
                0x0000b252                __fp_inf
 .text.avr-libc.fplib
                0x0000b25e        0x6 c:/program files (x86)/atmel/studio/7.0/toolchain/avr8/avr8-gnu-toolchain/bin/../lib/gcc/avr/5.4.0/../../../../avr/lib/avr6\libm.a(fp_nan.o)
                0x0000b25e                __fp_nan
 .text.avr-libc.fplib
                0x0000b264        0xe c:/program files (x86)/atmel/studio/7.0/toolchain/avr8/avr8-gnu-toolchain/bin/../lib/gcc/avr/5.4.0/../../../../avr/lib/avr6\libm.a(fp_pscA.o)
                0x0000b264                __fp_pscA
 .text.avr-libc.fplib
                0x0000b272        0xe c:/program files (x86)/atmel/studio/7.0/toolchain/avr8/avr8-gnu-toolchain/bin/../lib/gcc/avr/5.4.0/../../../../avr/lib/avr6\libm.a(fp_pscB.o)
                0x0000b272                __fp_pscB
 .text.avr-libc.fplib
                0x0000b280       0x22 c:/program files (x86)/atmel/studio/7.0/toolchain/avr8/avr8-gnu-toolchain/bin/../lib/gcc/avr/5.4.0/../../../../avr/lib/avr6\libm.a(fp_round.o)
                0x0000b280                __fp_round
 .text.avr-libc.fplib
                0x0000b2a2       0x44 c:/program files (x86)/atmel/studio/7.0/toolchain/avr8/avr8-gnu-toolchain/bin/../lib/gcc/avr/5.4.0/../../../../avr/lib/avr6\libm.a(fp_split3.o)
                0x0000b2a2                __fp_split3
                0x0000b2b2                __fp_splitA
 .text.avr-libc.fplib
                0x0000b2e6        0xe c:/program files (x86)/atmel/studio/7.0/toolchain/avr8/avr8-gnu-toolchain/bin/../lib/gcc/avr/5.4.0/../../../../avr/lib/avr6\libm.a(fp_zero.o)
                0x0000b2e6                __fp_zero
                0x0000b2e8                __fp_szero
 .text.avr-libc.fplib
                0x0000b2f4        0x8 c:/program files (x86)/atmel/studio/7.0/toolchain/avr8/avr8-gnu-toolchain/bin/../lib/gcc/avr/5.4.0/../../../../avr/lib/avr6\libm.a(gesf2.o)
                0x0000b2f4                __gesf2
                0x0000b2f4                __gtsf2
 .text.avr-libc.fplib
                0x0000b2fc        0x4 c:/program files (x86)/atmel/studio/7.0/toolchain/avr8/avr8-gnu-toolchain/bin/../lib/gcc/avr/5.4.0/../../../../avr/lib/avr6\libm.a(mulsf3.o)
                0x0000b2fc                __mulsf3
 .text.avr-libc.fplib
                0x0000b300       0xc2 c:/program files (x86)/atmel/studio/7.0/toolchain/avr8/avr8-gnu-toolchain/bin/../lib/gcc/avr/5.4.0/../../../../avr/lib/avr6\libm.a(mulsf3x.o)
                0x0000b314                __mulsf3x
                0x0000b318                __mulsf3_pse
 .text.avr-libc.fplib
                0x0000b3c2       0x84 c:/program files (x86)/atmel/studio/7.0/toolchain/avr8/avr8-gnu-toolchain/bin/../lib/gcc/avr/5.4.0/../../../../avr/lib/avr6\libm.a(sqrt.o)
                0x0000b3ca                sqrtf
                0x0000b3ca                sqrt
 .text.avr-libc.fplib
                0x0000b446       0x1c c:/program files (x86)/atmel/studio/7.0/toolchain/avr8/avr8-gnu-toolchain/bin/../lib/gcc/avr/5.4.0/../../../../avr/lib/avr6\libm.a(fp_mpack.o)
                0x0000b446                __fp_mpack
                0x0000b44a                __fp_mpack_finite
 .text.avr-libc.fplib
                0x0000b462        0xe c:/program files (x86)/atmel/studio/7.0/toolchain/avr8/avr8-gnu-toolchain/bin/../lib/gcc/avr/5.4.0/../../../../avr/lib/avr6\libm.a(fp_norm2.o)
                0x0000b462                __fp_norm2
 .text.libgcc.mul
                0x0000b470       0x1e c:/program files (x86)/atmel/studio/7.0/toolchain/avr8/avr8-gnu-toolchain/bin/../lib/gcc/avr/5.4.0/avr6\libgcc.a(_mulsi3.o)
                0x0000b470                __mulsi3
 .text.libgcc.div
                0x0000b48e       0x44 c:/program files (x86)/atmel/studio/7.0/toolchain/avr8/avr8-gnu-toolchain/bin/../lib/gcc/avr/5.4.0/avr6\libgcc.a(_udivmodsi4.o)
                0x0000b48e                __udivmodsi4
 .text.libgcc.div
                0x0000b4d2       0x28 c:/program files (x86)/atmel/studio/7.0/toolchain/avr8/avr8-gnu-toolchain/bin/../lib/gcc/avr/5.4.0/avr6\libgcc.a(_divmodsi4.o)
                0x0000b4d2                __divmodsi4
 .text.libgcc.div
                0x0000b4fa       0x10 c:/program files (x86)/atmel/studio/7.0/toolchain/avr8/avr8-gnu-toolchain/bin/../lib/gcc/avr/5.4.0/avr6\libgcc.a(_negsi2.o)
                0x0000b4fa                __negsi2
 .text.libgcc   0x0000b50a       0x10 c:/program files (x86)/atmel/studio/7.0/toolchain/avr8/avr8-gnu-toolchain/bin/../lib/gcc/avr/5.4.0/avr6\libgcc.a(_tablejump2.o)
                0x0000b50a                __tablejump2__
 .text.libgcc.mul
                0x0000b51a       0x1e c:/program files (x86)/atmel/studio/7.0/toolchain/avr8/avr8-gnu-toolchain/bin/../lib/gcc/avr/5.4.0/avr6\libgcc.a(_umulhisi3.o)
                0x0000b51a                __umulhisi3
 .text.libgcc.mul
                0x0000b538       0x14 c:/program files (x86)/atmel/studio/7.0/toolchain/avr8/avr8-gnu-toolchain/bin/../lib/gcc/avr/5.4.0/avr6\libgcc.a(_muluhisi3.o)
                0x0000b538                __muluhisi3
 .text.avr-libc
                0x0000b54c       0x34 c:/program files (x86)/atmel/studio/7.0/toolchain/avr8/avr8-gnu-toolchain/bin/../lib/gcc/avr/5.4.0/../../../../avr/lib/avr6\libc.a(calloc.o)
                0x0000b54c                calloc
 .text.avr-libc
                0x0000b580      0x242 c:/program files (x86)/atmel/studio/7.0/toolchain/avr8/avr8-gnu-toolchain/bin/../lib/gcc/avr/5.4.0/../../../../avr/lib/avr6\libc.a(malloc.o)
                0x0000b580                malloc
                0x0000b6b0                free
 .text.avr-libc
                0x0000b7c2       0x3a c:/program files (x86)/atmel/studio/7.0/toolchain/avr8/avr8-gnu-toolchain/bin/../lib/gcc/avr/5.4.0/../../../../avr/lib/avr6\libc.a(atoi.o)
                0x0000b7c2                atoi
 .text.avr-libc
                0x0000b7fc        0x6 c:/program files (x86)/atmel/studio/7.0/toolchain/avr8/avr8-gnu-toolchain/bin/../lib/gcc/avr/5.4.0/../../../../avr/lib/avr6\libc.a(strtok.o)
                0x0000b7fc                strtok
 .text.avr-libc
                0x0000b802        0xe c:/program files (x86)/atmel/studio/7.0/toolchain/avr8/avr8-gnu-toolchain/bin/../lib/gcc/avr/5.4.0/../../../../avr/lib/avr6\libc.a(memset.o)
                0x0000b802                memset
 .text.avr-libc
                0x0000b810       0x16 c:/program files (x86)/atmel/studio/7.0/toolchain/avr8/avr8-gnu-toolchain/bin/../lib/gcc/avr/5.4.0/../../../../avr/lib/avr6\libc.a(strcat.o)
                0x0000b810                strcat
 .text.avr-libc
                0x0000b826       0x12 c:/program files (x86)/atmel/studio/7.0/toolchain/avr8/avr8-gnu-toolchain/bin/../lib/gcc/avr/5.4.0/../../../../avr/lib/avr6\libc.a(strcmp.o)
                0x0000b826                strcmp
 .text.avr-libc
                0x0000b838        0xe c:/program files (x86)/atmel/studio/7.0/toolchain/avr8/avr8-gnu-toolchain/bin/../lib/gcc/avr/5.4.0/../../../../avr/lib/avr6\libc.a(strcpy.o)
                0x0000b838                strcpy
 .text.avr-libc
                0x0000b846       0x4e c:/program files (x86)/atmel/studio/7.0/toolchain/avr8/avr8-gnu-toolchain/bin/../lib/gcc/avr/5.4.0/../../../../avr/lib/avr6\libc.a(strtok_r.o)
                0x0000b846                strtok_r
 .text.avr-libc
                0x0000b894       0x14 c:/program files (x86)/atmel/studio/7.0/toolchain/avr8/avr8-gnu-toolchain/bin/../lib/gcc/avr/5.4.0/../../../../avr/lib/avr6\libc.a(itoa_ncheck.o)
                0x0000b894                __itoa_ncheck
 .text.avr-libc
                0x0000b8a8       0x10 c:/program files (x86)/atmel/studio/7.0/toolchain/avr8/avr8-gnu-toolchain/bin/../lib/gcc/avr/5.4.0/../../../../avr/lib/avr6\libc.a(mul10.o)
                0x0000b8a8                __mulhi_const_10
 .text.avr-libc
                0x0000b8b8       0x32 c:/program files (x86)/atmel/studio/7.0/toolchain/avr8/avr8-gnu-toolchain/bin/../lib/gcc/avr/5.4.0/../../../../avr/lib/avr6\libc.a(utoa_ncheck.o)
                0x0000b8b8                __utoa_ncheck
                0x0000b8ba                __utoa_common
 .text.avr-libc
                0x0000b8ea       0x20 c:/program files (x86)/atmel/studio/7.0/toolchain/avr8/avr8-gnu-toolchain/bin/../lib/gcc/avr/5.4.0/../../../../avr/lib/avr6\libc.a(strrev.o)
                0x0000b8ea                strrev
 .text.avr-libc
                0x0000b90a       0x10 C:/Program Files (x86)/Atmel/Studio/7.0/Packs/atmel/ATmega_DFP/1.3.300/gcc/dev/atmega2560/avr6\libatmega2560.a(eerd_byte.o)
                0x0000b90a                eeprom_read_byte
                0x0000b91a                . = ALIGN (0x2)
 *(.fini9)
 .fini9         0x0000b91a        0x0 c:/program files (x86)/atmel/studio/7.0/toolchain/avr8/avr8-gnu-toolchain/bin/../lib/gcc/avr/5.4.0/avr6\libgcc.a(_exit.o)
                0x0000b91a                _exit
                0x0000b91a                exit
 *(.fini9)
 *(.fini8)
 *(.fini8)
 *(.fini7)
 *(.fini7)
 *(.fini6)
 *(.fini6)
 *(.fini5)
 *(.fini5)
 *(.fini4)
 *(.fini4)
 *(.fini3)
 *(.fini3)
 *(.fini2)
 *(.fini2)
 *(.fini1)
 *(.fini1)
 *(.fini0)
 .fini0         0x0000b91a        0x4 c:/program files (x86)/atmel/studio/7.0/toolchain/avr8/avr8-gnu-toolchain/bin/../lib/gcc/avr/5.4.0/avr6\libgcc.a(_exit.o)
 *(.fini0)
                0x0000b91e                _etext = .

.data           0x00800200      0xb44 load address 0x0000b91e
                0x00800200                PROVIDE (__data_start, .)
 *(.data)
 .data          0x00800200        0x6 c:/program files (x86)/atmel/studio/7.0/toolchain/avr8/avr8-gnu-toolchain/bin/../lib/gcc/avr/5.4.0/../../../../avr/lib/avr6\libc.a(malloc.o)
                0x00800200                __malloc_heap_end
                0x00800202                __malloc_heap_start
                0x00800204                __malloc_margin
 *(.data*)
 *(.gnu.linkonce.d*)
 *(.rodata)
 .rodata        0x00800206       0x30 Cocktail_functions.o
 *(.rodata*)
 .rodata.str1.1
                0x00800236      0x449 Cocktail_functions.o
                                0x468 (size before relaxing)
 .rodata.str1.1
                0x0080067f      0x141 Cocktail_Statemachine.o
                                0x1ad (size before relaxing)
 .rodata.str1.1
                0x008007c0       0x21 Getraenk.o
                                 0x28 (size before relaxing)
 .rodata.str1.1
                0x008007e1        0x1 TAGS.o
 .rodata.str1.1
                0x008007e1       0x38 Zutaten.o
                                 0x45 (size before relaxing)
 .rodata.str1.1
                0x00800819      0x2fd Lists.o
                                0x302 (size before relaxing)
 .rodata.str1.1
                0x00800b16       0x82 Main_Func.o
                                 0x8e (size before relaxing)
 .rodata.str1.1
                0x00800b98       0x2f Nextion_Display.o
 .rodata.str1.1
                0x00800bc7      0x128 FAT32.o
 .rodata.str1.1
                0x00800cef       0x2c tmc4671.o
                                 0x32 (size before relaxing)
 .rodata.str1.1
                0x00800d1b       0x29 TMC6200.o
                                 0x32 (size before relaxing)
 *(.gnu.linkonce.r*)
                0x00800d44                . = ALIGN (0x2)
                0x00800d44                _edata = .
                0x00800d44                PROVIDE (__data_end, .)

.bss            0x00800d44      0x7e5
                0x00800d44                PROVIDE (__bss_start, .)
 *(.bss)
 .bss           0x00800d44        0x2 c:/program files (x86)/atmel/studio/7.0/toolchain/avr8/avr8-gnu-toolchain/bin/../lib/gcc/avr/5.4.0/../../../../avr/lib/avr6\libc.a(strtok.o)
 *(.bss*)
 .bss.count.3905
                0x00800d46        0x4 Cocktail_functions.o
 .bss.oldval.3904
                0x00800d4a        0x1 Cocktail_functions.o
 .bss.cntr_End_UART_2
                0x00800d4b        0x1 main.o
                0x00800d4b                cntr_End_UART_2
 .bss.cntr_UART_2
                0x00800d4c        0x1 main.o
                0x00800d4c                cntr_UART_2
 .bss.cntr_End_UART_1
                0x00800d4d        0x1 main.o
                0x00800d4d                cntr_End_UART_1
 .bss.cntr_UART_1
                0x00800d4e        0x1 main.o
                0x00800d4e                cntr_UART_1
 .bss.cntr_End_UART_0
                0x00800d4f        0x1 main.o
                0x00800d4f                cntr_End_UART_0
 .bss.cntr_UART_0
                0x00800d50        0x1 main.o
                0x00800d50                cntr_UART_0
 *(COMMON)
 COMMON         0x00800d51      0x652 Cocktail_functions.o
                0x00800d51                buffer2_getraenk_file_alle
                0x00800d53                number_zutaten_maschine_ohne
                0x00800d55                aktuelles_Zutat_file_ausser_Maschine_mit_KS
                0x00800d57                new_zutat_maschine_list_node
                0x00800d59                tmp_zut_Maschine_head
                0x00800d5b                ptr_zutat_maschine_node
                0x00800d5d                buffer_zut_in_Maschine_ohne_KS
                0x00800d5f                Position
                0x00800d63                number_getraenk_alle_
                0x00800d65                number_zutaten_mit
                0x00800d67                rainbow_i
                0x00800d69                Liste
                0x00800d6a                head_tag
                0x00800d6c                number_list_zutaten_val
                0x00800d6e                number_zutaten_mit_val
                0x00800d70                appendFileLocation
                0x00800d74                aktuelle_zutat
                0x00800d76                actual_list_node_zutat_maschine
                0x00800d78                tail_getraenk_file_alle
                0x00800d7a                count_bla
                0x00800d7e                compute
                0x00800d7f                fileName
                0x00800d8c                tmp_zut_Maschine_actual
                0x00800d8e                head_list_node_zutat_maschine
                0x00800d90                new_file_node
                0x00800d92                tail_list_node_zutaten
                0x00800d94                buffer_zutat_file
                0x00800d96                tail_zutat_file_ohne
                0x00800d98                firstDataSector
                0x00800d9c                ptr_tx_completed_1
                0x00800d9e                fileSize
                0x00800da2                bytesPerSector
                0x00800da4                number_zutaten_maschine_mit
                0x00800da6                actual_list_node_zutaten
                0x00800da8                totalClusters
                0x00800dac                option
                0x00800dad                aktuelles_Zutat_file_in_Maschine_ohne_KS
                0x00800daf                ramp
                0x00800db1                tmp_mit_KS_head
                0x00800db3                tmp_ohne_KS_tail
                0x00800db5                ptr_file_node
                0x00800db7                Grossschreib
                0x00800db8                number_zutaten_maschine_mit_val
                0x00800dba                rootCluster
                0x00800dbe                block_list_runter
                0x00800dbf                new_list_node
                0x00800dc1                head_zutat_maschine_mit
                0x00800dc3                state
                0x00800dc5                light
                0x00800dc6                rb_rx_ESP
                0x00800ec7                startBlock
                0x00800ecb                aktueller_tag
                0x00800ecd                aktuelle_Zutat_in_Maschine_ohne_KS
                0x00800ecf                number_list_getraenke_alle_val
                0x00800ed1                number_zutaten_ohne_val
                0x00800ed3                i
                0x00800ed5                head_getraenk_file_alle
                0x00800ed7                new_zutat_maschine_node
                0x00800ed9                address_Standardwiederherstellung
                0x00800edb                rb_rx_Display
                0x00800fdc                number_zutaten_maschine_ohne_val
                0x00800fde                buffer_getraenk_file_alle
                0x00800fe0                tail_tag
                0x00800fe2                buffer
                0x008011e2                tail_zutat_file_mit
                0x008011e4                externes_Getraenk_flag
                0x008011e5                SPI_Slave
                0x008011e6                sectorPerCluster
                0x008011e8                tail_list_node_zutat_maschine
                0x008011ea                ptr_tx_completed_2
                0x008011ec                states
                0x008011ed                block_list_hoch
                0x008011ee                unusedSectors
                0x008011f2                head_zutat_file_mit
                0x008011f4                number_list_zutat_maschine
                0x008011f6                SDHC_flag
                0x008011f7                counter
                0x008011f8                buffer2_zutat_file
                0x008011fa                number_getraenk_alle
                0x008011fc                totalBlocks
                0x00801200                data
                0x00801201                buff_name
                0x00801216                reservedSectorCount
                0x00801218                kohlensaeure_mode
                0x00801219                number_zutaten_ohne
                0x0080121b                ptr_tx_completed_3
                0x0080121d                ptr_zutat_maschine_list_node
                0x0080121f                rb_rx_PC
                0x00801320                appendStartCluster
                0x00801324                number_list_getranke_alle
                0x00801326                tmp_mit_KS_tail
                0x00801328                ptr_list_node
                0x0080132a                cardType
                0x0080132b                error
                0x0080132c                tmp_ohne_KS_head
                0x0080132e                aktuelle_Zutat_ausser_Maschine_mit_KS
                0x00801330                head_zutat_file_ohne
                0x00801332                actual_list_node_getraenk
                0x00801334                gui_pages
                0x00801335                head_list_node_getraenk
                0x00801337                actual_getraenk_file_alle
                0x00801339                tail_list_node_getraenk
                0x0080133b                tmp_zut_Maschine_tail
                0x0080133d                i_Liste
                0x0080133e                number_list_zutat_maschine_val
                0x00801340                number_list_zutaten
                0x00801342                head_list_node_zutaten
                0x00801344                freeClusterCountUpdated
                0x00801345                stop
                0x00801346                FAT32_active
                0x00801347                appendFileSector
                0x0080134b                head_zutat_maschine_ohne
                0x0080134d                aktuellesGetraenk
                0x0080134f                buffer_zutat_maschine
                0x00801351                aRamp
                0x0080139a                ptr_tx_completed_0
                0x0080139c                buffer_zut_ausser_Maschine_mit_KS
                0x0080139e                tail_zutat_maschine_ohne
                0x008013a0                SPI_State
                0x008013a1                tail_zutat_maschine_mit
 COMMON         0x008013a3      0x182 main.o
                0x008013a3                INPUT_UART_0
                0x00801423                INPUT_UART_1
                0x008014a3                ptr_Uart_1
                0x008014a5                INPUT_UART_2
 COMMON         0x00801525        0x4 c:/program files (x86)/atmel/studio/7.0/toolchain/avr8/avr8-gnu-toolchain/bin/../lib/gcc/avr/5.4.0/../../../../avr/lib/avr6\libc.a(malloc.o)
                0x00801525                __brkval
                0x00801527                __flp
                0x00801529                PROVIDE (__bss_end, .)
                0x0000b91e                __data_load_start = LOADADDR (.data)
                0x0000c462                __data_load_end = (__data_load_start + SIZEOF (.data))

.noinit         0x00801529        0x0
                [!provide]                PROVIDE (__noinit_start, .)
 *(.noinit*)
                [!provide]                PROVIDE (__noinit_end, .)
                0x00801529                _end = .
                0x00801529                PROVIDE (__heap_start, .)

.eeprom         0x00810000        0x0
 *(.eeprom*)
                0x00810000                __eeprom_end = .

.fuse
 *(.fuse)
 *(.lfuse)
 *(.hfuse)
 *(.efuse)

.lock
 *(.lock*)

.signature
 *(.signature*)

.user_signatures
 *(.user_signatures*)

.stab
 *(.stab)

.stabstr
 *(.stabstr)

.stab.excl
 *(.stab.excl)

.stab.exclstr
 *(.stab.exclstr)

.stab.index
 *(.stab.index)

.stab.indexstr
 *(.stab.indexstr)

.comment        0x00000000       0x30
 *(.comment)
 .comment       0x00000000       0x30 Cocktail_functions.o
                                 0x31 (size before relaxing)
 .comment       0x00000030       0x31 Cocktail_Statemachine.o
 .comment       0x00000030       0x31 Getraenk.o
 .comment       0x00000030       0x31 TAGS.o
 .comment       0x00000030       0x31 Zutaten.o
 .comment       0x00000030       0x31 LED.o
 .comment       0x00000030       0x31 Lists.o
 .comment       0x00000030       0x31 Main_Func.o
 .comment       0x00000030       0x31 Nextion_Display.o
 .comment       0x00000030       0x31 ring_buffer.o
 .comment       0x00000030       0x31 FAT32.o
 .comment       0x00000030       0x31 SD_routines.o
 .comment       0x00000030       0x31 ramp1.o
 .comment       0x00000030       0x31 Software_SPI.o
 .comment       0x00000030       0x31 SPI.o
 .comment       0x00000030       0x31 tmc4671.o
 .comment       0x00000030       0x31 TMC6200.o
 .comment       0x00000030       0x31 UART.o
 .comment       0x00000030       0x31 main.o
 .comment       0x00000030       0x31 c:/program files (x86)/atmel/studio/7.0/toolchain/avr8/avr8-gnu-toolchain/bin/../lib/gcc/avr/5.4.0/../../../../avr/lib/avr6\libc.a(calloc.o)
 .comment       0x00000030       0x31 c:/program files (x86)/atmel/studio/7.0/toolchain/avr8/avr8-gnu-toolchain/bin/../lib/gcc/avr/5.4.0/../../../../avr/lib/avr6\libc.a(malloc.o)
 .comment       0x00000030       0x31 c:/program files (x86)/atmel/studio/7.0/toolchain/avr8/avr8-gnu-toolchain/bin/../lib/gcc/avr/5.4.0/../../../../avr/lib/avr6\libc.a(strtok.o)

.note.gnu.avr.deviceinfo
                0x00000000       0x40
 .note.gnu.avr.deviceinfo
                0x00000000       0x40 C:/Program Files (x86)/Atmel/Studio/7.0/Packs/atmel/ATmega_DFP/1.3.300/gcc/dev/atmega2560/avr6/crtatmega2560.o

.note.gnu.build-id
 *(.note.gnu.build-id)

.debug
 *(.debug)

.line
 *(.line)

.debug_srcinfo
 *(.debug_srcinfo)

.debug_sfnames
 *(.debug_sfnames)

.debug_aranges  0x00000000      0xb48
 *(.debug_aranges)
 .debug_aranges
                0x00000000      0x1a0 Cocktail_functions.o
 .debug_aranges
                0x000001a0       0xf8 Cocktail_Statemachine.o
 .debug_aranges
                0x00000298       0x50 Getraenk.o
 .debug_aranges
                0x000002e8       0x30 TAGS.o
 .debug_aranges
                0x00000318       0x28 Zutaten.o
 .debug_aranges
                0x00000340       0x88 LED.o
 .debug_aranges
                0x000003c8      0x178 Lists.o
 .debug_aranges
                0x00000540       0xa8 Main_Func.o
 .debug_aranges
                0x000005e8       0x68 Nextion_Display.o
 .debug_aranges
                0x00000650       0x50 ring_buffer.o
 .debug_aranges
                0x000006a0       0x80 FAT32.o
 .debug_aranges
                0x00000720       0x40 SD_routines.o
 .debug_aranges
                0x00000760       0x90 ramp1.o
 .debug_aranges
                0x000007f0       0x70 Software_SPI.o
 .debug_aranges
                0x00000860       0x48 SPI.o
 .debug_aranges
                0x000008a8      0x1b8 tmc4671.o
 .debug_aranges
                0x00000a60       0x38 TMC6200.o
 .debug_aranges
                0x00000a98       0x70 UART.o
 .debug_aranges
                0x00000b08       0x20 main.o
 .debug_aranges
                0x00000b28       0x20 C:/Program Files (x86)/Atmel/Studio/7.0/Packs/atmel/ATmega_DFP/1.3.300/gcc/dev/atmega2560/avr6\libatmega2560.a(eerd_byte.o)

.debug_pubnames
 *(.debug_pubnames)

.debug_info     0x00000000    0x1c0ad
 *(.debug_info .gnu.linkonce.wi.*)
 .debug_info    0x00000000      0xbbc C:/Program Files (x86)/Atmel/Studio/7.0/Packs/atmel/ATmega_DFP/1.3.300/gcc/dev/atmega2560/avr6/crtatmega2560.o
 .debug_info    0x00000bbc     0x62d7 Cocktail_functions.o
 .debug_info    0x00006e93     0x40e6 Cocktail_Statemachine.o
 .debug_info    0x0000af79     0x14aa Getraenk.o
 .debug_info    0x0000c423      0x2be TAGS.o
 .debug_info    0x0000c6e1     0x12ae Zutaten.o
 .debug_info    0x0000d98f      0x365 LED.o
 .debug_info    0x0000dcf4     0x28b4 Lists.o
 .debug_info    0x000105a8     0x1a9b Main_Func.o
 .debug_info    0x00012043     0x1461 Nextion_Display.o
 .debug_info    0x000134a4      0x318 ring_buffer.o
 .debug_info    0x000137bc     0x1972 FAT32.o
 .debug_info    0x0001512e      0x7c0 SD_routines.o
 .debug_info    0x000158ee      0xb5b ramp1.o
 .debug_info    0x00016449      0x548 Software_SPI.o
 .debug_info    0x00016991      0x261 SPI.o
 .debug_info    0x00016bf2     0x3500 tmc4671.o
 .debug_info    0x0001a0f2      0xa34 TMC6200.o
 .debug_info    0x0001ab26      0x43b UART.o
 .debug_info    0x0001af61     0x10b2 main.o
 .debug_info    0x0001c013       0x9a C:/Program Files (x86)/Atmel/Studio/7.0/Packs/atmel/ATmega_DFP/1.3.300/gcc/dev/atmega2560/avr6\libatmega2560.a(eerd_byte.o)

.debug_abbrev   0x00000000     0x34c5
 *(.debug_abbrev)
 .debug_abbrev  0x00000000      0xb1a C:/Program Files (x86)/Atmel/Studio/7.0/Packs/atmel/ATmega_DFP/1.3.300/gcc/dev/atmega2560/avr6/crtatmega2560.o
 .debug_abbrev  0x00000b1a      0x3c0 Cocktail_functions.o
 .debug_abbrev  0x00000eda      0x306 Cocktail_Statemachine.o
 .debug_abbrev  0x000011e0      0x25b Getraenk.o
 .debug_abbrev  0x0000143b      0x122 TAGS.o
 .debug_abbrev  0x0000155d      0x23b Zutaten.o
 .debug_abbrev  0x00001798      0x176 LED.o
 .debug_abbrev  0x0000190e      0x2db Lists.o
 .debug_abbrev  0x00001be9      0x38c Main_Func.o
 .debug_abbrev  0x00001f75      0x23a Nextion_Display.o
 .debug_abbrev  0x000021af      0x12a ring_buffer.o
 .debug_abbrev  0x000022d9      0x214 FAT32.o
 .debug_abbrev  0x000024ed      0x154 SD_routines.o
 .debug_abbrev  0x00002641      0x337 ramp1.o
 .debug_abbrev  0x00002978      0x15b Software_SPI.o
 .debug_abbrev  0x00002ad3      0x11c SPI.o
 .debug_abbrev  0x00002bef      0x3aa tmc4671.o
 .debug_abbrev  0x00002f99      0x265 TMC6200.o
 .debug_abbrev  0x000031fe      0x183 UART.o
 .debug_abbrev  0x00003381      0x130 main.o
 .debug_abbrev  0x000034b1       0x14 C:/Program Files (x86)/Atmel/Studio/7.0/Packs/atmel/ATmega_DFP/1.3.300/gcc/dev/atmega2560/avr6\libatmega2560.a(eerd_byte.o)

.debug_line     0x00000000     0xb19f
 *(.debug_line .debug_line.* .debug_line_end)
 .debug_line    0x00000000      0x1f9 C:/Program Files (x86)/Atmel/Studio/7.0/Packs/atmel/ATmega_DFP/1.3.300/gcc/dev/atmega2560/avr6/crtatmega2560.o
 .debug_line    0x000001f9     0x28d5 Cocktail_functions.o
 .debug_line    0x00002ace     0x1d4a Cocktail_Statemachine.o
 .debug_line    0x00004818      0x6f5 Getraenk.o
 .debug_line    0x00004f0d      0x195 TAGS.o
 .debug_line    0x000050a2      0x490 Zutaten.o
 .debug_line    0x00005532      0x47c LED.o
 .debug_line    0x000059ae     0x1315 Lists.o
 .debug_line    0x00006cc3      0xa28 Main_Func.o
 .debug_line    0x000076eb      0x5eb Nextion_Display.o
 .debug_line    0x00007cd6      0x21d ring_buffer.o
 .debug_line    0x00007ef3      0xc8f FAT32.o
 .debug_line    0x00008b82      0x481 SD_routines.o
 .debug_line    0x00009003      0x686 ramp1.o
 .debug_line    0x00009689      0x2ff Software_SPI.o
 .debug_line    0x00009988      0x1e8 SPI.o
 .debug_line    0x00009b70      0xac1 tmc4671.o
 .debug_line    0x0000a631      0x3f0 TMC6200.o
 .debug_line    0x0000aa21      0x329 UART.o
 .debug_line    0x0000ad4a      0x3db main.o
 .debug_line    0x0000b125       0x7a C:/Program Files (x86)/Atmel/Studio/7.0/Packs/atmel/ATmega_DFP/1.3.300/gcc/dev/atmega2560/avr6\libatmega2560.a(eerd_byte.o)

.debug_frame    0x00000000     0x3090
 *(.debug_frame)
 .debug_frame   0x00000000      0x9a4 Cocktail_functions.o
 .debug_frame   0x000009a4      0x354 Cocktail_Statemachine.o
 .debug_frame   0x00000cf8      0x124 Getraenk.o
 .debug_frame   0x00000e1c       0x78 TAGS.o
 .debug_frame   0x00000e94       0x98 Zutaten.o
 .debug_frame   0x00000f2c      0x19c LED.o
 .debug_frame   0x000010c8      0x7f0 Lists.o
 .debug_frame   0x000018b8      0x2a8 Main_Func.o
 .debug_frame   0x00001b60      0x198 Nextion_Display.o
 .debug_frame   0x00001cf8       0xdc ring_buffer.o
 .debug_frame   0x00001dd4      0x3b8 FAT32.o
 .debug_frame   0x0000218c       0xec SD_routines.o
 .debug_frame   0x00002278      0x318 ramp1.o
 .debug_frame   0x00002590      0x108 Software_SPI.o
 .debug_frame   0x00002698       0x74 SPI.o
 .debug_frame   0x0000270c      0x69c tmc4671.o
 .debug_frame   0x00002da8       0xd8 TMC6200.o
 .debug_frame   0x00002e80      0x1ec UART.o
 .debug_frame   0x0000306c       0x24 main.o

.debug_str      0x00000000     0x3b54
 *(.debug_str)
 .debug_str     0x00000000      0x3e6 C:/Program Files (x86)/Atmel/Studio/7.0/Packs/atmel/ATmega_DFP/1.3.300/gcc/dev/atmega2560/avr6/crtatmega2560.o
 .debug_str     0x000003e6     0x181d Cocktail_functions.o
                               0x1975 (size before relaxing)
 .debug_str     0x00001c03      0x83f Cocktail_Statemachine.o
                               0x1d99 (size before relaxing)
 .debug_str     0x00002442      0x11e Getraenk.o
                               0x1141 (size before relaxing)
 .debug_str     0x00002560       0x68 TAGS.o
                                0x263 (size before relaxing)
 .debug_str     0x000025c8       0xb3 Zutaten.o
                                0xb33 (size before relaxing)
 .debug_str     0x0000267b       0xca LED.o
                                0x320 (size before relaxing)
 .debug_str     0x00002745      0x22b Lists.o
                                0x741 (size before relaxing)
 .debug_str     0x00002970      0x28e Main_Func.o
                               0x12ad (size before relaxing)
 .debug_str     0x00002bfe       0x5e Nextion_Display.o
                                0xfe3 (size before relaxing)
 .debug_str     0x00002c5c       0x5a ring_buffer.o
                                0x1dd (size before relaxing)
 .debug_str     0x00002cb6      0x533 FAT32.o
                                0x908 (size before relaxing)
 .debug_str     0x000031e9       0x69 SD_routines.o
                                0x32f (size before relaxing)
 .debug_str     0x00003252       0xeb ramp1.o
                                0x5fe (size before relaxing)
 .debug_str     0x0000333d      0x104 Software_SPI.o
                                0x2c6 (size before relaxing)
 .debug_str     0x00003441       0x5d SPI.o
                                0x250 (size before relaxing)
 .debug_str     0x0000349e      0x5b9 tmc4671.o
                                0x9a4 (size before relaxing)
 .debug_str     0x00003a57       0x40 TMC6200.o
                                0x3b5 (size before relaxing)
 .debug_str     0x00003a97       0x56 UART.o
                                0x305 (size before relaxing)
 .debug_str     0x00003aed       0x67 main.o
                               0x109a (size before relaxing)

.debug_loc      0x00000000    0x12b0d
 *(.debug_loc)
 .debug_loc     0x00000000     0x3a05 Cocktail_functions.o
 .debug_loc     0x00003a05     0x16b9 Cocktail_Statemachine.o
 .debug_loc     0x000050be      0x51a Getraenk.o
 .debug_loc     0x000055d8      0x1f7 TAGS.o
 .debug_loc     0x000057cf      0x3b2 Zutaten.o
 .debug_loc     0x00005b81      0x26f LED.o
 .debug_loc     0x00005df0     0x4109 Lists.o
 .debug_loc     0x00009ef9      0xacf Main_Func.o
 .debug_loc     0x0000a9c8      0x65a Nextion_Display.o
 .debug_loc     0x0000b022      0x58d ring_buffer.o
 .debug_loc     0x0000b5af     0x1e95 FAT32.o
 .debug_loc     0x0000d444      0x78d SD_routines.o
 .debug_loc     0x0000dbd1      0xd57 ramp1.o
 .debug_loc     0x0000e928      0x357 Software_SPI.o
 .debug_loc     0x0000ec7f       0x98 SPI.o
 .debug_loc     0x0000ed17     0x3439 tmc4671.o
 .debug_loc     0x00012150      0x530 TMC6200.o
 .debug_loc     0x00012680      0x48d UART.o

.debug_macinfo
 *(.debug_macinfo)

.debug_weaknames
 *(.debug_weaknames)

.debug_funcnames
 *(.debug_funcnames)

.debug_typenames
 *(.debug_typenames)

.debug_varnames
 *(.debug_varnames)

.debug_pubtypes
 *(.debug_pubtypes)

.debug_ranges   0x00000000      0xc40
 *(.debug_ranges)
 .debug_ranges  0x00000000      0x2e0 Cocktail_functions.o
 .debug_ranges  0x000002e0      0x148 Cocktail_Statemachine.o
 .debug_ranges  0x00000428       0x40 Getraenk.o
 .debug_ranges  0x00000468       0x20 TAGS.o
 .debug_ranges  0x00000488       0x18 Zutaten.o
 .debug_ranges  0x000004a0       0x78 LED.o
 .debug_ranges  0x00000518      0x180 Lists.o
 .debug_ranges  0x00000698       0xf0 Main_Func.o
 .debug_ranges  0x00000788       0x58 Nextion_Display.o
 .debug_ranges  0x000007e0       0x40 ring_buffer.o
 .debug_ranges  0x00000820       0x98 FAT32.o
 .debug_ranges  0x000008b8       0x30 SD_routines.o
 .debug_ranges  0x000008e8       0x80 ramp1.o
 .debug_ranges  0x00000968       0x60 Software_SPI.o
 .debug_ranges  0x000009c8       0x38 SPI.o
 .debug_ranges  0x00000a00      0x1a8 tmc4671.o
 .debug_ranges  0x00000ba8       0x28 TMC6200.o
 .debug_ranges  0x00000bd0       0x60 UART.o
 .debug_ranges  0x00000c30       0x10 main.o

.debug_macro
 *(.debug_macro)
OUTPUT(Mikrocontroller.elf elf32-avr)
LOAD linker stubs
