Archive member included to satisfy reference by file (symbol)

c:/program files (x86)/atmel/studio/7.0/toolchain/avr8/avr8-gnu-toolchain/bin/../lib/gcc/avr/5.4.0/../../../../avr/lib/avr6\libm.a(addsf3.o)
                              LED.o (__subsf3)
c:/program files (x86)/atmel/studio/7.0/toolchain/avr8/avr8-gnu-toolchain/bin/../lib/gcc/avr/5.4.0/../../../../avr/lib/avr6\libm.a(addsf3x.o)
                              c:/program files (x86)/atmel/studio/7.0/toolchain/avr8/avr8-gnu-toolchain/bin/../lib/gcc/avr/5.4.0/../../../../avr/lib/avr6\libm.a(addsf3.o) (__addsf3x)
c:/program files (x86)/atmel/studio/7.0/toolchain/avr8/avr8-gnu-toolchain/bin/../lib/gcc/avr/5.4.0/../../../../avr/lib/avr6\libm.a(cmpsf2.o)
                              ramp1.o (__ltsf2)
c:/program files (x86)/atmel/studio/7.0/toolchain/avr8/avr8-gnu-toolchain/bin/../lib/gcc/avr/5.4.0/../../../../avr/lib/avr6\libm.a(divsf3.o)
                              ramp1.o (__divsf3)
c:/program files (x86)/atmel/studio/7.0/toolchain/avr8/avr8-gnu-toolchain/bin/../lib/gcc/avr/5.4.0/../../../../avr/lib/avr6\libm.a(divsf3x.o)
                              c:/program files (x86)/atmel/studio/7.0/toolchain/avr8/avr8-gnu-toolchain/bin/../lib/gcc/avr/5.4.0/../../../../avr/lib/avr6\libm.a(divsf3.o) (__divsf3x)
c:/program files (x86)/atmel/studio/7.0/toolchain/avr8/avr8-gnu-toolchain/bin/../lib/gcc/avr/5.4.0/../../../../avr/lib/avr6\libm.a(fixsfsi.o)
                              ramp1.o (__fixsfsi)
c:/program files (x86)/atmel/studio/7.0/toolchain/avr8/avr8-gnu-toolchain/bin/../lib/gcc/avr/5.4.0/../../../../avr/lib/avr6\libm.a(fixunssfsi.o)
                              LED.o (__fixunssfsi)
c:/program files (x86)/atmel/studio/7.0/toolchain/avr8/avr8-gnu-toolchain/bin/../lib/gcc/avr/5.4.0/../../../../avr/lib/avr6\libm.a(floatsisf.o)
                              Main_Func.o (__floatunsisf)
c:/program files (x86)/atmel/studio/7.0/toolchain/avr8/avr8-gnu-toolchain/bin/../lib/gcc/avr/5.4.0/../../../../avr/lib/avr6\libm.a(fp_cmp.o)
                              c:/program files (x86)/atmel/studio/7.0/toolchain/avr8/avr8-gnu-toolchain/bin/../lib/gcc/avr/5.4.0/../../../../avr/lib/avr6\libm.a(cmpsf2.o) (__fp_cmp)
c:/program files (x86)/atmel/studio/7.0/toolchain/avr8/avr8-gnu-toolchain/bin/../lib/gcc/avr/5.4.0/../../../../avr/lib/avr6\libm.a(fp_inf.o)
                              c:/program files (x86)/atmel/studio/7.0/toolchain/avr8/avr8-gnu-toolchain/bin/../lib/gcc/avr/5.4.0/../../../../avr/lib/avr6\libm.a(addsf3x.o) (__fp_inf)
c:/program files (x86)/atmel/studio/7.0/toolchain/avr8/avr8-gnu-toolchain/bin/../lib/gcc/avr/5.4.0/../../../../avr/lib/avr6\libm.a(fp_nan.o)
                              c:/program files (x86)/atmel/studio/7.0/toolchain/avr8/avr8-gnu-toolchain/bin/../lib/gcc/avr/5.4.0/../../../../avr/lib/avr6\libm.a(addsf3x.o) (__fp_nan)
c:/program files (x86)/atmel/studio/7.0/toolchain/avr8/avr8-gnu-toolchain/bin/../lib/gcc/avr/5.4.0/../../../../avr/lib/avr6\libm.a(fp_pscA.o)
                              c:/program files (x86)/atmel/studio/7.0/toolchain/avr8/avr8-gnu-toolchain/bin/../lib/gcc/avr/5.4.0/../../../../avr/lib/avr6\libm.a(addsf3x.o) (__fp_pscA)
c:/program files (x86)/atmel/studio/7.0/toolchain/avr8/avr8-gnu-toolchain/bin/../lib/gcc/avr/5.4.0/../../../../avr/lib/avr6\libm.a(fp_pscB.o)
                              c:/program files (x86)/atmel/studio/7.0/toolchain/avr8/avr8-gnu-toolchain/bin/../lib/gcc/avr/5.4.0/../../../../avr/lib/avr6\libm.a(addsf3x.o) (__fp_pscB)
c:/program files (x86)/atmel/studio/7.0/toolchain/avr8/avr8-gnu-toolchain/bin/../lib/gcc/avr/5.4.0/../../../../avr/lib/avr6\libm.a(fp_round.o)
                              c:/program files (x86)/atmel/studio/7.0/toolchain/avr8/avr8-gnu-toolchain/bin/../lib/gcc/avr/5.4.0/../../../../avr/lib/avr6\libm.a(addsf3.o) (__fp_round)
c:/program files (x86)/atmel/studio/7.0/toolchain/avr8/avr8-gnu-toolchain/bin/../lib/gcc/avr/5.4.0/../../../../avr/lib/avr6\libm.a(fp_split3.o)
                              c:/program files (x86)/atmel/studio/7.0/toolchain/avr8/avr8-gnu-toolchain/bin/../lib/gcc/avr/5.4.0/../../../../avr/lib/avr6\libm.a(addsf3x.o) (__fp_split3)
c:/program files (x86)/atmel/studio/7.0/toolchain/avr8/avr8-gnu-toolchain/bin/../lib/gcc/avr/5.4.0/../../../../avr/lib/avr6\libm.a(fp_zero.o)
                              c:/program files (x86)/atmel/studio/7.0/toolchain/avr8/avr8-gnu-toolchain/bin/../lib/gcc/avr/5.4.0/../../../../avr/lib/avr6\libm.a(addsf3x.o) (__fp_zero)
c:/program files (x86)/atmel/studio/7.0/toolchain/avr8/avr8-gnu-toolchain/bin/../lib/gcc/avr/5.4.0/../../../../avr/lib/avr6\libm.a(gesf2.o)
                              ramp1.o (__gesf2)
c:/program files (x86)/atmel/studio/7.0/toolchain/avr8/avr8-gnu-toolchain/bin/../lib/gcc/avr/5.4.0/../../../../avr/lib/avr6\libm.a(mulsf3.o)
                              LED.o (__mulsf3)
c:/program files (x86)/atmel/studio/7.0/toolchain/avr8/avr8-gnu-toolchain/bin/../lib/gcc/avr/5.4.0/../../../../avr/lib/avr6\libm.a(mulsf3x.o)
[...]
Memory Configuration

Name             Origin             Length             Attributes
text             0x00000000         0x00100000         xr
data             0x00800200         0x0000fe00         rw !x
eeprom           0x00810000         0x00010000         rw !x
fuse             0x00820000         0x00000003         rw !x
lock             0x00830000         0x00000400         rw !x
signature        0x00840000         0x00000400         rw !x
user_signatures  0x00850000         0x00000400         rw !x
*default*        0x00000000         0xffffffff

Linker script and memory map

Address of section .data set to 0x800200
LOAD C:/Program Files (x86)/Atmel/Studio/7.0/Packs/atmel/ATmega_DFP/1.3.300/gcc/dev/atmega2560/avr6/crtatmega2560.o
LOAD Cocktail_functions.o
LOAD Cocktail_Statemachine.o
LOAD Getraenk.o
LOAD TAGS.o
LOAD Zutaten.o
LOAD LED.o
LOAD Main_Func.o
LOAD Nextion_Display.o
LOAD ring_buffer.o
LOAD FAT32.o
LOAD SD_routines.o
LOAD ramp1.o
LOAD Software_SPI.o
LOAD SPI.o
LOAD tmc4671.o
LOAD TMC6200.o
LOAD UART.o
LOAD main.o
START GROUP
LOAD c:/program files (x86)/atmel/studio/7.0/toolchain/avr8/avr8-gnu-toolchain/bin/../lib/gcc/avr/5.4.0/../../../../avr/lib/avr6\libm.a
END GROUP
START GROUP
LOAD c:/program files (x86)/atmel/studio/7.0/toolchain/avr8/avr8-gnu-toolchain/bin/../lib/gcc/avr/5.4.0/avr6\libgcc.a
LOAD c:/program files (x86)/atmel/studio/7.0/toolchain/avr8/avr8-gnu-toolchain/bin/../lib/gcc/avr/5.4.0/../../../../avr/lib/avr6\libm.a
LOAD c:/program files (x86)/atmel/studio/7.0/toolchain/avr8/avr8-gnu-toolchain/bin/../lib/gcc/avr/5.4.0/../../../../avr/lib/avr6\libc.a
LOAD C:/Program Files (x86)/Atmel/Studio/7.0/Packs/atmel/ATmega_DFP/1.3.300/gcc/dev/atmega2560/avr6\libatmega2560.a
END GROUP
                0x00000000                __TEXT_REGION_ORIGIN__ = DEFINED (__TEXT_REGION_ORIGIN__)?__TEXT_REGION_ORIGIN__:0x0
                0x00800200                __DATA_REGION_ORIGIN__ = DEFINED (__DATA_REGION_ORIGIN__)?__DATA_REGION_ORIGIN__:0x800200
                0x00100000                __TEXT_REGION_LENGTH__ = DEFINED (__TEXT_REGION_LENGTH__)?__TEXT_REGION_LENGTH__:0x100000
                0x0000fe00                __DATA_REGION_LENGTH__ = DEFINED (__DATA_REGION_LENGTH__)?__DATA_REGION_LENGTH__:0xfe00
                0x00010000                __EEPROM_REGION_LENGTH__ = DEFINED (__EEPROM_REGION_LENGTH__)?__EEPROM_REGION_LENGTH__:0x10000
                [0x00000003]                __FUSE_REGION_LENGTH__ = DEFINED (__FUSE_REGION_LENGTH__)?__FUSE_REGION_LENGTH__:0x400
                0x00000400                __LOCK_REGION_LENGTH__ = DEFINED (__LOCK_REGION_LENGTH__)?__LOCK_REGION_LENGTH__:0x400
                0x00000400                __SIGNATURE_REGION_LENGTH__ = DEFINED (__SIGNATURE_REGION_LENGTH__)?__SIGNATURE_REGION_LENGTH__:0x400
                0x00000400                __USER_SIGNATURE_REGION_LENGTH__ = DEFINED (__USER_SIGNATURE_REGION_LENGTH__)?__USER_SIGNATURE_REGION_LENGTH__:0x400

.hash
 *(.hash)

.dynsym
 *(.dynsym)

.dynstr
 *(.dynstr)

.gnu.version
 *(.gnu.version)

.gnu.version_d
 *(.gnu.version_d)

.gnu.version_r
 *(.gnu.version_r)

.rel.init
 *(.rel.init)

.rela.init
 *(.rela.init)

.rel.text
 *(.rel.text)
 *(.rel.text.*)
 *(.rel.gnu.linkonce.t*)

.rela.text
 *(.rela.text)
 *(.rela.text.*)
 *(.rela.gnu.linkonce.t*)

.rel.fini
 *(.rel.fini)

.rela.fini
 *(.rela.fini)

.rel.rodata
 *(.rel.rodata)
 *(.rel.rodata.*)
 *(.rel.gnu.linkonce.r*)

.rela.rodata
 *(.rela.rodata)
 *(.rela.rodata.*)
 *(.rela.gnu.linkonce.r*)

.rel.data
 *(.rel.data)
 *(.rel.data.*)
 *(.rel.gnu.linkonce.d*)

.rela.data
 *(.rela.data)
 *(.rela.data.*)
 *(.rela.gnu.linkonce.d*)

.rel.ctors
 *(.rel.ctors)

.rela.ctors
 *(.rela.ctors)

.rel.dtors
 *(.rel.dtors)

.rela.dtors
 *(.rela.dtors)

.rel.got
 *(.rel.got)

.rela.got
 *(.rela.got)

.rel.bss
 *(.rel.bss)

.rela.bss
 *(.rela.bss)

.rel.plt
 *(.rel.plt)

.rela.plt
 *(.rela.plt)

.text           0x00000000     0xa81a
 *(.vectors)
 .vectors       0x00000000       0xe4 C:/Program Files (x86)/Atmel/Studio/7.0/Packs/atmel/ATmega_DFP/1.3.300/gcc/dev/atmega2560/avr6/crtatmega2560.o
                0x00000000                __vector_default
                0x00000000                __vectors
 *(.vectors)
 *(.progmem.gcc*)
 .progmem.gcc_sw_table.schalte_pumpe_ein
                0x000000e4       0x18 Cocktail_functions.o
 .progmem.gcc_sw_table.schalte_pumpe_aus
                0x000000fc       0x18 Cocktail_functions.o
 .progmem.gcc_sw_table.lese_sensor
                0x00000114       0x18 Cocktail_functions.o
 .progmem.gcc_sw_table.check_startseite
                0x0000012c       0x10 Cocktail_Statemachine.o
 .progmem.gcc_sw_table.check_listenanzeige
                0x0000013c       0x12 Cocktail_Statemachine.o
 .progmem.gcc_sw_table.check_menuanzeige
                0x0000014e       0x10 Cocktail_Statemachine.o
 .progmem.gcc_sw_table.check_bearbeitungsanzeige
                0x0000015e       0x14 Cocktail_Statemachine.o
 .progmem.gcc_sw_table.check_ceinstanzeige
                0x00000172       0x14 Cocktail_Statemachine.o
 .progmem.gcc_sw_table.check_erstanzeige1
                0x00000186       0x3e Cocktail_Statemachine.o
 .progmem.gcc_sw_table.check_posanzeige
                0x000001c4       0x1c Cocktail_Statemachine.o
 .progmem.gcc_sw_table.check_fluessanzeige1
                0x000001e0       0x16 Cocktail_Statemachine.o
 .progmem.gcc_sw_table.check_RFIDAnzeige1
                0x000001f6       0x12 Cocktail_Statemachine.o
 .progmem.gcc_sw_table.check_RFIDAnzeige2
                0x00000208       0x12 Cocktail_Statemachine.o
 .progmem.gcc_sw_table.check_LED
                0x0000021a       0x10 Cocktail_Statemachine.o
 .progmem.gcc_sw_table.cocktail_check_command
                0x0000022a       0x38 Cocktail_Statemachine.o
                0x00000262                . = ALIGN (0x2)
                0x00000262                __trampolines_start = .
 *(.trampolines)
 .trampolines   0x00000262        0x0 linker stubs
 *(.trampolines*)
                0x00000262                __trampolines_end = .
 *libprintf_flt.a:*(.progmem.data)
 *libc.a:*(.progmem.data)
 *(.progmem*)
                0x00000262                . = ALIGN (0x2)
 *(.jumptables)
 *(.jumptables*)
 *(.lowtext)
 *(.lowtext*)
                0x00000262                __ctors_start = .
 *(.ctors)
                0x00000262                __ctors_end = .
                0x00000262                __dtors_start = .
 *(.dtors)
                0x00000262                __dtors_end = .
 SORT(*)(.ctors)
 SORT(*)(.dtors)
 *(.init0)
 .init0         0x00000262        0x0 C:/Program Files (x86)/Atmel/Studio/7.0/Packs/atmel/ATmega_DFP/1.3.300/gcc/dev/atmega2560/avr6/crtatmega2560.o
                0x00000262                __init
 *(.init0)
 *(.init1)
 *(.init1)
 *(.init2)
 .init2         0x00000262       0x10 C:/Program Files (x86)/Atmel/Studio/7.0/Packs/atmel/ATmega_DFP/1.3.300/gcc/dev/atmega2560/avr6/crtatmega2560.o
 *(.init2)
 *(.init3)
 *(.init3)
 *(.init4)
 .init4         0x00000272       0x1a c:/program files (x86)/atmel/studio/7.0/toolchain/avr8/avr8-gnu-toolchain/bin/../lib/gcc/avr/5.4.0/avr6\libgcc.a(_copy_data.o)
                0x00000272                __do_copy_data
 .init4         0x0000028c       0x10 c:/program files (x86)/atmel/studio/7.0/toolchain/avr8/avr8-gnu-toolchain/bin/../lib/gcc/avr/5.4.0/avr6\libgcc.a(_clear_bss.o)
                0x0000028c                __do_clear_bss
 *(.init4)
 *(.init5)
 *(.init5)
 *(.init6)
 *(.init6)
 *(.init7)
 *(.init7)
 *(.init8)
 *(.init8)
 *(.init9)
 .init9         0x0000029c        0x8 C:/Program Files (x86)/Atmel/Studio/7.0/Packs/atmel/ATmega_DFP/1.3.300/gcc/dev/atmega2560/avr6/crtatmega2560.o
 *(.init9)
 *(.text)
 .text          0x000002a4        0x2 C:/Program Files (x86)/Atmel/Studio/7.0/Packs/atmel/ATmega_DFP/1.3.300/gcc/dev/atmega2560/avr6/crtatmega2560.o
                0x000002a4                __vector_38
                0x000002a4                __vector_22
                0x000002a4                __vector_28
                0x000002a4                __vector_1
                0x000002a4                __vector_34
                0x000002a4                __vector_24
                0x000002a4                __vector_12
                0x000002a4                __vector_46
                0x000002a4                __bad_interrupt
                0x000002a4                __vector_6
                0x000002a4                __vector_31
                0x000002a4                __vector_35
                0x000002a4                __vector_39
                0x000002a4                __vector_3
                0x000002a4                __vector_23
                0x000002a4                __vector_30
                0x000002a4                __vector_45
                0x000002a4                __vector_11
                0x000002a4                __vector_19
                0x000002a4                __vector_56
                0x000002a4                __vector_7
                0x000002a4                __vector_49
                0x000002a4                __vector_41
                0x000002a4                __vector_27
                0x000002a4                __vector_5
                0x000002a4                __vector_37
                0x000002a4                __vector_4
                0x000002a4                __vector_44
                0x000002a4                __vector_9
                0x000002a4                __vector_2
                0x000002a4                __vector_15
                0x000002a4                __vector_29
                0x000002a4                __vector_40
                0x000002a4                __vector_8
                0x000002a4                __vector_26
                0x000002a4                __vector_14
                0x000002a4                __vector_53
                0x000002a4                __vector_10
                0x000002a4                __vector_50
                0x000002a4                __vector_16
                0x000002a4                __vector_20
                0x000002a6                . = ALIGN (0x2)
 *(.text.*)
 .text.schreibe_Menge_in_Getraenk
                0x000002a6      0x1cc Cocktail_functions.o
                0x000002a6                schreibe_Menge_in_Getraenk
 .text.schalte_pumpe_ein
                0x00000472       0x6e Cocktail_functions.o
                0x00000472                schalte_pumpe_ein
 .text.schalte_pumpe_aus
                0x000004e0       0x6e Cocktail_functions.o
                0x000004e0                schalte_pumpe_aus
 .text.lese_sensor
                0x0000054e       0x74 Cocktail_functions.o
                0x0000054e                lese_sensor
 .text.erstelle_Liste_zutat
                0x000005c2      0x25a Cocktail_functions.o
                0x000005c2                erstelle_Liste_zutat
 .text.setze_startanzeige
                0x0000081c       0xae Cocktail_functions.o
                0x0000081c                setze_startanzeige
 .text.fuelle_getraenk
                0x000008ca      0x380 Cocktail_functions.o
                0x000008ca                fuelle_getraenk
 .text.zubereitung_getraenk
                0x00000c4a       0x70 Cocktail_functions.o
                0x00000c4a                zubereitung_getraenk
 .text.erstelle_Zutatenliste
                0x00000cba      0x1a8 Cocktail_functions.o
                0x00000cba                erstelle_Zutatenliste
 .text.lese_textfile_in_getraenk
                0x00000e62      0x27e Cocktail_functions.o
                0x00000e62                lese_textfile_in_getraenk
 .text.choose_aktuellesGetraenk
                0x000010e0       0x6c Cocktail_functions.o
                0x000010e0                choose_aktuellesGetraenk
 .text.bearbeite_Cocktail
                0x0000114c       0x14 Cocktail_functions.o
                0x0000114c                bearbeite_Cocktail
 .text.schreibe_Getraenk_in_tag
                0x00001160      0x1ce Cocktail_functions.o
                0x00001160                schreibe_Getraenk_in_tag
 .text.erstelle_Liste_name
                0x0000132e      0x1ec Cocktail_functions.o
                0x0000132e                erstelle_Liste_name
 .text.schiebe_file_next
                0x0000151a       0x62 Cocktail_functions.o
                0x0000151a                schiebe_file_next
 .text.schiebe_file_prev
                0x0000157c       0x62 Cocktail_functions.o
                0x0000157c                schiebe_file_prev
 .text.SD_startup
                0x000015de       0xd0 Cocktail_functions.o
                0x000015de                SD_startup
 .text.erstelle_File
                0x000016ae      0x2d8 Cocktail_functions.o
                0x000016ae                erstelle_File
 .text.loesche_FIle
                0x00001986       0x66 Cocktail_functions.o
                0x00001986                loesche_FIle
 .text.lese_textfile_in_zutat
                0x000019ec      0x15a Cocktail_functions.o
                0x000019ec                lese_textfile_in_zutat
 .text.erstelle_Liste_Zutat_Pos
                0x00001b46      0x35e Cocktail_functions.o
                0x00001b46                erstelle_Liste_Zutat_Pos
 .text.setze_Posanzeige_Rot_Gruen
                0x00001ea4      0x10c Cocktail_functions.o
                0x00001ea4                setze_Posanzeige_Rot_Gruen
 .text.setze_aktuelle_Zutat_in_Maschine_prev
                0x00001fb0       0x56 Cocktail_functions.o
                0x00001fb0                setze_aktuelle_Zutat_in_Maschine_prev
 .text.send_List_Getraenke
                0x00002006      0x1a4 Cocktail_functions.o
                0x00002006                send_List_Getraenke
 .text.send_List_Zutaten
                0x000021aa      0x16a Cocktail_functions.o
                0x000021aa                send_List_Zutaten
 .text.ESP_Getraenk
                0x00002314       0xee Cocktail_functions.o
                0x00002314                ESP_Getraenk
 .text.Getraenk_erstellt
                0x00002402      0x398 Cocktail_functions.o
                0x00002402                Getraenk_erstellt
 .text.free_list_getraenke
                0x0000279a       0x12 Cocktail_functions.o
                0x0000279a                free_list_getraenke
 .text.renew_list
                0x000027ac       0x96 Cocktail_functions.o
                0x000027ac                renew_list
 .text.setze_standardeinstellungen
                0x00002842      0x230 Cocktail_functions.o
                0x00002842                setze_standardeinstellungen
 .text.write_M_file
                0x00002a72      0x2be Cocktail_functions.o
                0x00002a72                write_M_file
 .text.setze_Fluessgkeit_in_Position
                0x00002d30      0x30a Cocktail_functions.o
                0x00002d30                setze_Fluessgkeit_in_Position
 .text.setze_Fluessgkeit_in_Position_Aussen
                0x0000303a      0x318 Cocktail_functions.o
                0x0000303a                setze_Fluessgkeit_in_Position_Aussen
 .text.check_startseite
                0x00003352      0x25c Cocktail_Statemachine.o
                0x00003352                check_startseite
 .text.check_zutatenanzeige
                0x000035ae       0x2c Cocktail_Statemachine.o
                0x000035ae                check_zutatenanzeige
 .text.check_listenanzeige
                0x000035da      0x1d4 Cocktail_Statemachine.o
                0x000035da                check_listenanzeige
 .text.check_zubabfrage
                0x000037ae       0x36 Cocktail_Statemachine.o
                0x000037ae                check_zubabfrage
 .text.check_zubbildschirm
                0x000037e4        0xa Cocktail_Statemachine.o
                0x000037e4                check_zubbildschirm
 .text.check_menuanzeige
                0x000037ee      0x1ea Cocktail_Statemachine.o
                0x000037ee                check_menuanzeige
 .text.check_bearbeitungsanzeige
                0x000039d8       0xf4 Cocktail_Statemachine.o
                0x000039d8                check_bearbeitungsanzeige
 .text.check_ceinstanzeige
                0x00003acc      0x150 Cocktail_Statemachine.o
                0x00003acc                check_ceinstanzeige
 .text.check_reinanzeige1
                0x00003c1c       0x1a Cocktail_Statemachine.o
                0x00003c1c                check_reinanzeige1
 .text.check_reinanzeige2
                0x00003c36       0x8c Cocktail_Statemachine.o
                0x00003c36                check_reinanzeige2
 .text.check_reinanzeige3
                0x00003cc2       0x12 Cocktail_Statemachine.o
                0x00003cc2                check_reinanzeige3
 .text.check_infoanzeige
                0x00003cd4        0xc Cocktail_Statemachine.o
                0x00003cd4                check_infoanzeige
 .text.check_erstanzeige1
                0x00003ce0      0x6a6 Cocktail_Statemachine.o
                0x00003ce0                check_erstanzeige1
 .text.check_erstanzeige2
                0x00004386      0x1de Cocktail_Statemachine.o
                0x00004386                check_erstanzeige2
 .text.check_loeschanzeige
                0x00004564      0x112 Cocktail_Statemachine.o
                0x00004564                check_loeschanzeige
 .text.begin_erstelle_Liste_Zutat_Pos
                0x00004676       0x92 Cocktail_Statemachine.o
                0x00004676                begin_erstelle_Liste_Zutat_Pos
 .text.check_posanzeige
                0x00004708      0x11c Cocktail_Statemachine.o
                0x00004708                check_posanzeige
 .text.check_fluessanzeige1
                0x00004824      0x210 Cocktail_Statemachine.o
                0x00004824                check_fluessanzeige1
 .text.check_fluessanzeige2
                0x00004a34       0x56 Cocktail_Statemachine.o
                0x00004a34                check_fluessanzeige2
 .text.check_fluessanzeige3
                0x00004a8a      0x32e Cocktail_Statemachine.o
                0x00004a8a                check_fluessanzeige3
 .text.check_fluessanzeige4
                0x00004db8       0x46 Cocktail_Statemachine.o
                0x00004db8                check_fluessanzeige4
 .text.check_RFIDAnzeige1
                0x00004dfe      0x63c Cocktail_Statemachine.o
                0x00004dfe                check_RFIDAnzeige1
 .text.check_RFIDAnzeige2
                0x0000543a       0xae Cocktail_Statemachine.o
                0x0000543a                check_RFIDAnzeige2
 .text.check_RFIDFehler
                0x000054e8       0x12 Cocktail_Statemachine.o
                0x000054e8                check_RFIDFehler
 .text.check_ESP32
                0x000054fa       0x2e Cocktail_Statemachine.o
                0x000054fa                check_ESP32
 .text.check_LED
                0x00005528      0x1ce Cocktail_Statemachine.o
                0x00005528                check_LED
 .text.cocktail_check_command
                0x000056f6       0xf6 Cocktail_Statemachine.o
                0x000056f6                cocktail_check_command
 .text.check_existence
                0x000057ec      0x1e6 Getraenk.o
                0x000057ec                check_existence
 .text.create_new_getraenk
                0x000059d2       0xe2 Getraenk.o
                0x000059d2                create_new_getraenk
 .text.create_new_getraenk_file
                0x00005ab4       0x18 Getraenk.o
                0x00005ab4                create_new_getraenk_file
 .text.create_new_getraenk_file_2
                0x00005acc       0x18 Getraenk.o
                0x00005acc                create_new_getraenk_file_2
 .text.insert_file_at_head
                0x00005ae4       0x56 Getraenk.o
                0x00005ae4                insert_file_at_head
 .text.insert_file_at_head_2
                0x00005b3a       0x56 Getraenk.o
                0x00005b3a                insert_file_at_head_2
 .text.cocktails_init
                0x00005b90      0x110 Getraenk.o
                0x00005b90                cocktails_init
 .text.create_new_list_node_file
                0x00005ca0       0x1e Getraenk.o
                0x00005ca0                create_new_list_node_file
 .text.insert_list_node_at_head
                0x00005cbe       0x56 Getraenk.o
                0x00005cbe                insert_list_node_at_head
 .text.create_new_tag
                0x00005d14       0x52 TAGS.o
                0x00005d14                create_new_tag
 .text.insert_tag_at_head
                0x00005d66       0x56 TAGS.o
                0x00005d66                insert_tag_at_head
 .text.RFID_init
                0x00005dbc       0x38 TAGS.o
                0x00005dbc                RFID_init
 .text.create_zutat
                0x00005df4       0x44 Zutaten.o
                0x00005df4                create_zutat
 .text.create_neue_zutat_Maschine
                0x00005e38       0x90 Zutaten.o
                0x00005e38                create_neue_zutat_Maschine
 .text.insert_zutat_Maschine_at_head
                0x00005ec8       0x50 Zutaten.o
                0x00005ec8                insert_zutat_Maschine_at_head
 .text.create_new_zutat_file
                0x00005f18       0x18 Zutaten.o
                0x00005f18                create_new_zutat_file
 .text.insert_zutat_file_at_head
                0x00005f30       0x56 Zutaten.o
                0x00005f30                insert_zutat_file_at_head
 .text.zutaten_init
                0x00005f86      0x37c Zutaten.o
                0x00005f86                zutaten_init
 .text.create_new_list_node_zut_file
                0x00006302       0x1e Zutaten.o
                0x00006302                create_new_list_node_zut_file
 .text.insert_zutat_list_node_at_head
                0x00006320       0x56 Zutaten.o
                0x00006320                insert_zutat_list_node_at_head
 .text.milliS_timer
                0x00006376       0x42 LED.o
                0x00006376                milliS_timer
 .text.PWM_init
                0x000063b8       0x9e LED.o
                0x000063b8                PWM_init
 .text.init_LED
                0x00006456       0x1a LED.o
                0x00006456                init_LED
 .text.__vector_17
                0x00006470       0x16 LED.o
                0x00006470                __vector_17
 .text.__vector_18
                0x00006486       0x16 LED.o
                0x00006486                __vector_18
 .text.__vector_32
                0x0000649c       0x16 LED.o
                0x0000649c                __vector_32
 .text.__vector_33
                0x000064b2       0x16 LED.o
                0x000064b2                __vector_33
 .text.__vector_42
                0x000064c8       0x16 LED.o
                0x000064c8                __vector_42
 .text.__vector_43
                0x000064de       0x16 LED.o
                0x000064de                __vector_43
 .text.__vector_47
                0x000064f4       0x16 LED.o
                0x000064f4                __vector_47
 .text.__vector_48
                0x0000650a       0x16 LED.o
                0x0000650a                __vector_48
 .text.rainbow  0x00006520      0x1c0 LED.o
                0x00006520                rainbow
 .text.__vector_21
                0x000066e0      0x17a LED.o
                0x000066e0                __vector_21
 .text.IO_init  0x0000685a       0x4c Main_Func.o
                0x0000685a                IO_init
 .text.interfaces_init
                0x000068a6        0xc Main_Func.o
                0x000068a6                interfaces_init
 .text.devices_init
                0x000068b2       0x26 Main_Func.o
                0x000068b2                devices_init
 .text.speicher_init
                0x000068d8       0x42 Main_Func.o
                0x000068d8                speicher_init
 .text.ramp_init
                0x0000691a       0x16 Main_Func.o
                0x0000691a                ramp_init
 .text.check_motor_activities
                0x00006930       0xec Main_Func.o
                0x00006930                check_motor_activities
 .text.my_itoa  0x00006a1c      0x184 Main_Func.o
                0x00006a1c                my_itoa
 .text.read_Position_TMC4671
                0x00006ba0       0xb2 Main_Func.o
                0x00006ba0                read_Position_TMC4671
 .text.check_Communication_Input_UART_0
                0x00006c52       0x5a Main_Func.o
                0x00006c52                check_Communication_Input_UART_0
 .text.proceed_Communication_Input_UART_0
                0x00006cac      0x1e8 Main_Func.o
                0x00006cac                proceed_Communication_Input_UART_0
 .text.check_Communication_Input_UART_1
                0x00006e94      0x112 Main_Func.o
                0x00006e94                check_Communication_Input_UART_1
 .text.proceed_Communication_INPUT_UART_1
                0x00006fa6       0x26 Main_Func.o
                0x00006fa6                proceed_Communication_INPUT_UART_1
 .text.check_Communication_Input_UART_2
                0x00006fcc       0xde Main_Func.o
                0x00006fcc                check_Communication_Input_UART_2
 .text.proceed_Communication_Input_UART_2
                0x000070aa       0x26 Main_Func.o
                0x000070aa                proceed_Communication_Input_UART_2
 .text.check_Communication_Input_UART
                0x000070d0       0x14 Main_Func.o
                0x000070d0                check_Communication_Input_UART
 .text.periodic_jobs
                0x000070e4        0x6 Main_Func.o
                0x000070e4                periodic_jobs
 .text.endConversation
                0x000070ea       0x2c Nextion_Display.o
                0x000070ea                endConversation
 .text.nextion_change_page
                0x00007116       0x3e Nextion_Display.o
                0x00007116                nextion_change_page
 .text.nextion_setText
                0x00007154       0x30 Nextion_Display.o
                0x00007154                nextion_setText
 .text.nextion_setValue
                0x00007184       0x20 Nextion_Display.o
                0x00007184                nextion_setValue
 .text.nextion_setPicture
                0x000071a4       0x4c Nextion_Display.o
                0x000071a4                nextion_setPicture
 .text.nextion_getSliderValue
                0x000071f0       0xb6 Nextion_Display.o
                0x000071f0                nextion_getSliderValue
 .text.nextion_disableButton
                0x000072a6       0x72 Nextion_Display.o
                0x000072a6                nextion_disableButton
 .text.nextion_enableButton
                0x00007318       0x72 Nextion_Display.o
                0x00007318                nextion_enableButton
 .text.nextion_visible_off
                0x0000738a       0x72 Nextion_Display.o
                0x0000738a                nextion_visible_off
 .text.nextion_visible_on
                0x000073fc       0x72 Nextion_Display.o
                0x000073fc                nextion_visible_on
 .text.RB_init  0x0000746e        0x8 ring_buffer.o
                0x0000746e                RB_init
 .text.RB_free  0x00007476       0x16 ring_buffer.o
                0x00007476                RB_free
 .text.RB_length
                0x0000748c       0x18 ring_buffer.o
                0x0000748c                RB_length
 .text.RB_readByte
                0x000074a4       0x28 ring_buffer.o
                0x000074a4                RB_readByte
 .text.RB_writeByte
                0x000074cc       0x3a ring_buffer.o
                0x000074cc                RB_writeByte
 .text.RB_write
                0x00007506       0x64 ring_buffer.o
                0x00007506                RB_write
 .text.getFirstSector
                0x0000756a       0x42 FAT32.o
                0x0000756a                getFirstSector
 .text.getSetNextCluster
                0x000075ac       0xf2 FAT32.o
                0x000075ac                getSetNextCluster
 .text.getSetFreeCluster
                0x0000769e      0x124 FAT32.o
                0x0000769e                getSetFreeCluster
 .text.getBootSectorData
                0x000077c2      0x180 FAT32.o
                0x000077c2                getBootSectorData
 .text.convertFileName
                0x00007942      0x120 FAT32.o
                0x00007942                convertFileName
 .text.searchNextFreeCluster
                0x00007a62      0x144 FAT32.o
                0x00007a62                searchNextFreeCluster
 .text.displayMemory
                0x00007ba6       0xc2 FAT32.o
                0x00007ba6                displayMemory
 .text.freeMemoryUpdate
                0x00007c68       0xdc FAT32.o
                0x00007c68                freeMemoryUpdate
 .text.findFiles
                0x00007d44      0x3fc FAT32.o
                0x00007d44                findFiles
 .text.readFile
                0x00008140      0x19e FAT32.o
                0x00008140                readFile
 .text.deleteFile
                0x000082de       0x18 FAT32.o
                0x000082de                deleteFile
 .text.writeFile
                0x000082f6      0x828 FAT32.o
                0x000082f6                writeFile
 .text.SD_sendCommand
                0x00008b1e       0xb4 SD_routines.o
                0x00008b1e                SD_sendCommand
 .text.SD_init  0x00008bd2      0x10e SD_routines.o
                0x00008bd2                SD_init
 .text.SD_readSingleBlock
                0x00008ce0       0x52 SD_routines.o
                0x00008ce0                SD_readSingleBlock
 .text.SD_writeSingleBlock
                0x00008d32       0x84 SD_routines.o
                0x00008d32                SD_writeSingleBlock
 .text.linear_ramp_init
                0x00008db6       0xb4 ramp1.o
                0x00008db6                linear_ramp_init
 .text.linear_ramp_set_defaults
                0x00008e6a       0xcc ramp1.o
                0x00008e6a                linear_ramp_set_defaults
 .text.calculateRamp
                0x00008f36       0x38 ramp1.o
                0x00008f36                calculateRamp
 .text.iterate_timer
                0x00008f6e       0x26 ramp1.o
                0x00008f6e                iterate_timer
 .text.position_func
                0x00008f94       0xe0 ramp1.o
                0x00008f94                position_func
 .text.velocity_func
                0x00009074       0x44 ramp1.o
                0x00009074                velocity_func
 .text.computeRamp
                0x000090b8      0x2ae ramp1.o
                0x000090b8                computeRamp
 .text.__vector_13
                0x00009366       0x56 ramp1.o
                0x00009366                __vector_13
 .text.ramp_pwm_init
                0x000093bc       0x26 ramp1.o
                0x000093bc                ramp_pwm_init
 .text.softspi_clk_low
                0x000093e2        0xc Software_SPI.o
                0x000093e2                softspi_clk_low
 .text.softspi_clk_high
                0x000093ee        0xc Software_SPI.o
                0x000093ee                softspi_clk_high
 .text.softspi_mosi_low
                0x000093fa        0xc Software_SPI.o
                0x000093fa                softspi_mosi_low
 .text.softspi_mosi_high
                0x00009406        0xc Software_SPI.o
                0x00009406                softspi_mosi_high
 .text.softspi_write_bit
                0x00009412       0x2c Software_SPI.o
                0x00009412                softspi_write_bit
 .text.softspi_write_uint8
                0x0000943e       0x36 Software_SPI.o
                0x0000943e                softspi_write_uint8
 .text.softspi_read_bit
                0x00009474       0x42 Software_SPI.o
                0x00009474                softspi_read_bit
 .text.softspi_read_uint8
                0x000094b6       0x60 Software_SPI.o
                0x000094b6                softspi_read_uint8
 .text.spi_transmit
                0x00009516        0xa SPI.o
                0x00009516                spi_transmit
 .text.spi_receive
                0x00009520        0xe SPI.o
                0x00009520                spi_receive
 .text.enable_Slave
                0x0000952e       0x38 SPI.o
                0x0000952e                enable_Slave
 .text.disable_Slave
                0x00009566       0x28 SPI.o
                0x00009566                disable_Slave
 .text.SPI_init
                0x0000958e       0x18 SPI.o
                0x0000958e                SPI_init
 .text.tmc40bit_writeInt
                0x000095a6      0x112 tmc4671.o
                0x000095a6                tmc40bit_writeInt
 .text.tmc4671_writeInt
                0x000096b8        0x4 tmc4671.o
                0x000096b8                tmc4671_writeInt
 .text.tmc40bit_readInt
                0x000096bc      0x16a tmc4671.o
                0x000096bc                tmc40bit_readInt
 .text.tmc4671_readInt
                0x00009826        0x4 tmc4671.o
                0x00009826                tmc4671_readInt
 .text.tmc4671_switchToMotionMode
                0x0000982a       0x2c tmc4671.o
                0x0000982a                tmc4671_switchToMotionMode
 .text.tmc4671_setAbsolutTargetPosition
                0x00009856       0x2c tmc4671.o
                0x00009856                tmc4671_setAbsolutTargetPosition
 .text.tmc4671_getActualPosition
                0x00009882        0x8 tmc4671.o
                0x00009882                tmc4671_getActualPosition
 .text.tx_completed
                0x0000988a        0x6 UART.o
                0x0000988a                tx_completed
 .text.UART_init
                0x00009890       0xfa UART.o
                0x00009890                UART_init
 .text.Uart_Transmit_IT_PC
                0x0000998a       0x2c UART.o
                0x0000998a                Uart_Transmit_IT_PC
 .text.Uart_Transmit_IT_Display
                0x000099b6       0x2c UART.o
                0x000099b6                Uart_Transmit_IT_Display
 .text.Uart_Transmit_IT_ESP
                0x000099e2       0x26 UART.o
                0x000099e2                Uart_Transmit_IT_ESP
 .text.__vector_25
                0x00009a08       0x58 UART.o
                0x00009a08                __vector_25
 .text.__vector_36
                0x00009a60       0x58 UART.o
                0x00009a60                __vector_36
 .text.__vector_52
                0x00009ab8       0x7e UART.o
                0x00009ab8                __vector_52
 .text.__vector_51
                0x00009b36       0x58 UART.o
                0x00009b36                __vector_51
 .text.__vector_55
                0x00009b8e       0x7e UART.o
                0x00009b8e                __vector_55
 .text.__vector_54
                0x00009c0c       0x58 UART.o
                0x00009c0c                __vector_54
 .text.transmitByte
                0x00009c64       0x10 UART.o
                0x00009c64                transmitByte
 .text.transmitString
                0x00009c74       0x1c UART.o
                0x00009c74                transmitString
 .text.main     0x00009c90       0x4a main.o
                0x00009c90                main
 .text.avr-libc.fplib
                0x00009cda        0xa c:/program files (x86)/atmel/studio/7.0/toolchain/avr8/avr8-gnu-toolchain/bin/../lib/gcc/avr/5.4.0/../../../../avr/lib/avr6\libm.a(addsf3.o)
                0x00009cda                __subsf3
                0x00009cdc                __addsf3
 .text.avr-libc.fplib
                0x00009ce4       0xc0 c:/program files (x86)/atmel/studio/7.0/toolchain/avr8/avr8-gnu-toolchain/bin/../lib/gcc/avr/5.4.0/../../../../avr/lib/avr6\libm.a(addsf3x.o)
                0x00009cfe                __addsf3x
 .text.avr-libc.fplib
                0x00009da4        0x8 c:/program files (x86)/atmel/studio/7.0/toolchain/avr8/avr8-gnu-toolchain/bin/../lib/gcc/avr/5.4.0/../../../../avr/lib/avr6\libm.a(cmpsf2.o)
                0x00009da4                __nesf2
                0x00009da4                __eqsf2
                0x00009da4                __cmpsf2
                0x00009da4                __ltsf2
                0x00009da4                __lesf2
 .text.avr-libc.fplib
                0x00009dac        0x4 c:/program files (x86)/atmel/studio/7.0/toolchain/avr8/avr8-gnu-toolchain/bin/../lib/gcc/avr/5.4.0/../../../../avr/lib/avr6\libm.a(divsf3.o)
                0x00009dac                __divsf3
 .text.avr-libc.fplib
                0x00009db0       0xcc c:/program files (x86)/atmel/studio/7.0/toolchain/avr8/avr8-gnu-toolchain/bin/../lib/gcc/avr/5.4.0/../../../../avr/lib/avr6\libm.a(divsf3x.o)
                0x00009dc6                __divsf3x
                0x00009dca                __divsf3_pse
 .text.avr-libc.fplib
                0x00009e7c       0x58 c:/program files (x86)/atmel/studio/7.0/toolchain/avr8/avr8-gnu-toolchain/bin/../lib/gcc/avr/5.4.0/../../../../avr/lib/avr6\libm.a(fixunssfsi.o)
                0x00009e7c                __fixunssfsi
 .text.avr-libc.fplib
                0x00009ed4       0x7a c:/program files (x86)/atmel/studio/7.0/toolchain/avr8/avr8-gnu-toolchain/bin/../lib/gcc/avr/5.4.0/../../../../avr/lib/avr6\libm.a(floatsisf.o)
                0x00009ed4                __floatunsisf
                0x00009ed8                __floatsisf
 .text.avr-libc.fplib
                0x00009f4e       0x48 c:/program files (x86)/atmel/studio/7.0/toolchain/avr8/avr8-gnu-toolchain/bin/../lib/gcc/avr/5.4.0/../../../../avr/lib/avr6\libm.a(fp_cmp.o)
                0x00009f4e                __fp_cmp
 .text.avr-libc.fplib
                0x00009f96        0xc c:/program files (x86)/atmel/studio/7.0/toolchain/avr8/avr8-gnu-toolchain/bin/../lib/gcc/avr/5.4.0/../../../../avr/lib/avr6\libm.a(fp_inf.o)
                0x00009f96                __fp_inf
 .text.avr-libc.fplib
                0x00009fa2        0x6 c:/program files (x86)/atmel/studio/7.0/toolchain/avr8/avr8-gnu-toolchain/bin/../lib/gcc/avr/5.4.0/../../../../avr/lib/avr6\libm.a(fp_nan.o)
                0x00009fa2                __fp_nan
 .text.avr-libc.fplib
                0x00009fa8        0xe c:/program files (x86)/atmel/studio/7.0/toolchain/avr8/avr8-gnu-toolchain/bin/../lib/gcc/avr/5.4.0/../../../../avr/lib/avr6\libm.a(fp_pscA.o)
                0x00009fa8                __fp_pscA
 .text.avr-libc.fplib
                0x00009fb6        0xe c:/program files (x86)/atmel/studio/7.0/toolchain/avr8/avr8-gnu-toolchain/bin/../lib/gcc/avr/5.4.0/../../../../avr/lib/avr6\libm.a(fp_pscB.o)
                0x00009fb6                __fp_pscB
 .text.avr-libc.fplib
                0x00009fc4       0x22 c:/program files (x86)/atmel/studio/7.0/toolchain/avr8/avr8-gnu-toolchain/bin/../lib/gcc/avr/5.4.0/../../../../avr/lib/avr6\libm.a(fp_round.o)
                0x00009fc4                __fp_round
 .text.avr-libc.fplib
                0x00009fe6       0x44 c:/program files (x86)/atmel/studio/7.0/toolchain/avr8/avr8-gnu-toolchain/bin/../lib/gcc/avr/5.4.0/../../../../avr/lib/avr6\libm.a(fp_split3.o)
                0x00009fe6                __fp_split3
                0x00009ff6                __fp_splitA
 .text.avr-libc.fplib
                0x0000a02a        0xe c:/program files (x86)/atmel/studio/7.0/toolchain/avr8/avr8-gnu-toolchain/bin/../lib/gcc/avr/5.4.0/../../../../avr/lib/avr6\libm.a(fp_zero.o)
                0x0000a02a                __fp_zero
                0x0000a02c                __fp_szero
 .text.avr-libc.fplib
                0x0000a038        0x8 c:/program files (x86)/atmel/studio/7.0/toolchain/avr8/avr8-gnu-toolchain/bin/../lib/gcc/avr/5.4.0/../../../../avr/lib/avr6\libm.a(gesf2.o)
                0x0000a038                __gesf2
                0x0000a038                __gtsf2
 .text.avr-libc.fplib
                0x0000a040        0x4 c:/program files (x86)/atmel/studio/7.0/toolchain/avr8/avr8-gnu-toolchain/bin/../lib/gcc/avr/5.4.0/../../../../avr/lib/avr6\libm.a(mulsf3.o)
                0x0000a040                __mulsf3
 .text.avr-libc.fplib
                0x0000a044       0xc2 c:/program files (x86)/atmel/studio/7.0/toolchain/avr8/avr8-gnu-toolchain/bin/../lib/gcc/avr/5.4.0/../../../../avr/lib/avr6\libm.a(mulsf3x.o)
                0x0000a058                __mulsf3x
                0x0000a05c                __mulsf3_pse
 .text.avr-libc.fplib
                0x0000a106       0x84 c:/program files (x86)/atmel/studio/7.0/toolchain/avr8/avr8-gnu-toolchain/bin/../lib/gcc/avr/5.4.0/../../../../avr/lib/avr6\libm.a(sqrt.o)
                0x0000a10e                sqrtf
                0x0000a10e                sqrt
 .text.avr-libc.fplib
                0x0000a18a       0x1c c:/program files (x86)/atmel/studio/7.0/toolchain/avr8/avr8-gnu-toolchain/bin/../lib/gcc/avr/5.4.0/../../../../avr/lib/avr6\libm.a(fp_mpack.o)
                0x0000a18a                __fp_mpack
                0x0000a18e                __fp_mpack_finite
 .text.avr-libc.fplib
                0x0000a1a6        0xe c:/program files (x86)/atmel/studio/7.0/toolchain/avr8/avr8-gnu-toolchain/bin/../lib/gcc/avr/5.4.0/../../../../avr/lib/avr6\libm.a(fp_norm2.o)
                0x0000a1a6                __fp_norm2
 .text.libgcc.mul
                0x0000a1b4       0x1e c:/program files (x86)/atmel/studio/7.0/toolchain/avr8/avr8-gnu-toolchain/bin/../lib/gcc/avr/5.4.0/avr6\libgcc.a(_mulsi3.o)
                0x0000a1b4                __mulsi3
 .text.libgcc.div
                0x0000a1d2       0x44 c:/program files (x86)/atmel/studio/7.0/toolchain/avr8/avr8-gnu-toolchain/bin/../lib/gcc/avr/5.4.0/avr6\libgcc.a(_udivmodsi4.o)
                0x0000a1d2                __udivmodsi4
 .text.libgcc.div
                0x0000a216       0x28 c:/program files (x86)/atmel/studio/7.0/toolchain/avr8/avr8-gnu-toolchain/bin/../lib/gcc/avr/5.4.0/avr6\libgcc.a(_divmodsi4.o)
                0x0000a216                __divmodsi4
 .text.libgcc.div
                0x0000a23e       0x10 c:/program files (x86)/atmel/studio/7.0/toolchain/avr8/avr8-gnu-toolchain/bin/../lib/gcc/avr/5.4.0/avr6\libgcc.a(_negsi2.o)
                0x0000a23e                __negsi2
 .text.libgcc   0x0000a24e       0x10 c:/program files (x86)/atmel/studio/7.0/toolchain/avr8/avr8-gnu-toolchain/bin/../lib/gcc/avr/5.4.0/avr6\libgcc.a(_tablejump2.o)
                0x0000a24e                __tablejump2__
 .text.libgcc.mul
                0x0000a25e       0x1e c:/program files (x86)/atmel/studio/7.0/toolchain/avr8/avr8-gnu-toolchain/bin/../lib/gcc/avr/5.4.0/avr6\libgcc.a(_umulhisi3.o)
                0x0000a25e                __umulhisi3
 .text.libgcc.mul
                0x0000a27c       0x14 c:/program files (x86)/atmel/studio/7.0/toolchain/avr8/avr8-gnu-toolchain/bin/../lib/gcc/avr/5.4.0/avr6\libgcc.a(_muluhisi3.o)
                0x0000a27c                __muluhisi3
 .text.libgcc.div
                0x0000a290       0x56 c:/program files (x86)/atmel/studio/7.0/toolchain/avr8/avr8-gnu-toolchain/bin/../lib/gcc/avr/5.4.0/avr6\libgcc.a(_divdi3.o)
                0x0000a290                __moddi3
                0x0000a294                __divdi3
                0x0000a296                __divdi3_moddi3
 .text.libgcc.div
                0x0000a2e6       0x1a c:/program files (x86)/atmel/studio/7.0/toolchain/avr8/avr8-gnu-toolchain/bin/../lib/gcc/avr/5.4.0/avr6\libgcc.a(_udivdi3.o)
                0x0000a2e6                __umoddi3
                0x0000a2ea                __udivdi3
                0x0000a2ec                __udivdi3_umoddi3
 .text.libgcc.div
                0x0000a300       0xa2 c:/program files (x86)/atmel/studio/7.0/toolchain/avr8/avr8-gnu-toolchain/bin/../lib/gcc/avr/5.4.0/avr6\libgcc.a(_udivmod64.o)
                0x0000a300                __udivmod64
 .text.libgcc   0x0000a3a2       0x20 c:/program files (x86)/atmel/studio/7.0/toolchain/avr8/avr8-gnu-toolchain/bin/../lib/gcc/avr/5.4.0/avr6\libgcc.a(_negdi2.o)
                0x0000a3a2                __negdi2
 .text.libgcc.prologue
                0x0000a3c2       0x38 c:/program files (x86)/atmel/studio/7.0/toolchain/avr8/avr8-gnu-toolchain/bin/../lib/gcc/avr/5.4.0/avr6\libgcc.a(_prologue.o)
                0x0000a3c2                __prologue_saves__
 .text.libgcc.prologue
                0x0000a3fa       0x36 c:/program files (x86)/atmel/studio/7.0/toolchain/avr8/avr8-gnu-toolchain/bin/../lib/gcc/avr/5.4.0/avr6\libgcc.a(_epilogue.o)
                0x0000a3fa                __epilogue_restores__
 .text.libgcc   0x0000a430       0x18 c:/program files (x86)/atmel/studio/7.0/toolchain/avr8/avr8-gnu-toolchain/bin/../lib/gcc/avr/5.4.0/avr6\libgcc.a(_cmpdi2_s8.o)
                0x0000a430                __cmpdi2_s8
 .text.avr-libc
                0x0000a448       0x34 c:/program files (x86)/atmel/studio/7.0/toolchain/avr8/avr8-gnu-toolchain/bin/../lib/gcc/avr/5.4.0/../../../../avr/lib/avr6\libc.a(calloc.o)
                0x0000a448                calloc
 .text.avr-libc
                0x0000a47c      0x242 c:/program files (x86)/atmel/studio/7.0/toolchain/avr8/avr8-gnu-toolchain/bin/../lib/gcc/avr/5.4.0/../../../../avr/lib/avr6\libc.a(malloc.o)
                0x0000a47c                malloc
                0x0000a5ac                free
 .text.avr-libc
                0x0000a6be       0x3a c:/program files (x86)/atmel/studio/7.0/toolchain/avr8/avr8-gnu-toolchain/bin/../lib/gcc/avr/5.4.0/../../../../avr/lib/avr6\libc.a(atoi.o)
                0x0000a6be                atoi
 .text.avr-libc
                0x0000a6f8        0x6 c:/program files (x86)/atmel/studio/7.0/toolchain/avr8/avr8-gnu-toolchain/bin/../lib/gcc/avr/5.4.0/../../../../avr/lib/avr6\libc.a(strtok.o)
                0x0000a6f8                strtok
 .text.avr-libc
                0x0000a6fe        0xe c:/program files (x86)/atmel/studio/7.0/toolchain/avr8/avr8-gnu-toolchain/bin/../lib/gcc/avr/5.4.0/../../../../avr/lib/avr6\libc.a(memset.o)
                0x0000a6fe                memset
 .text.avr-libc
                0x0000a70c       0x16 c:/program files (x86)/atmel/studio/7.0/toolchain/avr8/avr8-gnu-toolchain/bin/../lib/gcc/avr/5.4.0/../../../../avr/lib/avr6\libc.a(strcat.o)
                0x0000a70c                strcat
 .text.avr-libc
                0x0000a722       0x12 c:/program files (x86)/atmel/studio/7.0/toolchain/avr8/avr8-gnu-toolchain/bin/../lib/gcc/avr/5.4.0/../../../../avr/lib/avr6\libc.a(strcmp.o)
                0x0000a722                strcmp
 .text.avr-libc
                0x0000a734        0xe c:/program files (x86)/atmel/studio/7.0/toolchain/avr8/avr8-gnu-toolchain/bin/../lib/gcc/avr/5.4.0/../../../../avr/lib/avr6\libc.a(strcpy.o)
                0x0000a734                strcpy
 .text.avr-libc
                0x0000a742       0x4e c:/program files (x86)/atmel/studio/7.0/toolchain/avr8/avr8-gnu-toolchain/bin/../lib/gcc/avr/5.4.0/../../../../avr/lib/avr6\libc.a(strtok_r.o)
                0x0000a742                strtok_r
 .text.avr-libc
                0x0000a790       0x14 c:/program files (x86)/atmel/studio/7.0/toolchain/avr8/avr8-gnu-toolchain/bin/../lib/gcc/avr/5.4.0/../../../../avr/lib/avr6\libc.a(itoa_ncheck.o)
                0x0000a790                __itoa_ncheck
 .text.avr-libc
                0x0000a7a4       0x10 c:/program files (x86)/atmel/studio/7.0/toolchain/avr8/avr8-gnu-toolchain/bin/../lib/gcc/avr/5.4.0/../../../../avr/lib/avr6\libc.a(mul10.o)
                0x0000a7a4                __mulhi_const_10
 .text.avr-libc
                0x0000a7b4       0x32 c:/program files (x86)/atmel/studio/7.0/toolchain/avr8/avr8-gnu-toolchain/bin/../lib/gcc/avr/5.4.0/../../../../avr/lib/avr6\libc.a(utoa_ncheck.o)
                0x0000a7b4                __utoa_ncheck
                0x0000a7b6                __utoa_common
 .text.avr-libc
                0x0000a7e6       0x20 c:/program files (x86)/atmel/studio/7.0/toolchain/avr8/avr8-gnu-toolchain/bin/../lib/gcc/avr/5.4.0/../../../../avr/lib/avr6\libc.a(strrev.o)
                0x0000a7e6                strrev
 .text.avr-libc
                0x0000a806       0x10 C:/Program Files (x86)/Atmel/Studio/7.0/Packs/atmel/ATmega_DFP/1.3.300/gcc/dev/atmega2560/avr6\libatmega2560.a(eerd_byte.o)
                0x0000a806                eeprom_read_byte
                0x0000a816                . = ALIGN (0x2)
 *(.fini9)
 .fini9         0x0000a816        0x0 c:/program files (x86)/atmel/studio/7.0/toolchain/avr8/avr8-gnu-toolchain/bin/../lib/gcc/avr/5.4.0/avr6\libgcc.a(_exit.o)
                0x0000a816                _exit
                0x0000a816                exit
 *(.fini9)
 *(.fini8)
 *(.fini8)
 *(.fini7)
 *(.fini7)
 *(.fini6)
 *(.fini6)
 *(.fini5)
 *(.fini5)
 *(.fini4)
 *(.fini4)
 *(.fini3)
 *(.fini3)
 *(.fini2)
 *(.fini2)
 *(.fini1)
 *(.fini1)
 *(.fini0)
 .fini0         0x0000a816        0x4 c:/program files (x86)/atmel/studio/7.0/toolchain/avr8/avr8-gnu-toolchain/bin/../lib/gcc/avr/5.4.0/avr6\libgcc.a(_exit.o)
 *(.fini0)
                0x0000a81a                _etext = .

.data           0x00800200      0x778 load address 0x0000a81a
                0x00800200                PROVIDE (__data_start, .)
 *(.data)
 .data          0x00800200        0x6 c:/program files (x86)/atmel/studio/7.0/toolchain/avr8/avr8-gnu-toolchain/bin/../lib/gcc/avr/5.4.0/../../../../avr/lib/avr6\libc.a(malloc.o)
                0x00800200                __malloc_heap_end
                0x00800202                __malloc_heap_start
                0x00800204                __malloc_margin
 *(.data*)
 *(.gnu.linkonce.d*)
 *(.rodata)
 .rodata        0x00800206       0x30 Cocktail_functions.o
 *(.rodata*)
 .rodata.str1.1
                0x00800236      0x3ab Cocktail_functions.o
                                0x3d2 (size before relaxing)
 .rodata.str1.1
                0x008005e1      0x132 Cocktail_Statemachine.o
                                0x17a (size before relaxing)
 .rodata.str1.1
                0x00800713       0x28 Getraenk.o
                                 0x3d (size before relaxing)
 .rodata.str1.1
                0x0080073b        0x4 TAGS.o
 .rodata.str1.1
                0x0080073f        0x2 Zutaten.o
                                  0xd (size before relaxing)
 .rodata.str1.1
                0x00800741       0xb4 Main_Func.o
                                 0xc3 (size before relaxing)
 .rodata.str1.1
                0x008007f5       0x2f Nextion_Display.o
                                 0x31 (size before relaxing)
 .rodata.str1.1
                0x00800824      0x128 FAT32.o
 .rodata.str1.1
                0x0080094c       0x2c tmc4671.o
                                 0x32 (size before relaxing)
 *(.gnu.linkonce.r*)
                0x00800978                . = ALIGN (0x2)
                0x00800978                _edata = .
                0x00800978                PROVIDE (__data_end, .)

.bss            0x00800978      0xd5e
                0x00800978                PROVIDE (__bss_start, .)
 *(.bss)
 .bss           0x00800978        0x2 c:/program files (x86)/atmel/studio/7.0/toolchain/avr8/avr8-gnu-toolchain/bin/../lib/gcc/avr/5.4.0/../../../../avr/lib/avr6\libc.a(strtok.o)
 *(.bss*)
 .bss.count.3270
                0x0080097a        0x4 Cocktail_functions.o
 .bss.oldval.3269
                0x0080097e        0x1 Cocktail_functions.o
 .bss.cntrr.2812
                0x0080097f        0x1 Main_Func.o
 .bss.cntr_End_UART_2
                0x00800980        0x1 main.o
                0x00800980                cntr_End_UART_2
 .bss.cntr_UART_2
                0x00800981        0x1 main.o
                0x00800981                cntr_UART_2
 .bss.cntr_End_UART_1
                0x00800982        0x1 main.o
                0x00800982                cntr_End_UART_1
 .bss.cntr_UART_1
                0x00800983        0x1 main.o
                0x00800983                cntr_UART_1
 .bss.cntr_End_UART_0
                0x00800984        0x1 main.o
                0x00800984                cntr_End_UART_0
 .bss.cntr_UART_0
                0x00800985        0x1 main.o
                0x00800985                cntr_UART_0
 *(COMMON)
 COMMON         0x00800986      0x94a Cocktail_functions.o
                0x00800986                head_zutat_file
                0x00800988                tail_getraenk_file
                0x0080098a                head_zut_in_Maschine
                0x0080098c                head_getraenk
                0x0080098e                Position
                0x00800992                head_zutat_list_node
                0x00800994                head_getraenk_file_2
                0x00800996                rainbow_i
                0x00800998                Liste
                0x00800999                aktuelleZutatInMaschine
                0x0080099b                tail_getraenk
                0x0080099d                head_tag
                0x0080099f                aktuelle_zutat_list_node
                0x008009a1                head_list_node_file
                0x008009a3                appendFileLocation
                0x008009a7                aktuelle_zutat
                0x008009a9                bufferGetraenk_file
                0x008009ab                tail_zutat_file
                0x008009ad                count_bla
                0x008009b1                compute
                0x008009b2                fileName
                0x008009bf                buffer_zutat_file
                0x008009c1                firstDataSector
                0x008009c5                tail_list_node_file
                0x008009c7                ptr_tx_completed_1
                0x008009c9                fileSize
                0x008009cd                bytesPerSector
                0x008009cf                i_Liste_test_cnt
                0x008009d0                totalClusters
                0x008009d4                option
                0x008009d5                ramp
                0x008009d7                head_zut_Ausserhalb_Maschine
                0x008009d9                actual_list_node_file
                0x008009db                tail_getraenk_file_2
                0x008009dd                aktuellesGetraenk_file
                0x008009df                buffer_zutat_list_node
                0x008009e1                head_getraenk_file
                0x008009e3                Grossschreib
                0x008009e4                rootCluster
                0x008009e8                block_list_runter
                0x008009e9                state
                0x008009eb                aktuellesGetraenk_file_2
                0x008009ed                light
                0x008009ee                rb_rx_ESP
                0x00800aef                startBlock
                0x00800af3                aktueller_tag
                0x00800af5                aktuelleZutatAusserhalbMaschine
                0x00800af7                tail_zut_Ausserhalb_Maschine
                0x00800af9                i
                0x00800afb                address_Standardwiederherstellung
                0x00800afd                rb_rx_Display
                0x00800bfe                tail_tag
                0x00800c00                buffer
                0x00800e00                externes_Getraenk_flag
                0x00800e01                SPI_Slave
                0x00800e02                sectorPerCluster
                0x00800e04                ptr_tx_completed_2
                0x00800e06                states
                0x00800e07                block_list_hoch
                0x00800e08                unusedSectors
                0x00800e0c                rb_tx_RFID
                0x00800f0d                SDHC_flag
                0x00800f0e                counter
                0x00800f0f                totalBlocks
                0x00800f13                tail_zut_in_Maschine
                0x00800f15                data
                0x00800f16                buff_name
                0x00800f2b                reservedSectorCount
                0x00800f2d                buffer2Getraenk_file
                0x00800f2f                kohlensaeure_mode
                0x00800f30                tail_zutat_list_node
                0x00800f32                ptr_tx_completed_3
                0x00800f34                aktuelles_zutat_file
                0x00800f36                rb_rx_PC
                0x00801037                rb_tx_ESP
                0x00801138                address_getraenk
                0x0080113a                appendStartCluster
                0x0080113e                cardType
                0x0080113f                error
                0x00801140                rb_rx_RFID
                0x00801241                gui_pages
                0x00801242                i_Liste
                0x00801243                liste_vorher_getraenk_file
                0x00801245                i_Liste_test
                0x00801277                freeClusterCountUpdated
                0x00801278                stop
                0x00801279                FAT32_active
                0x0080127a                appendFileSector
                0x0080127e                aktuellesGetraenk
                0x00801280                liste_start_getraenk_file
                0x00801282                aRamp
                0x008012cb                ptr_tx_completed_0
                0x008012cd                SPI_State
                0x008012ce                liste_nacher_getraenk_file
 COMMON         0x008012d0      0x402 main.o
                0x008012d0                INPUT_UART_0
                0x008013d0                INPUT_UART_3
                0x008014d0                INPUT_UART_1
                0x008015d0                ptr_Uart_1
                0x008015d2                INPUT_UART_2
 COMMON         0x008016d2        0x4 c:/program files (x86)/atmel/studio/7.0/toolchain/avr8/avr8-gnu-toolchain/bin/../lib/gcc/avr/5.4.0/../../../../avr/lib/avr6\libc.a(malloc.o)
                0x008016d2                __brkval
                0x008016d4                __flp
                0x008016d6                PROVIDE (__bss_end, .)
                0x0000a81a                __data_load_start = LOADADDR (.data)
                0x0000af92                __data_load_end = (__data_load_start + SIZEOF (.data))

.noinit         0x008016d6        0x0
                [!provide]                PROVIDE (__noinit_start, .)
 *(.noinit*)
                [!provide]                PROVIDE (__noinit_end, .)
                0x008016d6                _end = .
                0x008016d6                PROVIDE (__heap_start, .)

.eeprom         0x00810000        0x0
 *(.eeprom*)
                0x00810000                __eeprom_end = .

.fuse
 *(.fuse)
 *(.lfuse)
 *(.hfuse)
 *(.efuse)

.lock
 *(.lock*)

.signature
 *(.signature*)

.user_signatures
 *(.user_signatures*)

.stab
 *(.stab)

.stabstr
 *(.stabstr)

.stab.excl
 *(.stab.excl)

.stab.exclstr
 *(.stab.exclstr)

.stab.index
 *(.stab.index)

.stab.indexstr
 *(.stab.indexstr)

.comment        0x00000000       0x30
 *(.comment)
 .comment       0x00000000       0x30 Cocktail_functions.o
                                 0x31 (size before relaxing)
 .comment       0x00000030       0x31 Cocktail_Statemachine.o
 .comment       0x00000030       0x31 Getraenk.o
 .comment       0x00000030       0x31 TAGS.o
 .comment       0x00000030       0x31 Zutaten.o
 .comment       0x00000030       0x31 LED.o
 .comment       0x00000030       0x31 Main_Func.o
 .comment       0x00000030       0x31 Nextion_Display.o
 .comment       0x00000030       0x31 ring_buffer.o
 .comment       0x00000030       0x31 FAT32.o
 .comment       0x00000030       0x31 SD_routines.o
 .comment       0x00000030       0x31 ramp1.o
 .comment       0x00000030       0x31 Software_SPI.o
 .comment       0x00000030       0x31 SPI.o
 .comment       0x00000030       0x31 tmc4671.o
 .comment       0x00000030       0x31 UART.o
 .comment       0x00000030       0x31 main.o
 .comment       0x00000030       0x31 c:/program files (x86)/atmel/studio/7.0/toolchain/avr8/avr8-gnu-toolchain/bin/../lib/gcc/avr/5.4.0/../../../../avr/lib/avr6\libc.a(calloc.o)
 .comment       0x00000030       0x31 c:/program files (x86)/atmel/studio/7.0/toolchain/avr8/avr8-gnu-toolchain/bin/../lib/gcc/avr/5.4.0/../../../../avr/lib/avr6\libc.a(malloc.o)
 .comment       0x00000030       0x31 c:/program files (x86)/atmel/studio/7.0/toolchain/avr8/avr8-gnu-toolchain/bin/../lib/gcc/avr/5.4.0/../../../../avr/lib/avr6\libc.a(strtok.o)

.note.gnu.avr.deviceinfo
                0x00000000       0x40
 .note.gnu.avr.deviceinfo
                0x00000000       0x40 C:/Program Files (x86)/Atmel/Studio/7.0/Packs/atmel/ATmega_DFP/1.3.300/gcc/dev/atmega2560/avr6/crtatmega2560.o

.note.gnu.build-id
 *(.note.gnu.build-id)

.debug
 *(.debug)

.line
 *(.line)

.debug_srcinfo
 *(.debug_srcinfo)

.debug_sfnames
 *(.debug_sfnames)

.debug_aranges  0x00000000      0xa08
 *(.debug_aranges)
 .debug_aranges
                0x00000000      0x138 Cocktail_functions.o
 .debug_aranges
                0x00000138      0x100 Cocktail_Statemachine.o
 .debug_aranges
                0x00000238       0x90 Getraenk.o
 .debug_aranges
                0x000002c8       0x30 TAGS.o
 .debug_aranges
                0x000002f8       0x58 Zutaten.o
 .debug_aranges
                0x00000350       0x88 LED.o
 .debug_aranges
                0x000003d8       0xa8 Main_Func.o
 .debug_aranges
                0x00000480       0x68 Nextion_Display.o
 .debug_aranges
                0x000004e8       0x50 ring_buffer.o
 .debug_aranges
                0x00000538       0x80 FAT32.o
 .debug_aranges
                0x000005b8       0x40 SD_routines.o
 .debug_aranges
                0x000005f8       0x90 ramp1.o
 .debug_aranges
                0x00000688       0x70 Software_SPI.o
 .debug_aranges
                0x000006f8       0x48 SPI.o
 .debug_aranges
                0x00000740      0x1f8 tmc4671.o
 .debug_aranges
                0x00000938       0x90 UART.o
 .debug_aranges
                0x000009c8       0x20 main.o
 .debug_aranges
                0x000009e8       0x20 C:/Program Files (x86)/Atmel/Studio/7.0/Packs/atmel/ATmega_DFP/1.3.300/gcc/dev/atmega2560/avr6\libatmega2560.a(eerd_byte.o)

.debug_pubnames
 *(.debug_pubnames)

.debug_info     0x00000000    0x17ec1
 *(.debug_info .gnu.linkonce.wi.*)
 .debug_info    0x00000000      0xbbc C:/Program Files (x86)/Atmel/Studio/7.0/Packs/atmel/ATmega_DFP/1.3.300/gcc/dev/atmega2560/avr6/crtatmega2560.o
 .debug_info    0x00000bbc     0x4f2f Cocktail_functions.o
 .debug_info    0x00005aeb     0x4324 Cocktail_Statemachine.o
 .debug_info    0x00009e0f     0x1cd8 Getraenk.o
 .debug_info    0x0000bae7      0x2be TAGS.o
 .debug_info    0x0000bda5     0x1031 Zutaten.o
 .debug_info    0x0000cdd6      0x39b LED.o
 .debug_info    0x0000d171     0x114f Main_Func.o
 .debug_info    0x0000e2c0      0xd1e Nextion_Display.o
 .debug_info    0x0000efde      0x34e ring_buffer.o
 .debug_info    0x0000f32c     0x19a8 FAT32.o
 .debug_info    0x00010cd4      0x7f6 SD_routines.o
 .debug_info    0x000114ca      0xb91 ramp1.o
 .debug_info    0x0001205b      0x548 Software_SPI.o
 .debug_info    0x000125a3      0x263 SPI.o
 .debug_info    0x00012806     0x402e tmc4671.o
 .debug_info    0x00016834      0x635 UART.o
 .debug_info    0x00016e69      0xfbe main.o
 .debug_info    0x00017e27       0x9a C:/Program Files (x86)/Atmel/Studio/7.0/Packs/atmel/ATmega_DFP/1.3.300/gcc/dev/atmega2560/avr6\libatmega2560.a(eerd_byte.o)

.debug_abbrev   0x00000000     0x3256
 *(.debug_abbrev)
 .debug_abbrev  0x00000000      0xb1a C:/Program Files (x86)/Atmel/Studio/7.0/Packs/atmel/ATmega_DFP/1.3.300/gcc/dev/atmega2560/avr6/crtatmega2560.o
 .debug_abbrev  0x00000b1a      0x41c Cocktail_functions.o
 .debug_abbrev  0x00000f36      0x333 Cocktail_Statemachine.o
 .debug_abbrev  0x00001269      0x3c6 Getraenk.o
 .debug_abbrev  0x0000162f      0x122 TAGS.o
 .debug_abbrev  0x00001751      0x2b5 Zutaten.o
 .debug_abbrev  0x00001a06      0x176 LED.o
 .debug_abbrev  0x00001b7c      0x358 Main_Func.o
 .debug_abbrev  0x00001ed4      0x231 Nextion_Display.o
 .debug_abbrev  0x00002105      0x12a ring_buffer.o
 .debug_abbrev  0x0000222f      0x214 FAT32.o
 .debug_abbrev  0x00002443      0x154 SD_routines.o
 .debug_abbrev  0x00002597      0x337 ramp1.o
 .debug_abbrev  0x000028ce      0x15b Software_SPI.o
 .debug_abbrev  0x00002a29      0x11c SPI.o
 .debug_abbrev  0x00002b45      0x3cf tmc4671.o
 .debug_abbrev  0x00002f14      0x1fe UART.o
 .debug_abbrev  0x00003112      0x130 main.o
 .debug_abbrev  0x00003242       0x14 C:/Program Files (x86)/Atmel/Studio/7.0/Packs/atmel/ATmega_DFP/1.3.300/gcc/dev/atmega2560/avr6\libatmega2560.a(eerd_byte.o)

.debug_line     0x00000000     0x980a
 *(.debug_line .debug_line.* .debug_line_end)
 .debug_line    0x00000000      0x1f9 C:/Program Files (x86)/Atmel/Studio/7.0/Packs/atmel/ATmega_DFP/1.3.300/gcc/dev/atmega2560/avr6/crtatmega2560.o
 .debug_line    0x000001f9     0x2013 Cocktail_functions.o
 .debug_line    0x0000220c     0x1e7d Cocktail_Statemachine.o
 .debug_line    0x00004089      0xaa5 Getraenk.o
 .debug_line    0x00004b2e      0x195 TAGS.o
 .debug_line    0x00004cc3      0x572 Zutaten.o
 .debug_line    0x00005235      0x47c LED.o
 .debug_line    0x000056b1      0x910 Main_Func.o
 .debug_line    0x00005fc1      0x4e5 Nextion_Display.o
 .debug_line    0x000064a6      0x21d ring_buffer.o
 .debug_line    0x000066c3      0xc8f FAT32.o
 .debug_line    0x00007352      0x481 SD_routines.o
 .debug_line    0x000077d3      0x686 ramp1.o
 .debug_line    0x00007e59      0x305 Software_SPI.o
 .debug_line    0x0000815e      0x1e8 SPI.o
 .debug_line    0x00008346      0xd0a tmc4671.o
 .debug_line    0x00009050      0x3f3 UART.o
 .debug_line    0x00009443      0x34d main.o
 .debug_line    0x00009790       0x7a C:/Program Files (x86)/Atmel/Studio/7.0/Packs/atmel/ATmega_DFP/1.3.300/gcc/dev/atmega2560/avr6\libatmega2560.a(eerd_byte.o)

.debug_frame    0x00000000     0x2a8c
 *(.debug_frame)
 .debug_frame   0x00000000      0x77c Cocktail_functions.o
 .debug_frame   0x0000077c      0x31c Cocktail_Statemachine.o
 .debug_frame   0x00000a98      0x2dc Getraenk.o
 .debug_frame   0x00000d74       0x78 TAGS.o
 .debug_frame   0x00000dec      0x154 Zutaten.o
 .debug_frame   0x00000f40      0x19c LED.o
 .debug_frame   0x000010dc      0x29c Main_Func.o
 .debug_frame   0x00001378      0x198 Nextion_Display.o
 .debug_frame   0x00001510       0xdc ring_buffer.o
 .debug_frame   0x000015ec      0x3b8 FAT32.o
 .debug_frame   0x000019a4       0xec SD_routines.o
 .debug_frame   0x00001a90      0x318 ramp1.o
 .debug_frame   0x00001da8      0x108 Software_SPI.o
 .debug_frame   0x00001eb0       0x74 SPI.o
 .debug_frame   0x00001f24      0x844 tmc4671.o
 .debug_frame   0x00002768      0x300 UART.o
 .debug_frame   0x00002a68       0x24 main.o

.debug_str      0x00000000     0x3777
 *(.debug_str)
 .debug_str     0x00000000      0x3e6 C:/Program Files (x86)/Atmel/Studio/7.0/Packs/atmel/ATmega_DFP/1.3.300/gcc/dev/atmega2560/avr6/crtatmega2560.o
 .debug_str     0x000003e6     0x127d Cocktail_functions.o
                               0x13c9 (size before relaxing)
 .debug_str     0x00001663      0x8ba Cocktail_Statemachine.o
                               0x19de (size before relaxing)
 .debug_str     0x00001f1d      0x1a7 Getraenk.o
                                0xf59 (size before relaxing)
 .debug_str     0x000020c4       0x68 TAGS.o
                                0x263 (size before relaxing)
 .debug_str     0x0000212c      0x123 Zutaten.o
                                0x7e1 (size before relaxing)
 .debug_str     0x0000224f       0xca LED.o
                                0x340 (size before relaxing)
 .debug_str     0x00002319      0x23e Main_Func.o
                                0xa07 (size before relaxing)
 .debug_str     0x00002557       0x52 Nextion_Display.o
                                0x7c5 (size before relaxing)
 .debug_str     0x000025a9       0x5a ring_buffer.o
                                0x1fd (size before relaxing)
 .debug_str     0x00002603      0x533 FAT32.o
                                0x928 (size before relaxing)
 .debug_str     0x00002b36       0x69 SD_routines.o
                                0x34f (size before relaxing)
 .debug_str     0x00002b9f       0xf0 ramp1.o
                                0x61e (size before relaxing)
 .debug_str     0x00002c8f      0x104 Software_SPI.o
                                0x2c6 (size before relaxing)
 .debug_str     0x00002d93       0x5d SPI.o
                                0x250 (size before relaxing)
 .debug_str     0x00002df0      0x84e tmc4671.o
                                0xc23 (size before relaxing)
 .debug_str     0x0000363e       0x90 UART.o
                                0x36f (size before relaxing)
 .debug_str     0x000036ce       0xa9 main.o
                                0xddf (size before relaxing)

.debug_loc      0x00000000     0xfd8a
 *(.debug_loc)
 .debug_loc     0x00000000     0x2e17 Cocktail_functions.o
 .debug_loc     0x00002e17     0x18ee Cocktail_Statemachine.o
 .debug_loc     0x00004705     0x12b2 Getraenk.o
 .debug_loc     0x000059b7      0x1f7 TAGS.o
 .debug_loc     0x00005bae      0x7e2 Zutaten.o
 .debug_loc     0x00006390      0x26f LED.o
 .debug_loc     0x000065ff      0xa39 Main_Func.o
 .debug_loc     0x00007038      0x6a6 Nextion_Display.o
 .debug_loc     0x000076de      0x58d ring_buffer.o
 .debug_loc     0x00007c6b     0x1e95 FAT32.o
 .debug_loc     0x00009b00      0x78d SD_routines.o
 .debug_loc     0x0000a28d      0xd57 ramp1.o
 .debug_loc     0x0000afe4      0x357 Software_SPI.o
 .debug_loc     0x0000b33b       0xc4 SPI.o
 .debug_loc     0x0000b3ff     0x4242 tmc4671.o
 .debug_loc     0x0000f641      0x749 UART.o

.debug_macinfo
 *(.debug_macinfo)

.debug_weaknames
 *(.debug_weaknames)

.debug_funcnames
 *(.debug_funcnames)

.debug_typenames
 *(.debug_typenames)

.debug_varnames
 *(.debug_varnames)

.debug_pubtypes
 *(.debug_pubtypes)

.debug_ranges   0x00000000      0xb28
 *(.debug_ranges)
 .debug_ranges  0x00000000      0x2a0 Cocktail_functions.o
 .debug_ranges  0x000002a0      0x108 Cocktail_Statemachine.o
 .debug_ranges  0x000003a8       0xc0 Getraenk.o
 .debug_ranges  0x00000468       0x20 TAGS.o
 .debug_ranges  0x00000488       0x48 Zutaten.o
 .debug_ranges  0x000004d0       0x78 LED.o
 .debug_ranges  0x00000548       0xf0 Main_Func.o
 .debug_ranges  0x00000638       0x58 Nextion_Display.o
 .debug_ranges  0x00000690       0x40 ring_buffer.o
 .debug_ranges  0x000006d0       0x98 FAT32.o
 .debug_ranges  0x00000768       0x30 SD_routines.o
 .debug_ranges  0x00000798       0x80 ramp1.o
 .debug_ranges  0x00000818       0x60 Software_SPI.o
 .debug_ranges  0x00000878       0x38 SPI.o
 .debug_ranges  0x000008b0      0x1e8 tmc4671.o
 .debug_ranges  0x00000a98       0x80 UART.o
 .debug_ranges  0x00000b18       0x10 main.o

.debug_macro
 *(.debug_macro)
OUTPUT(Mikrocontroller.elf elf32-avr)
LOAD linker stubs
