Archive member included to satisfy reference by file (symbol)

c:/program files (x86)/atmel/studio/7.0/toolchain/avr8/avr8-gnu-toolchain/bin/../lib/gcc/avr/5.4.0/avr6\libgcc.a(_mulsi3.o)
                              Cocktail_functions.o (__mulsi3)
c:/program files (x86)/atmel/studio/7.0/toolchain/avr8/avr8-gnu-toolchain/bin/../lib/gcc/avr/5.4.0/avr6\libgcc.a(_udivmodsi4.o)
                              Cocktail_functions.o (__udivmodsi4)
c:/program files (x86)/atmel/studio/7.0/toolchain/avr8/avr8-gnu-toolchain/bin/../lib/gcc/avr/5.4.0/avr6\libgcc.a(_divmodsi4.o)
                              tmc4671.o (__divmodsi4)
c:/program files (x86)/atmel/studio/7.0/toolchain/avr8/avr8-gnu-toolchain/bin/../lib/gcc/avr/5.4.0/avr6\libgcc.a(_negsi2.o)
                              c:/program files (x86)/atmel/studio/7.0/toolchain/avr8/avr8-gnu-toolchain/bin/../lib/gcc/avr/5.4.0/avr6\libgcc.a(_divmodsi4.o) (__negsi2)
c:/program files (x86)/atmel/studio/7.0/toolchain/avr8/avr8-gnu-toolchain/bin/../lib/gcc/avr/5.4.0/avr6\libgcc.a(_exit.o)
                              C:/Program Files (x86)/Atmel/Studio/7.0/Packs/atmel/ATmega_DFP/1.3.300/gcc/dev/atmega2560/avr6/crtatmega2560.o (exit)
c:/program files (x86)/atmel/studio/7.0/toolchain/avr8/avr8-gnu-toolchain/bin/../lib/gcc/avr/5.4.0/avr6\libgcc.a(_tablejump2.o)
                              Cocktail_functions.o (__tablejump2__)
c:/program files (x86)/atmel/studio/7.0/toolchain/avr8/avr8-gnu-toolchain/bin/../lib/gcc/avr/5.4.0/avr6\libgcc.a(_copy_data.o)
                              Cocktail_functions.o (__do_copy_data)
c:/program files (x86)/atmel/studio/7.0/toolchain/avr8/avr8-gnu-toolchain/bin/../lib/gcc/avr/5.4.0/avr6\libgcc.a(_clear_bss.o)
                              Cocktail_functions.o (__do_clear_bss)
c:/program files (x86)/atmel/studio/7.0/toolchain/avr8/avr8-gnu-toolchain/bin/../lib/gcc/avr/5.4.0/avr6\libgcc.a(_umulhisi3.o)
                              FAT32.o (__umulhisi3)
c:/program files (x86)/atmel/studio/7.0/toolchain/avr8/avr8-gnu-toolchain/bin/../lib/gcc/avr/5.4.0/avr6\libgcc.a(_usmulhisi3.o)
                              tmc4671.o (__usmulhisi3)
c:/program files (x86)/atmel/studio/7.0/toolchain/avr8/avr8-gnu-toolchain/bin/../lib/gcc/avr/5.4.0/avr6\libgcc.a(_muluhisi3.o)
                              Cocktail_functions.o (__muluhisi3)
c:/program files (x86)/atmel/studio/7.0/toolchain/avr8/avr8-gnu-toolchain/bin/../lib/gcc/avr/5.4.0/../../../../avr/lib/avr6\libc.a(calloc.o)
                              Getraenk.o (calloc)
c:/program files (x86)/atmel/studio/7.0/toolchain/avr8/avr8-gnu-toolchain/bin/../lib/gcc/avr/5.4.0/../../../../avr/lib/avr6\libc.a(malloc.o)
                              c:/program files (x86)/atmel/studio/7.0/toolchain/avr8/avr8-gnu-toolchain/bin/../lib/gcc/avr/5.4.0/../../../../avr/lib/avr6\libc.a(calloc.o) (malloc)
c:/program files (x86)/atmel/studio/7.0/toolchain/avr8/avr8-gnu-toolchain/bin/../lib/gcc/avr/5.4.0/../../../../avr/lib/avr6\libc.a(atoi.o)
                              Cocktail_functions.o (atoi)
c:/program files (x86)/atmel/studio/7.0/toolchain/avr8/avr8-gnu-toolchain/bin/../lib/gcc/avr/5.4.0/../../../../avr/lib/avr6\libc.a(strtok.o)
                              Cocktail_functions.o (strtok)
c:/program files (x86)/atmel/studio/7.0/toolchain/avr8/avr8-gnu-toolchain/bin/../lib/gcc/avr/5.4.0/../../../../avr/lib/avr6\libc.a(memset.o)
                              c:/program files (x86)/atmel/studio/7.0/toolchain/avr8/avr8-gnu-toolchain/bin/../lib/gcc/avr/5.4.0/../../../../avr/lib/avr6\libc.a(calloc.o) (memset)
c:/program files (x86)/atmel/studio/7.0/toolchain/avr8/avr8-gnu-toolchain/bin/../lib/gcc/avr/5.4.0/../../../../avr/lib/avr6\libc.a(strcat.o)
                              Cocktail_functions.o (strcat)
c:/program files (x86)/atmel/studio/7.0/toolchain/avr8/avr8-gnu-toolchain/bin/../lib/gcc/avr/5.4.0/../../../../avr/lib/avr6\libc.a(strcpy.o)
                              Cocktail_functions.o (strcpy)
c:/program files (x86)/atmel/studio/7.0/toolchain/avr8/avr8-gnu-toolchain/bin/../lib/gcc/avr/5.4.0/../../../../avr/lib/avr6\libc.a(strncpy.o)
                              Getraenk.o (strncpy)
c:/program files (x86)/atmel/studio/7.0/toolchain/avr8/avr8-gnu-toolchain/bin/../lib/gcc/avr/5.4.0/../../../../avr/lib/avr6\libc.a(strtok_r.o)
                              c:/program files (x86)/atmel/studio/7.0/toolchain/avr8/avr8-gnu-toolchain/bin/../lib/gcc/avr/5.4.0/../../../../avr/lib/avr6\libc.a(strtok.o) (strtok_r)
c:/program files (x86)/atmel/studio/7.0/toolchain/avr8/avr8-gnu-toolchain/bin/../lib/gcc/avr/5.4.0/../../../../avr/lib/avr6\libc.a(itoa_ncheck.o)
                              Cocktail_functions.o (__itoa_ncheck)
c:/program files (x86)/atmel/studio/7.0/toolchain/avr8/avr8-gnu-toolchain/bin/../lib/gcc/avr/5.4.0/../../../../avr/lib/avr6\libc.a(mul10.o)
[...]
Memory Configuration

Name             Origin             Length             Attributes
text             0x00000000         0x00100000         xr
data             0x00800200         0x0000fe00         rw !x
eeprom           0x00810000         0x00010000         rw !x
fuse             0x00820000         0x00000003         rw !x
lock             0x00830000         0x00000400         rw !x
signature        0x00840000         0x00000400         rw !x
user_signatures  0x00850000         0x00000400         rw !x
*default*        0x00000000         0xffffffff

Linker script and memory map

Address of section .data set to 0x800200
LOAD C:/Program Files (x86)/Atmel/Studio/7.0/Packs/atmel/ATmega_DFP/1.3.300/gcc/dev/atmega2560/avr6/crtatmega2560.o
LOAD Cocktail_functions.o
LOAD Cocktail_Statemachine.o
LOAD Getraenk.o
LOAD Zutaten.o
LOAD Main_Func.o
LOAD Nextion_Display.o
LOAD mfrc522.o
LOAD ring_buffer.o
LOAD FAT32.o
LOAD SD_routines.o
LOAD SPI.o
LOAD TAGS.o
LOAD tmc4671.o
LOAD TMC6200.o
LOAD UART.o
LOAD main.o
START GROUP
LOAD c:/program files (x86)/atmel/studio/7.0/toolchain/avr8/avr8-gnu-toolchain/bin/../lib/gcc/avr/5.4.0/../../../../avr/lib/avr6\libm.a
END GROUP
START GROUP
LOAD c:/program files (x86)/atmel/studio/7.0/toolchain/avr8/avr8-gnu-toolchain/bin/../lib/gcc/avr/5.4.0/avr6\libgcc.a
LOAD c:/program files (x86)/atmel/studio/7.0/toolchain/avr8/avr8-gnu-toolchain/bin/../lib/gcc/avr/5.4.0/../../../../avr/lib/avr6\libm.a
LOAD c:/program files (x86)/atmel/studio/7.0/toolchain/avr8/avr8-gnu-toolchain/bin/../lib/gcc/avr/5.4.0/../../../../avr/lib/avr6\libc.a
LOAD C:/Program Files (x86)/Atmel/Studio/7.0/Packs/atmel/ATmega_DFP/1.3.300/gcc/dev/atmega2560/avr6\libatmega2560.a
END GROUP
                0x00000000                __TEXT_REGION_ORIGIN__ = DEFINED (__TEXT_REGION_ORIGIN__)?__TEXT_REGION_ORIGIN__:0x0
                0x00800200                __DATA_REGION_ORIGIN__ = DEFINED (__DATA_REGION_ORIGIN__)?__DATA_REGION_ORIGIN__:0x800200
                0x00100000                __TEXT_REGION_LENGTH__ = DEFINED (__TEXT_REGION_LENGTH__)?__TEXT_REGION_LENGTH__:0x100000
                0x0000fe00                __DATA_REGION_LENGTH__ = DEFINED (__DATA_REGION_LENGTH__)?__DATA_REGION_LENGTH__:0xfe00
                0x00010000                __EEPROM_REGION_LENGTH__ = DEFINED (__EEPROM_REGION_LENGTH__)?__EEPROM_REGION_LENGTH__:0x10000
                [0x00000003]                __FUSE_REGION_LENGTH__ = DEFINED (__FUSE_REGION_LENGTH__)?__FUSE_REGION_LENGTH__:0x400
                0x00000400                __LOCK_REGION_LENGTH__ = DEFINED (__LOCK_REGION_LENGTH__)?__LOCK_REGION_LENGTH__:0x400
                0x00000400                __SIGNATURE_REGION_LENGTH__ = DEFINED (__SIGNATURE_REGION_LENGTH__)?__SIGNATURE_REGION_LENGTH__:0x400
                0x00000400                __USER_SIGNATURE_REGION_LENGTH__ = DEFINED (__USER_SIGNATURE_REGION_LENGTH__)?__USER_SIGNATURE_REGION_LENGTH__:0x400

.hash
 *(.hash)

.dynsym
 *(.dynsym)

.dynstr
 *(.dynstr)

.gnu.version
 *(.gnu.version)

.gnu.version_d
 *(.gnu.version_d)

.gnu.version_r
 *(.gnu.version_r)

.rel.init
 *(.rel.init)

.rela.init
 *(.rela.init)

.rel.text
 *(.rel.text)
 *(.rel.text.*)
 *(.rel.gnu.linkonce.t*)

.rela.text
 *(.rela.text)
 *(.rela.text.*)
 *(.rela.gnu.linkonce.t*)

.rel.fini
 *(.rel.fini)

.rela.fini
 *(.rela.fini)

.rel.rodata
 *(.rel.rodata)
 *(.rel.rodata.*)
 *(.rel.gnu.linkonce.r*)

.rela.rodata
 *(.rela.rodata)
 *(.rela.rodata.*)
 *(.rela.gnu.linkonce.r*)

.rel.data
 *(.rel.data)
 *(.rel.data.*)
 *(.rel.gnu.linkonce.d*)

.rela.data
 *(.rela.data)
 *(.rela.data.*)
 *(.rela.gnu.linkonce.d*)

.rel.ctors
 *(.rel.ctors)

.rela.ctors
 *(.rela.ctors)

.rel.dtors
 *(.rel.dtors)

.rela.dtors
 *(.rela.dtors)

.rel.got
 *(.rel.got)

.rela.got
 *(.rela.got)

.rel.bss
 *(.rel.bss)

.rela.bss
 *(.rela.bss)

.rel.plt
 *(.rel.plt)

.rela.plt
 *(.rela.plt)

.text           0x00000000     0x66e8
 *(.vectors)
 .vectors       0x00000000       0xe4 C:/Program Files (x86)/Atmel/Studio/7.0/Packs/atmel/ATmega_DFP/1.3.300/gcc/dev/atmega2560/avr6/crtatmega2560.o
                0x00000000                __vector_default
                0x00000000                __vectors
 *(.vectors)
 *(.progmem.gcc*)
 .progmem.gcc_sw_table.schalte_pumpe_ein
                0x000000e4       0x18 Cocktail_functions.o
 .progmem.gcc_sw_table.schalte_pumpe_aus
                0x000000fc       0x18 Cocktail_functions.o
 .progmem.gcc_sw_table.lese_sensor
                0x00000114       0x18 Cocktail_functions.o
 .progmem.gcc_sw_table.check_startseite
                0x0000012c       0x10 Cocktail_Statemachine.o
 .progmem.gcc_sw_table.check_listenanzeige
                0x0000013c       0x14 Cocktail_Statemachine.o
 .progmem.gcc_sw_table.check_menuanzeige
                0x00000150        0xe Cocktail_Statemachine.o
 .progmem.gcc_sw_table.check_bearbeitungsanzeige
                0x0000015e       0x14 Cocktail_Statemachine.o
 .progmem.gcc_sw_table.check_ceinstanzeige
                0x00000172       0x10 Cocktail_Statemachine.o
 .progmem.gcc_sw_table.check_erstanzeige1
                0x00000182       0x3e Cocktail_Statemachine.o
 .progmem.gcc_sw_table.check_posanzeige
                0x000001c0       0x1a Cocktail_Statemachine.o
 .progmem.gcc_sw_table.check_fluessanzeige1
                0x000001da       0x16 Cocktail_Statemachine.o
 .progmem.gcc_sw_table.check_RFIDAnzeige1
                0x000001f0       0x12 Cocktail_Statemachine.o
 .progmem.gcc_sw_table.check_RFIDAnzeige2
                0x00000202       0x14 Cocktail_Statemachine.o
 .progmem.gcc_sw_table.cocktail_check_command
                0x00000216       0x32 Cocktail_Statemachine.o
                0x00000248                . = ALIGN (0x2)
                0x00000248                __trampolines_start = .
 *(.trampolines)
 .trampolines   0x00000248        0x0 linker stubs
 *(.trampolines*)
                0x00000248                __trampolines_end = .
 *libprintf_flt.a:*(.progmem.data)
 *libc.a:*(.progmem.data)
 *(.progmem*)
                0x00000248                . = ALIGN (0x2)
 *(.jumptables)
 *(.jumptables*)
 *(.lowtext)
 *(.lowtext*)
                0x00000248                __ctors_start = .
 *(.ctors)
                0x00000248                __ctors_end = .
                0x00000248                __dtors_start = .
 *(.dtors)
                0x00000248                __dtors_end = .
 SORT(*)(.ctors)
 SORT(*)(.dtors)
 *(.init0)
 .init0         0x00000248        0x0 C:/Program Files (x86)/Atmel/Studio/7.0/Packs/atmel/ATmega_DFP/1.3.300/gcc/dev/atmega2560/avr6/crtatmega2560.o
                0x00000248                __init
 *(.init0)
 *(.init1)
 *(.init1)
 *(.init2)
 .init2         0x00000248       0x10 C:/Program Files (x86)/Atmel/Studio/7.0/Packs/atmel/ATmega_DFP/1.3.300/gcc/dev/atmega2560/avr6/crtatmega2560.o
 *(.init2)
 *(.init3)
 *(.init3)
 *(.init4)
 .init4         0x00000258       0x1a c:/program files (x86)/atmel/studio/7.0/toolchain/avr8/avr8-gnu-toolchain/bin/../lib/gcc/avr/5.4.0/avr6\libgcc.a(_copy_data.o)
                0x00000258                __do_copy_data
 .init4         0x00000272       0x10 c:/program files (x86)/atmel/studio/7.0/toolchain/avr8/avr8-gnu-toolchain/bin/../lib/gcc/avr/5.4.0/avr6\libgcc.a(_clear_bss.o)
                0x00000272                __do_clear_bss
 *(.init4)
 *(.init5)
 *(.init5)
 *(.init6)
 *(.init6)
 *(.init7)
 *(.init7)
 *(.init8)
 *(.init8)
 *(.init9)
 .init9         0x00000282        0x8 C:/Program Files (x86)/Atmel/Studio/7.0/Packs/atmel/ATmega_DFP/1.3.300/gcc/dev/atmega2560/avr6/crtatmega2560.o
 *(.init9)
 *(.text)
 .text          0x0000028a        0x2 C:/Program Files (x86)/Atmel/Studio/7.0/Packs/atmel/ATmega_DFP/1.3.300/gcc/dev/atmega2560/avr6/crtatmega2560.o
                0x0000028a                __vector_38
                0x0000028a                __vector_22
                0x0000028a                __vector_28
                0x0000028a                __vector_1
                0x0000028a                __vector_32
                0x0000028a                __vector_34
                0x0000028a                __vector_24
                0x0000028a                __vector_12
                0x0000028a                __vector_46
                0x0000028a                __bad_interrupt
                0x0000028a                __vector_6
                0x0000028a                __vector_31
                0x0000028a                __vector_35
                0x0000028a                __vector_39
                0x0000028a                __vector_3
                0x0000028a                __vector_23
                0x0000028a                __vector_30
                0x0000028a                __vector_45
                0x0000028a                __vector_11
                0x0000028a                __vector_13
                0x0000028a                __vector_17
                0x0000028a                __vector_19
                0x0000028a                __vector_56
                0x0000028a                __vector_7
                0x0000028a                __vector_49
                0x0000028a                __vector_41
                0x0000028a                __vector_43
                0x0000028a                __vector_27
                0x0000028a                __vector_5
                0x0000028a                __vector_33
                0x0000028a                __vector_47
                0x0000028a                __vector_37
                0x0000028a                __vector_4
                0x0000028a                __vector_44
                0x0000028a                __vector_9
                0x0000028a                __vector_2
                0x0000028a                __vector_21
                0x0000028a                __vector_15
                0x0000028a                __vector_29
                0x0000028a                __vector_40
                0x0000028a                __vector_8
                0x0000028a                __vector_48
                0x0000028a                __vector_14
                0x0000028a                __vector_53
                0x0000028a                __vector_10
                0x0000028a                __vector_50
                0x0000028a                __vector_16
                0x0000028a                __vector_18
                0x0000028a                __vector_20
                0x0000028a                __vector_42
                0x0000028c                . = ALIGN (0x2)
 *(.text.*)
 .text.cocktail_test_command
                0x0000028c       0x22 Cocktail_functions.o
                0x0000028c                cocktail_test_command
 .text.schreibe_Menge_in_Getraenk
                0x000002ae      0x198 Cocktail_functions.o
                0x000002ae                schreibe_Menge_in_Getraenk
 .text.schalte_pumpe_ein
                0x00000446       0x6e Cocktail_functions.o
                0x00000446                schalte_pumpe_ein
 .text.schalte_pumpe_aus
                0x000004b4       0x6e Cocktail_functions.o
                0x000004b4                schalte_pumpe_aus
 .text.lese_sensor
                0x00000522       0x74 Cocktail_functions.o
                0x00000522                lese_sensor
 .text.erstelle_Liste_zutat
                0x00000596      0x25a Cocktail_functions.o
                0x00000596                erstelle_Liste_zutat
 .text.setze_startanzeige
                0x000007f0       0x94 Cocktail_functions.o
                0x000007f0                setze_startanzeige
 .text.fuelle_getraenk
                0x00000884      0x206 Cocktail_functions.o
                0x00000884                fuelle_getraenk
 .text.zubereitung_getraenk
                0x00000a8a       0x68 Cocktail_functions.o
                0x00000a8a                zubereitung_getraenk
 .text.erstelle_Zutatenliste
                0x00000af2      0x1a8 Cocktail_functions.o
                0x00000af2                erstelle_Zutatenliste
 .text.compare_string
                0x00000c9a       0x40 Cocktail_functions.o
                0x00000c9a                compare_string
 .text.pruefe_kopf
                0x00000cda        0xc Cocktail_functions.o
                0x00000cda                pruefe_kopf
 .text.lese_textfile_in_getraenk
                0x00000ce6      0x23c Cocktail_functions.o
                0x00000ce6                lese_textfile_in_getraenk
 .text.choose_aktuellesGetraenk
                0x00000f22       0x6e Cocktail_functions.o
                0x00000f22                choose_aktuellesGetraenk
 .text.bearbeite_Cocktail
                0x00000f90       0x14 Cocktail_functions.o
                0x00000f90                bearbeite_Cocktail
 .text.erstelle_Liste_name
                0x00000fa4      0x1d4 Cocktail_functions.o
                0x00000fa4                erstelle_Liste_name
 .text.schiebe_file_next
                0x00001178       0x1c Cocktail_functions.o
                0x00001178                schiebe_file_next
 .text.schiebe_file_prev
                0x00001194       0x1c Cocktail_functions.o
                0x00001194                schiebe_file_prev
 .text.SD_startup
                0x000011b0       0xda Cocktail_functions.o
                0x000011b0                SD_startup
 .text.erstelle_File
                0x0000128a      0x28a Cocktail_functions.o
                0x0000128a                erstelle_File
 .text.loesche_FIle
                0x00001514       0x66 Cocktail_functions.o
                0x00001514                loesche_FIle
 .text.lese_textfile_in_zutat
                0x0000157a      0x124 Cocktail_functions.o
                0x0000157a                lese_textfile_in_zutat
 .text.erstelle_Liste_Zutat_Pos
                0x0000169e      0x1f2 Cocktail_functions.o
                0x0000169e                erstelle_Liste_Zutat_Pos
 .text.setze_Posanzeige_Rot_Gruen
                0x00001890      0x10c Cocktail_functions.o
                0x00001890                setze_Posanzeige_Rot_Gruen
 .text.setze_aktuelle_Zutat_in_Maschine_prev
                0x0000199c       0x36 Cocktail_functions.o
                0x0000199c                setze_aktuelle_Zutat_in_Maschine_prev
 .text.setze_Fluessgkeit_in_Position
                0x000019d2      0x384 Cocktail_functions.o
                0x000019d2                setze_Fluessgkeit_in_Position
 .text.check_startseite
                0x00001d56      0x1c6 Cocktail_Statemachine.o
                0x00001d56                check_startseite
 .text.check_zutatenanzeige
                0x00001f1c       0x26 Cocktail_Statemachine.o
                0x00001f1c                check_zutatenanzeige
 .text.check_listenanzeige
                0x00001f42       0xfa Cocktail_Statemachine.o
                0x00001f42                check_listenanzeige
 .text.check_zubabfrage
                0x0000203c       0x36 Cocktail_Statemachine.o
                0x0000203c                check_zubabfrage
 .text.check_zubbildschirm
                0x00002072        0xa Cocktail_Statemachine.o
                0x00002072                check_zubbildschirm
 .text.check_menuanzeige
                0x0000207c      0x170 Cocktail_Statemachine.o
                0x0000207c                check_menuanzeige
 .text.check_bearbeitungsanzeige
                0x000021ec       0x9a Cocktail_Statemachine.o
                0x000021ec                check_bearbeitungsanzeige
 .text.check_ceinstanzeige
                0x00002286       0xcc Cocktail_Statemachine.o
                0x00002286                check_ceinstanzeige
 .text.check_reinanzeige1
                0x00002352       0x1a Cocktail_Statemachine.o
                0x00002352                check_reinanzeige1
 .text.check_reinanzeige2
                0x0000236c       0x8c Cocktail_Statemachine.o
                0x0000236c                check_reinanzeige2
 .text.check_reinanzeige3
                0x000023f8       0x12 Cocktail_Statemachine.o
                0x000023f8                check_reinanzeige3
 .text.check_infoanzeige
                0x0000240a        0xc Cocktail_Statemachine.o
                0x0000240a                check_infoanzeige
 .text.check_erstanzeige1
                0x00002416      0x5ea Cocktail_Statemachine.o
                0x00002416                check_erstanzeige1
 .text.check_erstanzeige2
                0x00002a00      0x174 Cocktail_Statemachine.o
                0x00002a00                check_erstanzeige2
 .text.check_loeschanzeige
                0x00002b74      0x106 Cocktail_Statemachine.o
                0x00002b74                check_loeschanzeige
 .text.check_posanzeige
                0x00002c7a      0x12e Cocktail_Statemachine.o
                0x00002c7a                check_posanzeige
 .text.check_fluessanzeige1
                0x00002da8       0xbc Cocktail_Statemachine.o
                0x00002da8                check_fluessanzeige1
 .text.check_fluessanzeige2
                0x00002e64       0x4e Cocktail_Statemachine.o
                0x00002e64                check_fluessanzeige2
 .text.check_fluessanzeige3
                0x00002eb2      0x220 Cocktail_Statemachine.o
                0x00002eb2                check_fluessanzeige3
 .text.check_RFIDAnzeige1
                0x000030d2      0x3ba Cocktail_Statemachine.o
                0x000030d2                check_RFIDAnzeige1
 .text.schreibe_Getraenk_in_tag
                0x0000348c       0x74 Cocktail_Statemachine.o
                0x0000348c                schreibe_Getraenk_in_tag
 .text.check_RFIDAnzeige2
                0x00003500       0x8a Cocktail_Statemachine.o
                0x00003500                check_RFIDAnzeige2
 .text.check_RFIDFehler
                0x0000358a       0x12 Cocktail_Statemachine.o
                0x0000358a                check_RFIDFehler
 .text.cocktail_check_command
                0x0000359c       0xc0 Cocktail_Statemachine.o
                0x0000359c                cocktail_check_command
 .text.check_existence
                0x0000365c      0x1a0 Getraenk.o
                0x0000365c                check_existence
 .text.create_new_getraenk
                0x000037fc       0xda Getraenk.o
                0x000037fc                create_new_getraenk
 .text.create_new_getraenk_file
                0x000038d6       0x18 Getraenk.o
                0x000038d6                create_new_getraenk_file
 .text.insert_file_at_head
                0x000038ee       0x56 Getraenk.o
                0x000038ee                insert_file_at_head
 .text.cocktails_init
                0x00003944       0xe2 Getraenk.o
                0x00003944                cocktails_init
 .text.create_zutat
                0x00003a26       0x42 Zutaten.o
                0x00003a26                create_zutat
 .text.create_neue_zutat_Maschine
                0x00003a68       0x72 Zutaten.o
                0x00003a68                create_neue_zutat_Maschine
 .text.insert_zutat_Maschine_at_head
                0x00003ada       0x50 Zutaten.o
                0x00003ada                insert_zutat_Maschine_at_head
 .text.create_new_zutat_file
                0x00003b2a       0x18 Zutaten.o
                0x00003b2a                create_new_zutat_file
 .text.insert_zutat_file_at_head
                0x00003b42       0x56 Zutaten.o
                0x00003b42                insert_zutat_file_at_head
 .text.zutaten_init
                0x00003b98      0x236 Zutaten.o
                0x00003b98                zutaten_init
 .text.IO_init  0x00003dce       0x2e Main_Func.o
                0x00003dce                IO_init
 .text.check_Communication_Input_UART_0
                0x00003dfc       0x5a Main_Func.o
                0x00003dfc                check_Communication_Input_UART_0
 .text.proceed_Communication_Input_UART_0
                0x00003e56        0xa Main_Func.o
                0x00003e56                proceed_Communication_Input_UART_0
 .text.check_Communication_Input_UART_1
                0x00003e60      0x112 Main_Func.o
                0x00003e60                check_Communication_Input_UART_1
 .text.proceed_Communication_INPUT_UART_1
                0x00003f72       0x24 Main_Func.o
                0x00003f72                proceed_Communication_INPUT_UART_1
 .text.check_Communication_Input_UART_2
                0x00003f96       0xde Main_Func.o
                0x00003f96                check_Communication_Input_UART_2
 .text.proceed_Communication_Input_UART_2
                0x00004074       0x20 Main_Func.o
                0x00004074                proceed_Communication_Input_UART_2
 .text.check_Communication_Input_UART
                0x00004094       0x14 Main_Func.o
                0x00004094                check_Communication_Input_UART
 .text.endConversation
                0x000040a8       0x2c Nextion_Display.o
                0x000040a8                endConversation
 .text.nextion_change_page
                0x000040d4       0x3e Nextion_Display.o
                0x000040d4                nextion_change_page
 .text.nextion_setText
                0x00004112       0x30 Nextion_Display.o
                0x00004112                nextion_setText
 .text.nextion_setValue
                0x00004142       0x20 Nextion_Display.o
                0x00004142                nextion_setValue
 .text.nextion_setPicture
                0x00004162       0x4c Nextion_Display.o
                0x00004162                nextion_setPicture
 .text.nextion_getSliderValue
                0x000041ae       0x96 Nextion_Display.o
                0x000041ae                nextion_getSliderValue
 .text.nextion_disableButton
                0x00004244       0x72 Nextion_Display.o
                0x00004244                nextion_disableButton
 .text.mfrc522_write
                0x000042b6       0x2a mfrc522.o
                0x000042b6                mfrc522_write
 .text.mfrc522_read
                0x000042e0       0x66 mfrc522.o
                0x000042e0                mfrc522_read
 .text.mfrc522_reset
                0x00004346        0x8 mfrc522.o
                0x00004346                mfrc522_reset
 .text._init    0x0000434e       0x74 mfrc522.o
                0x0000434e                _init
 .text.RB_init  0x000043c2        0x8 ring_buffer.o
                0x000043c2                RB_init
 .text.RB_free  0x000043ca       0x16 ring_buffer.o
                0x000043ca                RB_free
 .text.RB_length
                0x000043e0       0x18 ring_buffer.o
                0x000043e0                RB_length
 .text.RB_readByte
                0x000043f8       0x28 ring_buffer.o
                0x000043f8                RB_readByte
 .text.RB_writeByte
                0x00004420       0x3a ring_buffer.o
                0x00004420                RB_writeByte
 .text.RB_write
                0x0000445a       0x64 ring_buffer.o
                0x0000445a                RB_write
 .text.getFirstSector
                0x000044be       0x42 FAT32.o
                0x000044be                getFirstSector
 .text.getSetNextCluster
                0x00004500       0xf2 FAT32.o
                0x00004500                getSetNextCluster
 .text.getSetFreeCluster
                0x000045f2      0x124 FAT32.o
                0x000045f2                getSetFreeCluster
 .text.getBootSectorData
                0x00004716      0x180 FAT32.o
                0x00004716                getBootSectorData
 .text.convertFileName
                0x00004896      0x120 FAT32.o
                0x00004896                convertFileName
 .text.searchNextFreeCluster
                0x000049b6      0x144 FAT32.o
                0x000049b6                searchNextFreeCluster
 .text.displayMemory
                0x00004afa       0xc2 FAT32.o
                0x00004afa                displayMemory
 .text.freeMemoryUpdate
                0x00004bbc       0xdc FAT32.o
                0x00004bbc                freeMemoryUpdate
 .text.findFiles
                0x00004c98      0x3d0 FAT32.o
                0x00004c98                findFiles
 .text.readFile
                0x00005068      0x19c FAT32.o
                0x00005068                readFile
 .text.deleteFile
                0x00005204       0x18 FAT32.o
                0x00005204                deleteFile
 .text.writeFile
                0x0000521c      0x7e6 FAT32.o
                0x0000521c                writeFile
 .text.SD_sendCommand
                0x00005a02       0xb4 SD_routines.o
                0x00005a02                SD_sendCommand
 .text.SD_init  0x00005ab6      0x112 SD_routines.o
                0x00005ab6                SD_init
 .text.SD_readSingleBlock
                0x00005bc8       0x50 SD_routines.o
                0x00005bc8                SD_readSingleBlock
 .text.SD_writeSingleBlock
                0x00005c18       0x82 SD_routines.o
                0x00005c18                SD_writeSingleBlock
 .text.spi_transmit
                0x00005c9a        0xc SPI.o
                0x00005c9a                spi_transmit
 .text.spi_receive
                0x00005ca6        0xe SPI.o
                0x00005ca6                spi_receive
 .text.enable_Slave
                0x00005cb4       0x28 SPI.o
                0x00005cb4                enable_Slave
 .text.disable_Slave
                0x00005cdc       0x28 SPI.o
                0x00005cdc                disable_Slave
 .text.SPI_init
                0x00005d04       0x14 SPI.o
                0x00005d04                SPI_init
 .text.create_new_tag
                0x00005d18       0x4c TAGS.o
                0x00005d18                create_new_tag
 .text.insert_tag_at_head
                0x00005d64       0x56 TAGS.o
                0x00005d64                insert_tag_at_head
 .text.RFID_init
                0x00005dba       0x3a TAGS.o
                0x00005dba                RFID_init
 .text.tx_completed
                0x00005df4        0x6 UART.o
                0x00005df4                tx_completed
 .text.UART_init
                0x00005dfa       0xfe UART.o
                0x00005dfa                UART_init
 .text.Uart_Transmit_IT_PC
                0x00005ef8       0x26 UART.o
                0x00005ef8                Uart_Transmit_IT_PC
 .text.Uart_Transmit_IT_Display
                0x00005f1e       0x2c UART.o
                0x00005f1e                Uart_Transmit_IT_Display
 .text.__vector_26
                0x00005f4a       0x7e UART.o
                0x00005f4a                __vector_26
 .text.__vector_25
                0x00005fc8       0x58 UART.o
                0x00005fc8                __vector_25
 .text.__vector_36
                0x00006020       0x58 UART.o
                0x00006020                __vector_36
 .text.__vector_52
                0x00006078       0x7e UART.o
                0x00006078                __vector_52
 .text.__vector_51
                0x000060f6       0x58 UART.o
                0x000060f6                __vector_51
 .text.__vector_55
                0x0000614e       0x7e UART.o
                0x0000614e                __vector_55
 .text.__vector_54
                0x000061cc       0x58 UART.o
                0x000061cc                __vector_54
 .text.transmitByte
                0x00006224       0x10 UART.o
                0x00006224                transmitByte
 .text.transmitString
                0x00006234       0x1c UART.o
                0x00006234                transmitString
 .text.main     0x00006250       0x44 main.o
                0x00006250                main
 .text.libgcc.mul
                0x00006294       0x1e c:/program files (x86)/atmel/studio/7.0/toolchain/avr8/avr8-gnu-toolchain/bin/../lib/gcc/avr/5.4.0/avr6\libgcc.a(_mulsi3.o)
                0x00006294                __mulsi3
 .text.libgcc.div
                0x000062b2       0x44 c:/program files (x86)/atmel/studio/7.0/toolchain/avr8/avr8-gnu-toolchain/bin/../lib/gcc/avr/5.4.0/avr6\libgcc.a(_udivmodsi4.o)
                0x000062b2                __udivmodsi4
 .text.libgcc   0x000062f6       0x10 c:/program files (x86)/atmel/studio/7.0/toolchain/avr8/avr8-gnu-toolchain/bin/../lib/gcc/avr/5.4.0/avr6\libgcc.a(_tablejump2.o)
                0x000062f6                __tablejump2__
 .text.libgcc.mul
                0x00006306       0x1e c:/program files (x86)/atmel/studio/7.0/toolchain/avr8/avr8-gnu-toolchain/bin/../lib/gcc/avr/5.4.0/avr6\libgcc.a(_umulhisi3.o)
                0x00006306                __umulhisi3
 .text.libgcc.mul
                0x00006324       0x14 c:/program files (x86)/atmel/studio/7.0/toolchain/avr8/avr8-gnu-toolchain/bin/../lib/gcc/avr/5.4.0/avr6\libgcc.a(_muluhisi3.o)
                0x00006324                __muluhisi3
 .text.avr-libc
                0x00006338       0x34 c:/program files (x86)/atmel/studio/7.0/toolchain/avr8/avr8-gnu-toolchain/bin/../lib/gcc/avr/5.4.0/../../../../avr/lib/avr6\libc.a(calloc.o)
                0x00006338                calloc
 .text.avr-libc
                0x0000636c      0x242 c:/program files (x86)/atmel/studio/7.0/toolchain/avr8/avr8-gnu-toolchain/bin/../lib/gcc/avr/5.4.0/../../../../avr/lib/avr6\libc.a(malloc.o)
                0x0000636c                malloc
                0x0000649c                free
 .text.avr-libc
                0x000065ae       0x3a c:/program files (x86)/atmel/studio/7.0/toolchain/avr8/avr8-gnu-toolchain/bin/../lib/gcc/avr/5.4.0/../../../../avr/lib/avr6\libc.a(atoi.o)
                0x000065ae                atoi
 .text.avr-libc
                0x000065e8        0x6 c:/program files (x86)/atmel/studio/7.0/toolchain/avr8/avr8-gnu-toolchain/bin/../lib/gcc/avr/5.4.0/../../../../avr/lib/avr6\libc.a(strtok.o)
                0x000065e8                strtok
 .text.avr-libc
                0x000065ee        0xe c:/program files (x86)/atmel/studio/7.0/toolchain/avr8/avr8-gnu-toolchain/bin/../lib/gcc/avr/5.4.0/../../../../avr/lib/avr6\libc.a(memset.o)
                0x000065ee                memset
 .text.avr-libc
                0x000065fc       0x16 c:/program files (x86)/atmel/studio/7.0/toolchain/avr8/avr8-gnu-toolchain/bin/../lib/gcc/avr/5.4.0/../../../../avr/lib/avr6\libc.a(strcat.o)
                0x000065fc                strcat
 .text.avr-libc
                0x00006612        0xe c:/program files (x86)/atmel/studio/7.0/toolchain/avr8/avr8-gnu-toolchain/bin/../lib/gcc/avr/5.4.0/../../../../avr/lib/avr6\libc.a(strcpy.o)
                0x00006612                strcpy
 .text.avr-libc
                0x00006620       0x4e c:/program files (x86)/atmel/studio/7.0/toolchain/avr8/avr8-gnu-toolchain/bin/../lib/gcc/avr/5.4.0/../../../../avr/lib/avr6\libc.a(strtok_r.o)
                0x00006620                strtok_r
 .text.avr-libc
                0x0000666e       0x14 c:/program files (x86)/atmel/studio/7.0/toolchain/avr8/avr8-gnu-toolchain/bin/../lib/gcc/avr/5.4.0/../../../../avr/lib/avr6\libc.a(itoa_ncheck.o)
                0x0000666e                __itoa_ncheck
 .text.avr-libc
                0x00006682       0x10 c:/program files (x86)/atmel/studio/7.0/toolchain/avr8/avr8-gnu-toolchain/bin/../lib/gcc/avr/5.4.0/../../../../avr/lib/avr6\libc.a(mul10.o)
                0x00006682                __mulhi_const_10
 .text.avr-libc
                0x00006692       0x32 c:/program files (x86)/atmel/studio/7.0/toolchain/avr8/avr8-gnu-toolchain/bin/../lib/gcc/avr/5.4.0/../../../../avr/lib/avr6\libc.a(utoa_ncheck.o)
                0x00006692                __utoa_ncheck
                0x00006694                __utoa_common
 .text.avr-libc
                0x000066c4       0x20 c:/program files (x86)/atmel/studio/7.0/toolchain/avr8/avr8-gnu-toolchain/bin/../lib/gcc/avr/5.4.0/../../../../avr/lib/avr6\libc.a(strrev.o)
                0x000066c4                strrev
                0x000066e4                . = ALIGN (0x2)
 *(.fini9)
 .fini9         0x000066e4        0x0 c:/program files (x86)/atmel/studio/7.0/toolchain/avr8/avr8-gnu-toolchain/bin/../lib/gcc/avr/5.4.0/avr6\libgcc.a(_exit.o)
                0x000066e4                _exit
                0x000066e4                exit
 *(.fini9)
 *(.fini8)
 *(.fini8)
 *(.fini7)
 *(.fini7)
 *(.fini6)
 *(.fini6)
 *(.fini5)
 *(.fini5)
 *(.fini4)
 *(.fini4)
 *(.fini3)
 *(.fini3)
 *(.fini2)
 *(.fini2)
 *(.fini1)
 *(.fini1)
 *(.fini0)
 .fini0         0x000066e4        0x4 c:/program files (x86)/atmel/studio/7.0/toolchain/avr8/avr8-gnu-toolchain/bin/../lib/gcc/avr/5.4.0/avr6\libgcc.a(_exit.o)
 *(.fini0)
                0x000066e8                _etext = .

.data           0x00800200      0x4bc load address 0x000066e8
                0x00800200                PROVIDE (__data_start, .)
 *(.data)
 .data          0x00800200        0x6 c:/program files (x86)/atmel/studio/7.0/toolchain/avr8/avr8-gnu-toolchain/bin/../lib/gcc/avr/5.4.0/../../../../avr/lib/avr6\libc.a(malloc.o)
                0x00800200                __malloc_heap_end
                0x00800202                __malloc_heap_start
                0x00800204                __malloc_margin
 *(.data*)
 *(.gnu.linkonce.d*)
 *(.rodata)
 .rodata        0x00800206       0x30 Cocktail_functions.o
 *(.rodata*)
 .rodata.str1.1
                0x00800236      0x26b Cocktail_functions.o
                                0x281 (size before relaxing)
 .rodata.str1.1
                0x008004a1       0x26 Cocktail_Statemachine.o
                                 0x4d (size before relaxing)
 .rodata.str1.1
                0x008004c7       0x15 Getraenk.o
                                 0x28 (size before relaxing)
 .rodata.str1.1
                0x008004dc        0xb Zutaten.o
 .rodata.str1.1
                0x008004dc       0x22 Main_Func.o
                                 0x27 (size before relaxing)
 .rodata.str1.1
                0x008004fe       0x2a Nextion_Display.o
 .rodata.str1.1
                0x00800528       0x62 mfrc522.o
                                 0x64 (size before relaxing)
 .rodata.str1.1
                0x0080058a      0x12d FAT32.o
 .rodata.str1.1
                0x008006b7        0x4 TAGS.o
 *(.gnu.linkonce.r*)
                0x008006bc                . = ALIGN (0x2)
 *fill*         0x008006bb        0x1 
                0x008006bc                _edata = .
                0x008006bc                PROVIDE (__data_end, .)

.bss            0x008006bc      0xdaa
                0x008006bc                PROVIDE (__bss_start, .)
 *(.bss)
 .bss           0x008006bc        0x2 c:/program files (x86)/atmel/studio/7.0/toolchain/avr8/avr8-gnu-toolchain/bin/../lib/gcc/avr/5.4.0/../../../../avr/lib/avr6\libc.a(strtok.o)
 *(.bss*)
 .bss.count.3062
                0x008006be        0x4 Cocktail_functions.o
 .bss.oldval.3061
                0x008006c2        0x1 Cocktail_functions.o
 .bss.cntr_End_UART_2
                0x008006c3        0x1 main.o
                0x008006c3                cntr_End_UART_2
 .bss.cntr_UART_2
                0x008006c4        0x1 main.o
                0x008006c4                cntr_UART_2
 .bss.cntr_End_UART_1
                0x008006c5        0x1 main.o
                0x008006c5                cntr_End_UART_1
 .bss.cntr_UART_1
                0x008006c6        0x1 main.o
                0x008006c6                cntr_UART_1
 .bss.cntr_End_UART_0
                0x008006c7        0x1 main.o
                0x008006c7                cntr_End_UART_0
 .bss.cntr_UART_0
                0x008006c8        0x1 main.o
                0x008006c8                cntr_UART_0
 *(COMMON)
 COMMON         0x008006c9      0x997 Cocktail_functions.o
                0x008006c9                head_zutat_file
                0x008006cb                rb_tx_PC
                0x008007cc                tail_getraenk_file
                0x008007ce                head_zut_in_Maschine
                0x008007d0                head_getraenk
                0x008007d2                Liste
                0x008007d3                aktuelleZutatInMaschine
                0x008007d5                head_tag
                0x008007d7                tail_getraenk
                0x008007d9                appendFileLocation
                0x008007dd                aktuelle_zutat
                0x008007df                tail_zutat_file
                0x008007e1                fileName
                0x008007ee                firstDataSector
                0x008007f2                ptr_tx_completed_1
                0x008007f4                fileSize
                0x008007f8                bytesPerSector
                0x008007fa                totalClusters
                0x008007fe                option
                0x008007ff                aktuellesGetraenk_file
                0x00800801                head_getraenk_file
                0x00800803                Grossschreib
                0x00800804                rootCluster
                0x00800808                block_list_runter
                0x00800809                rb_rx_ESP
                0x0080090a                startBlock
                0x0080090e                aktueller_tag
                0x00800910                i
                0x00800912                address_Standardwiederherstellung
                0x00800914                rb_rx_Display
                0x00800a15                tail_tag
                0x00800a17                buffer
                0x00800c17                SPI_Slave
                0x00800c18                sectorPerCluster
                0x00800c1a                ptr_tx_completed_2
                0x00800c1c                block_list_hoch
                0x00800c1d                unusedSectors
                0x00800c21                rb_tx_RFID
                0x00800d22                SDHC_flag
                0x00800d23                counter
                0x00800d24                totalBlocks
                0x00800d28                tail_zut_in_Maschine
                0x00800d2a                data
                0x00800d2b                buff_name
                0x00800d40                reservedSectorCount
                0x00800d42                ptr_tx_completed_3
                0x00800d44                aktuelles_zutat_file
                0x00800d46                rb_rx_PC
                0x00800e47                rb_tx_ESP
                0x00800f48                address_getraenk
                0x00800f4a                appendStartCluster
                0x00800f4e                test2
                0x00800f4f                cardType
                0x00800f50                error
                0x00800f51                rb_rx_RFID
                0x00801052                gui_pages
                0x00801053                i_Liste
                0x00801054                freeClusterCountUpdated
                0x00801055                stop
                0x00801056                FAT32_active
                0x00801057                appendFileSector
                0x0080105b                aktuellesGetraenk
                0x0080105d                ptr_tx_completed_0
                0x0080105f                SPI_State
 COMMON         0x00801060      0x402 main.o
                0x00801060                INPUT_UART_0
                0x00801160                INPUT_UART_3
                0x00801260                INPUT_UART_1
                0x00801360                ptr_Uart_1
                0x00801362                INPUT_UART_2
 COMMON         0x00801462        0x4 c:/program files (x86)/atmel/studio/7.0/toolchain/avr8/avr8-gnu-toolchain/bin/../lib/gcc/avr/5.4.0/../../../../avr/lib/avr6\libc.a(malloc.o)
                0x00801462                __brkval
                0x00801464                __flp
                0x00801466                PROVIDE (__bss_end, .)
                0x000066e8                __data_load_start = LOADADDR (.data)
                0x00006ba4                __data_load_end = (__data_load_start + SIZEOF (.data))

.noinit         0x00801466        0x0
                [!provide]                PROVIDE (__noinit_start, .)
 *(.noinit*)
                [!provide]                PROVIDE (__noinit_end, .)
                0x00801466                _end = .
                0x00801466                PROVIDE (__heap_start, .)

.eeprom         0x00810000        0x0
 *(.eeprom*)
                0x00810000                __eeprom_end = .

.fuse
 *(.fuse)
 *(.lfuse)
 *(.hfuse)
 *(.efuse)

.lock
 *(.lock*)

.signature
 *(.signature*)

.user_signatures
 *(.user_signatures*)

.stab
 *(.stab)

.stabstr
 *(.stabstr)

.stab.excl
 *(.stab.excl)

.stab.exclstr
 *(.stab.exclstr)

.stab.index
 *(.stab.index)

.stab.indexstr
 *(.stab.indexstr)

.comment        0x00000000       0x30
 *(.comment)
 .comment       0x00000000       0x30 Cocktail_functions.o
                                 0x31 (size before relaxing)
 .comment       0x00000030       0x31 Cocktail_Statemachine.o
 .comment       0x00000030       0x31 Getraenk.o
 .comment       0x00000030       0x31 Zutaten.o
 .comment       0x00000030       0x31 Main_Func.o
 .comment       0x00000030       0x31 Nextion_Display.o
 .comment       0x00000030       0x31 mfrc522.o
 .comment       0x00000030       0x31 ring_buffer.o
 .comment       0x00000030       0x31 FAT32.o
 .comment       0x00000030       0x31 SD_routines.o
 .comment       0x00000030       0x31 SPI.o
 .comment       0x00000030       0x31 TAGS.o
 .comment       0x00000030       0x31 UART.o
 .comment       0x00000030       0x31 main.o
 .comment       0x00000030       0x31 c:/program files (x86)/atmel/studio/7.0/toolchain/avr8/avr8-gnu-toolchain/bin/../lib/gcc/avr/5.4.0/../../../../avr/lib/avr6\libc.a(calloc.o)
 .comment       0x00000030       0x31 c:/program files (x86)/atmel/studio/7.0/toolchain/avr8/avr8-gnu-toolchain/bin/../lib/gcc/avr/5.4.0/../../../../avr/lib/avr6\libc.a(malloc.o)
 .comment       0x00000030       0x31 c:/program files (x86)/atmel/studio/7.0/toolchain/avr8/avr8-gnu-toolchain/bin/../lib/gcc/avr/5.4.0/../../../../avr/lib/avr6\libc.a(strtok.o)

.note.gnu.avr.deviceinfo
                0x00000000       0x40
 .note.gnu.avr.deviceinfo
                0x00000000       0x40 C:/Program Files (x86)/Atmel/Studio/7.0/Packs/atmel/ATmega_DFP/1.3.300/gcc/dev/atmega2560/avr6/crtatmega2560.o

.note.gnu.build-id
 *(.note.gnu.build-id)

.debug
 *(.debug)

.line
 *(.line)

.debug_srcinfo
 *(.debug_srcinfo)

.debug_sfnames
 *(.debug_sfnames)

.debug_aranges  0x00000000      0x5d8
 *(.debug_aranges)
 .debug_aranges
                0x00000000       0xf0 Cocktail_functions.o
 .debug_aranges
                0x000000f0       0xe8 Cocktail_Statemachine.o
 .debug_aranges
                0x000001d8       0x68 Getraenk.o
 .debug_aranges
                0x00000240       0x48 Zutaten.o
 .debug_aranges
                0x00000288       0x68 Main_Func.o
 .debug_aranges
                0x000002f0       0x50 Nextion_Display.o
 .debug_aranges
                0x00000340       0x58 mfrc522.o
 .debug_aranges
                0x00000398       0x50 ring_buffer.o
 .debug_aranges
                0x000003e8       0x80 FAT32.o
 .debug_aranges
                0x00000468       0x40 SD_routines.o
 .debug_aranges
                0x000004a8       0x48 SPI.o
 .debug_aranges
                0x000004f0       0x30 TAGS.o
 .debug_aranges
                0x00000520       0x98 UART.o
 .debug_aranges
                0x000005b8       0x20 main.o

.debug_pubnames
 *(.debug_pubnames)

.debug_info     0x00000000     0xee78
 *(.debug_info .gnu.linkonce.wi.*)
 .debug_info    0x00000000      0xbbc C:/Program Files (x86)/Atmel/Studio/7.0/Packs/atmel/ATmega_DFP/1.3.300/gcc/dev/atmega2560/avr6/crtatmega2560.o
 .debug_info    0x00000bbc     0x2fc5 Cocktail_functions.o
 .debug_info    0x00003b81     0x2d3d Cocktail_Statemachine.o
 .debug_info    0x000068be     0x150c Getraenk.o
 .debug_info    0x00007dca      0xc0a Zutaten.o
 .debug_info    0x000089d4      0xce8 Main_Func.o
 .debug_info    0x000096bc      0xee1 Nextion_Display.o
 .debug_info    0x0000a59d      0xcd6 mfrc522.o
 .debug_info    0x0000b273      0x360 ring_buffer.o
 .debug_info    0x0000b5d3     0x19dc FAT32.o
 .debug_info    0x0000cfaf      0x812 SD_routines.o
 .debug_info    0x0000d7c1      0x252 SPI.o
 .debug_info    0x0000da13      0x2bf TAGS.o
 .debug_info    0x0000dcd2      0x6d5 UART.o
 .debug_info    0x0000e3a7      0xad1 main.o

.debug_abbrev   0x00000000     0x28a9
 *(.debug_abbrev)
 .debug_abbrev  0x00000000      0xb1a C:/Program Files (x86)/Atmel/Studio/7.0/Packs/atmel/ATmega_DFP/1.3.300/gcc/dev/atmega2560/avr6/crtatmega2560.o
 .debug_abbrev  0x00000b1a      0x3b6 Cocktail_functions.o
 .debug_abbrev  0x00000ed0      0x2f7 Cocktail_Statemachine.o
 .debug_abbrev  0x000011c7      0x3b7 Getraenk.o
 .debug_abbrev  0x0000157e      0x2a6 Zutaten.o
 .debug_abbrev  0x00001824      0x1fb Main_Func.o
 .debug_abbrev  0x00001a1f      0x24b Nextion_Display.o
 .debug_abbrev  0x00001c6a      0x25a mfrc522.o
 .debug_abbrev  0x00001ec4      0x12a ring_buffer.o
 .debug_abbrev  0x00001fee      0x214 FAT32.o
 .debug_abbrev  0x00002202      0x154 SD_routines.o
 .debug_abbrev  0x00002356      0x11c SPI.o
 .debug_abbrev  0x00002472      0x122 TAGS.o
 .debug_abbrev  0x00002594      0x1fe UART.o
 .debug_abbrev  0x00002792      0x117 main.o

.debug_line     0x00000000     0x69f0
 *(.debug_line .debug_line.* .debug_line_end)
 .debug_line    0x00000000      0x1f9 C:/Program Files (x86)/Atmel/Studio/7.0/Packs/atmel/ATmega_DFP/1.3.300/gcc/dev/atmega2560/avr6/crtatmega2560.o
 .debug_line    0x000001f9     0x1423 Cocktail_functions.o
 .debug_line    0x0000161c     0x1739 Cocktail_Statemachine.o
 .debug_line    0x00002d55      0x86c Getraenk.o
 .debug_line    0x000035c1      0x460 Zutaten.o
 .debug_line    0x00003a21      0x718 Main_Func.o
 .debug_line    0x00004139      0x549 Nextion_Display.o
 .debug_line    0x00004682      0x4ea mfrc522.o
 .debug_line    0x00004b6c      0x21d ring_buffer.o
 .debug_line    0x00004d89      0xc7c FAT32.o
 .debug_line    0x00005a05      0x48d SD_routines.o
 .debug_line    0x00005e92      0x1d6 SPI.o
 .debug_line    0x00006068      0x187 TAGS.o
 .debug_line    0x000061ef      0x412 UART.o
 .debug_line    0x00006601      0x3ef main.o

.debug_frame    0x00000000     0x183c
 *(.debug_frame)
 .debug_frame   0x00000000      0x500 Cocktail_functions.o
 .debug_frame   0x00000500      0x2cc Cocktail_Statemachine.o
 .debug_frame   0x000007cc      0x22c Getraenk.o
 .debug_frame   0x000009f8       0xf4 Zutaten.o
 .debug_frame   0x00000aec       0xfc Main_Func.o
 .debug_frame   0x00000be8      0x114 Nextion_Display.o
 .debug_frame   0x00000cfc      0x174 mfrc522.o
 .debug_frame   0x00000e70       0xdc ring_buffer.o
 .debug_frame   0x00000f4c      0x3b8 FAT32.o
 .debug_frame   0x00001304       0xdc SD_routines.o
 .debug_frame   0x000013e0       0x74 SPI.o
 .debug_frame   0x00001454       0x78 TAGS.o
 .debug_frame   0x000014cc      0x34c UART.o
 .debug_frame   0x00001818       0x24 main.o

.debug_str      0x00000000     0x253e
 *(.debug_str)
 .debug_str     0x00000000      0x3e6 C:/Program Files (x86)/Atmel/Studio/7.0/Packs/atmel/ATmega_DFP/1.3.300/gcc/dev/atmega2560/avr6/crtatmega2560.o
 .debug_str     0x000003e6      0xc58 Cocktail_functions.o
                                0xd40 (size before relaxing)
 .debug_str     0x0000103e      0x792 Cocktail_Statemachine.o
                               0x1292 (size before relaxing)
 .debug_str     0x000017d0      0x15a Getraenk.o
                                0xa20 (size before relaxing)
 .debug_str     0x0000192a      0x100 Zutaten.o
                                0x660 (size before relaxing)
 .debug_str     0x00001a2a      0x174 Main_Func.o
                                0x9e2 (size before relaxing)
 .debug_str     0x00001b9e       0x52 Nextion_Display.o
                                0x939 (size before relaxing)
 .debug_str     0x00001bf0      0x15c mfrc522.o
                                0x444 (size before relaxing)
 .debug_str     0x00001d4c       0x5a ring_buffer.o
                                0x206 (size before relaxing)
 .debug_str     0x00001da6      0x533 FAT32.o
                                0x931 (size before relaxing)
 .debug_str     0x000022d9       0x5c SD_routines.o
                                0x358 (size before relaxing)
 .debug_str     0x00002335       0x4b SPI.o
                                0x250 (size before relaxing)
 .debug_str     0x00002380       0x5a TAGS.o
                                0x255 (size before relaxing)
 .debug_str     0x000023da       0xbb UART.o
                                0x384 (size before relaxing)
 .debug_str     0x00002495       0xa9 main.o
                                0x93a (size before relaxing)

.debug_loc      0x00000000     0x898e
 *(.debug_loc)
 .debug_loc     0x00000000     0x1ed9 Cocktail_functions.o
 .debug_loc     0x00001ed9     0x10c6 Cocktail_Statemachine.o
 .debug_loc     0x00002f9f      0xf7e Getraenk.o
 .debug_loc     0x00003f1d      0x59a Zutaten.o
 .debug_loc     0x000044b7      0x294 Main_Func.o
 .debug_loc     0x0000474b      0x495 Nextion_Display.o
 .debug_loc     0x00004be0      0x8e9 mfrc522.o
 .debug_loc     0x000054c9      0x58d ring_buffer.o
 .debug_loc     0x00005a56     0x1d63 FAT32.o
 .debug_loc     0x000077b9      0x729 SD_routines.o
 .debug_loc     0x00007ee2       0xbc SPI.o
 .debug_loc     0x00007f9e      0x1f7 TAGS.o
 .debug_loc     0x00008195      0x7f9 UART.o

.debug_macinfo
 *(.debug_macinfo)

.debug_weaknames
 *(.debug_weaknames)

.debug_funcnames
 *(.debug_funcnames)

.debug_typenames
 *(.debug_typenames)

.debug_varnames
 *(.debug_varnames)

.debug_pubtypes
 *(.debug_pubtypes)

.debug_ranges   0x00000000      0x6f8
 *(.debug_ranges)
 .debug_ranges  0x00000000      0x208 Cocktail_functions.o
 .debug_ranges  0x00000208       0xf0 Cocktail_Statemachine.o
 .debug_ranges  0x000002f8       0x98 Getraenk.o
 .debug_ranges  0x00000390       0x38 Zutaten.o
 .debug_ranges  0x000003c8       0xb0 Main_Func.o
 .debug_ranges  0x00000478       0x40 Nextion_Display.o
 .debug_ranges  0x000004b8       0x48 mfrc522.o
 .debug_ranges  0x00000500       0x40 ring_buffer.o
 .debug_ranges  0x00000540       0x98 FAT32.o
 .debug_ranges  0x000005d8       0x30 SD_routines.o
 .debug_ranges  0x00000608       0x38 SPI.o
 .debug_ranges  0x00000640       0x20 TAGS.o
 .debug_ranges  0x00000660       0x88 UART.o
 .debug_ranges  0x000006e8       0x10 main.o

.debug_macro
 *(.debug_macro)
OUTPUT(Mikrocontroller.elf elf32-avr)
LOAD linker stubs
