Archive member included to satisfy reference by file (symbol)

c:/program files (x86)/atmel/studio/7.0/toolchain/avr8/avr8-gnu-toolchain/bin/../lib/gcc/avr/5.4.0/../../../../avr/lib/avr6\libm.a(addsf3.o)
                              LED.o (__subsf3)
c:/program files (x86)/atmel/studio/7.0/toolchain/avr8/avr8-gnu-toolchain/bin/../lib/gcc/avr/5.4.0/../../../../avr/lib/avr6\libm.a(addsf3x.o)
                              c:/program files (x86)/atmel/studio/7.0/toolchain/avr8/avr8-gnu-toolchain/bin/../lib/gcc/avr/5.4.0/../../../../avr/lib/avr6\libm.a(addsf3.o) (__addsf3x)
c:/program files (x86)/atmel/studio/7.0/toolchain/avr8/avr8-gnu-toolchain/bin/../lib/gcc/avr/5.4.0/../../../../avr/lib/avr6\libm.a(cmpsf2.o)
                              ramp1.o (__ltsf2)
c:/program files (x86)/atmel/studio/7.0/toolchain/avr8/avr8-gnu-toolchain/bin/../lib/gcc/avr/5.4.0/../../../../avr/lib/avr6\libm.a(divsf3.o)
                              ramp1.o (__divsf3)
c:/program files (x86)/atmel/studio/7.0/toolchain/avr8/avr8-gnu-toolchain/bin/../lib/gcc/avr/5.4.0/../../../../avr/lib/avr6\libm.a(divsf3x.o)
                              c:/program files (x86)/atmel/studio/7.0/toolchain/avr8/avr8-gnu-toolchain/bin/../lib/gcc/avr/5.4.0/../../../../avr/lib/avr6\libm.a(divsf3.o) (__divsf3x)
c:/program files (x86)/atmel/studio/7.0/toolchain/avr8/avr8-gnu-toolchain/bin/../lib/gcc/avr/5.4.0/../../../../avr/lib/avr6\libm.a(fixsfsi.o)
                              ramp1.o (__fixsfsi)
c:/program files (x86)/atmel/studio/7.0/toolchain/avr8/avr8-gnu-toolchain/bin/../lib/gcc/avr/5.4.0/../../../../avr/lib/avr6\libm.a(fixunssfsi.o)
                              LED.o (__fixunssfsi)
c:/program files (x86)/atmel/studio/7.0/toolchain/avr8/avr8-gnu-toolchain/bin/../lib/gcc/avr/5.4.0/../../../../avr/lib/avr6\libm.a(floatsisf.o)
                              Main_Func.o (__floatunsisf)
c:/program files (x86)/atmel/studio/7.0/toolchain/avr8/avr8-gnu-toolchain/bin/../lib/gcc/avr/5.4.0/../../../../avr/lib/avr6\libm.a(fp_cmp.o)
                              c:/program files (x86)/atmel/studio/7.0/toolchain/avr8/avr8-gnu-toolchain/bin/../lib/gcc/avr/5.4.0/../../../../avr/lib/avr6\libm.a(cmpsf2.o) (__fp_cmp)
c:/program files (x86)/atmel/studio/7.0/toolchain/avr8/avr8-gnu-toolchain/bin/../lib/gcc/avr/5.4.0/../../../../avr/lib/avr6\libm.a(fp_inf.o)
                              c:/program files (x86)/atmel/studio/7.0/toolchain/avr8/avr8-gnu-toolchain/bin/../lib/gcc/avr/5.4.0/../../../../avr/lib/avr6\libm.a(addsf3x.o) (__fp_inf)
c:/program files (x86)/atmel/studio/7.0/toolchain/avr8/avr8-gnu-toolchain/bin/../lib/gcc/avr/5.4.0/../../../../avr/lib/avr6\libm.a(fp_nan.o)
                              c:/program files (x86)/atmel/studio/7.0/toolchain/avr8/avr8-gnu-toolchain/bin/../lib/gcc/avr/5.4.0/../../../../avr/lib/avr6\libm.a(addsf3x.o) (__fp_nan)
c:/program files (x86)/atmel/studio/7.0/toolchain/avr8/avr8-gnu-toolchain/bin/../lib/gcc/avr/5.4.0/../../../../avr/lib/avr6\libm.a(fp_pscA.o)
                              c:/program files (x86)/atmel/studio/7.0/toolchain/avr8/avr8-gnu-toolchain/bin/../lib/gcc/avr/5.4.0/../../../../avr/lib/avr6\libm.a(addsf3x.o) (__fp_pscA)
c:/program files (x86)/atmel/studio/7.0/toolchain/avr8/avr8-gnu-toolchain/bin/../lib/gcc/avr/5.4.0/../../../../avr/lib/avr6\libm.a(fp_pscB.o)
                              c:/program files (x86)/atmel/studio/7.0/toolchain/avr8/avr8-gnu-toolchain/bin/../lib/gcc/avr/5.4.0/../../../../avr/lib/avr6\libm.a(addsf3x.o) (__fp_pscB)
c:/program files (x86)/atmel/studio/7.0/toolchain/avr8/avr8-gnu-toolchain/bin/../lib/gcc/avr/5.4.0/../../../../avr/lib/avr6\libm.a(fp_round.o)
                              c:/program files (x86)/atmel/studio/7.0/toolchain/avr8/avr8-gnu-toolchain/bin/../lib/gcc/avr/5.4.0/../../../../avr/lib/avr6\libm.a(addsf3.o) (__fp_round)
c:/program files (x86)/atmel/studio/7.0/toolchain/avr8/avr8-gnu-toolchain/bin/../lib/gcc/avr/5.4.0/../../../../avr/lib/avr6\libm.a(fp_split3.o)
                              c:/program files (x86)/atmel/studio/7.0/toolchain/avr8/avr8-gnu-toolchain/bin/../lib/gcc/avr/5.4.0/../../../../avr/lib/avr6\libm.a(addsf3x.o) (__fp_split3)
c:/program files (x86)/atmel/studio/7.0/toolchain/avr8/avr8-gnu-toolchain/bin/../lib/gcc/avr/5.4.0/../../../../avr/lib/avr6\libm.a(fp_zero.o)
                              c:/program files (x86)/atmel/studio/7.0/toolchain/avr8/avr8-gnu-toolchain/bin/../lib/gcc/avr/5.4.0/../../../../avr/lib/avr6\libm.a(addsf3x.o) (__fp_zero)
c:/program files (x86)/atmel/studio/7.0/toolchain/avr8/avr8-gnu-toolchain/bin/../lib/gcc/avr/5.4.0/../../../../avr/lib/avr6\libm.a(gesf2.o)
                              ramp1.o (__gesf2)
c:/program files (x86)/atmel/studio/7.0/toolchain/avr8/avr8-gnu-toolchain/bin/../lib/gcc/avr/5.4.0/../../../../avr/lib/avr6\libm.a(mulsf3.o)
                              LED.o (__mulsf3)
c:/program files (x86)/atmel/studio/7.0/toolchain/avr8/avr8-gnu-toolchain/bin/../lib/gcc/avr/5.4.0/../../../../avr/lib/avr6\libm.a(mulsf3x.o)
[...]
Memory Configuration

Name             Origin             Length             Attributes
text             0x00000000         0x00100000         xr
data             0x00800200         0x0000fe00         rw !x
eeprom           0x00810000         0x00010000         rw !x
fuse             0x00820000         0x00000003         rw !x
lock             0x00830000         0x00000400         rw !x
signature        0x00840000         0x00000400         rw !x
user_signatures  0x00850000         0x00000400         rw !x
*default*        0x00000000         0xffffffff

Linker script and memory map

Address of section .data set to 0x800200
LOAD C:/Program Files (x86)/Atmel/Studio/7.0/Packs/atmel/ATmega_DFP/1.3.300/gcc/dev/atmega2560/avr6/crtatmega2560.o
LOAD Cocktail_functions.o
LOAD Cocktail_Statemachine.o
LOAD Getraenk.o
LOAD TAGS.o
LOAD Zutaten.o
LOAD LED.o
LOAD Main_Func.o
LOAD Nextion_Display.o
LOAD ring_buffer.o
LOAD FAT32.o
LOAD SD_routines.o
LOAD ramp1.o
LOAD Software_SPI.o
LOAD SPI.o
LOAD tmc4671.o
LOAD TMC6200.o
LOAD UART.o
LOAD main.o
START GROUP
LOAD c:/program files (x86)/atmel/studio/7.0/toolchain/avr8/avr8-gnu-toolchain/bin/../lib/gcc/avr/5.4.0/../../../../avr/lib/avr6\libm.a
END GROUP
START GROUP
LOAD c:/program files (x86)/atmel/studio/7.0/toolchain/avr8/avr8-gnu-toolchain/bin/../lib/gcc/avr/5.4.0/avr6\libgcc.a
LOAD c:/program files (x86)/atmel/studio/7.0/toolchain/avr8/avr8-gnu-toolchain/bin/../lib/gcc/avr/5.4.0/../../../../avr/lib/avr6\libm.a
LOAD c:/program files (x86)/atmel/studio/7.0/toolchain/avr8/avr8-gnu-toolchain/bin/../lib/gcc/avr/5.4.0/../../../../avr/lib/avr6\libc.a
LOAD C:/Program Files (x86)/Atmel/Studio/7.0/Packs/atmel/ATmega_DFP/1.3.300/gcc/dev/atmega2560/avr6\libatmega2560.a
END GROUP
                0x00000000                __TEXT_REGION_ORIGIN__ = DEFINED (__TEXT_REGION_ORIGIN__)?__TEXT_REGION_ORIGIN__:0x0
                0x00800200                __DATA_REGION_ORIGIN__ = DEFINED (__DATA_REGION_ORIGIN__)?__DATA_REGION_ORIGIN__:0x800200
                0x00100000                __TEXT_REGION_LENGTH__ = DEFINED (__TEXT_REGION_LENGTH__)?__TEXT_REGION_LENGTH__:0x100000
                0x0000fe00                __DATA_REGION_LENGTH__ = DEFINED (__DATA_REGION_LENGTH__)?__DATA_REGION_LENGTH__:0xfe00
                0x00010000                __EEPROM_REGION_LENGTH__ = DEFINED (__EEPROM_REGION_LENGTH__)?__EEPROM_REGION_LENGTH__:0x10000
                [0x00000003]                __FUSE_REGION_LENGTH__ = DEFINED (__FUSE_REGION_LENGTH__)?__FUSE_REGION_LENGTH__:0x400
                0x00000400                __LOCK_REGION_LENGTH__ = DEFINED (__LOCK_REGION_LENGTH__)?__LOCK_REGION_LENGTH__:0x400
                0x00000400                __SIGNATURE_REGION_LENGTH__ = DEFINED (__SIGNATURE_REGION_LENGTH__)?__SIGNATURE_REGION_LENGTH__:0x400
                0x00000400                __USER_SIGNATURE_REGION_LENGTH__ = DEFINED (__USER_SIGNATURE_REGION_LENGTH__)?__USER_SIGNATURE_REGION_LENGTH__:0x400

.hash
 *(.hash)

.dynsym
 *(.dynsym)

.dynstr
 *(.dynstr)

.gnu.version
 *(.gnu.version)

.gnu.version_d
 *(.gnu.version_d)

.gnu.version_r
 *(.gnu.version_r)

.rel.init
 *(.rel.init)

.rela.init
 *(.rela.init)

.rel.text
 *(.rel.text)
 *(.rel.text.*)
 *(.rel.gnu.linkonce.t*)

.rela.text
 *(.rela.text)
 *(.rela.text.*)
 *(.rela.gnu.linkonce.t*)

.rel.fini
 *(.rel.fini)

.rela.fini
 *(.rela.fini)

.rel.rodata
 *(.rel.rodata)
 *(.rel.rodata.*)
 *(.rel.gnu.linkonce.r*)

.rela.rodata
 *(.rela.rodata)
 *(.rela.rodata.*)
 *(.rela.gnu.linkonce.r*)

.rel.data
 *(.rel.data)
 *(.rel.data.*)
 *(.rel.gnu.linkonce.d*)

.rela.data
 *(.rela.data)
 *(.rela.data.*)
 *(.rela.gnu.linkonce.d*)

.rel.ctors
 *(.rel.ctors)

.rela.ctors
 *(.rela.ctors)

.rel.dtors
 *(.rel.dtors)

.rela.dtors
 *(.rela.dtors)

.rel.got
 *(.rel.got)

.rela.got
 *(.rela.got)

.rel.bss
 *(.rel.bss)

.rela.bss
 *(.rela.bss)

.rel.plt
 *(.rel.plt)

.rela.plt
 *(.rela.plt)

.text           0x00000000     0xb078
 *(.vectors)
 .vectors       0x00000000       0xe4 C:/Program Files (x86)/Atmel/Studio/7.0/Packs/atmel/ATmega_DFP/1.3.300/gcc/dev/atmega2560/avr6/crtatmega2560.o
                0x00000000                __vector_default
                0x00000000                __vectors
 *(.vectors)
 *(.progmem.gcc*)
 .progmem.gcc_sw_table.schalte_pumpe_ein
                0x000000e4       0x18 Cocktail_functions.o
 .progmem.gcc_sw_table.schalte_pumpe_aus
                0x000000fc       0x18 Cocktail_functions.o
 .progmem.gcc_sw_table.lese_sensor
                0x00000114       0x18 Cocktail_functions.o
 .progmem.gcc_sw_table.check_startseite
                0x0000012c       0x10 Cocktail_Statemachine.o
 .progmem.gcc_sw_table.check_listenanzeige
                0x0000013c       0x12 Cocktail_Statemachine.o
 .progmem.gcc_sw_table.check_menuanzeige
                0x0000014e       0x10 Cocktail_Statemachine.o
 .progmem.gcc_sw_table.check_bearbeitungsanzeige
                0x0000015e       0x14 Cocktail_Statemachine.o
 .progmem.gcc_sw_table.check_ceinstanzeige
                0x00000172       0x14 Cocktail_Statemachine.o
 .progmem.gcc_sw_table.check_erstanzeige1
                0x00000186       0x3e Cocktail_Statemachine.o
 .progmem.gcc_sw_table.check_posanzeige
                0x000001c4       0x1c Cocktail_Statemachine.o
 .progmem.gcc_sw_table.check_fluessanzeige1
                0x000001e0       0x16 Cocktail_Statemachine.o
 .progmem.gcc_sw_table.check_RFIDAnzeige1
                0x000001f6       0x12 Cocktail_Statemachine.o
 .progmem.gcc_sw_table.check_RFIDAnzeige2
                0x00000208       0x12 Cocktail_Statemachine.o
 .progmem.gcc_sw_table.check_LED
                0x0000021a       0x10 Cocktail_Statemachine.o
 .progmem.gcc_sw_table.cocktail_check_command
                0x0000022a       0x38 Cocktail_Statemachine.o
                0x00000262                . = ALIGN (0x2)
                0x00000262                __trampolines_start = .
 *(.trampolines)
 .trampolines   0x00000262        0x0 linker stubs
 *(.trampolines*)
                0x00000262                __trampolines_end = .
 *libprintf_flt.a:*(.progmem.data)
 *libc.a:*(.progmem.data)
 *(.progmem*)
                0x00000262                . = ALIGN (0x2)
 *(.jumptables)
 *(.jumptables*)
 *(.lowtext)
 *(.lowtext*)
                0x00000262                __ctors_start = .
 *(.ctors)
                0x00000262                __ctors_end = .
                0x00000262                __dtors_start = .
 *(.dtors)
                0x00000262                __dtors_end = .
 SORT(*)(.ctors)
 SORT(*)(.dtors)
 *(.init0)
 .init0         0x00000262        0x0 C:/Program Files (x86)/Atmel/Studio/7.0/Packs/atmel/ATmega_DFP/1.3.300/gcc/dev/atmega2560/avr6/crtatmega2560.o
                0x00000262                __init
 *(.init0)
 *(.init1)
 *(.init1)
 *(.init2)
 .init2         0x00000262       0x10 C:/Program Files (x86)/Atmel/Studio/7.0/Packs/atmel/ATmega_DFP/1.3.300/gcc/dev/atmega2560/avr6/crtatmega2560.o
 *(.init2)
 *(.init3)
 *(.init3)
 *(.init4)
 .init4         0x00000272       0x1a c:/program files (x86)/atmel/studio/7.0/toolchain/avr8/avr8-gnu-toolchain/bin/../lib/gcc/avr/5.4.0/avr6\libgcc.a(_copy_data.o)
                0x00000272                __do_copy_data
 .init4         0x0000028c       0x10 c:/program files (x86)/atmel/studio/7.0/toolchain/avr8/avr8-gnu-toolchain/bin/../lib/gcc/avr/5.4.0/avr6\libgcc.a(_clear_bss.o)
                0x0000028c                __do_clear_bss
 *(.init4)
 *(.init5)
 *(.init5)
 *(.init6)
 *(.init6)
 *(.init7)
 *(.init7)
 *(.init8)
 *(.init8)
 *(.init9)
 .init9         0x0000029c        0x8 C:/Program Files (x86)/Atmel/Studio/7.0/Packs/atmel/ATmega_DFP/1.3.300/gcc/dev/atmega2560/avr6/crtatmega2560.o
 *(.init9)
 *(.text)
 .text          0x000002a4        0x2 C:/Program Files (x86)/Atmel/Studio/7.0/Packs/atmel/ATmega_DFP/1.3.300/gcc/dev/atmega2560/avr6/crtatmega2560.o
                0x000002a4                __vector_38
                0x000002a4                __vector_22
                0x000002a4                __vector_28
                0x000002a4                __vector_1
                0x000002a4                __vector_34
                0x000002a4                __vector_24
                0x000002a4                __vector_12
                0x000002a4                __vector_46
                0x000002a4                __bad_interrupt
                0x000002a4                __vector_6
                0x000002a4                __vector_31
                0x000002a4                __vector_35
                0x000002a4                __vector_39
                0x000002a4                __vector_3
                0x000002a4                __vector_23
                0x000002a4                __vector_30
                0x000002a4                __vector_45
                0x000002a4                __vector_11
                0x000002a4                __vector_19
                0x000002a4                __vector_56
                0x000002a4                __vector_7
                0x000002a4                __vector_49
                0x000002a4                __vector_41
                0x000002a4                __vector_27
                0x000002a4                __vector_5
                0x000002a4                __vector_37
                0x000002a4                __vector_4
                0x000002a4                __vector_44
                0x000002a4                __vector_9
                0x000002a4                __vector_2
                0x000002a4                __vector_15
                0x000002a4                __vector_29
                0x000002a4                __vector_40
                0x000002a4                __vector_8
                0x000002a4                __vector_26
                0x000002a4                __vector_14
                0x000002a4                __vector_53
                0x000002a4                __vector_10
                0x000002a4                __vector_50
                0x000002a4                __vector_16
                0x000002a4                __vector_20
                0x000002a6                . = ALIGN (0x2)
 *(.text.*)
 .text.schreibe_Menge_in_Getraenk
                0x000002a6      0x284 Cocktail_functions.o
                0x000002a6                schreibe_Menge_in_Getraenk
 .text.schalte_pumpe_ein
                0x0000052a       0x6e Cocktail_functions.o
                0x0000052a                schalte_pumpe_ein
 .text.schalte_pumpe_aus
                0x00000598       0x6e Cocktail_functions.o
                0x00000598                schalte_pumpe_aus
 .text.lese_sensor
                0x00000606       0x74 Cocktail_functions.o
                0x00000606                lese_sensor
 .text.erstelle_Liste_zutat
                0x0000067a      0x366 Cocktail_functions.o
                0x0000067a                erstelle_Liste_zutat
 .text.setze_startanzeige
                0x000009e0       0xae Cocktail_functions.o
                0x000009e0                setze_startanzeige
 .text.fuelle_getraenk
                0x00000a8e      0x380 Cocktail_functions.o
                0x00000a8e                fuelle_getraenk
 .text.zubereitung_getraenk
                0x00000e0e       0x70 Cocktail_functions.o
                0x00000e0e                zubereitung_getraenk
 .text.erstelle_Zutatenliste
                0x00000e7e      0x21a Cocktail_functions.o
                0x00000e7e                erstelle_Zutatenliste
 .text.lese_textfile_in_getraenk
                0x00001098      0x29a Cocktail_functions.o
                0x00001098                lese_textfile_in_getraenk
 .text.bearbeite_Cocktail
                0x00001332       0xa2 Cocktail_functions.o
                0x00001332                bearbeite_Cocktail
 .text.choose_aktuellesGetraenk
                0x000013d4       0x46 Cocktail_functions.o
                0x000013d4                choose_aktuellesGetraenk
 .text.schreibe_Getraenk_in_tag
                0x0000141a      0x1ce Cocktail_functions.o
                0x0000141a                schreibe_Getraenk_in_tag
 .text.erstelle_Liste_name
                0x000015e8      0x17a Cocktail_functions.o
                0x000015e8                erstelle_Liste_name
 .text.schiebe_file_next
                0x00001762       0x62 Cocktail_functions.o
                0x00001762                schiebe_file_next
 .text.schiebe_file_prev
                0x000017c4       0x62 Cocktail_functions.o
                0x000017c4                schiebe_file_prev
 .text.SD_startup
                0x00001826       0xe2 Cocktail_functions.o
                0x00001826                SD_startup
 .text.erstelle_File
                0x00001908      0x384 Cocktail_functions.o
                0x00001908                erstelle_File
 .text.loesche_FIle
                0x00001c8c       0x66 Cocktail_functions.o
                0x00001c8c                loesche_FIle
 .text.lese_textfile_in_zutat
                0x00001cf2      0x15a Cocktail_functions.o
                0x00001cf2                lese_textfile_in_zutat
 .text.erstelle_Liste_Zutat_Pos
                0x00001e4c      0x34e Cocktail_functions.o
                0x00001e4c                erstelle_Liste_Zutat_Pos
 .text.setze_Posanzeige_Rot_Gruen
                0x0000219a      0x10c Cocktail_functions.o
                0x0000219a                setze_Posanzeige_Rot_Gruen
 .text.setze_aktuelle_Zutat_in_Maschine_prev
                0x000022a6       0x36 Cocktail_functions.o
                0x000022a6                setze_aktuelle_Zutat_in_Maschine_prev
 .text.send_List_Getraenke
                0x000022dc      0x1a4 Cocktail_functions.o
                0x000022dc                send_List_Getraenke
 .text.send_List_Zutaten
                0x00002480      0x16a Cocktail_functions.o
                0x00002480                send_List_Zutaten
 .text.ESP_Getraenk
                0x000025ea       0xee Cocktail_functions.o
                0x000025ea                ESP_Getraenk
 .text.Getraenk_erstellt
                0x000026d8      0x398 Cocktail_functions.o
                0x000026d8                Getraenk_erstellt
 .text.free_list_getraenke
                0x00002a70       0x12 Cocktail_functions.o
                0x00002a70                free_list_getraenke
 .text.renew_list
                0x00002a82       0xa2 Cocktail_functions.o
                0x00002a82                renew_list
 .text.setze_standardeinstellungen
                0x00002b24      0x230 Cocktail_functions.o
                0x00002b24                setze_standardeinstellungen
 .text.write_M_file
                0x00002d54      0x2be Cocktail_functions.o
                0x00002d54                write_M_file
 .text.setze_Fluessgkeit_in_Position
                0x00003012      0x244 Cocktail_functions.o
                0x00003012                setze_Fluessgkeit_in_Position
 .text.setze_Fluessgkeit_in_Position_Aussen
                0x00003256      0x3f0 Cocktail_functions.o
                0x00003256                setze_Fluessgkeit_in_Position_Aussen
 .text.begin_erstelle_Liste_Zutat_Pos
                0x00003646       0x94 Cocktail_functions.o
                0x00003646                begin_erstelle_Liste_Zutat_Pos
 .text.check_startseite
                0x000036da      0x260 Cocktail_Statemachine.o
                0x000036da                check_startseite
 .text.check_zutatenanzeige
                0x0000393a       0x2c Cocktail_Statemachine.o
                0x0000393a                check_zutatenanzeige
 .text.check_listenanzeige
                0x00003966      0x1d4 Cocktail_Statemachine.o
                0x00003966                check_listenanzeige
 .text.check_zubabfrage
                0x00003b3a       0x36 Cocktail_Statemachine.o
                0x00003b3a                check_zubabfrage
 .text.check_zubbildschirm
                0x00003b70        0xa Cocktail_Statemachine.o
                0x00003b70                check_zubbildschirm
 .text.check_menuanzeige
                0x00003b7a      0x2aa Cocktail_Statemachine.o
                0x00003b7a                check_menuanzeige
 .text.check_bearbeitungsanzeige
                0x00003e24      0x126 Cocktail_Statemachine.o
                0x00003e24                check_bearbeitungsanzeige
 .text.check_ceinstanzeige
                0x00003f4a      0x23e Cocktail_Statemachine.o
                0x00003f4a                check_ceinstanzeige
 .text.check_reinanzeige1
                0x00004188       0x1a Cocktail_Statemachine.o
                0x00004188                check_reinanzeige1
 .text.check_reinanzeige2
                0x000041a2       0x8c Cocktail_Statemachine.o
                0x000041a2                check_reinanzeige2
 .text.check_reinanzeige3
                0x0000422e       0x12 Cocktail_Statemachine.o
                0x0000422e                check_reinanzeige3
 .text.check_infoanzeige
                0x00004240        0xc Cocktail_Statemachine.o
                0x00004240                check_infoanzeige
 .text.check_erstanzeige1
                0x0000424c      0x8aa Cocktail_Statemachine.o
                0x0000424c                check_erstanzeige1
 .text.check_erstanzeige2
                0x00004af6      0x2aa Cocktail_Statemachine.o
                0x00004af6                check_erstanzeige2
 .text.check_loeschanzeige
                0x00004da0      0x112 Cocktail_Statemachine.o
                0x00004da0                check_loeschanzeige
 .text.check_posanzeige
                0x00004eb2       0xec Cocktail_Statemachine.o
                0x00004eb2                check_posanzeige
 .text.check_fluessanzeige1
                0x00004f9e      0x1ca Cocktail_Statemachine.o
                0x00004f9e                check_fluessanzeige1
 .text.check_fluessanzeige2
                0x00005168      0x166 Cocktail_Statemachine.o
                0x00005168                check_fluessanzeige2
 .text.check_fluessanzeige3
                0x000052ce      0x2f4 Cocktail_Statemachine.o
                0x000052ce                check_fluessanzeige3
 .text.check_fluessanzeige4
                0x000055c2       0x46 Cocktail_Statemachine.o
                0x000055c2                check_fluessanzeige4
 .text.check_RFIDAnzeige1
                0x00005608      0x63c Cocktail_Statemachine.o
                0x00005608                check_RFIDAnzeige1
 .text.check_RFIDAnzeige2
                0x00005c44       0xae Cocktail_Statemachine.o
                0x00005c44                check_RFIDAnzeige2
 .text.check_RFIDFehler
                0x00005cf2       0x12 Cocktail_Statemachine.o
                0x00005cf2                check_RFIDFehler
 .text.check_ESP32
                0x00005d04       0x2e Cocktail_Statemachine.o
                0x00005d04                check_ESP32
 .text.check_LED
                0x00005d32      0x1ce Cocktail_Statemachine.o
                0x00005d32                check_LED
 .text.cocktail_check_command
                0x00005f00       0xda Cocktail_Statemachine.o
                0x00005f00                cocktail_check_command
 .text.check_existence
                0x00005fda      0x1e6 Getraenk.o
                0x00005fda                check_existence
 .text.create_new_getraenk
                0x000061c0       0xe2 Getraenk.o
                0x000061c0                create_new_getraenk
 .text.create_new_getraenk_file
                0x000062a2       0x18 Getraenk.o
                0x000062a2                create_new_getraenk_file
 .text.create_new_getraenk_file_2
                0x000062ba       0x18 Getraenk.o
                0x000062ba                create_new_getraenk_file_2
 .text.insert_file_at_head
                0x000062d2       0x56 Getraenk.o
                0x000062d2                insert_file_at_head
 .text.insert_file_at_head_2
                0x00006328       0x56 Getraenk.o
                0x00006328                insert_file_at_head_2
 .text.cocktails_init
                0x0000637e      0x110 Getraenk.o
                0x0000637e                cocktails_init
 .text.create_new_list_node_file
                0x0000648e       0x1e Getraenk.o
                0x0000648e                create_new_list_node_file
 .text.insert_list_node_at_head
                0x000064ac       0x56 Getraenk.o
                0x000064ac                insert_list_node_at_head
 .text.create_new_tag
                0x00006502       0x52 TAGS.o
                0x00006502                create_new_tag
 .text.insert_tag_at_head
                0x00006554       0x56 TAGS.o
                0x00006554                insert_tag_at_head
 .text.RFID_init
                0x000065aa       0x38 TAGS.o
                0x000065aa                RFID_init
 .text.create_zutat
                0x000065e2       0x44 Zutaten.o
                0x000065e2                create_zutat
 .text.create_neue_zutat_Maschine
                0x00006626       0x90 Zutaten.o
                0x00006626                create_neue_zutat_Maschine
 .text.insert_zutat_Maschine_at_head
                0x000066b6       0x50 Zutaten.o
                0x000066b6                insert_zutat_Maschine_at_head
 .text.create_new_zutat_file
                0x00006706       0x18 Zutaten.o
                0x00006706                create_new_zutat_file
 .text.insert_zutat_file_at_head
                0x0000671e       0x50 Zutaten.o
                0x0000671e                insert_zutat_file_at_head
 .text.zutaten_init
                0x0000676e      0x3be Zutaten.o
                0x0000676e                zutaten_init
 .text.create_new_list_node_zut_file
                0x00006b2c       0x1e Zutaten.o
                0x00006b2c                create_new_list_node_zut_file
 .text.insert_zutat_list_node_at_head
                0x00006b4a       0x56 Zutaten.o
                0x00006b4a                insert_zutat_list_node_at_head
 .text.create_new_list_node_zutMaschine_file
                0x00006ba0       0x1e Zutaten.o
                0x00006ba0                create_new_list_node_zutMaschine_file
 .text.insert_zutatMaschine_list_node_at_head
                0x00006bbe       0x56 Zutaten.o
                0x00006bbe                insert_zutatMaschine_list_node_at_head
 .text.milliS_timer
                0x00006c14       0x42 LED.o
                0x00006c14                milliS_timer
 .text.PWM_init
                0x00006c56       0x9e LED.o
                0x00006c56                PWM_init
 .text.init_LED
                0x00006cf4       0x1a LED.o
                0x00006cf4                init_LED
 .text.__vector_17
                0x00006d0e       0x16 LED.o
                0x00006d0e                __vector_17
 .text.__vector_18
                0x00006d24       0x16 LED.o
                0x00006d24                __vector_18
 .text.__vector_32
                0x00006d3a       0x16 LED.o
                0x00006d3a                __vector_32
 .text.__vector_33
                0x00006d50       0x16 LED.o
                0x00006d50                __vector_33
 .text.__vector_42
                0x00006d66       0x16 LED.o
                0x00006d66                __vector_42
 .text.__vector_43
                0x00006d7c       0x16 LED.o
                0x00006d7c                __vector_43
 .text.__vector_47
                0x00006d92       0x16 LED.o
                0x00006d92                __vector_47
 .text.__vector_48
                0x00006da8       0x16 LED.o
                0x00006da8                __vector_48
 .text.rainbow  0x00006dbe      0x1c0 LED.o
                0x00006dbe                rainbow
 .text.__vector_21
                0x00006f7e      0x17a LED.o
                0x00006f7e                __vector_21
 .text.IO_init  0x000070f8       0x4c Main_Func.o
                0x000070f8                IO_init
 .text.interfaces_init
                0x00007144        0xc Main_Func.o
                0x00007144                interfaces_init
 .text.devices_init
                0x00007150       0x26 Main_Func.o
                0x00007150                devices_init
 .text.speicher_init
                0x00007176       0x42 Main_Func.o
                0x00007176                speicher_init
 .text.ramp_init
                0x000071b8       0x16 Main_Func.o
                0x000071b8                ramp_init
 .text.check_motor_activities
                0x000071ce       0xec Main_Func.o
                0x000071ce                check_motor_activities
 .text.my_itoa  0x000072ba      0x184 Main_Func.o
                0x000072ba                my_itoa
 .text.read_Position_TMC4671
                0x0000743e       0xb2 Main_Func.o
                0x0000743e                read_Position_TMC4671
 .text.check_Communication_Input_UART_0
                0x000074f0       0x5a Main_Func.o
                0x000074f0                check_Communication_Input_UART_0
 .text.proceed_Communication_Input_UART_0
                0x0000754a      0x1e8 Main_Func.o
                0x0000754a                proceed_Communication_Input_UART_0
 .text.check_Communication_Input_UART_1
                0x00007732      0x112 Main_Func.o
                0x00007732                check_Communication_Input_UART_1
 .text.proceed_Communication_INPUT_UART_1
                0x00007844        0xe Main_Func.o
                0x00007844                proceed_Communication_INPUT_UART_1
 .text.check_Communication_Input_UART_2
                0x00007852       0xde Main_Func.o
                0x00007852                check_Communication_Input_UART_2
 .text.proceed_Communication_Input_UART_2
                0x00007930       0x26 Main_Func.o
                0x00007930                proceed_Communication_Input_UART_2
 .text.check_Communication_Input_UART
                0x00007956       0x14 Main_Func.o
                0x00007956                check_Communication_Input_UART
 .text.periodic_jobs
                0x0000796a        0x6 Main_Func.o
                0x0000796a                periodic_jobs
 .text.endConversation
                0x00007970       0x2c Nextion_Display.o
                0x00007970                endConversation
 .text.nextion_change_page
                0x0000799c       0x3e Nextion_Display.o
                0x0000799c                nextion_change_page
 .text.nextion_setText
                0x000079da       0x30 Nextion_Display.o
                0x000079da                nextion_setText
 .text.nextion_setValue
                0x00007a0a       0x20 Nextion_Display.o
                0x00007a0a                nextion_setValue
 .text.nextion_setPicture
                0x00007a2a       0x4c Nextion_Display.o
                0x00007a2a                nextion_setPicture
 .text.nextion_getSliderValue
                0x00007a76       0x8e Nextion_Display.o
                0x00007a76                nextion_getSliderValue
 .text.nextion_disableButton
                0x00007b04       0x72 Nextion_Display.o
                0x00007b04                nextion_disableButton
 .text.nextion_enableButton
                0x00007b76       0x72 Nextion_Display.o
                0x00007b76                nextion_enableButton
 .text.nextion_visible_off
                0x00007be8       0x72 Nextion_Display.o
                0x00007be8                nextion_visible_off
 .text.nextion_visible_on
                0x00007c5a       0x72 Nextion_Display.o
                0x00007c5a                nextion_visible_on
 .text.RB_init  0x00007ccc        0x8 ring_buffer.o
                0x00007ccc                RB_init
 .text.RB_free  0x00007cd4       0x16 ring_buffer.o
                0x00007cd4                RB_free
 .text.RB_length
                0x00007cea       0x18 ring_buffer.o
                0x00007cea                RB_length
 .text.RB_readByte
                0x00007d02       0x28 ring_buffer.o
                0x00007d02                RB_readByte
 .text.RB_writeByte
                0x00007d2a       0x3a ring_buffer.o
                0x00007d2a                RB_writeByte
 .text.RB_write
                0x00007d64       0x64 ring_buffer.o
                0x00007d64                RB_write
 .text.getFirstSector
                0x00007dc8       0x42 FAT32.o
                0x00007dc8                getFirstSector
 .text.getSetNextCluster
                0x00007e0a       0xf2 FAT32.o
                0x00007e0a                getSetNextCluster
 .text.getSetFreeCluster
                0x00007efc      0x124 FAT32.o
                0x00007efc                getSetFreeCluster
 .text.getBootSectorData
                0x00008020      0x180 FAT32.o
                0x00008020                getBootSectorData
 .text.convertFileName
                0x000081a0      0x120 FAT32.o
                0x000081a0                convertFileName
 .text.searchNextFreeCluster
                0x000082c0      0x144 FAT32.o
                0x000082c0                searchNextFreeCluster
 .text.displayMemory
                0x00008404       0xc2 FAT32.o
                0x00008404                displayMemory
 .text.freeMemoryUpdate
                0x000084c6       0xdc FAT32.o
                0x000084c6                freeMemoryUpdate
 .text.findFiles
                0x000085a2      0x3fc FAT32.o
                0x000085a2                findFiles
 .text.readFile
                0x0000899e      0x19e FAT32.o
                0x0000899e                readFile
 .text.deleteFile
                0x00008b3c       0x18 FAT32.o
                0x00008b3c                deleteFile
 .text.writeFile
                0x00008b54      0x828 FAT32.o
                0x00008b54                writeFile
 .text.SD_sendCommand
                0x0000937c       0xb4 SD_routines.o
                0x0000937c                SD_sendCommand
 .text.SD_init  0x00009430      0x10e SD_routines.o
                0x00009430                SD_init
 .text.SD_readSingleBlock
                0x0000953e       0x52 SD_routines.o
                0x0000953e                SD_readSingleBlock
 .text.SD_writeSingleBlock
                0x00009590       0x84 SD_routines.o
                0x00009590                SD_writeSingleBlock
 .text.linear_ramp_init
                0x00009614       0xb4 ramp1.o
                0x00009614                linear_ramp_init
 .text.linear_ramp_set_defaults
                0x000096c8       0xcc ramp1.o
                0x000096c8                linear_ramp_set_defaults
 .text.calculateRamp
                0x00009794       0x38 ramp1.o
                0x00009794                calculateRamp
 .text.iterate_timer
                0x000097cc       0x26 ramp1.o
                0x000097cc                iterate_timer
 .text.position_func
                0x000097f2       0xe0 ramp1.o
                0x000097f2                position_func
 .text.velocity_func
                0x000098d2       0x44 ramp1.o
                0x000098d2                velocity_func
 .text.computeRamp
                0x00009916      0x2ae ramp1.o
                0x00009916                computeRamp
 .text.__vector_13
                0x00009bc4       0x56 ramp1.o
                0x00009bc4                __vector_13
 .text.ramp_pwm_init
                0x00009c1a       0x26 ramp1.o
                0x00009c1a                ramp_pwm_init
 .text.softspi_clk_low
                0x00009c40        0xc Software_SPI.o
                0x00009c40                softspi_clk_low
 .text.softspi_clk_high
                0x00009c4c        0xc Software_SPI.o
                0x00009c4c                softspi_clk_high
 .text.softspi_mosi_low
                0x00009c58        0xc Software_SPI.o
                0x00009c58                softspi_mosi_low
 .text.softspi_mosi_high
                0x00009c64        0xc Software_SPI.o
                0x00009c64                softspi_mosi_high
 .text.softspi_write_bit
                0x00009c70       0x2c Software_SPI.o
                0x00009c70                softspi_write_bit
 .text.softspi_write_uint8
                0x00009c9c       0x36 Software_SPI.o
                0x00009c9c                softspi_write_uint8
 .text.softspi_read_bit
                0x00009cd2       0x42 Software_SPI.o
                0x00009cd2                softspi_read_bit
 .text.softspi_read_uint8
                0x00009d14       0x60 Software_SPI.o
                0x00009d14                softspi_read_uint8
 .text.spi_transmit
                0x00009d74        0xa SPI.o
                0x00009d74                spi_transmit
 .text.spi_receive
                0x00009d7e        0xe SPI.o
                0x00009d7e                spi_receive
 .text.enable_Slave
                0x00009d8c       0x38 SPI.o
                0x00009d8c                enable_Slave
 .text.disable_Slave
                0x00009dc4       0x28 SPI.o
                0x00009dc4                disable_Slave
 .text.SPI_init
                0x00009dec       0x18 SPI.o
                0x00009dec                SPI_init
 .text.tmc40bit_writeInt
                0x00009e04      0x112 tmc4671.o
                0x00009e04                tmc40bit_writeInt
 .text.tmc4671_writeInt
                0x00009f16        0x4 tmc4671.o
                0x00009f16                tmc4671_writeInt
 .text.tmc40bit_readInt
                0x00009f1a      0x16a tmc4671.o
                0x00009f1a                tmc40bit_readInt
 .text.tmc4671_readInt
                0x0000a084        0x4 tmc4671.o
                0x0000a084                tmc4671_readInt
 .text.tmc4671_switchToMotionMode
                0x0000a088       0x2c tmc4671.o
                0x0000a088                tmc4671_switchToMotionMode
 .text.tmc4671_setAbsolutTargetPosition
                0x0000a0b4       0x2c tmc4671.o
                0x0000a0b4                tmc4671_setAbsolutTargetPosition
 .text.tmc4671_getActualPosition
                0x0000a0e0        0x8 tmc4671.o
                0x0000a0e0                tmc4671_getActualPosition
 .text.tx_completed
                0x0000a0e8        0x6 UART.o
                0x0000a0e8                tx_completed
 .text.UART_init
                0x0000a0ee       0xfa UART.o
                0x0000a0ee                UART_init
 .text.Uart_Transmit_IT_PC
                0x0000a1e8       0x2c UART.o
                0x0000a1e8                Uart_Transmit_IT_PC
 .text.Uart_Transmit_IT_Display
                0x0000a214       0x2c UART.o
                0x0000a214                Uart_Transmit_IT_Display
 .text.Uart_Transmit_IT_ESP
                0x0000a240       0x26 UART.o
                0x0000a240                Uart_Transmit_IT_ESP
 .text.__vector_25
                0x0000a266       0x58 UART.o
                0x0000a266                __vector_25
 .text.__vector_36
                0x0000a2be       0x58 UART.o
                0x0000a2be                __vector_36
 .text.__vector_52
                0x0000a316       0x7e UART.o
                0x0000a316                __vector_52
 .text.__vector_51
                0x0000a394       0x58 UART.o
                0x0000a394                __vector_51
 .text.__vector_55
                0x0000a3ec       0x7e UART.o
                0x0000a3ec                __vector_55
 .text.__vector_54
                0x0000a46a       0x58 UART.o
                0x0000a46a                __vector_54
 .text.transmitByte
                0x0000a4c2       0x10 UART.o
                0x0000a4c2                transmitByte
 .text.transmitString
                0x0000a4d2       0x1c UART.o
                0x0000a4d2                transmitString
 .text.main     0x0000a4ee       0x4a main.o
                0x0000a4ee                main
 .text.avr-libc.fplib
                0x0000a538        0xa c:/program files (x86)/atmel/studio/7.0/toolchain/avr8/avr8-gnu-toolchain/bin/../lib/gcc/avr/5.4.0/../../../../avr/lib/avr6\libm.a(addsf3.o)
                0x0000a538                __subsf3
                0x0000a53a                __addsf3
 .text.avr-libc.fplib
                0x0000a542       0xc0 c:/program files (x86)/atmel/studio/7.0/toolchain/avr8/avr8-gnu-toolchain/bin/../lib/gcc/avr/5.4.0/../../../../avr/lib/avr6\libm.a(addsf3x.o)
                0x0000a55c                __addsf3x
 .text.avr-libc.fplib
                0x0000a602        0x8 c:/program files (x86)/atmel/studio/7.0/toolchain/avr8/avr8-gnu-toolchain/bin/../lib/gcc/avr/5.4.0/../../../../avr/lib/avr6\libm.a(cmpsf2.o)
                0x0000a602                __nesf2
                0x0000a602                __eqsf2
                0x0000a602                __cmpsf2
                0x0000a602                __ltsf2
                0x0000a602                __lesf2
 .text.avr-libc.fplib
                0x0000a60a        0x4 c:/program files (x86)/atmel/studio/7.0/toolchain/avr8/avr8-gnu-toolchain/bin/../lib/gcc/avr/5.4.0/../../../../avr/lib/avr6\libm.a(divsf3.o)
                0x0000a60a                __divsf3
 .text.avr-libc.fplib
                0x0000a60e       0xcc c:/program files (x86)/atmel/studio/7.0/toolchain/avr8/avr8-gnu-toolchain/bin/../lib/gcc/avr/5.4.0/../../../../avr/lib/avr6\libm.a(divsf3x.o)
                0x0000a624                __divsf3x
                0x0000a628                __divsf3_pse
 .text.avr-libc.fplib
                0x0000a6da       0x58 c:/program files (x86)/atmel/studio/7.0/toolchain/avr8/avr8-gnu-toolchain/bin/../lib/gcc/avr/5.4.0/../../../../avr/lib/avr6\libm.a(fixunssfsi.o)
                0x0000a6da                __fixunssfsi
 .text.avr-libc.fplib
                0x0000a732       0x7a c:/program files (x86)/atmel/studio/7.0/toolchain/avr8/avr8-gnu-toolchain/bin/../lib/gcc/avr/5.4.0/../../../../avr/lib/avr6\libm.a(floatsisf.o)
                0x0000a732                __floatunsisf
                0x0000a736                __floatsisf
 .text.avr-libc.fplib
                0x0000a7ac       0x48 c:/program files (x86)/atmel/studio/7.0/toolchain/avr8/avr8-gnu-toolchain/bin/../lib/gcc/avr/5.4.0/../../../../avr/lib/avr6\libm.a(fp_cmp.o)
                0x0000a7ac                __fp_cmp
 .text.avr-libc.fplib
                0x0000a7f4        0xc c:/program files (x86)/atmel/studio/7.0/toolchain/avr8/avr8-gnu-toolchain/bin/../lib/gcc/avr/5.4.0/../../../../avr/lib/avr6\libm.a(fp_inf.o)
                0x0000a7f4                __fp_inf
 .text.avr-libc.fplib
                0x0000a800        0x6 c:/program files (x86)/atmel/studio/7.0/toolchain/avr8/avr8-gnu-toolchain/bin/../lib/gcc/avr/5.4.0/../../../../avr/lib/avr6\libm.a(fp_nan.o)
                0x0000a800                __fp_nan
 .text.avr-libc.fplib
                0x0000a806        0xe c:/program files (x86)/atmel/studio/7.0/toolchain/avr8/avr8-gnu-toolchain/bin/../lib/gcc/avr/5.4.0/../../../../avr/lib/avr6\libm.a(fp_pscA.o)
                0x0000a806                __fp_pscA
 .text.avr-libc.fplib
                0x0000a814        0xe c:/program files (x86)/atmel/studio/7.0/toolchain/avr8/avr8-gnu-toolchain/bin/../lib/gcc/avr/5.4.0/../../../../avr/lib/avr6\libm.a(fp_pscB.o)
                0x0000a814                __fp_pscB
 .text.avr-libc.fplib
                0x0000a822       0x22 c:/program files (x86)/atmel/studio/7.0/toolchain/avr8/avr8-gnu-toolchain/bin/../lib/gcc/avr/5.4.0/../../../../avr/lib/avr6\libm.a(fp_round.o)
                0x0000a822                __fp_round
 .text.avr-libc.fplib
                0x0000a844       0x44 c:/program files (x86)/atmel/studio/7.0/toolchain/avr8/avr8-gnu-toolchain/bin/../lib/gcc/avr/5.4.0/../../../../avr/lib/avr6\libm.a(fp_split3.o)
                0x0000a844                __fp_split3
                0x0000a854                __fp_splitA
 .text.avr-libc.fplib
                0x0000a888        0xe c:/program files (x86)/atmel/studio/7.0/toolchain/avr8/avr8-gnu-toolchain/bin/../lib/gcc/avr/5.4.0/../../../../avr/lib/avr6\libm.a(fp_zero.o)
                0x0000a888                __fp_zero
                0x0000a88a                __fp_szero
 .text.avr-libc.fplib
                0x0000a896        0x8 c:/program files (x86)/atmel/studio/7.0/toolchain/avr8/avr8-gnu-toolchain/bin/../lib/gcc/avr/5.4.0/../../../../avr/lib/avr6\libm.a(gesf2.o)
                0x0000a896                __gesf2
                0x0000a896                __gtsf2
 .text.avr-libc.fplib
                0x0000a89e        0x4 c:/program files (x86)/atmel/studio/7.0/toolchain/avr8/avr8-gnu-toolchain/bin/../lib/gcc/avr/5.4.0/../../../../avr/lib/avr6\libm.a(mulsf3.o)
                0x0000a89e                __mulsf3
 .text.avr-libc.fplib
                0x0000a8a2       0xc2 c:/program files (x86)/atmel/studio/7.0/toolchain/avr8/avr8-gnu-toolchain/bin/../lib/gcc/avr/5.4.0/../../../../avr/lib/avr6\libm.a(mulsf3x.o)
                0x0000a8b6                __mulsf3x
                0x0000a8ba                __mulsf3_pse
 .text.avr-libc.fplib
                0x0000a964       0x84 c:/program files (x86)/atmel/studio/7.0/toolchain/avr8/avr8-gnu-toolchain/bin/../lib/gcc/avr/5.4.0/../../../../avr/lib/avr6\libm.a(sqrt.o)
                0x0000a96c                sqrtf
                0x0000a96c                sqrt
 .text.avr-libc.fplib
                0x0000a9e8       0x1c c:/program files (x86)/atmel/studio/7.0/toolchain/avr8/avr8-gnu-toolchain/bin/../lib/gcc/avr/5.4.0/../../../../avr/lib/avr6\libm.a(fp_mpack.o)
                0x0000a9e8                __fp_mpack
                0x0000a9ec                __fp_mpack_finite
 .text.avr-libc.fplib
                0x0000aa04        0xe c:/program files (x86)/atmel/studio/7.0/toolchain/avr8/avr8-gnu-toolchain/bin/../lib/gcc/avr/5.4.0/../../../../avr/lib/avr6\libm.a(fp_norm2.o)
                0x0000aa04                __fp_norm2
 .text.libgcc.mul
                0x0000aa12       0x1e c:/program files (x86)/atmel/studio/7.0/toolchain/avr8/avr8-gnu-toolchain/bin/../lib/gcc/avr/5.4.0/avr6\libgcc.a(_mulsi3.o)
                0x0000aa12                __mulsi3
 .text.libgcc.div
                0x0000aa30       0x44 c:/program files (x86)/atmel/studio/7.0/toolchain/avr8/avr8-gnu-toolchain/bin/../lib/gcc/avr/5.4.0/avr6\libgcc.a(_udivmodsi4.o)
                0x0000aa30                __udivmodsi4
 .text.libgcc.div
                0x0000aa74       0x28 c:/program files (x86)/atmel/studio/7.0/toolchain/avr8/avr8-gnu-toolchain/bin/../lib/gcc/avr/5.4.0/avr6\libgcc.a(_divmodsi4.o)
                0x0000aa74                __divmodsi4
 .text.libgcc.div
                0x0000aa9c       0x10 c:/program files (x86)/atmel/studio/7.0/toolchain/avr8/avr8-gnu-toolchain/bin/../lib/gcc/avr/5.4.0/avr6\libgcc.a(_negsi2.o)
                0x0000aa9c                __negsi2
 .text.libgcc   0x0000aaac       0x10 c:/program files (x86)/atmel/studio/7.0/toolchain/avr8/avr8-gnu-toolchain/bin/../lib/gcc/avr/5.4.0/avr6\libgcc.a(_tablejump2.o)
                0x0000aaac                __tablejump2__
 .text.libgcc.mul
                0x0000aabc       0x1e c:/program files (x86)/atmel/studio/7.0/toolchain/avr8/avr8-gnu-toolchain/bin/../lib/gcc/avr/5.4.0/avr6\libgcc.a(_umulhisi3.o)
                0x0000aabc                __umulhisi3
 .text.libgcc.mul
                0x0000aada       0x14 c:/program files (x86)/atmel/studio/7.0/toolchain/avr8/avr8-gnu-toolchain/bin/../lib/gcc/avr/5.4.0/avr6\libgcc.a(_muluhisi3.o)
                0x0000aada                __muluhisi3
 .text.libgcc.div
                0x0000aaee       0x56 c:/program files (x86)/atmel/studio/7.0/toolchain/avr8/avr8-gnu-toolchain/bin/../lib/gcc/avr/5.4.0/avr6\libgcc.a(_divdi3.o)
                0x0000aaee                __moddi3
                0x0000aaf2                __divdi3
                0x0000aaf4                __divdi3_moddi3
 .text.libgcc.div
                0x0000ab44       0x1a c:/program files (x86)/atmel/studio/7.0/toolchain/avr8/avr8-gnu-toolchain/bin/../lib/gcc/avr/5.4.0/avr6\libgcc.a(_udivdi3.o)
                0x0000ab44                __umoddi3
                0x0000ab48                __udivdi3
                0x0000ab4a                __udivdi3_umoddi3
 .text.libgcc.div
                0x0000ab5e       0xa2 c:/program files (x86)/atmel/studio/7.0/toolchain/avr8/avr8-gnu-toolchain/bin/../lib/gcc/avr/5.4.0/avr6\libgcc.a(_udivmod64.o)
                0x0000ab5e                __udivmod64
 .text.libgcc   0x0000ac00       0x20 c:/program files (x86)/atmel/studio/7.0/toolchain/avr8/avr8-gnu-toolchain/bin/../lib/gcc/avr/5.4.0/avr6\libgcc.a(_negdi2.o)
                0x0000ac00                __negdi2
 .text.libgcc.prologue
                0x0000ac20       0x38 c:/program files (x86)/atmel/studio/7.0/toolchain/avr8/avr8-gnu-toolchain/bin/../lib/gcc/avr/5.4.0/avr6\libgcc.a(_prologue.o)
                0x0000ac20                __prologue_saves__
 .text.libgcc.prologue
                0x0000ac58       0x36 c:/program files (x86)/atmel/studio/7.0/toolchain/avr8/avr8-gnu-toolchain/bin/../lib/gcc/avr/5.4.0/avr6\libgcc.a(_epilogue.o)
                0x0000ac58                __epilogue_restores__
 .text.libgcc   0x0000ac8e       0x18 c:/program files (x86)/atmel/studio/7.0/toolchain/avr8/avr8-gnu-toolchain/bin/../lib/gcc/avr/5.4.0/avr6\libgcc.a(_cmpdi2_s8.o)
                0x0000ac8e                __cmpdi2_s8
 .text.avr-libc
                0x0000aca6       0x34 c:/program files (x86)/atmel/studio/7.0/toolchain/avr8/avr8-gnu-toolchain/bin/../lib/gcc/avr/5.4.0/../../../../avr/lib/avr6\libc.a(calloc.o)
                0x0000aca6                calloc
 .text.avr-libc
                0x0000acda      0x242 c:/program files (x86)/atmel/studio/7.0/toolchain/avr8/avr8-gnu-toolchain/bin/../lib/gcc/avr/5.4.0/../../../../avr/lib/avr6\libc.a(malloc.o)
                0x0000acda                malloc
                0x0000ae0a                free
 .text.avr-libc
                0x0000af1c       0x3a c:/program files (x86)/atmel/studio/7.0/toolchain/avr8/avr8-gnu-toolchain/bin/../lib/gcc/avr/5.4.0/../../../../avr/lib/avr6\libc.a(atoi.o)
                0x0000af1c                atoi
 .text.avr-libc
                0x0000af56        0x6 c:/program files (x86)/atmel/studio/7.0/toolchain/avr8/avr8-gnu-toolchain/bin/../lib/gcc/avr/5.4.0/../../../../avr/lib/avr6\libc.a(strtok.o)
                0x0000af56                strtok
 .text.avr-libc
                0x0000af5c        0xe c:/program files (x86)/atmel/studio/7.0/toolchain/avr8/avr8-gnu-toolchain/bin/../lib/gcc/avr/5.4.0/../../../../avr/lib/avr6\libc.a(memset.o)
                0x0000af5c                memset
 .text.avr-libc
                0x0000af6a       0x16 c:/program files (x86)/atmel/studio/7.0/toolchain/avr8/avr8-gnu-toolchain/bin/../lib/gcc/avr/5.4.0/../../../../avr/lib/avr6\libc.a(strcat.o)
                0x0000af6a                strcat
 .text.avr-libc
                0x0000af80       0x12 c:/program files (x86)/atmel/studio/7.0/toolchain/avr8/avr8-gnu-toolchain/bin/../lib/gcc/avr/5.4.0/../../../../avr/lib/avr6\libc.a(strcmp.o)
                0x0000af80                strcmp
 .text.avr-libc
                0x0000af92        0xe c:/program files (x86)/atmel/studio/7.0/toolchain/avr8/avr8-gnu-toolchain/bin/../lib/gcc/avr/5.4.0/../../../../avr/lib/avr6\libc.a(strcpy.o)
                0x0000af92                strcpy
 .text.avr-libc
                0x0000afa0       0x4e c:/program files (x86)/atmel/studio/7.0/toolchain/avr8/avr8-gnu-toolchain/bin/../lib/gcc/avr/5.4.0/../../../../avr/lib/avr6\libc.a(strtok_r.o)
                0x0000afa0                strtok_r
 .text.avr-libc
                0x0000afee       0x14 c:/program files (x86)/atmel/studio/7.0/toolchain/avr8/avr8-gnu-toolchain/bin/../lib/gcc/avr/5.4.0/../../../../avr/lib/avr6\libc.a(itoa_ncheck.o)
                0x0000afee                __itoa_ncheck
 .text.avr-libc
                0x0000b002       0x10 c:/program files (x86)/atmel/studio/7.0/toolchain/avr8/avr8-gnu-toolchain/bin/../lib/gcc/avr/5.4.0/../../../../avr/lib/avr6\libc.a(mul10.o)
                0x0000b002                __mulhi_const_10
 .text.avr-libc
                0x0000b012       0x32 c:/program files (x86)/atmel/studio/7.0/toolchain/avr8/avr8-gnu-toolchain/bin/../lib/gcc/avr/5.4.0/../../../../avr/lib/avr6\libc.a(utoa_ncheck.o)
                0x0000b012                __utoa_ncheck
                0x0000b014                __utoa_common
 .text.avr-libc
                0x0000b044       0x20 c:/program files (x86)/atmel/studio/7.0/toolchain/avr8/avr8-gnu-toolchain/bin/../lib/gcc/avr/5.4.0/../../../../avr/lib/avr6\libc.a(strrev.o)
                0x0000b044                strrev
 .text.avr-libc
                0x0000b064       0x10 C:/Program Files (x86)/Atmel/Studio/7.0/Packs/atmel/ATmega_DFP/1.3.300/gcc/dev/atmega2560/avr6\libatmega2560.a(eerd_byte.o)
                0x0000b064                eeprom_read_byte
                0x0000b074                . = ALIGN (0x2)
 *(.fini9)
 .fini9         0x0000b074        0x0 c:/program files (x86)/atmel/studio/7.0/toolchain/avr8/avr8-gnu-toolchain/bin/../lib/gcc/avr/5.4.0/avr6\libgcc.a(_exit.o)
                0x0000b074                _exit
                0x0000b074                exit
 *(.fini9)
 *(.fini8)
 *(.fini8)
 *(.fini7)
 *(.fini7)
 *(.fini6)
 *(.fini6)
 *(.fini5)
 *(.fini5)
 *(.fini4)
 *(.fini4)
 *(.fini3)
 *(.fini3)
 *(.fini2)
 *(.fini2)
 *(.fini1)
 *(.fini1)
 *(.fini0)
 .fini0         0x0000b074        0x4 c:/program files (x86)/atmel/studio/7.0/toolchain/avr8/avr8-gnu-toolchain/bin/../lib/gcc/avr/5.4.0/avr6\libgcc.a(_exit.o)
 *(.fini0)
                0x0000b078                _etext = .

.data           0x00800200      0x7f2 load address 0x0000b078
                0x00800200                PROVIDE (__data_start, .)
 *(.data)
 .data          0x00800200        0x6 c:/program files (x86)/atmel/studio/7.0/toolchain/avr8/avr8-gnu-toolchain/bin/../lib/gcc/avr/5.4.0/../../../../avr/lib/avr6\libc.a(malloc.o)
                0x00800200                __malloc_heap_end
                0x00800202                __malloc_heap_start
                0x00800204                __malloc_margin
 *(.data*)
 *(.gnu.linkonce.d*)
 *(.rodata)
 .rodata        0x00800206       0x30 Cocktail_functions.o
 *(.rodata*)
 .rodata.str1.1
                0x00800236      0x3e8 Cocktail_functions.o
                                0x40d (size before relaxing)
 .rodata.str1.1
                0x0080061e      0x180 Cocktail_Statemachine.o
                                0x1e0 (size before relaxing)
 .rodata.str1.1
                0x0080079e       0x28 Getraenk.o
                                 0x3d (size before relaxing)
 .rodata.str1.1
                0x008007c6        0x4 TAGS.o
 .rodata.str1.1
                0x008007ca        0x2 Zutaten.o
                                  0xd (size before relaxing)
 .rodata.str1.1
                0x008007cc       0xa3 Main_Func.o
                                 0xb2 (size before relaxing)
 .rodata.str1.1
                0x0080086f       0x2f Nextion_Display.o
 .rodata.str1.1
                0x0080089e      0x128 FAT32.o
 .rodata.str1.1
                0x008009c6       0x2c tmc4671.o
                                 0x32 (size before relaxing)
 *(.gnu.linkonce.r*)
                0x008009f2                . = ALIGN (0x2)
                0x008009f2                _edata = .
                0x008009f2                PROVIDE (__data_end, .)

.bss            0x008009f2      0xd70
                0x008009f2                PROVIDE (__bss_start, .)
 *(.bss)
 .bss           0x008009f2        0x2 c:/program files (x86)/atmel/studio/7.0/toolchain/avr8/avr8-gnu-toolchain/bin/../lib/gcc/avr/5.4.0/../../../../avr/lib/avr6\libc.a(strtok.o)
 *(.bss*)
 .bss.count.3307
                0x008009f4        0x4 Cocktail_functions.o
 .bss.oldval.3306
                0x008009f8        0x1 Cocktail_functions.o
 .bss.cntrr.2812
                0x008009f9        0x1 Main_Func.o
 .bss.cntr_End_UART_2
                0x008009fa        0x1 main.o
                0x008009fa                cntr_End_UART_2
 .bss.cntr_UART_2
                0x008009fb        0x1 main.o
                0x008009fb                cntr_UART_2
 .bss.cntr_End_UART_1
                0x008009fc        0x1 main.o
                0x008009fc                cntr_End_UART_1
 .bss.cntr_UART_1
                0x008009fd        0x1 main.o
                0x008009fd                cntr_UART_1
 .bss.cntr_End_UART_0
                0x008009fe        0x1 main.o
                0x008009fe                cntr_End_UART_0
 .bss.cntr_UART_0
                0x008009ff        0x1 main.o
                0x008009ff                cntr_UART_0
 *(COMMON)
 COMMON         0x00800a00      0x95c Cocktail_functions.o
                0x00800a00                aktuelles_Zutat_file_ausser_Maschine_mit_KS
                0x00800a02                tail_getraenk_file
                0x00800a04                head_getraenk
                0x00800a06                head_Zutat_file_ausser_Maschine_mit_KS
                0x00800a08                buffer_zut_in_Maschine_ohne_KS
                0x00800a0a                Position
                0x00800a0e                head_zutat_list_node
                0x00800a10                head_getraenk_file_2
                0x00800a12                rainbow_i
                0x00800a14                Liste
                0x00800a15                tail_getraenk
                0x00800a17                head_tag
                0x00800a19                aktuelle_zutat_list_node
                0x00800a1b                head_list_node_file
                0x00800a1d                appendFileLocation
                0x00800a21                aktuelle_zutat
                0x00800a23                tail_zut_in_Maschine_ohne_KS
                0x00800a25                bufferGetraenk_file
                0x00800a27                count_bla
                0x00800a2b                compute
                0x00800a2c                fileName
                0x00800a39                buffer_zutat_file
                0x00800a3b                firstDataSector
                0x00800a3f                tail_list_node_file
                0x00800a41                ptr_tx_completed_1
                0x00800a43                fileSize
                0x00800a47                bytesPerSector
                0x00800a49                i_Liste_test_cnt
                0x00800a4a                totalClusters
                0x00800a4e                option
                0x00800a4f                aktuelles_Zutat_file_in_Maschine_ohne_KS
                0x00800a51                ramp
                0x00800a53                actual_list_node_file
                0x00800a55                tail_getraenk_file_2
                0x00800a57                aktuellesGetraenk_file
                0x00800a59                buffer_zutat_list_node
                0x00800a5b                head_getraenk_file
                0x00800a5d                head_zutatMaschine_list_node
                0x00800a5f                Grossschreib
                0x00800a60                rootCluster
                0x00800a64                block_list_runter
                0x00800a65                state
                0x00800a67                aktuellesGetraenk_file_2
                0x00800a69                light
                0x00800a6a                head_zut_in_Maschine_ohne_KS
                0x00800a6c                rb_rx_ESP
                0x00800b6d                startBlock
                0x00800b71                aktueller_tag
                0x00800b73                aktuelle_Zutat_in_Maschine_ohne_KS
                0x00800b75                i
                0x00800b77                tail_zutatMaschine_list_node
                0x00800b79                address_Standardwiederherstellung
                0x00800b7b                rb_rx_Display
                0x00800c7c                tail_tag
                0x00800c7e                buffer
                0x00800e7e                externes_Getraenk_flag
                0x00800e7f                SPI_Slave
                0x00800e80                sectorPerCluster
                0x00800e82                ptr_tx_completed_2
                0x00800e84                states
                0x00800e85                block_list_hoch
                0x00800e86                unusedSectors
                0x00800e8a                rb_tx_RFID
                0x00800f8b                SDHC_flag
                0x00800f8c                counter
                0x00800f8d                head_Zutat_file_in_Maschine_ohne_KS
                0x00800f8f                totalBlocks
                0x00800f93                tail_Zutat_file_in_Maschine_ohne_KS
                0x00800f95                data
                0x00800f96                buff_name
                0x00800fab                reservedSectorCount
                0x00800fad                head_zut_ausser_Maschine_mit_KS
                0x00800faf                buffer2Getraenk_file
                0x00800fb1                kohlensaeure_mode
                0x00800fb2                tail_zutat_list_node
                0x00800fb4                ptr_tx_completed_3
                0x00800fb6                tail_zut_ausser_Maschine_mit_KS
                0x00800fb8                rb_rx_PC
                0x008010b9                rb_tx_ESP
                0x008011ba                address_getraenk
                0x008011bc                appendStartCluster
                0x008011c0                cardType
                0x008011c1                error
                0x008011c2                aktuelle_Zutat_ausser_Maschine_mit_KS
                0x008011c4                buffer_zutatMaschine_list_node
                0x008011c6                rb_rx_RFID
                0x008012c7                gui_pages
                0x008012c8                tail_Zutat_file_ausser_Maschine_mit_KS
                0x008012ca                i_Liste
                0x008012cb                liste_vorher_getraenk_file
                0x008012cd                i_Liste_test
                0x008012ff                freeClusterCountUpdated
                0x00801300                stop
                0x00801301                FAT32_active
                0x00801302                appendFileSector
                0x00801306                aktuellesGetraenk
                0x00801308                liste_start_getraenk_file
                0x0080130a                aRamp
                0x00801353                ptr_tx_completed_0
                0x00801355                buffer_zut_ausser_Maschine_mit_KS
                0x00801357                aktuelle_zutatMaschine_list_node
                0x00801359                SPI_State
                0x0080135a                liste_nacher_getraenk_file
 COMMON         0x0080135c      0x402 main.o
                0x0080135c                INPUT_UART_0
                0x0080145c                INPUT_UART_3
                0x0080155c                INPUT_UART_1
                0x0080165c                ptr_Uart_1
                0x0080165e                INPUT_UART_2
 COMMON         0x0080175e        0x4 c:/program files (x86)/atmel/studio/7.0/toolchain/avr8/avr8-gnu-toolchain/bin/../lib/gcc/avr/5.4.0/../../../../avr/lib/avr6\libc.a(malloc.o)
                0x0080175e                __brkval
                0x00801760                __flp
                0x00801762                PROVIDE (__bss_end, .)
                0x0000b078                __data_load_start = LOADADDR (.data)
                0x0000b86a                __data_load_end = (__data_load_start + SIZEOF (.data))

.noinit         0x00801762        0x0
                [!provide]                PROVIDE (__noinit_start, .)
 *(.noinit*)
                [!provide]                PROVIDE (__noinit_end, .)
                0x00801762                _end = .
                0x00801762                PROVIDE (__heap_start, .)

.eeprom         0x00810000        0x0
 *(.eeprom*)
                0x00810000                __eeprom_end = .

.fuse
 *(.fuse)
 *(.lfuse)
 *(.hfuse)
 *(.efuse)

.lock
 *(.lock*)

.signature
 *(.signature*)

.user_signatures
 *(.user_signatures*)

.stab
 *(.stab)

.stabstr
 *(.stabstr)

.stab.excl
 *(.stab.excl)

.stab.exclstr
 *(.stab.exclstr)

.stab.index
 *(.stab.index)

.stab.indexstr
 *(.stab.indexstr)

.comment        0x00000000       0x30
 *(.comment)
 .comment       0x00000000       0x30 Cocktail_functions.o
                                 0x31 (size before relaxing)
 .comment       0x00000030       0x31 Cocktail_Statemachine.o
 .comment       0x00000030       0x31 Getraenk.o
 .comment       0x00000030       0x31 TAGS.o
 .comment       0x00000030       0x31 Zutaten.o
 .comment       0x00000030       0x31 LED.o
 .comment       0x00000030       0x31 Main_Func.o
 .comment       0x00000030       0x31 Nextion_Display.o
 .comment       0x00000030       0x31 ring_buffer.o
 .comment       0x00000030       0x31 FAT32.o
 .comment       0x00000030       0x31 SD_routines.o
 .comment       0x00000030       0x31 ramp1.o
 .comment       0x00000030       0x31 Software_SPI.o
 .comment       0x00000030       0x31 SPI.o
 .comment       0x00000030       0x31 tmc4671.o
 .comment       0x00000030       0x31 UART.o
 .comment       0x00000030       0x31 main.o
 .comment       0x00000030       0x31 c:/program files (x86)/atmel/studio/7.0/toolchain/avr8/avr8-gnu-toolchain/bin/../lib/gcc/avr/5.4.0/../../../../avr/lib/avr6\libc.a(calloc.o)
 .comment       0x00000030       0x31 c:/program files (x86)/atmel/studio/7.0/toolchain/avr8/avr8-gnu-toolchain/bin/../lib/gcc/avr/5.4.0/../../../../avr/lib/avr6\libc.a(malloc.o)
 .comment       0x00000030       0x31 c:/program files (x86)/atmel/studio/7.0/toolchain/avr8/avr8-gnu-toolchain/bin/../lib/gcc/avr/5.4.0/../../../../avr/lib/avr6\libc.a(strtok.o)

.note.gnu.avr.deviceinfo
                0x00000000       0x40
 .note.gnu.avr.deviceinfo
                0x00000000       0x40 C:/Program Files (x86)/Atmel/Studio/7.0/Packs/atmel/ATmega_DFP/1.3.300/gcc/dev/atmega2560/avr6/crtatmega2560.o

.note.gnu.build-id
 *(.note.gnu.build-id)

.debug
 *(.debug)

.line
 *(.line)

.debug_srcinfo
 *(.debug_srcinfo)

.debug_sfnames
 *(.debug_sfnames)

.debug_aranges  0x00000000      0xa18
 *(.debug_aranges)
 .debug_aranges
                0x00000000      0x140 Cocktail_functions.o
 .debug_aranges
                0x00000140       0xf8 Cocktail_Statemachine.o
 .debug_aranges
                0x00000238       0x90 Getraenk.o
 .debug_aranges
                0x000002c8       0x30 TAGS.o
 .debug_aranges
                0x000002f8       0x68 Zutaten.o
 .debug_aranges
                0x00000360       0x88 LED.o
 .debug_aranges
                0x000003e8       0xa8 Main_Func.o
 .debug_aranges
                0x00000490       0x68 Nextion_Display.o
 .debug_aranges
                0x000004f8       0x50 ring_buffer.o
 .debug_aranges
                0x00000548       0x80 FAT32.o
 .debug_aranges
                0x000005c8       0x40 SD_routines.o
 .debug_aranges
                0x00000608       0x90 ramp1.o
 .debug_aranges
                0x00000698       0x70 Software_SPI.o
 .debug_aranges
                0x00000708       0x48 SPI.o
 .debug_aranges
                0x00000750      0x1f8 tmc4671.o
 .debug_aranges
                0x00000948       0x90 UART.o
 .debug_aranges
                0x000009d8       0x20 main.o
 .debug_aranges
                0x000009f8       0x20 C:/Program Files (x86)/Atmel/Studio/7.0/Packs/atmel/ATmega_DFP/1.3.300/gcc/dev/atmega2560/avr6\libatmega2560.a(eerd_byte.o)

.debug_pubnames
 *(.debug_pubnames)

.debug_info     0x00000000    0x18b62
 *(.debug_info .gnu.linkonce.wi.*)
 .debug_info    0x00000000      0xbbc C:/Program Files (x86)/Atmel/Studio/7.0/Packs/atmel/ATmega_DFP/1.3.300/gcc/dev/atmega2560/avr6/crtatmega2560.o
 .debug_info    0x00000bbc     0x55a5 Cocktail_functions.o
 .debug_info    0x00006161     0x4689 Cocktail_Statemachine.o
 .debug_info    0x0000a7ea     0x1d82 Getraenk.o
 .debug_info    0x0000c56c      0x2be TAGS.o
 .debug_info    0x0000c82a     0x1288 Zutaten.o
 .debug_info    0x0000dab2      0x39b LED.o
 .debug_info    0x0000de4d     0x110e Main_Func.o
 .debug_info    0x0000ef5b      0xc74 Nextion_Display.o
 .debug_info    0x0000fbcf      0x34e ring_buffer.o
 .debug_info    0x0000ff1d     0x19a8 FAT32.o
 .debug_info    0x000118c5      0x7f6 SD_routines.o
 .debug_info    0x000120bb      0xb91 ramp1.o
 .debug_info    0x00012c4c      0x548 Software_SPI.o
 .debug_info    0x00013194      0x263 SPI.o
 .debug_info    0x000133f7     0x402e tmc4671.o
 .debug_info    0x00017425      0x635 UART.o
 .debug_info    0x00017a5a     0x106e main.o
 .debug_info    0x00018ac8       0x9a C:/Program Files (x86)/Atmel/Studio/7.0/Packs/atmel/ATmega_DFP/1.3.300/gcc/dev/atmega2560/avr6\libatmega2560.a(eerd_byte.o)

.debug_abbrev   0x00000000     0x322c
 *(.debug_abbrev)
 .debug_abbrev  0x00000000      0xb1a C:/Program Files (x86)/Atmel/Studio/7.0/Packs/atmel/ATmega_DFP/1.3.300/gcc/dev/atmega2560/avr6/crtatmega2560.o
 .debug_abbrev  0x00000b1a      0x40b Cocktail_functions.o
 .debug_abbrev  0x00000f25      0x31e Cocktail_Statemachine.o
 .debug_abbrev  0x00001243      0x3c6 Getraenk.o
 .debug_abbrev  0x00001609      0x122 TAGS.o
 .debug_abbrev  0x0000172b      0x2b1 Zutaten.o
 .debug_abbrev  0x000019dc      0x176 LED.o
 .debug_abbrev  0x00001b52      0x358 Main_Func.o
 .debug_abbrev  0x00001eaa      0x231 Nextion_Display.o
 .debug_abbrev  0x000020db      0x12a ring_buffer.o
 .debug_abbrev  0x00002205      0x214 FAT32.o
 .debug_abbrev  0x00002419      0x154 SD_routines.o
 .debug_abbrev  0x0000256d      0x337 ramp1.o
 .debug_abbrev  0x000028a4      0x15b Software_SPI.o
 .debug_abbrev  0x000029ff      0x11c SPI.o
 .debug_abbrev  0x00002b1b      0x3cf tmc4671.o
 .debug_abbrev  0x00002eea      0x1fe UART.o
 .debug_abbrev  0x000030e8      0x130 main.o
 .debug_abbrev  0x00003218       0x14 C:/Program Files (x86)/Atmel/Studio/7.0/Packs/atmel/ATmega_DFP/1.3.300/gcc/dev/atmega2560/avr6\libatmega2560.a(eerd_byte.o)

.debug_line     0x00000000     0x9dc6
 *(.debug_line .debug_line.* .debug_line_end)
 .debug_line    0x00000000      0x1f9 C:/Program Files (x86)/Atmel/Studio/7.0/Packs/atmel/ATmega_DFP/1.3.300/gcc/dev/atmega2560/avr6/crtatmega2560.o
 .debug_line    0x000001f9     0x2309 Cocktail_functions.o
 .debug_line    0x00002502     0x20e4 Cocktail_Statemachine.o
 .debug_line    0x000045e6      0xaa5 Getraenk.o
 .debug_line    0x0000508b      0x195 TAGS.o
 .debug_line    0x00005220      0x601 Zutaten.o
 .debug_line    0x00005821      0x47c LED.o
 .debug_line    0x00005c9d      0x8fe Main_Func.o
 .debug_line    0x0000659b      0x4c7 Nextion_Display.o
 .debug_line    0x00006a62      0x21d ring_buffer.o
 .debug_line    0x00006c7f      0xc8f FAT32.o
 .debug_line    0x0000790e      0x481 SD_routines.o
 .debug_line    0x00007d8f      0x686 ramp1.o
 .debug_line    0x00008415      0x305 Software_SPI.o
 .debug_line    0x0000871a      0x1e8 SPI.o
 .debug_line    0x00008902      0xd0a tmc4671.o
 .debug_line    0x0000960c      0x3f3 UART.o
 .debug_line    0x000099ff      0x34d main.o
 .debug_line    0x00009d4c       0x7a C:/Program Files (x86)/Atmel/Studio/7.0/Packs/atmel/ATmega_DFP/1.3.300/gcc/dev/atmega2560/avr6\libatmega2560.a(eerd_byte.o)

.debug_frame    0x00000000     0x2c7c
 *(.debug_frame)
 .debug_frame   0x00000000      0x860 Cocktail_functions.o
 .debug_frame   0x00000860      0x3f0 Cocktail_Statemachine.o
 .debug_frame   0x00000c50      0x2dc Getraenk.o
 .debug_frame   0x00000f2c       0x78 TAGS.o
 .debug_frame   0x00000fa4      0x18c Zutaten.o
 .debug_frame   0x00001130      0x19c LED.o
 .debug_frame   0x000012cc      0x29c Main_Func.o
 .debug_frame   0x00001568      0x198 Nextion_Display.o
 .debug_frame   0x00001700       0xdc ring_buffer.o
 .debug_frame   0x000017dc      0x3b8 FAT32.o
 .debug_frame   0x00001b94       0xec SD_routines.o
 .debug_frame   0x00001c80      0x318 ramp1.o
 .debug_frame   0x00001f98      0x108 Software_SPI.o
 .debug_frame   0x000020a0       0x74 SPI.o
 .debug_frame   0x00002114      0x844 tmc4671.o
 .debug_frame   0x00002958      0x300 UART.o
 .debug_frame   0x00002c58       0x24 main.o

.debug_str      0x00000000     0x3ab5
 *(.debug_str)
 .debug_str     0x00000000      0x3e6 C:/Program Files (x86)/Atmel/Studio/7.0/Packs/atmel/ATmega_DFP/1.3.300/gcc/dev/atmega2560/avr6/crtatmega2560.o
 .debug_str     0x000003e6     0x15ed Cocktail_functions.o
                               0x1747 (size before relaxing)
 .debug_str     0x000019d3      0x88e Cocktail_Statemachine.o
                               0x1c92 (size before relaxing)
 .debug_str     0x00002261      0x1a7 Getraenk.o
                               0x1107 (size before relaxing)
 .debug_str     0x00002408       0x68 TAGS.o
                                0x263 (size before relaxing)
 .debug_str     0x00002470      0x11d Zutaten.o
                                0xa15 (size before relaxing)
 .debug_str     0x0000258d       0xca LED.o
                                0x340 (size before relaxing)
 .debug_str     0x00002657      0x23e Main_Func.o
                                0xa07 (size before relaxing)
 .debug_str     0x00002895       0x52 Nextion_Display.o
                                0x7b1 (size before relaxing)
 .debug_str     0x000028e7       0x5a ring_buffer.o
                                0x1fd (size before relaxing)
 .debug_str     0x00002941      0x533 FAT32.o
                                0x928 (size before relaxing)
 .debug_str     0x00002e74       0x69 SD_routines.o
                                0x34f (size before relaxing)
 .debug_str     0x00002edd       0xf0 ramp1.o
                                0x61e (size before relaxing)
 .debug_str     0x00002fcd      0x104 Software_SPI.o
                                0x2c6 (size before relaxing)
 .debug_str     0x000030d1       0x5d SPI.o
                                0x250 (size before relaxing)
 .debug_str     0x0000312e      0x84e tmc4671.o
                                0xc23 (size before relaxing)
 .debug_str     0x0000397c       0x90 UART.o
                                0x36f (size before relaxing)
 .debug_str     0x00003a0c       0xa9 main.o
                                0xf8d (size before relaxing)

.debug_loc      0x00000000    0x10e47
 *(.debug_loc)
 .debug_loc     0x00000000     0x3630 Cocktail_functions.o
 .debug_loc     0x00003630     0x2126 Cocktail_Statemachine.o
 .debug_loc     0x00005756     0x12b2 Getraenk.o
 .debug_loc     0x00006a08      0x1f7 TAGS.o
 .debug_loc     0x00006bff      0x89a Zutaten.o
 .debug_loc     0x00007499      0x26f LED.o
 .debug_loc     0x00007708      0xa39 Main_Func.o
 .debug_loc     0x00008141      0x65a Nextion_Display.o
 .debug_loc     0x0000879b      0x58d ring_buffer.o
 .debug_loc     0x00008d28     0x1e95 FAT32.o
 .debug_loc     0x0000abbd      0x78d SD_routines.o
 .debug_loc     0x0000b34a      0xd57 ramp1.o
 .debug_loc     0x0000c0a1      0x357 Software_SPI.o
 .debug_loc     0x0000c3f8       0xc4 SPI.o
 .debug_loc     0x0000c4bc     0x4242 tmc4671.o
 .debug_loc     0x000106fe      0x749 UART.o

.debug_macinfo
 *(.debug_macinfo)

.debug_weaknames
 *(.debug_weaknames)

.debug_funcnames
 *(.debug_funcnames)

.debug_typenames
 *(.debug_typenames)

.debug_varnames
 *(.debug_varnames)

.debug_pubtypes
 *(.debug_pubtypes)

.debug_ranges   0x00000000      0xb00
 *(.debug_ranges)
 .debug_ranges  0x00000000      0x228 Cocktail_functions.o
 .debug_ranges  0x00000228      0x148 Cocktail_Statemachine.o
 .debug_ranges  0x00000370       0xc0 Getraenk.o
 .debug_ranges  0x00000430       0x20 TAGS.o
 .debug_ranges  0x00000450       0x58 Zutaten.o
 .debug_ranges  0x000004a8       0x78 LED.o
 .debug_ranges  0x00000520       0xf0 Main_Func.o
 .debug_ranges  0x00000610       0x58 Nextion_Display.o
 .debug_ranges  0x00000668       0x40 ring_buffer.o
 .debug_ranges  0x000006a8       0x98 FAT32.o
 .debug_ranges  0x00000740       0x30 SD_routines.o
 .debug_ranges  0x00000770       0x80 ramp1.o
 .debug_ranges  0x000007f0       0x60 Software_SPI.o
 .debug_ranges  0x00000850       0x38 SPI.o
 .debug_ranges  0x00000888      0x1e8 tmc4671.o
 .debug_ranges  0x00000a70       0x80 UART.o
 .debug_ranges  0x00000af0       0x10 main.o

.debug_macro
 *(.debug_macro)
OUTPUT(Mikrocontroller.elf elf32-avr)
LOAD linker stubs
