Archive member included to satisfy reference by file (symbol)

c:/program files (x86)/atmel/studio/7.0/toolchain/avr8/avr8-gnu-toolchain/bin/../lib/gcc/avr/5.4.0/avr6\libgcc.a(_mulsi3.o)
                              FAT32.o (__mulsi3)
c:/program files (x86)/atmel/studio/7.0/toolchain/avr8/avr8-gnu-toolchain/bin/../lib/gcc/avr/5.4.0/avr6\libgcc.a(_udivmodsi4.o)
                              FAT32.o (__udivmodsi4)
c:/program files (x86)/atmel/studio/7.0/toolchain/avr8/avr8-gnu-toolchain/bin/../lib/gcc/avr/5.4.0/avr6\libgcc.a(_divmodsi4.o)
                              tmc4671.o (__divmodsi4)
c:/program files (x86)/atmel/studio/7.0/toolchain/avr8/avr8-gnu-toolchain/bin/../lib/gcc/avr/5.4.0/avr6\libgcc.a(_negsi2.o)
                              c:/program files (x86)/atmel/studio/7.0/toolchain/avr8/avr8-gnu-toolchain/bin/../lib/gcc/avr/5.4.0/avr6\libgcc.a(_divmodsi4.o) (__negsi2)
c:/program files (x86)/atmel/studio/7.0/toolchain/avr8/avr8-gnu-toolchain/bin/../lib/gcc/avr/5.4.0/avr6\libgcc.a(_exit.o)
                              C:/Program Files (x86)/Atmel/Studio/7.0/Packs/atmel/ATmega_DFP/1.3.300/gcc/dev/atmega2560/avr6/crtatmega2560.o (exit)
c:/program files (x86)/atmel/studio/7.0/toolchain/avr8/avr8-gnu-toolchain/bin/../lib/gcc/avr/5.4.0/avr6\libgcc.a(_tablejump2.o)
                              Cocktail_functions.o (__tablejump2__)
c:/program files (x86)/atmel/studio/7.0/toolchain/avr8/avr8-gnu-toolchain/bin/../lib/gcc/avr/5.4.0/avr6\libgcc.a(_copy_data.o)
                              Cocktail_functions.o (__do_copy_data)
c:/program files (x86)/atmel/studio/7.0/toolchain/avr8/avr8-gnu-toolchain/bin/../lib/gcc/avr/5.4.0/avr6\libgcc.a(_clear_bss.o)
                              Cocktail_functions.o (__do_clear_bss)
c:/program files (x86)/atmel/studio/7.0/toolchain/avr8/avr8-gnu-toolchain/bin/../lib/gcc/avr/5.4.0/avr6\libgcc.a(_umulhisi3.o)
                              Cocktail_functions.o (__umulhisi3)
c:/program files (x86)/atmel/studio/7.0/toolchain/avr8/avr8-gnu-toolchain/bin/../lib/gcc/avr/5.4.0/avr6\libgcc.a(_usmulhisi3.o)
                              tmc4671.o (__usmulhisi3)
c:/program files (x86)/atmel/studio/7.0/toolchain/avr8/avr8-gnu-toolchain/bin/../lib/gcc/avr/5.4.0/avr6\libgcc.a(_muluhisi3.o)
                              FAT32.o (__muluhisi3)
c:/program files (x86)/atmel/studio/7.0/toolchain/avr8/avr8-gnu-toolchain/bin/../lib/gcc/avr/5.4.0/../../../../avr/lib/avr6\libc.a(calloc.o)
                              Getraenk.o (calloc)
c:/program files (x86)/atmel/studio/7.0/toolchain/avr8/avr8-gnu-toolchain/bin/../lib/gcc/avr/5.4.0/../../../../avr/lib/avr6\libc.a(malloc.o)
                              c:/program files (x86)/atmel/studio/7.0/toolchain/avr8/avr8-gnu-toolchain/bin/../lib/gcc/avr/5.4.0/../../../../avr/lib/avr6\libc.a(calloc.o) (malloc)
c:/program files (x86)/atmel/studio/7.0/toolchain/avr8/avr8-gnu-toolchain/bin/../lib/gcc/avr/5.4.0/../../../../avr/lib/avr6\libc.a(atoi.o)
                              Cocktail_functions.o (atoi)
c:/program files (x86)/atmel/studio/7.0/toolchain/avr8/avr8-gnu-toolchain/bin/../lib/gcc/avr/5.4.0/../../../../avr/lib/avr6\libc.a(strtok.o)
                              Cocktail_functions.o (strtok)
c:/program files (x86)/atmel/studio/7.0/toolchain/avr8/avr8-gnu-toolchain/bin/../lib/gcc/avr/5.4.0/../../../../avr/lib/avr6\libc.a(memset.o)
                              c:/program files (x86)/atmel/studio/7.0/toolchain/avr8/avr8-gnu-toolchain/bin/../lib/gcc/avr/5.4.0/../../../../avr/lib/avr6\libc.a(calloc.o) (memset)
c:/program files (x86)/atmel/studio/7.0/toolchain/avr8/avr8-gnu-toolchain/bin/../lib/gcc/avr/5.4.0/../../../../avr/lib/avr6\libc.a(strcat.o)
                              Cocktail_functions.o (strcat)
c:/program files (x86)/atmel/studio/7.0/toolchain/avr8/avr8-gnu-toolchain/bin/../lib/gcc/avr/5.4.0/../../../../avr/lib/avr6\libc.a(strcpy.o)
                              Cocktail_functions.o (strcpy)
c:/program files (x86)/atmel/studio/7.0/toolchain/avr8/avr8-gnu-toolchain/bin/../lib/gcc/avr/5.4.0/../../../../avr/lib/avr6\libc.a(strncpy.o)
                              Getraenk.o (strncpy)
c:/program files (x86)/atmel/studio/7.0/toolchain/avr8/avr8-gnu-toolchain/bin/../lib/gcc/avr/5.4.0/../../../../avr/lib/avr6\libc.a(strtok_r.o)
                              c:/program files (x86)/atmel/studio/7.0/toolchain/avr8/avr8-gnu-toolchain/bin/../lib/gcc/avr/5.4.0/../../../../avr/lib/avr6\libc.a(strtok.o) (strtok_r)
c:/program files (x86)/atmel/studio/7.0/toolchain/avr8/avr8-gnu-toolchain/bin/../lib/gcc/avr/5.4.0/../../../../avr/lib/avr6\libc.a(itoa_ncheck.o)
                              Cocktail_functions.o (__itoa_ncheck)
c:/program files (x86)/atmel/studio/7.0/toolchain/avr8/avr8-gnu-toolchain/bin/../lib/gcc/avr/5.4.0/../../../../avr/lib/avr6\libc.a(mul10.o)
                              c:/program files (x86)/atmel/studio/7.0/toolchain/avr8/avr8-gnu-toolchain/bin/../lib/gcc/avr/5.4.0/../../../../avr/lib/avr6\libc.a(atoi.o) (__mulhi_const_10)
c:/program files (x86)/atmel/studio/7.0/toolchain/avr8/avr8-gnu-toolchain/bin/../lib/gcc/avr/5.4.0/../../../../avr/lib/avr6\libc.a(utoa_ncheck.o)
                              c:/program files (x86)/atmel/studio/7.0/toolchain/avr8/avr8-gnu-toolchain/bin/../lib/gcc/avr/5.4.0/../../../../avr/lib/avr6\libc.a(itoa_ncheck.o) (__utoa_common)
c:/program files (x86)/atmel/studio/7.0/toolchain/avr8/avr8-gnu-toolchain/bin/../lib/gcc/avr/5.4.0/../../../../avr/lib/avr6\libc.a(strrev.o)
                              c:/program files (x86)/atmel/studio/7.0/toolchain/avr8/avr8-gnu-toolchain/bin/../lib/gcc/avr/5.4.0/../../../../avr/lib/avr6\libc.a(utoa_ncheck.o) (strrev)
C:/Program Files (x86)/Atmel/Studio/7.0/Packs/atmel/ATmega_DFP/1.3.300/gcc/dev/atmega2560/avr6\libatmega2560.a(eerd_byte.o)
                              Getraenk.o (eeprom_read_byte)
C:/Program Files (x86)/Atmel/Studio/7.0/Packs/atmel/ATmega_DFP/1.3.300/gcc/dev/atmega2560/avr6\libatmega2560.a(eewr_byte.o)
                              Getraenk.o (eeprom_write_byte)

Allocating common symbols
Common symbol       size              file

rb_tx_PC            0x101             Cocktail_functions.o
tail_getraenk_file  0x2               Cocktail_functions.o
head_getraenk       0x2               Cocktail_functions.o
rb_tx_Display       0x101             Cocktail_functions.o
Liste               0x1               Cocktail_functions.o
tail_getraenk       0x2               Cocktail_functions.o
appendFileLocation  0x4               Cocktail_functions.o
address_zut         0x2               Cocktail_functions.o
fileName            0xd               Cocktail_functions.o
firstDataSector     0x4               Cocktail_functions.o
INPUT_UART_0        0x100             main.o
ptr_tx_completed_1  0x2               UART.o
fileSize            0x4               Cocktail_functions.o
bytesPerSector      0x2               Cocktail_functions.o
totalClusters       0x4               Cocktail_functions.o
option              0x1               Cocktail_functions.o
aktuellesGetraenk_file
                    0x2               Cocktail_functions.o
head_getraenk_file  0x2               Cocktail_functions.o
Grossschreib        0x1               Cocktail_functions.o
head_zut            0x2               Cocktail_functions.o
rootCluster         0x4               Cocktail_functions.o
__brkval            0x2               c:/program files (x86)/atmel/studio/7.0/toolchain/avr8/avr8-gnu-toolchain/bin/../lib/gcc/avr/5.4.0/../../../../avr/lib/avr6\libc.a(malloc.o)
block_list_runter   0x1               Cocktail_functions.o
rb_rx_ESP           0x101             Cocktail_functions.o
startBlock          0x4               Cocktail_functions.o
i                   0x2               Cocktail_functions.o
rb_rx_Display       0x101             Cocktail_functions.o
buffer              0x200             Cocktail_functions.o
SPI_Slave           0x1               Cocktail_functions.o
sectorPerCluster    0x2               Cocktail_functions.o
gui_buttons_0       0x1               Cocktail_functions.o
ptr_tx_completed_2  0x2               UART.o
block_list_hoch     0x1               Cocktail_functions.o
unusedSectors       0x4               Cocktail_functions.o
SDHC_flag           0x1               Cocktail_functions.o
INPUT_UART_1        0x100             main.o
counter             0x1               Cocktail_functions.o
totalBlocks         0x4               Cocktail_functions.o
data                0x1               Cocktail_functions.o
buff_name           0x15              Cocktail_functions.o
reservedSectorCount
                    0x2               Cocktail_functions.o
ptr_Uart_1          0x2               main.o
ptr_tx_completed_3  0x2               UART.o
rb_rx_PC            0x101             Cocktail_functions.o
rb_tx_ESP           0x101             Cocktail_functions.o
address_getraenk    0x2               Cocktail_functions.o
appendStartCluster  0x4               Cocktail_functions.o
cardType            0x1               Cocktail_functions.o
error               0x1               Cocktail_functions.o
gui_pages           0x1               Cocktail_functions.o
tail_zut            0x2               Cocktail_functions.o
i_Liste             0x1               Cocktail_functions.o
__flp               0x2               c:/program files (x86)/atmel/studio/7.0/toolchain/avr8/avr8-gnu-toolchain/bin/../lib/gcc/avr/5.4.0/../../../../avr/lib/avr6\libc.a(malloc.o)
ptr_SPI_w_completed
                    0x2               SPI.o
INPUT_UART_2        0x100             main.o
freeClusterCountUpdated
                    0x1               Cocktail_functions.o
stop                0x1               Cocktail_functions.o
FAT32_active        0x1               Cocktail_functions.o
appendFileSector    0x4               Cocktail_functions.o
aktuellesGetraenk   0x2               Cocktail_functions.o
aktuelleZutat       0x2               Cocktail_functions.o
ptr_tx_completed_0  0x2               UART.o
SPI_State           0x1               Cocktail_functions.o

Discarded input sections

 .data          0x00000000        0x0 C:/Program Files (x86)/Atmel/Studio/7.0/Packs/atmel/ATmega_DFP/1.3.300/gcc/dev/atmega2560/avr6/crtatmega2560.o
 .bss           0x00000000        0x0 C:/Program Files (x86)/Atmel/Studio/7.0/Packs/atmel/ATmega_DFP/1.3.300/gcc/dev/atmega2560/avr6/crtatmega2560.o
 .text          0x00000000        0x0 Cocktail_functions.o
 .data          0x00000000        0x0 Cocktail_functions.o
 .bss           0x00000000        0x0 Cocktail_functions.o
 .text.lese_sensor
                0x00000000       0x74 Cocktail_functions.o
 .progmem.gcc_sw_table.lese_sensor
                0x00000000       0x18 Cocktail_functions.o
 .text.erstelle_bearb_Cocktailliste
                0x00000000      0x144 Cocktail_functions.o
 .text          0x00000000        0x0 Cocktail_Statemachine.o
 .data          0x00000000        0x0 Cocktail_Statemachine.o
 .bss           0x00000000        0x0 Cocktail_Statemachine.o
 .text.check_zubbildschirm
                0x00000000        0x2 Cocktail_Statemachine.o
 .text.check_fehleranzeige
                0x00000000        0x2 Cocktail_Statemachine.o
 .text          0x00000000        0x0 Getraenk.o
 .data          0x00000000        0x0 Getraenk.o
 .bss           0x00000000        0x0 Getraenk.o
 .text.showlist
                0x00000000      0x158 Getraenk.o
 .text.printlist
                0x00000000       0x76 Getraenk.o
 .text.length_list
                0x00000000       0x20 Getraenk.o
 .text.find_getraenk
                0x00000000       0x3e Getraenk.o
 .text.insert_after_getraenk
                0x00000000       0x14 Getraenk.o
 .text.add_drink_to_eeprom
                0x00000000      0x19a Getraenk.o
 .text.count_eeprom_drinks
                0x00000000        0x4 Getraenk.o
 .text.read_drink_from_eemprom
                0x00000000      0x1a2 Getraenk.o
 .text.add_EEPROM_drinks_to_list
                0x00000000       0x2e Getraenk.o
 .text.delete_EEPROM
                0x00000000       0x2a Getraenk.o
 .text          0x00000000        0x0 Zutaten.o
 .data          0x00000000        0x0 Zutaten.o
 .bss           0x00000000        0x0 Zutaten.o
 .text          0x00000000        0x0 Main_Func.o
 .data          0x00000000        0x0 Main_Func.o
 .bss           0x00000000        0x0 Main_Func.o
 .text.toggle_LED
                0x00000000        0xa Main_Func.o
 .text.heartbeat_LED
                0x00000000       0x18 Main_Func.o
 .text          0x00000000        0x0 Nextion_Display.o
 .data          0x00000000        0x0 Nextion_Display.o
 .bss           0x00000000        0x0 Nextion_Display.o
 .text          0x00000000        0x0 mfrc522.o
 .data          0x00000000        0x0 mfrc522.o
 .bss           0x00000000        0x0 mfrc522.o
 .text.mfrc522_write
                0x00000000       0x32 mfrc522.o
 .text.mfrc522_read
                0x00000000       0x2a mfrc522.o
 .text.mfrc522_reset
                0x00000000        0xa mfrc522.o
 .rodata.str1.1
                0x00000000       0x62 mfrc522.o
 .text.mfrc522_init
                0x00000000       0x88 mfrc522.o
 .text.mfrc522_to_card
                0x00000000      0x25e mfrc522.o
 .text.mfrc522_request
                0x00000000       0x68 mfrc522.o
 .text.mfrc522_get_card_serial
                0x00000000       0x70 mfrc522.o
 .text.check_Communication_Input_MFRC522
                0x00000000       0xee mfrc522.o
 .debug_info    0x00000000      0xbc7 mfrc522.o
 .debug_abbrev  0x00000000      0x230 mfrc522.o
 .debug_loc     0x00000000      0x8c5 mfrc522.o
 .debug_aranges
                0x00000000       0x58 mfrc522.o
 .debug_ranges  0x00000000       0x48 mfrc522.o
 .debug_line    0x00000000      0x543 mfrc522.o
 .debug_str     0x00000000      0x40c mfrc522.o
 .comment       0x00000000       0x31 mfrc522.o
 .debug_frame   0x00000000      0x164 mfrc522.o
 .text          0x00000000        0x0 ring_buffer.o
 .data          0x00000000        0x0 ring_buffer.o
 .bss           0x00000000        0x0 ring_buffer.o
 .text.RB_read  0x00000000       0x68 ring_buffer.o
 .text          0x00000000        0x0 FAT32.o
 .data          0x00000000        0x0 FAT32.o
 .bss           0x00000000        0x0 FAT32.o
 .text.memoryStatistics
                0x00000000      0x270 FAT32.o
 .text          0x00000000        0x0 SD_routines.o
 .data          0x00000000        0x0 SD_routines.o
 .bss           0x00000000        0x0 SD_routines.o
 .text.SD_erase
                0x00000000       0x62 SD_routines.o
 .text          0x00000000        0x0 SPI.o
 .data          0x00000000        0x0 SPI.o
 .bss           0x00000000        0x0 SPI.o
 .text.spi_transmit_IT
                0x00000000       0x1e SPI.o
 COMMON         0x00000000        0x2 SPI.o
 .text          0x00000000        0x0 tmc4671.o
 .data          0x00000000        0x0 tmc4671.o
 .bss           0x00000000        0x0 tmc4671.o
 .text.tmc40bit_writeInt
                0x00000000       0x4c tmc4671.o
 .text.tmc4671_writeDatagram
                0x00000000       0x2c tmc4671.o
 .text.tmc4671_writeInt
                0x00000000        0x6 tmc4671.o
 .text.tmc40bit_readInt
                0x00000000       0x44 tmc4671.o
 .text.tmc4671_readInt
                0x00000000       0x1e tmc4671.o
 .text.TMC4671_init
                0x00000000       0xd0 tmc4671.o
 .text.initTMC4671_Encoder
                0x00000000       0x88 tmc4671.o
 .text.initTMC4671_Openloop
                0x00000000       0xd4 tmc4671.o
 .text.tmc4671_readRegister16BitValue
                0x00000000       0x30 tmc4671.o
 .text.tmc4671_writeRegister16BitValue
                0x00000000       0x66 tmc4671.o
 .text.tmc4671_switchToMotionMode
                0x00000000       0x34 tmc4671.o
 .text.tmc4671_setTargetTorque_raw
                0x00000000       0x2e tmc4671.o
 .text.tmc4671_getTargetTorque_raw
                0x00000000       0x58 tmc4671.o
 .text.tmc4671_getActualTorque_raw
                0x00000000       0x1a tmc4671.o
 .text.tmc4671_getActualRampTorque_raw
                0x00000000        0x8 tmc4671.o
 .text.tmc4671_setTargetTorque_mA
                0x00000000       0x48 tmc4671.o
 .text.tmc4671_getTargetTorque_mA
                0x00000000       0x3e tmc4671.o
 .text.tmc4671_getActualTorque_mA
                0x00000000       0x3e tmc4671.o
 .text.tmc4671_getTargetTorqueFluxSum_mA
                0x00000000       0xba tmc4671.o
 .text.tmc4671_getActualTorqueFluxSum_mA
                0x00000000       0x5c tmc4671.o
 .text.tmc4671_getActualRampTorque_mA
                0x00000000        0x8 tmc4671.o
 .text.tmc4671_setTargetFlux_raw
                0x00000000        0xc tmc4671.o
 .text.tmc4671_getTargetFlux_raw
                0x00000000       0x5a tmc4671.o
 .text.tmc4671_getActualFlux_raw
                0x00000000       0x12 tmc4671.o
 .text.tmc4671_setTargetFlux_mA
                0x00000000       0x26 tmc4671.o
 .text.tmc4671_getTargetFlux_mA
                0x00000000       0x3e tmc4671.o
 .text.tmc4671_getActualFlux_mA
                0x00000000       0x40 tmc4671.o
 .text.tmc4671_setTorqueFluxLimit_mA
                0x00000000       0x26 tmc4671.o
 .text.tmc4671_getTorqueFluxLimit_mA
                0x00000000       0x40 tmc4671.o
 .text.tmc4671_setTargetVelocity
                0x00000000       0x30 tmc4671.o
 .text.tmc4671_getTargetVelocity
                0x00000000       0x12 tmc4671.o
 .text.tmc4671_getActualVelocity
                0x00000000       0x12 tmc4671.o
 .text.tmc4671_getActualRampVelocity
                0x00000000        0x8 tmc4671.o
 .text.tmc4671_setAbsolutTargetPosition
                0x00000000       0x30 tmc4671.o
 .text.tmc4671_setRelativeTargetPosition
                0x00000000       0x4c tmc4671.o
 .text.tmc4671_getTargetPosition
                0x00000000       0x12 tmc4671.o
 .text.tmc4671_setActualPosition
                0x00000000        0xe tmc4671.o
 .text.tmc4671_getActualPosition
                0x00000000       0x12 tmc4671.o
 .text.tmc4671_getActualRampPosition
                0x00000000        0x8 tmc4671.o
 .text.tmc4671_doEncoderInitializationMode0
                0x00000000      0x12e tmc4671.o
 .text.tmc4671_getS16CircleDifference
                0x00000000        0x6 tmc4671.o
 .text.tmc4671_doEncoderInitializationMode2
                0x00000000      0x112 tmc4671.o
 .text.tmc4671_checkEncderInitialization
                0x00000000       0x96 tmc4671.o
 .text.tmc4671_periodicJob
                0x00000000       0x26 tmc4671.o
 .text.tmc4671_startEncoderInitialization
                0x00000000       0x28 tmc4671.o
 .text.tmc4671_updatePhiSelectionAndInitialize
                0x00000000       0x4e tmc4671.o
 .text.tmc4671_disablePWM
                0x00000000       0x10 tmc4671.o
 .text.tmc4671_getMotorType
                0x00000000       0x14 tmc4671.o
 .text.tmc4671_setMotorType
                0x00000000       0x2c tmc4671.o
 .text.tmc4671_getPolePairs
                0x00000000        0xa tmc4671.o
 .text.tmc4671_setPolePairs
                0x00000000       0x2c tmc4671.o
 .text.tmc4671_getAdcI0Offset
                0x00000000        0xa tmc4671.o
 .text.tmc4671_setAdcI0Offset
                0x00000000       0x2e tmc4671.o
 .text.tmc4671_getAdcI1Offset
                0x00000000        0xa tmc4671.o
 .text.tmc4671_setAdcI1Offset
                0x00000000       0x2e tmc4671.o
 .text.tmc4671_setTorqueFluxPI
                0x00000000       0x50 tmc4671.o
 .text.tmc4671_setVelocityPI
                0x00000000       0x44 tmc4671.o
 .text.tmc4671_setPositionPI
                0x00000000       0x44 tmc4671.o
 .text.tmc4671_readFieldWithDependency
                0x00000000       0x9a tmc4671.o
 .bss.lastSystick.2390
                0x00000000        0x4 tmc4671.o
 .bss.actual_coarse_offset.2373
                0x00000000        0x2 tmc4671.o
 .bss.hall_phi_e_old.2371
                0x00000000        0x2 tmc4671.o
 .bss.last_PHI_E_EXT.2355
                0x00000000        0x2 tmc4671.o
 .bss.last_UQ_UD_EXT.2354
                0x00000000        0x4 tmc4671.o
 .bss.last_Phi_E_Selection.2353
                0x00000000        0x2 tmc4671.o
 .debug_info    0x00000000     0x329d tmc4671.o
 .debug_abbrev  0x00000000      0x36f tmc4671.o
 .debug_loc     0x00000000     0x3bb5 tmc4671.o
 .debug_aranges
                0x00000000      0x1f0 tmc4671.o
 .debug_ranges  0x00000000      0x1e0 tmc4671.o
 .debug_line    0x00000000      0xae9 tmc4671.o
 .debug_str     0x00000000      0xb3e tmc4671.o
 .comment       0x00000000       0x31 tmc4671.o
 .debug_frame   0x00000000      0x7b0 tmc4671.o
 .text          0x00000000        0x0 TMC6200.o
 .data          0x00000000        0x0 TMC6200.o
 .bss           0x00000000        0x0 TMC6200.o
 .text.tmc6200_writeInt
                0x00000000       0x42 TMC6200.o
 .text.initTMC6200
                0x00000000       0x22 TMC6200.o
 .text          0x00000000        0x0 UART.o
 .data          0x00000000        0x0 UART.o
 .bss           0x00000000        0x0 UART.o
 .text.Uart_Transmit_IT_ESP
                0x00000000       0x26 UART.o
 .text.receiveByte
                0x00000000       0x16 UART.o
 .rodata.str1.1
                0x00000000        0xb UART.o
 .text.transmitHex
                0x00000000       0x92 UART.o
 .text          0x00000000        0x0 main.o
 .data          0x00000000        0x0 main.o
 .bss           0x00000000        0x0 main.o
 .bss.UART_recieved_finished_2
                0x00000000        0x1 main.o
 .bss.UART_recieved_finished_1
                0x00000000        0x1 main.o
 .bss.UART_recieved_finished_0
                0x00000000        0x1 main.o
 .text          0x00000000        0x0 c:/program files (x86)/atmel/studio/7.0/toolchain/avr8/avr8-gnu-toolchain/bin/../lib/gcc/avr/5.4.0/avr6\libgcc.a(_mulsi3.o)
 .data          0x00000000        0x0 c:/program files (x86)/atmel/studio/7.0/toolchain/avr8/avr8-gnu-toolchain/bin/../lib/gcc/avr/5.4.0/avr6\libgcc.a(_mulsi3.o)
 .bss           0x00000000        0x0 c:/program files (x86)/atmel/studio/7.0/toolchain/avr8/avr8-gnu-toolchain/bin/../lib/gcc/avr/5.4.0/avr6\libgcc.a(_mulsi3.o)
 .text.libgcc.div
                0x00000000        0x0 c:/program files (x86)/atmel/studio/7.0/toolchain/avr8/avr8-gnu-toolchain/bin/../lib/gcc/avr/5.4.0/avr6\libgcc.a(_mulsi3.o)
 .text.libgcc   0x00000000        0x0 c:/program files (x86)/atmel/studio/7.0/toolchain/avr8/avr8-gnu-toolchain/bin/../lib/gcc/avr/5.4.0/avr6\libgcc.a(_mulsi3.o)
 .text.libgcc.prologue
                0x00000000        0x0 c:/program files (x86)/atmel/studio/7.0/toolchain/avr8/avr8-gnu-toolchain/bin/../lib/gcc/avr/5.4.0/avr6\libgcc.a(_mulsi3.o)
 .text.libgcc.builtins
                0x00000000        0x0 c:/program files (x86)/atmel/studio/7.0/toolchain/avr8/avr8-gnu-toolchain/bin/../lib/gcc/avr/5.4.0/avr6\libgcc.a(_mulsi3.o)
 .text.libgcc.fmul
                0x00000000        0x0 c:/program files (x86)/atmel/studio/7.0/toolchain/avr8/avr8-gnu-toolchain/bin/../lib/gcc/avr/5.4.0/avr6\libgcc.a(_mulsi3.o)
 .text.libgcc.fixed
                0x00000000        0x0 c:/program files (x86)/atmel/studio/7.0/toolchain/avr8/avr8-gnu-toolchain/bin/../lib/gcc/avr/5.4.0/avr6\libgcc.a(_mulsi3.o)
 .text          0x00000000        0x0 c:/program files (x86)/atmel/studio/7.0/toolchain/avr8/avr8-gnu-toolchain/bin/../lib/gcc/avr/5.4.0/avr6\libgcc.a(_udivmodsi4.o)
 .data          0x00000000        0x0 c:/program files (x86)/atmel/studio/7.0/toolchain/avr8/avr8-gnu-toolchain/bin/../lib/gcc/avr/5.4.0/avr6\libgcc.a(_udivmodsi4.o)
 .bss           0x00000000        0x0 c:/program files (x86)/atmel/studio/7.0/toolchain/avr8/avr8-gnu-toolchain/bin/../lib/gcc/avr/5.4.0/avr6\libgcc.a(_udivmodsi4.o)
 .text.libgcc.mul
                0x00000000        0x0 c:/program files (x86)/atmel/studio/7.0/toolchain/avr8/avr8-gnu-toolchain/bin/../lib/gcc/avr/5.4.0/avr6\libgcc.a(_udivmodsi4.o)
 .text.libgcc   0x00000000        0x0 c:/program files (x86)/atmel/studio/7.0/toolchain/avr8/avr8-gnu-toolchain/bin/../lib/gcc/avr/5.4.0/avr6\libgcc.a(_udivmodsi4.o)
 .text.libgcc.prologue
                0x00000000        0x0 c:/program files (x86)/atmel/studio/7.0/toolchain/avr8/avr8-gnu-toolchain/bin/../lib/gcc/avr/5.4.0/avr6\libgcc.a(_udivmodsi4.o)
 .text.libgcc.builtins
                0x00000000        0x0 c:/program files (x86)/atmel/studio/7.0/toolchain/avr8/avr8-gnu-toolchain/bin/../lib/gcc/avr/5.4.0/avr6\libgcc.a(_udivmodsi4.o)
 .text.libgcc.fmul
                0x00000000        0x0 c:/program files (x86)/atmel/studio/7.0/toolchain/avr8/avr8-gnu-toolchain/bin/../lib/gcc/avr/5.4.0/avr6\libgcc.a(_udivmodsi4.o)
 .text.libgcc.fixed
                0x00000000        0x0 c:/program files (x86)/atmel/studio/7.0/toolchain/avr8/avr8-gnu-toolchain/bin/../lib/gcc/avr/5.4.0/avr6\libgcc.a(_udivmodsi4.o)
 .text          0x00000000        0x0 c:/program files (x86)/atmel/studio/7.0/toolchain/avr8/avr8-gnu-toolchain/bin/../lib/gcc/avr/5.4.0/avr6\libgcc.a(_divmodsi4.o)
 .data          0x00000000        0x0 c:/program files (x86)/atmel/studio/7.0/toolchain/avr8/avr8-gnu-toolchain/bin/../lib/gcc/avr/5.4.0/avr6\libgcc.a(_divmodsi4.o)
 .bss           0x00000000        0x0 c:/program files (x86)/atmel/studio/7.0/toolchain/avr8/avr8-gnu-toolchain/bin/../lib/gcc/avr/5.4.0/avr6\libgcc.a(_divmodsi4.o)
 .text.libgcc.mul
                0x00000000        0x0 c:/program files (x86)/atmel/studio/7.0/toolchain/avr8/avr8-gnu-toolchain/bin/../lib/gcc/avr/5.4.0/avr6\libgcc.a(_divmodsi4.o)
 .text.libgcc.div
                0x00000000       0x2e c:/program files (x86)/atmel/studio/7.0/toolchain/avr8/avr8-gnu-toolchain/bin/../lib/gcc/avr/5.4.0/avr6\libgcc.a(_divmodsi4.o)
 .text.libgcc   0x00000000        0x0 c:/program files (x86)/atmel/studio/7.0/toolchain/avr8/avr8-gnu-toolchain/bin/../lib/gcc/avr/5.4.0/avr6\libgcc.a(_divmodsi4.o)
 .text.libgcc.prologue
                0x00000000        0x0 c:/program files (x86)/atmel/studio/7.0/toolchain/avr8/avr8-gnu-toolchain/bin/../lib/gcc/avr/5.4.0/avr6\libgcc.a(_divmodsi4.o)
 .text.libgcc.builtins
                0x00000000        0x0 c:/program files (x86)/atmel/studio/7.0/toolchain/avr8/avr8-gnu-toolchain/bin/../lib/gcc/avr/5.4.0/avr6\libgcc.a(_divmodsi4.o)
 .text.libgcc.fmul
                0x00000000        0x0 c:/program files (x86)/atmel/studio/7.0/toolchain/avr8/avr8-gnu-toolchain/bin/../lib/gcc/avr/5.4.0/avr6\libgcc.a(_divmodsi4.o)
 .text.libgcc.fixed
                0x00000000        0x0 c:/program files (x86)/atmel/studio/7.0/toolchain/avr8/avr8-gnu-toolchain/bin/../lib/gcc/avr/5.4.0/avr6\libgcc.a(_divmodsi4.o)
 .text          0x00000000        0x0 c:/program files (x86)/atmel/studio/7.0/toolchain/avr8/avr8-gnu-toolchain/bin/../lib/gcc/avr/5.4.0/avr6\libgcc.a(_negsi2.o)
 .data          0x00000000        0x0 c:/program files (x86)/atmel/studio/7.0/toolchain/avr8/avr8-gnu-toolchain/bin/../lib/gcc/avr/5.4.0/avr6\libgcc.a(_negsi2.o)
 .bss           0x00000000        0x0 c:/program files (x86)/atmel/studio/7.0/toolchain/avr8/avr8-gnu-toolchain/bin/../lib/gcc/avr/5.4.0/avr6\libgcc.a(_negsi2.o)
 .text.libgcc.mul
                0x00000000        0x0 c:/program files (x86)/atmel/studio/7.0/toolchain/avr8/avr8-gnu-toolchain/bin/../lib/gcc/avr/5.4.0/avr6\libgcc.a(_negsi2.o)
 .text.libgcc.div
                0x00000000       0x10 c:/program files (x86)/atmel/studio/7.0/toolchain/avr8/avr8-gnu-toolchain/bin/../lib/gcc/avr/5.4.0/avr6\libgcc.a(_negsi2.o)
 .text.libgcc   0x00000000        0x0 c:/program files (x86)/atmel/studio/7.0/toolchain/avr8/avr8-gnu-toolchain/bin/../lib/gcc/avr/5.4.0/avr6\libgcc.a(_negsi2.o)
 .text.libgcc.prologue
                0x00000000        0x0 c:/program files (x86)/atmel/studio/7.0/toolchain/avr8/avr8-gnu-toolchain/bin/../lib/gcc/avr/5.4.0/avr6\libgcc.a(_negsi2.o)
 .text.libgcc.builtins
                0x00000000        0x0 c:/program files (x86)/atmel/studio/7.0/toolchain/avr8/avr8-gnu-toolchain/bin/../lib/gcc/avr/5.4.0/avr6\libgcc.a(_negsi2.o)
 .text.libgcc.fmul
                0x00000000        0x0 c:/program files (x86)/atmel/studio/7.0/toolchain/avr8/avr8-gnu-toolchain/bin/../lib/gcc/avr/5.4.0/avr6\libgcc.a(_negsi2.o)
 .text.libgcc.fixed
                0x00000000        0x0 c:/program files (x86)/atmel/studio/7.0/toolchain/avr8/avr8-gnu-toolchain/bin/../lib/gcc/avr/5.4.0/avr6\libgcc.a(_negsi2.o)
 .text          0x00000000        0x0 c:/program files (x86)/atmel/studio/7.0/toolchain/avr8/avr8-gnu-toolchain/bin/../lib/gcc/avr/5.4.0/avr6\libgcc.a(_exit.o)
 .data          0x00000000        0x0 c:/program files (x86)/atmel/studio/7.0/toolchain/avr8/avr8-gnu-toolchain/bin/../lib/gcc/avr/5.4.0/avr6\libgcc.a(_exit.o)
 .bss           0x00000000        0x0 c:/program files (x86)/atmel/studio/7.0/toolchain/avr8/avr8-gnu-toolchain/bin/../lib/gcc/avr/5.4.0/avr6\libgcc.a(_exit.o)
 .text.libgcc.mul
                0x00000000        0x0 c:/program files (x86)/atmel/studio/7.0/toolchain/avr8/avr8-gnu-toolchain/bin/../lib/gcc/avr/5.4.0/avr6\libgcc.a(_exit.o)
 .text.libgcc.div
                0x00000000        0x0 c:/program files (x86)/atmel/studio/7.0/toolchain/avr8/avr8-gnu-toolchain/bin/../lib/gcc/avr/5.4.0/avr6\libgcc.a(_exit.o)
 .text.libgcc   0x00000000        0x0 c:/program files (x86)/atmel/studio/7.0/toolchain/avr8/avr8-gnu-toolchain/bin/../lib/gcc/avr/5.4.0/avr6\libgcc.a(_exit.o)
 .text.libgcc.prologue
                0x00000000        0x0 c:/program files (x86)/atmel/studio/7.0/toolchain/avr8/avr8-gnu-toolchain/bin/../lib/gcc/avr/5.4.0/avr6\libgcc.a(_exit.o)
 .text.libgcc.builtins
                0x00000000        0x0 c:/program files (x86)/atmel/studio/7.0/toolchain/avr8/avr8-gnu-toolchain/bin/../lib/gcc/avr/5.4.0/avr6\libgcc.a(_exit.o)
 .text.libgcc.fmul
                0x00000000        0x0 c:/program files (x86)/atmel/studio/7.0/toolchain/avr8/avr8-gnu-toolchain/bin/../lib/gcc/avr/5.4.0/avr6\libgcc.a(_exit.o)
 .text.libgcc.fixed
                0x00000000        0x0 c:/program files (x86)/atmel/studio/7.0/toolchain/avr8/avr8-gnu-toolchain/bin/../lib/gcc/avr/5.4.0/avr6\libgcc.a(_exit.o)
 .text          0x00000000        0x0 c:/program files (x86)/atmel/studio/7.0/toolchain/avr8/avr8-gnu-toolchain/bin/../lib/gcc/avr/5.4.0/avr6\libgcc.a(_tablejump2.o)
 .data          0x00000000        0x0 c:/program files (x86)/atmel/studio/7.0/toolchain/avr8/avr8-gnu-toolchain/bin/../lib/gcc/avr/5.4.0/avr6\libgcc.a(_tablejump2.o)
 .bss           0x00000000        0x0 c:/program files (x86)/atmel/studio/7.0/toolchain/avr8/avr8-gnu-toolchain/bin/../lib/gcc/avr/5.4.0/avr6\libgcc.a(_tablejump2.o)
 .text.libgcc.mul
                0x00000000        0x0 c:/program files (x86)/atmel/studio/7.0/toolchain/avr8/avr8-gnu-toolchain/bin/../lib/gcc/avr/5.4.0/avr6\libgcc.a(_tablejump2.o)
 .text.libgcc.div
                0x00000000        0x0 c:/program files (x86)/atmel/studio/7.0/toolchain/avr8/avr8-gnu-toolchain/bin/../lib/gcc/avr/5.4.0/avr6\libgcc.a(_tablejump2.o)
 .text.libgcc.prologue
                0x00000000        0x0 c:/program files (x86)/atmel/studio/7.0/toolchain/avr8/avr8-gnu-toolchain/bin/../lib/gcc/avr/5.4.0/avr6\libgcc.a(_tablejump2.o)
 .text.libgcc.builtins
                0x00000000        0x0 c:/program files (x86)/atmel/studio/7.0/toolchain/avr8/avr8-gnu-toolchain/bin/../lib/gcc/avr/5.4.0/avr6\libgcc.a(_tablejump2.o)
 .text.libgcc.fmul
                0x00000000        0x0 c:/program files (x86)/atmel/studio/7.0/toolchain/avr8/avr8-gnu-toolchain/bin/../lib/gcc/avr/5.4.0/avr6\libgcc.a(_tablejump2.o)
 .text.libgcc.fixed
                0x00000000        0x0 c:/program files (x86)/atmel/studio/7.0/toolchain/avr8/avr8-gnu-toolchain/bin/../lib/gcc/avr/5.4.0/avr6\libgcc.a(_tablejump2.o)
 .text          0x00000000        0x0 c:/program files (x86)/atmel/studio/7.0/toolchain/avr8/avr8-gnu-toolchain/bin/../lib/gcc/avr/5.4.0/avr6\libgcc.a(_copy_data.o)
 .data          0x00000000        0x0 c:/program files (x86)/atmel/studio/7.0/toolchain/avr8/avr8-gnu-toolchain/bin/../lib/gcc/avr/5.4.0/avr6\libgcc.a(_copy_data.o)
 .bss           0x00000000        0x0 c:/program files (x86)/atmel/studio/7.0/toolchain/avr8/avr8-gnu-toolchain/bin/../lib/gcc/avr/5.4.0/avr6\libgcc.a(_copy_data.o)
 .text.libgcc.mul
                0x00000000        0x0 c:/program files (x86)/atmel/studio/7.0/toolchain/avr8/avr8-gnu-toolchain/bin/../lib/gcc/avr/5.4.0/avr6\libgcc.a(_copy_data.o)
 .text.libgcc.div
                0x00000000        0x0 c:/program files (x86)/atmel/studio/7.0/toolchain/avr8/avr8-gnu-toolchain/bin/../lib/gcc/avr/5.4.0/avr6\libgcc.a(_copy_data.o)
 .text.libgcc   0x00000000        0x0 c:/program files (x86)/atmel/studio/7.0/toolchain/avr8/avr8-gnu-toolchain/bin/../lib/gcc/avr/5.4.0/avr6\libgcc.a(_copy_data.o)
 .text.libgcc.prologue
                0x00000000        0x0 c:/program files (x86)/atmel/studio/7.0/toolchain/avr8/avr8-gnu-toolchain/bin/../lib/gcc/avr/5.4.0/avr6\libgcc.a(_copy_data.o)
 .text.libgcc.builtins
                0x00000000        0x0 c:/program files (x86)/atmel/studio/7.0/toolchain/avr8/avr8-gnu-toolchain/bin/../lib/gcc/avr/5.4.0/avr6\libgcc.a(_copy_data.o)
 .text.libgcc.fmul
                0x00000000        0x0 c:/program files (x86)/atmel/studio/7.0/toolchain/avr8/avr8-gnu-toolchain/bin/../lib/gcc/avr/5.4.0/avr6\libgcc.a(_copy_data.o)
 .text.libgcc.fixed
                0x00000000        0x0 c:/program files (x86)/atmel/studio/7.0/toolchain/avr8/avr8-gnu-toolchain/bin/../lib/gcc/avr/5.4.0/avr6\libgcc.a(_copy_data.o)
 .text          0x00000000        0x0 c:/program files (x86)/atmel/studio/7.0/toolchain/avr8/avr8-gnu-toolchain/bin/../lib/gcc/avr/5.4.0/avr6\libgcc.a(_clear_bss.o)
 .data          0x00000000        0x0 c:/program files (x86)/atmel/studio/7.0/toolchain/avr8/avr8-gnu-toolchain/bin/../lib/gcc/avr/5.4.0/avr6\libgcc.a(_clear_bss.o)
 .bss           0x00000000        0x0 c:/program files (x86)/atmel/studio/7.0/toolchain/avr8/avr8-gnu-toolchain/bin/../lib/gcc/avr/5.4.0/avr6\libgcc.a(_clear_bss.o)
 .text.libgcc.mul
                0x00000000        0x0 c:/program files (x86)/atmel/studio/7.0/toolchain/avr8/avr8-gnu-toolchain/bin/../lib/gcc/avr/5.4.0/avr6\libgcc.a(_clear_bss.o)
 .text.libgcc.div
                0x00000000        0x0 c:/program files (x86)/atmel/studio/7.0/toolchain/avr8/avr8-gnu-toolchain/bin/../lib/gcc/avr/5.4.0/avr6\libgcc.a(_clear_bss.o)
 .text.libgcc   0x00000000        0x0 c:/program files (x86)/atmel/studio/7.0/toolchain/avr8/avr8-gnu-toolchain/bin/../lib/gcc/avr/5.4.0/avr6\libgcc.a(_clear_bss.o)
 .text.libgcc.prologue
                0x00000000        0x0 c:/program files (x86)/atmel/studio/7.0/toolchain/avr8/avr8-gnu-toolchain/bin/../lib/gcc/avr/5.4.0/avr6\libgcc.a(_clear_bss.o)
 .text.libgcc.builtins
                0x00000000        0x0 c:/program files (x86)/atmel/studio/7.0/toolchain/avr8/avr8-gnu-toolchain/bin/../lib/gcc/avr/5.4.0/avr6\libgcc.a(_clear_bss.o)
 .text.libgcc.fmul
                0x00000000        0x0 c:/program files (x86)/atmel/studio/7.0/toolchain/avr8/avr8-gnu-toolchain/bin/../lib/gcc/avr/5.4.0/avr6\libgcc.a(_clear_bss.o)
 .text.libgcc.fixed
                0x00000000        0x0 c:/program files (x86)/atmel/studio/7.0/toolchain/avr8/avr8-gnu-toolchain/bin/../lib/gcc/avr/5.4.0/avr6\libgcc.a(_clear_bss.o)
 .text          0x00000000        0x0 c:/program files (x86)/atmel/studio/7.0/toolchain/avr8/avr8-gnu-toolchain/bin/../lib/gcc/avr/5.4.0/avr6\libgcc.a(_umulhisi3.o)
 .data          0x00000000        0x0 c:/program files (x86)/atmel/studio/7.0/toolchain/avr8/avr8-gnu-toolchain/bin/../lib/gcc/avr/5.4.0/avr6\libgcc.a(_umulhisi3.o)
 .bss           0x00000000        0x0 c:/program files (x86)/atmel/studio/7.0/toolchain/avr8/avr8-gnu-toolchain/bin/../lib/gcc/avr/5.4.0/avr6\libgcc.a(_umulhisi3.o)
 .text.libgcc.div
                0x00000000        0x0 c:/program files (x86)/atmel/studio/7.0/toolchain/avr8/avr8-gnu-toolchain/bin/../lib/gcc/avr/5.4.0/avr6\libgcc.a(_umulhisi3.o)
 .text.libgcc   0x00000000        0x0 c:/program files (x86)/atmel/studio/7.0/toolchain/avr8/avr8-gnu-toolchain/bin/../lib/gcc/avr/5.4.0/avr6\libgcc.a(_umulhisi3.o)
 .text.libgcc.prologue
                0x00000000        0x0 c:/program files (x86)/atmel/studio/7.0/toolchain/avr8/avr8-gnu-toolchain/bin/../lib/gcc/avr/5.4.0/avr6\libgcc.a(_umulhisi3.o)
 .text.libgcc.builtins
                0x00000000        0x0 c:/program files (x86)/atmel/studio/7.0/toolchain/avr8/avr8-gnu-toolchain/bin/../lib/gcc/avr/5.4.0/avr6\libgcc.a(_umulhisi3.o)
 .text.libgcc.fmul
                0x00000000        0x0 c:/program files (x86)/atmel/studio/7.0/toolchain/avr8/avr8-gnu-toolchain/bin/../lib/gcc/avr/5.4.0/avr6\libgcc.a(_umulhisi3.o)
 .text.libgcc.fixed
                0x00000000        0x0 c:/program files (x86)/atmel/studio/7.0/toolchain/avr8/avr8-gnu-toolchain/bin/../lib/gcc/avr/5.4.0/avr6\libgcc.a(_umulhisi3.o)
 .text          0x00000000        0x0 c:/program files (x86)/atmel/studio/7.0/toolchain/avr8/avr8-gnu-toolchain/bin/../lib/gcc/avr/5.4.0/avr6\libgcc.a(_usmulhisi3.o)
 .data          0x00000000        0x0 c:/program files (x86)/atmel/studio/7.0/toolchain/avr8/avr8-gnu-toolchain/bin/../lib/gcc/avr/5.4.0/avr6\libgcc.a(_usmulhisi3.o)
 .bss           0x00000000        0x0 c:/program files (x86)/atmel/studio/7.0/toolchain/avr8/avr8-gnu-toolchain/bin/../lib/gcc/avr/5.4.0/avr6\libgcc.a(_usmulhisi3.o)
 .text.libgcc.mul
                0x00000000        0xe c:/program files (x86)/atmel/studio/7.0/toolchain/avr8/avr8-gnu-toolchain/bin/../lib/gcc/avr/5.4.0/avr6\libgcc.a(_usmulhisi3.o)
 .text.libgcc.div
                0x00000000        0x0 c:/program files (x86)/atmel/studio/7.0/toolchain/avr8/avr8-gnu-toolchain/bin/../lib/gcc/avr/5.4.0/avr6\libgcc.a(_usmulhisi3.o)
 .text.libgcc   0x00000000        0x0 c:/program files (x86)/atmel/studio/7.0/toolchain/avr8/avr8-gnu-toolchain/bin/../lib/gcc/avr/5.4.0/avr6\libgcc.a(_usmulhisi3.o)
 .text.libgcc.prologue
                0x00000000        0x0 c:/program files (x86)/atmel/studio/7.0/toolchain/avr8/avr8-gnu-toolchain/bin/../lib/gcc/avr/5.4.0/avr6\libgcc.a(_usmulhisi3.o)
 .text.libgcc.builtins
                0x00000000        0x0 c:/program files (x86)/atmel/studio/7.0/toolchain/avr8/avr8-gnu-toolchain/bin/../lib/gcc/avr/5.4.0/avr6\libgcc.a(_usmulhisi3.o)
 .text.libgcc.fmul
                0x00000000        0x0 c:/program files (x86)/atmel/studio/7.0/toolchain/avr8/avr8-gnu-toolchain/bin/../lib/gcc/avr/5.4.0/avr6\libgcc.a(_usmulhisi3.o)
 .text.libgcc.fixed
                0x00000000        0x0 c:/program files (x86)/atmel/studio/7.0/toolchain/avr8/avr8-gnu-toolchain/bin/../lib/gcc/avr/5.4.0/avr6\libgcc.a(_usmulhisi3.o)
 .text          0x00000000        0x0 c:/program files (x86)/atmel/studio/7.0/toolchain/avr8/avr8-gnu-toolchain/bin/../lib/gcc/avr/5.4.0/avr6\libgcc.a(_muluhisi3.o)
 .data          0x00000000        0x0 c:/program files (x86)/atmel/studio/7.0/toolchain/avr8/avr8-gnu-toolchain/bin/../lib/gcc/avr/5.4.0/avr6\libgcc.a(_muluhisi3.o)
 .bss           0x00000000        0x0 c:/program files (x86)/atmel/studio/7.0/toolchain/avr8/avr8-gnu-toolchain/bin/../lib/gcc/avr/5.4.0/avr6\libgcc.a(_muluhisi3.o)
 .text.libgcc.div
                0x00000000        0x0 c:/program files (x86)/atmel/studio/7.0/toolchain/avr8/avr8-gnu-toolchain/bin/../lib/gcc/avr/5.4.0/avr6\libgcc.a(_muluhisi3.o)
 .text.libgcc   0x00000000        0x0 c:/program files (x86)/atmel/studio/7.0/toolchain/avr8/avr8-gnu-toolchain/bin/../lib/gcc/avr/5.4.0/avr6\libgcc.a(_muluhisi3.o)
 .text.libgcc.prologue
                0x00000000        0x0 c:/program files (x86)/atmel/studio/7.0/toolchain/avr8/avr8-gnu-toolchain/bin/../lib/gcc/avr/5.4.0/avr6\libgcc.a(_muluhisi3.o)
 .text.libgcc.builtins
                0x00000000        0x0 c:/program files (x86)/atmel/studio/7.0/toolchain/avr8/avr8-gnu-toolchain/bin/../lib/gcc/avr/5.4.0/avr6\libgcc.a(_muluhisi3.o)
 .text.libgcc.fmul
                0x00000000        0x0 c:/program files (x86)/atmel/studio/7.0/toolchain/avr8/avr8-gnu-toolchain/bin/../lib/gcc/avr/5.4.0/avr6\libgcc.a(_muluhisi3.o)
 .text.libgcc.fixed
                0x00000000        0x0 c:/program files (x86)/atmel/studio/7.0/toolchain/avr8/avr8-gnu-toolchain/bin/../lib/gcc/avr/5.4.0/avr6\libgcc.a(_muluhisi3.o)
 .text          0x00000000        0x0 c:/program files (x86)/atmel/studio/7.0/toolchain/avr8/avr8-gnu-toolchain/bin/../lib/gcc/avr/5.4.0/../../../../avr/lib/avr6\libc.a(calloc.o)
 .data          0x00000000        0x0 c:/program files (x86)/atmel/studio/7.0/toolchain/avr8/avr8-gnu-toolchain/bin/../lib/gcc/avr/5.4.0/../../../../avr/lib/avr6\libc.a(calloc.o)
 .bss           0x00000000        0x0 c:/program files (x86)/atmel/studio/7.0/toolchain/avr8/avr8-gnu-toolchain/bin/../lib/gcc/avr/5.4.0/../../../../avr/lib/avr6\libc.a(calloc.o)
 .text          0x00000000        0x0 c:/program files (x86)/atmel/studio/7.0/toolchain/avr8/avr8-gnu-toolchain/bin/../lib/gcc/avr/5.4.0/../../../../avr/lib/avr6\libc.a(malloc.o)
 .bss           0x00000000        0x0 c:/program files (x86)/atmel/studio/7.0/toolchain/avr8/avr8-gnu-toolchain/bin/../lib/gcc/avr/5.4.0/../../../../avr/lib/avr6\libc.a(malloc.o)
 .text          0x00000000        0x0 c:/program files (x86)/atmel/studio/7.0/toolchain/avr8/avr8-gnu-toolchain/bin/../lib/gcc/avr/5.4.0/../../../../avr/lib/avr6\libc.a(atoi.o)
 .data          0x00000000        0x0 c:/program files (x86)/atmel/studio/7.0/toolchain/avr8/avr8-gnu-toolchain/bin/../lib/gcc/avr/5.4.0/../../../../avr/lib/avr6\libc.a(atoi.o)
 .bss           0x00000000        0x0 c:/program files (x86)/atmel/studio/7.0/toolchain/avr8/avr8-gnu-toolchain/bin/../lib/gcc/avr/5.4.0/../../../../avr/lib/avr6\libc.a(atoi.o)
 .text          0x00000000        0x0 c:/program files (x86)/atmel/studio/7.0/toolchain/avr8/avr8-gnu-toolchain/bin/../lib/gcc/avr/5.4.0/../../../../avr/lib/avr6\libc.a(strtok.o)
 .data          0x00000000        0x0 c:/program files (x86)/atmel/studio/7.0/toolchain/avr8/avr8-gnu-toolchain/bin/../lib/gcc/avr/5.4.0/../../../../avr/lib/avr6\libc.a(strtok.o)
 .text          0x00000000        0x0 c:/program files (x86)/atmel/studio/7.0/toolchain/avr8/avr8-gnu-toolchain/bin/../lib/gcc/avr/5.4.0/../../../../avr/lib/avr6\libc.a(memset.o)
 .data          0x00000000        0x0 c:/program files (x86)/atmel/studio/7.0/toolchain/avr8/avr8-gnu-toolchain/bin/../lib/gcc/avr/5.4.0/../../../../avr/lib/avr6\libc.a(memset.o)
 .bss           0x00000000        0x0 c:/program files (x86)/atmel/studio/7.0/toolchain/avr8/avr8-gnu-toolchain/bin/../lib/gcc/avr/5.4.0/../../../../avr/lib/avr6\libc.a(memset.o)
 .text          0x00000000        0x0 c:/program files (x86)/atmel/studio/7.0/toolchain/avr8/avr8-gnu-toolchain/bin/../lib/gcc/avr/5.4.0/../../../../avr/lib/avr6\libc.a(strcat.o)
 .data          0x00000000        0x0 c:/program files (x86)/atmel/studio/7.0/toolchain/avr8/avr8-gnu-toolchain/bin/../lib/gcc/avr/5.4.0/../../../../avr/lib/avr6\libc.a(strcat.o)
 .bss           0x00000000        0x0 c:/program files (x86)/atmel/studio/7.0/toolchain/avr8/avr8-gnu-toolchain/bin/../lib/gcc/avr/5.4.0/../../../../avr/lib/avr6\libc.a(strcat.o)
 .text          0x00000000        0x0 c:/program files (x86)/atmel/studio/7.0/toolchain/avr8/avr8-gnu-toolchain/bin/../lib/gcc/avr/5.4.0/../../../../avr/lib/avr6\libc.a(strcpy.o)
 .data          0x00000000        0x0 c:/program files (x86)/atmel/studio/7.0/toolchain/avr8/avr8-gnu-toolchain/bin/../lib/gcc/avr/5.4.0/../../../../avr/lib/avr6\libc.a(strcpy.o)
 .bss           0x00000000        0x0 c:/program files (x86)/atmel/studio/7.0/toolchain/avr8/avr8-gnu-toolchain/bin/../lib/gcc/avr/5.4.0/../../../../avr/lib/avr6\libc.a(strcpy.o)
 .text          0x00000000        0x0 c:/program files (x86)/atmel/studio/7.0/toolchain/avr8/avr8-gnu-toolchain/bin/../lib/gcc/avr/5.4.0/../../../../avr/lib/avr6\libc.a(strncpy.o)
 .data          0x00000000        0x0 c:/program files (x86)/atmel/studio/7.0/toolchain/avr8/avr8-gnu-toolchain/bin/../lib/gcc/avr/5.4.0/../../../../avr/lib/avr6\libc.a(strncpy.o)
 .bss           0x00000000        0x0 c:/program files (x86)/atmel/studio/7.0/toolchain/avr8/avr8-gnu-toolchain/bin/../lib/gcc/avr/5.4.0/../../../../avr/lib/avr6\libc.a(strncpy.o)
 .text.avr-libc
                0x00000000       0x1e c:/program files (x86)/atmel/studio/7.0/toolchain/avr8/avr8-gnu-toolchain/bin/../lib/gcc/avr/5.4.0/../../../../avr/lib/avr6\libc.a(strncpy.o)
 .text          0x00000000        0x0 c:/program files (x86)/atmel/studio/7.0/toolchain/avr8/avr8-gnu-toolchain/bin/../lib/gcc/avr/5.4.0/../../../../avr/lib/avr6\libc.a(strtok_r.o)
 .data          0x00000000        0x0 c:/program files (x86)/atmel/studio/7.0/toolchain/avr8/avr8-gnu-toolchain/bin/../lib/gcc/avr/5.4.0/../../../../avr/lib/avr6\libc.a(strtok_r.o)
 .bss           0x00000000        0x0 c:/program files (x86)/atmel/studio/7.0/toolchain/avr8/avr8-gnu-toolchain/bin/../lib/gcc/avr/5.4.0/../../../../avr/lib/avr6\libc.a(strtok_r.o)
 .text          0x00000000        0x0 c:/program files (x86)/atmel/studio/7.0/toolchain/avr8/avr8-gnu-toolchain/bin/../lib/gcc/avr/5.4.0/../../../../avr/lib/avr6\libc.a(itoa_ncheck.o)
 .data          0x00000000        0x0 c:/program files (x86)/atmel/studio/7.0/toolchain/avr8/avr8-gnu-toolchain/bin/../lib/gcc/avr/5.4.0/../../../../avr/lib/avr6\libc.a(itoa_ncheck.o)
 .bss           0x00000000        0x0 c:/program files (x86)/atmel/studio/7.0/toolchain/avr8/avr8-gnu-toolchain/bin/../lib/gcc/avr/5.4.0/../../../../avr/lib/avr6\libc.a(itoa_ncheck.o)
 .text          0x00000000        0x0 c:/program files (x86)/atmel/studio/7.0/toolchain/avr8/avr8-gnu-toolchain/bin/../lib/gcc/avr/5.4.0/../../../../avr/lib/avr6\libc.a(mul10.o)
 .data          0x00000000        0x0 c:/program files (x86)/atmel/studio/7.0/toolchain/avr8/avr8-gnu-toolchain/bin/../lib/gcc/avr/5.4.0/../../../../avr/lib/avr6\libc.a(mul10.o)
 .bss           0x00000000        0x0 c:/program files (x86)/atmel/studio/7.0/toolchain/avr8/avr8-gnu-toolchain/bin/../lib/gcc/avr/5.4.0/../../../../avr/lib/avr6\libc.a(mul10.o)
 .text          0x00000000        0x0 c:/program files (x86)/atmel/studio/7.0/toolchain/avr8/avr8-gnu-toolchain/bin/../lib/gcc/avr/5.4.0/../../../../avr/lib/avr6\libc.a(utoa_ncheck.o)
 .data          0x00000000        0x0 c:/program files (x86)/atmel/studio/7.0/toolchain/avr8/avr8-gnu-toolchain/bin/../lib/gcc/avr/5.4.0/../../../../avr/lib/avr6\libc.a(utoa_ncheck.o)
 .bss           0x00000000        0x0 c:/program files (x86)/atmel/studio/7.0/toolchain/avr8/avr8-gnu-toolchain/bin/../lib/gcc/avr/5.4.0/../../../../avr/lib/avr6\libc.a(utoa_ncheck.o)
 .text          0x00000000        0x0 c:/program files (x86)/atmel/studio/7.0/toolchain/avr8/avr8-gnu-toolchain/bin/../lib/gcc/avr/5.4.0/../../../../avr/lib/avr6\libc.a(strrev.o)
 .data          0x00000000        0x0 c:/program files (x86)/atmel/studio/7.0/toolchain/avr8/avr8-gnu-toolchain/bin/../lib/gcc/avr/5.4.0/../../../../avr/lib/avr6\libc.a(strrev.o)
 .bss           0x00000000        0x0 c:/program files (x86)/atmel/studio/7.0/toolchain/avr8/avr8-gnu-toolchain/bin/../lib/gcc/avr/5.4.0/../../../../avr/lib/avr6\libc.a(strrev.o)
 .text          0x00000000        0x0 C:/Program Files (x86)/Atmel/Studio/7.0/Packs/atmel/ATmega_DFP/1.3.300/gcc/dev/atmega2560/avr6\libatmega2560.a(eerd_byte.o)
 .data          0x00000000        0x0 C:/Program Files (x86)/Atmel/Studio/7.0/Packs/atmel/ATmega_DFP/1.3.300/gcc/dev/atmega2560/avr6\libatmega2560.a(eerd_byte.o)
 .bss           0x00000000        0x0 C:/Program Files (x86)/Atmel/Studio/7.0/Packs/atmel/ATmega_DFP/1.3.300/gcc/dev/atmega2560/avr6\libatmega2560.a(eerd_byte.o)
 .text.avr-libc
                0x00000000       0x10 C:/Program Files (x86)/Atmel/Studio/7.0/Packs/atmel/ATmega_DFP/1.3.300/gcc/dev/atmega2560/avr6\libatmega2560.a(eerd_byte.o)
 .debug_line    0x00000000       0x7a C:/Program Files (x86)/Atmel/Studio/7.0/Packs/atmel/ATmega_DFP/1.3.300/gcc/dev/atmega2560/avr6\libatmega2560.a(eerd_byte.o)
 .debug_info    0x00000000       0x9a C:/Program Files (x86)/Atmel/Studio/7.0/Packs/atmel/ATmega_DFP/1.3.300/gcc/dev/atmega2560/avr6\libatmega2560.a(eerd_byte.o)
 .debug_abbrev  0x00000000       0x14 C:/Program Files (x86)/Atmel/Studio/7.0/Packs/atmel/ATmega_DFP/1.3.300/gcc/dev/atmega2560/avr6\libatmega2560.a(eerd_byte.o)
 .debug_aranges
                0x00000000       0x20 C:/Program Files (x86)/Atmel/Studio/7.0/Packs/atmel/ATmega_DFP/1.3.300/gcc/dev/atmega2560/avr6\libatmega2560.a(eerd_byte.o)
 .text          0x00000000        0x0 C:/Program Files (x86)/Atmel/Studio/7.0/Packs/atmel/ATmega_DFP/1.3.300/gcc/dev/atmega2560/avr6\libatmega2560.a(eewr_byte.o)
 .data          0x00000000        0x0 C:/Program Files (x86)/Atmel/Studio/7.0/Packs/atmel/ATmega_DFP/1.3.300/gcc/dev/atmega2560/avr6\libatmega2560.a(eewr_byte.o)
 .bss           0x00000000        0x0 C:/Program Files (x86)/Atmel/Studio/7.0/Packs/atmel/ATmega_DFP/1.3.300/gcc/dev/atmega2560/avr6\libatmega2560.a(eewr_byte.o)
 .text.avr-libc
                0x00000000       0x1c C:/Program Files (x86)/Atmel/Studio/7.0/Packs/atmel/ATmega_DFP/1.3.300/gcc/dev/atmega2560/avr6\libatmega2560.a(eewr_byte.o)
 .debug_line    0x00000000       0x9e C:/Program Files (x86)/Atmel/Studio/7.0/Packs/atmel/ATmega_DFP/1.3.300/gcc/dev/atmega2560/avr6\libatmega2560.a(eewr_byte.o)
 .debug_info    0x00000000       0x9a C:/Program Files (x86)/Atmel/Studio/7.0/Packs/atmel/ATmega_DFP/1.3.300/gcc/dev/atmega2560/avr6\libatmega2560.a(eewr_byte.o)
 .debug_abbrev  0x00000000       0x14 C:/Program Files (x86)/Atmel/Studio/7.0/Packs/atmel/ATmega_DFP/1.3.300/gcc/dev/atmega2560/avr6\libatmega2560.a(eewr_byte.o)
 .debug_aranges
                0x00000000       0x20 C:/Program Files (x86)/Atmel/Studio/7.0/Packs/atmel/ATmega_DFP/1.3.300/gcc/dev/atmega2560/avr6\libatmega2560.a(eewr_byte.o)

Memory Configuration

Name             Origin             Length             Attributes
text             0x00000000         0x00100000         xr
data             0x00800200         0x0000fe00         rw !x
eeprom           0x00810000         0x00010000         rw !x
fuse             0x00820000         0x00000003         rw !x
lock             0x00830000         0x00000400         rw !x
signature        0x00840000         0x00000400         rw !x
user_signatures  0x00850000         0x00000400         rw !x
*default*        0x00000000         0xffffffff

Linker script and memory map

Address of section .data set to 0x800200
LOAD C:/Program Files (x86)/Atmel/Studio/7.0/Packs/atmel/ATmega_DFP/1.3.300/gcc/dev/atmega2560/avr6/crtatmega2560.o
LOAD Cocktail_functions.o
LOAD Cocktail_Statemachine.o
LOAD Getraenk.o
LOAD Zutaten.o
LOAD Main_Func.o
LOAD Nextion_Display.o
LOAD mfrc522.o
LOAD ring_buffer.o
LOAD FAT32.o
LOAD SD_routines.o
LOAD SPI.o
LOAD tmc4671.o
LOAD TMC6200.o
LOAD UART.o
LOAD main.o
START GROUP
LOAD c:/program files (x86)/atmel/studio/7.0/toolchain/avr8/avr8-gnu-toolchain/bin/../lib/gcc/avr/5.4.0/../../../../avr/lib/avr6\libm.a
END GROUP
START GROUP
LOAD c:/program files (x86)/atmel/studio/7.0/toolchain/avr8/avr8-gnu-toolchain/bin/../lib/gcc/avr/5.4.0/avr6\libgcc.a
LOAD c:/program files (x86)/atmel/studio/7.0/toolchain/avr8/avr8-gnu-toolchain/bin/../lib/gcc/avr/5.4.0/../../../../avr/lib/avr6\libm.a
LOAD c:/program files (x86)/atmel/studio/7.0/toolchain/avr8/avr8-gnu-toolchain/bin/../lib/gcc/avr/5.4.0/../../../../avr/lib/avr6\libc.a
LOAD C:/Program Files (x86)/Atmel/Studio/7.0/Packs/atmel/ATmega_DFP/1.3.300/gcc/dev/atmega2560/avr6\libatmega2560.a
END GROUP
                0x00000000                __TEXT_REGION_ORIGIN__ = DEFINED (__TEXT_REGION_ORIGIN__)?__TEXT_REGION_ORIGIN__:0x0
                0x00800200                __DATA_REGION_ORIGIN__ = DEFINED (__DATA_REGION_ORIGIN__)?__DATA_REGION_ORIGIN__:0x800200
                0x00100000                __TEXT_REGION_LENGTH__ = DEFINED (__TEXT_REGION_LENGTH__)?__TEXT_REGION_LENGTH__:0x100000
                0x0000fe00                __DATA_REGION_LENGTH__ = DEFINED (__DATA_REGION_LENGTH__)?__DATA_REGION_LENGTH__:0xfe00
                0x00010000                __EEPROM_REGION_LENGTH__ = DEFINED (__EEPROM_REGION_LENGTH__)?__EEPROM_REGION_LENGTH__:0x10000
                [0x00000003]                __FUSE_REGION_LENGTH__ = DEFINED (__FUSE_REGION_LENGTH__)?__FUSE_REGION_LENGTH__:0x400
                0x00000400                __LOCK_REGION_LENGTH__ = DEFINED (__LOCK_REGION_LENGTH__)?__LOCK_REGION_LENGTH__:0x400
                0x00000400                __SIGNATURE_REGION_LENGTH__ = DEFINED (__SIGNATURE_REGION_LENGTH__)?__SIGNATURE_REGION_LENGTH__:0x400
                0x00000400                __USER_SIGNATURE_REGION_LENGTH__ = DEFINED (__USER_SIGNATURE_REGION_LENGTH__)?__USER_SIGNATURE_REGION_LENGTH__:0x400

.hash
 *(.hash)

.dynsym
 *(.dynsym)

.dynstr
 *(.dynstr)

.gnu.version
 *(.gnu.version)

.gnu.version_d
 *(.gnu.version_d)

.gnu.version_r
 *(.gnu.version_r)

.rel.init
 *(.rel.init)

.rela.init
 *(.rela.init)

.rel.text
 *(.rel.text)
 *(.rel.text.*)
 *(.rel.gnu.linkonce.t*)

.rela.text
 *(.rela.text)
 *(.rela.text.*)
 *(.rela.gnu.linkonce.t*)

.rel.fini
 *(.rel.fini)

.rela.fini
 *(.rela.fini)

.rel.rodata
 *(.rel.rodata)
 *(.rel.rodata.*)
 *(.rel.gnu.linkonce.r*)

.rela.rodata
 *(.rela.rodata)
 *(.rela.rodata.*)
 *(.rela.gnu.linkonce.r*)

.rel.data
 *(.rel.data)
 *(.rel.data.*)
 *(.rel.gnu.linkonce.d*)

.rela.data
 *(.rela.data)
 *(.rela.data.*)
 *(.rela.gnu.linkonce.d*)

.rel.ctors
 *(.rel.ctors)

.rela.ctors
 *(.rela.ctors)

.rel.dtors
 *(.rel.dtors)

.rela.dtors
 *(.rela.dtors)

.rel.got
 *(.rel.got)

.rela.got
 *(.rela.got)

.rel.bss
 *(.rel.bss)

.rela.bss
 *(.rela.bss)

.rel.plt
 *(.rel.plt)

.rela.plt
 *(.rela.plt)

.text           0x00000000     0x4f78
 *(.vectors)
 .vectors       0x00000000       0xe4 C:/Program Files (x86)/Atmel/Studio/7.0/Packs/atmel/ATmega_DFP/1.3.300/gcc/dev/atmega2560/avr6/crtatmega2560.o
                0x00000000                __vector_default
                0x00000000                __vectors
 *(.vectors)
 *(.progmem.gcc*)
 .progmem.gcc_sw_table.schalte_pumpe_ein
                0x000000e4       0x18 Cocktail_functions.o
 .progmem.gcc_sw_table.schalte_pumpe_aus
                0x000000fc       0x18 Cocktail_functions.o
 .progmem.gcc_sw_table.check_startseite
                0x00000114       0x10 Cocktail_Statemachine.o
 .progmem.gcc_sw_table.check_listenanzeige
                0x00000124       0x14 Cocktail_Statemachine.o
 .progmem.gcc_sw_table.check_bearbeitungsanzeige
                0x00000138       0x14 Cocktail_Statemachine.o
 .progmem.gcc_sw_table.check_ceinstanzeige
                0x0000014c       0x10 Cocktail_Statemachine.o
 .progmem.gcc_sw_table.check_erstanzeige1
                0x0000015c       0x3e Cocktail_Statemachine.o
 .progmem.gcc_sw_table.cocktail_check_command
                0x0000019a       0x24 Cocktail_Statemachine.o
                0x000001be                . = ALIGN (0x2)
                0x000001be                __trampolines_start = .
 *(.trampolines)
 .trampolines   0x000001be        0x0 linker stubs
 *(.trampolines*)
                0x000001be                __trampolines_end = .
 *libprintf_flt.a:*(.progmem.data)
 *libc.a:*(.progmem.data)
 *(.progmem*)
                0x000001be                . = ALIGN (0x2)
 *(.jumptables)
 *(.jumptables*)
 *(.lowtext)
 *(.lowtext*)
                0x000001be                __ctors_start = .
 *(.ctors)
                0x000001be                __ctors_end = .
                0x000001be                __dtors_start = .
 *(.dtors)
                0x000001be                __dtors_end = .
 SORT(*)(.ctors)
 SORT(*)(.dtors)
 *(.init0)
 .init0         0x000001be        0x0 C:/Program Files (x86)/Atmel/Studio/7.0/Packs/atmel/ATmega_DFP/1.3.300/gcc/dev/atmega2560/avr6/crtatmega2560.o
                0x000001be                __init
 *(.init0)
 *(.init1)
 *(.init1)
 *(.init2)
 .init2         0x000001be       0x10 C:/Program Files (x86)/Atmel/Studio/7.0/Packs/atmel/ATmega_DFP/1.3.300/gcc/dev/atmega2560/avr6/crtatmega2560.o
 *(.init2)
 *(.init3)
 *(.init3)
 *(.init4)
 .init4         0x000001ce       0x1a c:/program files (x86)/atmel/studio/7.0/toolchain/avr8/avr8-gnu-toolchain/bin/../lib/gcc/avr/5.4.0/avr6\libgcc.a(_copy_data.o)
                0x000001ce                __do_copy_data
 .init4         0x000001e8       0x10 c:/program files (x86)/atmel/studio/7.0/toolchain/avr8/avr8-gnu-toolchain/bin/../lib/gcc/avr/5.4.0/avr6\libgcc.a(_clear_bss.o)
                0x000001e8                __do_clear_bss
 *(.init4)
 *(.init5)
 *(.init5)
 *(.init6)
 *(.init6)
 *(.init7)
 *(.init7)
 *(.init8)
 *(.init8)
 *(.init9)
 .init9         0x000001f8        0x8 C:/Program Files (x86)/Atmel/Studio/7.0/Packs/atmel/ATmega_DFP/1.3.300/gcc/dev/atmega2560/avr6/crtatmega2560.o
 *(.init9)
 *(.text)
 .text          0x00000200        0x2 C:/Program Files (x86)/Atmel/Studio/7.0/Packs/atmel/ATmega_DFP/1.3.300/gcc/dev/atmega2560/avr6/crtatmega2560.o
                0x00000200                __vector_38
                0x00000200                __vector_22
                0x00000200                __vector_28
                0x00000200                __vector_1
                0x00000200                __vector_32
                0x00000200                __vector_34
                0x00000200                __vector_24
                0x00000200                __vector_12
                0x00000200                __vector_55
                0x00000200                __vector_46
                0x00000200                __bad_interrupt
                0x00000200                __vector_6
                0x00000200                __vector_31
                0x00000200                __vector_35
                0x00000200                __vector_39
                0x00000200                __vector_3
                0x00000200                __vector_23
                0x00000200                __vector_30
                0x00000200                __vector_45
                0x00000200                __vector_11
                0x00000200                __vector_54
                0x00000200                __vector_13
                0x00000200                __vector_17
                0x00000200                __vector_19
                0x00000200                __vector_56
                0x00000200                __vector_7
                0x00000200                __vector_49
                0x00000200                __vector_41
                0x00000200                __vector_43
                0x00000200                __vector_27
                0x00000200                __vector_5
                0x00000200                __vector_33
                0x00000200                __vector_47
                0x00000200                __vector_4
                0x00000200                __vector_44
                0x00000200                __vector_9
                0x00000200                __vector_2
                0x00000200                __vector_21
                0x00000200                __vector_15
                0x00000200                __vector_29
                0x00000200                __vector_40
                0x00000200                __vector_8
                0x00000200                __vector_48
                0x00000200                __vector_14
                0x00000200                __vector_53
                0x00000200                __vector_10
                0x00000200                __vector_50
                0x00000200                __vector_16
                0x00000200                __vector_18
                0x00000200                __vector_20
                0x00000200                __vector_42
                0x00000202                . = ALIGN (0x2)
 *(.text.*)
 .text.cocktail_test_command
                0x00000202       0x16 Cocktail_functions.o
                0x00000202                cocktail_test_command
 .text.schreibe_Menge_in_Getraenk
                0x00000218      0x190 Cocktail_functions.o
                0x00000218                schreibe_Menge_in_Getraenk
 .text.schalte_pumpe_ein
                0x000003a8       0x6e Cocktail_functions.o
                0x000003a8                schalte_pumpe_ein
 .text.schalte_pumpe_aus
                0x00000416       0x6e Cocktail_functions.o
                0x00000416                schalte_pumpe_aus
 .text.fuelle_getraenk
                0x00000484      0x186 Cocktail_functions.o
                0x00000484                fuelle_getraenk
 .text.erstelle_Liste_zutat
                0x0000060a      0x25c Cocktail_functions.o
                0x0000060a                erstelle_Liste_zutat
 .text.setze_startanzeige
                0x00000866       0x94 Cocktail_functions.o
                0x00000866                setze_startanzeige
 .text.erstelle_Zutatenliste
                0x000008fa      0x1a8 Cocktail_functions.o
                0x000008fa                erstelle_Zutatenliste
 .text.compare_string
                0x00000aa2       0x40 Cocktail_functions.o
                0x00000aa2                compare_string
 .text.pruefe_kopf
                0x00000ae2        0xc Cocktail_functions.o
                0x00000ae2                pruefe_kopf
 .text.lese_textfile_in_getraenk
                0x00000aee      0x18a Cocktail_functions.o
                0x00000aee                lese_textfile_in_getraenk
 .text.choose_drink
                0x00000c78       0x1c Cocktail_functions.o
                0x00000c78                choose_drink
 .text.erstelle_Liste_name
                0x00000c94      0x1f0 Cocktail_functions.o
                0x00000c94                erstelle_Liste_name
 .text.SD_startup
                0x00000e84       0xfc Cocktail_functions.o
                0x00000e84                SD_startup
 .text.erstelle_File
                0x00000f80      0x22c Cocktail_functions.o
                0x00000f80                erstelle_File
 .text.loesche_FIle
                0x000011ac       0x66 Cocktail_functions.o
                0x000011ac                loesche_FIle
 .text.init_Getraenke_func
                0x00001212       0x12 Cocktail_Statemachine.o
                0x00001212                init_Getraenke_func
 .text.check_startseite
                0x00001224      0x2dc Cocktail_Statemachine.o
                0x00001224                check_startseite
 .text.check_zutatenanzeige
                0x00001500       0x2e Cocktail_Statemachine.o
                0x00001500                check_zutatenanzeige
 .text.check_listenanzeige
                0x0000152e       0x86 Cocktail_Statemachine.o
                0x0000152e                check_listenanzeige
 .text.check_zubabfrage
                0x000015b4       0xc4 Cocktail_Statemachine.o
                0x000015b4                check_zubabfrage
 .text.check_menuanzeige
                0x00001678       0x8a Cocktail_Statemachine.o
                0x00001678                check_menuanzeige
 .text.check_bearbeitungsanzeige
                0x00001702      0x380 Cocktail_Statemachine.o
                0x00001702                check_bearbeitungsanzeige
 .text.check_ceinstanzeige
                0x00001a82       0xd0 Cocktail_Statemachine.o
                0x00001a82                check_ceinstanzeige
 .text.check_reinanzeige1
                0x00001b52       0x16 Cocktail_Statemachine.o
                0x00001b52                check_reinanzeige1
 .text.check_reinanzeige2
                0x00001b68       0x82 Cocktail_Statemachine.o
                0x00001b68                check_reinanzeige2
 .text.check_reinanzeige3
                0x00001bea       0x10 Cocktail_Statemachine.o
                0x00001bea                check_reinanzeige3
 .text.check_infoanzeige
                0x00001bfa        0xa Cocktail_Statemachine.o
                0x00001bfa                check_infoanzeige
 .text.check_erstanzeige1
                0x00001c04      0x5ea Cocktail_Statemachine.o
                0x00001c04                check_erstanzeige1
 .text.check_erstanzeige2
                0x000021ee      0x120 Cocktail_Statemachine.o
                0x000021ee                check_erstanzeige2
 .text.check_loeschanzeige
                0x0000230e       0xd4 Cocktail_Statemachine.o
                0x0000230e                check_loeschanzeige
 .text.cocktail_check_command
                0x000023e2       0x76 Cocktail_Statemachine.o
                0x000023e2                cocktail_check_command
 .text.create_new_getraenk
                0x00002458       0xe2 Getraenk.o
                0x00002458                create_new_getraenk
 .text.insert_at_head
                0x0000253a       0x56 Getraenk.o
                0x0000253a                insert_at_head
 .text.create_new_getraenk_file
                0x00002590       0x18 Getraenk.o
                0x00002590                create_new_getraenk_file
 .text.insert_file_at_head
                0x000025a8       0x56 Getraenk.o
                0x000025a8                insert_file_at_head
 .text.cocktails_init
                0x000025fe       0xec Getraenk.o
                0x000025fe                cocktails_init
 .text.create_neue_zutat
                0x000026ea       0x8c Zutaten.o
                0x000026ea                create_neue_zutat
 .text.insert_zutat_at_head
                0x00002776       0x56 Zutaten.o
                0x00002776                insert_zutat_at_head
 .text.zutaten_init
                0x000027cc       0x82 Zutaten.o
                0x000027cc                zutaten_init
 .text.IO_init  0x0000284e       0x2e Main_Func.o
                0x0000284e                IO_init
 .text.check_Communication_Input_UART_0
                0x0000287c       0x5a Main_Func.o
                0x0000287c                check_Communication_Input_UART_0
 .text.proceed_Communication_Input_UART_0
                0x000028d6        0xa Main_Func.o
                0x000028d6                proceed_Communication_Input_UART_0
 .text.check_Communication_Input_UART_1
                0x000028e0      0x112 Main_Func.o
                0x000028e0                check_Communication_Input_UART_1
 .text.proceed_Communication_INPUT_UART_1
                0x000029f2       0x24 Main_Func.o
                0x000029f2                proceed_Communication_INPUT_UART_1
 .text.check_Communication_Input_UART_2
                0x00002a16       0xde Main_Func.o
                0x00002a16                check_Communication_Input_UART_2
 .text.proceed_Communication_Input_UART_2
                0x00002af4       0x20 Main_Func.o
                0x00002af4                proceed_Communication_Input_UART_2
 .text.check_Communication_Input_UART
                0x00002b14       0x14 Main_Func.o
                0x00002b14                check_Communication_Input_UART
 .text.endConversation
                0x00002b28       0x2c Nextion_Display.o
                0x00002b28                endConversation
 .text.nextion_change_page
                0x00002b54       0x3e Nextion_Display.o
                0x00002b54                nextion_change_page
 .text.nextion_setText
                0x00002b92       0x30 Nextion_Display.o
                0x00002b92                nextion_setText
 .text.nextion_setValue
                0x00002bc2       0x20 Nextion_Display.o
                0x00002bc2                nextion_setValue
 .text.nextion_setPicture
                0x00002be2       0x4c Nextion_Display.o
                0x00002be2                nextion_setPicture
 .text.nextion_getSliderValue
                0x00002c2e       0x9c Nextion_Display.o
                0x00002c2e                nextion_getSliderValue
 .text.nextion_disableButton
                0x00002cca       0x72 Nextion_Display.o
                0x00002cca                nextion_disableButton
 .text.RB_init  0x00002d3c        0x8 ring_buffer.o
                0x00002d3c                RB_init
 .text.RB_free  0x00002d44       0x16 ring_buffer.o
                0x00002d44                RB_free
 .text.RB_length
                0x00002d5a       0x18 ring_buffer.o
                0x00002d5a                RB_length
 .text.RB_readByte
                0x00002d72       0x28 ring_buffer.o
                0x00002d72                RB_readByte
 .text.RB_writeByte
                0x00002d9a       0x3a ring_buffer.o
                0x00002d9a                RB_writeByte
 .text.RB_write
                0x00002dd4       0x64 ring_buffer.o
                0x00002dd4                RB_write
 .text.getFirstSector
                0x00002e38       0x42 FAT32.o
                0x00002e38                getFirstSector
 .text.getSetNextCluster
                0x00002e7a       0xf2 FAT32.o
                0x00002e7a                getSetNextCluster
 .text.getSetFreeCluster
                0x00002f6c      0x124 FAT32.o
                0x00002f6c                getSetFreeCluster
 .text.getBootSectorData
                0x00003090      0x180 FAT32.o
                0x00003090                getBootSectorData
 .text.convertFileName
                0x00003210      0x120 FAT32.o
                0x00003210                convertFileName
 .text.searchNextFreeCluster
                0x00003330      0x144 FAT32.o
                0x00003330                searchNextFreeCluster
 .text.displayMemory
                0x00003474       0xc2 FAT32.o
                0x00003474                displayMemory
 .text.freeMemoryUpdate
                0x00003536       0xdc FAT32.o
                0x00003536                freeMemoryUpdate
 .text.findFiles
                0x00003612      0x3d0 FAT32.o
                0x00003612                findFiles
 .text.readFile
                0x000039e2      0x1bc FAT32.o
                0x000039e2                readFile
 .text.deleteFile
                0x00003b9e       0x18 FAT32.o
                0x00003b9e                deleteFile
 .text.writeFile
                0x00003bb6      0x7e4 FAT32.o
                0x00003bb6                writeFile
 .text.SD_sendCommand
                0x0000439a       0xb4 SD_routines.o
                0x0000439a                SD_sendCommand
 .text.SD_init  0x0000444e      0x124 SD_routines.o
                0x0000444e                SD_init
 .text.SD_readSingleBlock
                0x00004572       0x50 SD_routines.o
                0x00004572                SD_readSingleBlock
 .text.SD_writeSingleBlock
                0x000045c2       0x82 SD_routines.o
                0x000045c2                SD_writeSingleBlock
 .text.spi_transmit
                0x00004644        0xc SPI.o
                0x00004644                spi_transmit
 .text.spi_receive
                0x00004650        0xe SPI.o
                0x00004650                spi_receive
 .text.enable_Slave
                0x0000465e       0x28 SPI.o
                0x0000465e                enable_Slave
 .text.disable_Slave
                0x00004686       0x28 SPI.o
                0x00004686                disable_Slave
 .text.SPI_init
                0x000046ae       0x14 SPI.o
                0x000046ae                SPI_init
 .text.tmc6200_readInt
                0x000046c2       0x68 TMC6200.o
                0x000046c2                tmc6200_readInt
 .text.tx_completed
                0x0000472a        0x6 UART.o
                0x0000472a                tx_completed
 .text.UART_init
                0x00004730       0xc6 UART.o
                0x00004730                UART_init
 .text.Uart_Transmit_IT_PC
                0x000047f6       0x26 UART.o
                0x000047f6                Uart_Transmit_IT_PC
 .text.Uart_Transmit_IT_Display
                0x0000481c       0x2c UART.o
                0x0000481c                Uart_Transmit_IT_Display
 .text.__vector_26
                0x00004848       0x7e UART.o
                0x00004848                __vector_26
 .text.__vector_25
                0x000048c6       0x58 UART.o
                0x000048c6                __vector_25
 .text.__vector_37
                0x0000491e       0x7e UART.o
                0x0000491e                __vector_37
 .text.__vector_36
                0x0000499c       0x58 UART.o
                0x0000499c                __vector_36
 .text.__vector_52
                0x000049f4       0x7e UART.o
                0x000049f4                __vector_52
 .text.__vector_51
                0x00004a72       0x58 UART.o
                0x00004a72                __vector_51
 .text.transmitByte
                0x00004aca       0x10 UART.o
                0x00004aca                transmitByte
 .text.transmitString
                0x00004ada       0x1c UART.o
                0x00004ada                transmitString
 .text.main     0x00004af6       0x2e main.o
                0x00004af6                main
 .text.libgcc.mul
                0x00004b24       0x1e c:/program files (x86)/atmel/studio/7.0/toolchain/avr8/avr8-gnu-toolchain/bin/../lib/gcc/avr/5.4.0/avr6\libgcc.a(_mulsi3.o)
                0x00004b24                __mulsi3
 .text.libgcc.div
                0x00004b42       0x44 c:/program files (x86)/atmel/studio/7.0/toolchain/avr8/avr8-gnu-toolchain/bin/../lib/gcc/avr/5.4.0/avr6\libgcc.a(_udivmodsi4.o)
                0x00004b42                __udivmodsi4
 .text.libgcc   0x00004b86       0x10 c:/program files (x86)/atmel/studio/7.0/toolchain/avr8/avr8-gnu-toolchain/bin/../lib/gcc/avr/5.4.0/avr6\libgcc.a(_tablejump2.o)
                0x00004b86                __tablejump2__
 .text.libgcc.mul
                0x00004b96       0x1e c:/program files (x86)/atmel/studio/7.0/toolchain/avr8/avr8-gnu-toolchain/bin/../lib/gcc/avr/5.4.0/avr6\libgcc.a(_umulhisi3.o)
                0x00004b96                __umulhisi3
 .text.libgcc.mul
                0x00004bb4       0x14 c:/program files (x86)/atmel/studio/7.0/toolchain/avr8/avr8-gnu-toolchain/bin/../lib/gcc/avr/5.4.0/avr6\libgcc.a(_muluhisi3.o)
                0x00004bb4                __muluhisi3
 .text.avr-libc
                0x00004bc8       0x34 c:/program files (x86)/atmel/studio/7.0/toolchain/avr8/avr8-gnu-toolchain/bin/../lib/gcc/avr/5.4.0/../../../../avr/lib/avr6\libc.a(calloc.o)
                0x00004bc8                calloc
 .text.avr-libc
                0x00004bfc      0x242 c:/program files (x86)/atmel/studio/7.0/toolchain/avr8/avr8-gnu-toolchain/bin/../lib/gcc/avr/5.4.0/../../../../avr/lib/avr6\libc.a(malloc.o)
                0x00004bfc                malloc
                0x00004d2c                free
 .text.avr-libc
                0x00004e3e       0x3a c:/program files (x86)/atmel/studio/7.0/toolchain/avr8/avr8-gnu-toolchain/bin/../lib/gcc/avr/5.4.0/../../../../avr/lib/avr6\libc.a(atoi.o)
                0x00004e3e                atoi
 .text.avr-libc
                0x00004e78        0x6 c:/program files (x86)/atmel/studio/7.0/toolchain/avr8/avr8-gnu-toolchain/bin/../lib/gcc/avr/5.4.0/../../../../avr/lib/avr6\libc.a(strtok.o)
                0x00004e78                strtok
 .text.avr-libc
                0x00004e7e        0xe c:/program files (x86)/atmel/studio/7.0/toolchain/avr8/avr8-gnu-toolchain/bin/../lib/gcc/avr/5.4.0/../../../../avr/lib/avr6\libc.a(memset.o)
                0x00004e7e                memset
 .text.avr-libc
                0x00004e8c       0x16 c:/program files (x86)/atmel/studio/7.0/toolchain/avr8/avr8-gnu-toolchain/bin/../lib/gcc/avr/5.4.0/../../../../avr/lib/avr6\libc.a(strcat.o)
                0x00004e8c                strcat
 .text.avr-libc
                0x00004ea2        0xe c:/program files (x86)/atmel/studio/7.0/toolchain/avr8/avr8-gnu-toolchain/bin/../lib/gcc/avr/5.4.0/../../../../avr/lib/avr6\libc.a(strcpy.o)
                0x00004ea2                strcpy
 .text.avr-libc
                0x00004eb0       0x4e c:/program files (x86)/atmel/studio/7.0/toolchain/avr8/avr8-gnu-toolchain/bin/../lib/gcc/avr/5.4.0/../../../../avr/lib/avr6\libc.a(strtok_r.o)
                0x00004eb0                strtok_r
 .text.avr-libc
                0x00004efe       0x14 c:/program files (x86)/atmel/studio/7.0/toolchain/avr8/avr8-gnu-toolchain/bin/../lib/gcc/avr/5.4.0/../../../../avr/lib/avr6\libc.a(itoa_ncheck.o)
                0x00004efe                __itoa_ncheck
 .text.avr-libc
                0x00004f12       0x10 c:/program files (x86)/atmel/studio/7.0/toolchain/avr8/avr8-gnu-toolchain/bin/../lib/gcc/avr/5.4.0/../../../../avr/lib/avr6\libc.a(mul10.o)
                0x00004f12                __mulhi_const_10
 .text.avr-libc
                0x00004f22       0x32 c:/program files (x86)/atmel/studio/7.0/toolchain/avr8/avr8-gnu-toolchain/bin/../lib/gcc/avr/5.4.0/../../../../avr/lib/avr6\libc.a(utoa_ncheck.o)
                0x00004f22                __utoa_ncheck
                0x00004f24                __utoa_common
 .text.avr-libc
                0x00004f54       0x20 c:/program files (x86)/atmel/studio/7.0/toolchain/avr8/avr8-gnu-toolchain/bin/../lib/gcc/avr/5.4.0/../../../../avr/lib/avr6\libc.a(strrev.o)
                0x00004f54                strrev
                0x00004f74                . = ALIGN (0x2)
 *(.fini9)
 .fini9         0x00004f74        0x0 c:/program files (x86)/atmel/studio/7.0/toolchain/avr8/avr8-gnu-toolchain/bin/../lib/gcc/avr/5.4.0/avr6\libgcc.a(_exit.o)
                0x00004f74                _exit
                0x00004f74                exit
 *(.fini9)
 *(.fini8)
 *(.fini8)
 *(.fini7)
 *(.fini7)
 *(.fini6)
 *(.fini6)
 *(.fini5)
 *(.fini5)
 *(.fini4)
 *(.fini4)
 *(.fini3)
 *(.fini3)
 *(.fini2)
 *(.fini2)
 *(.fini1)
 *(.fini1)
 *(.fini0)
 .fini0         0x00004f74        0x4 c:/program files (x86)/atmel/studio/7.0/toolchain/avr8/avr8-gnu-toolchain/bin/../lib/gcc/avr/5.4.0/avr6\libgcc.a(_exit.o)
 *(.fini0)
                0x00004f78                _etext = .

.data           0x00800200      0x4f4 load address 0x00004f78
                0x00800200                PROVIDE (__data_start, .)
 *(.data)
 .data          0x00800200        0x6 c:/program files (x86)/atmel/studio/7.0/toolchain/avr8/avr8-gnu-toolchain/bin/../lib/gcc/avr/5.4.0/../../../../avr/lib/avr6\libc.a(malloc.o)
                0x00800200                __malloc_heap_end
                0x00800202                __malloc_heap_start
                0x00800204                __malloc_margin
 *(.data*)
 *(.gnu.linkonce.d*)
 *(.rodata)
 .rodata        0x00800206       0xf0 Zutaten.o
 *(.rodata*)
 .rodata.str1.1
                0x008002f6      0x1f6 Cocktail_functions.o
                                0x1fe (size before relaxing)
 .rodata.str1.1
                0x008004ec       0x4c Cocktail_Statemachine.o
                                 0x75 (size before relaxing)
 .rodata.str1.1
                0x00800538       0x46 Getraenk.o
                                 0x4e (size before relaxing)
 .rodata.str1.1
                0x0080057e       0x22 Main_Func.o
                                 0x27 (size before relaxing)
 .rodata.str1.1
                0x008005a0       0x2a Nextion_Display.o
 .rodata.str1.1
                0x008005ca      0x129 FAT32.o
 *(.gnu.linkonce.r*)
                0x008006f4                . = ALIGN (0x2)
 *fill*         0x008006f3        0x1 
                0x008006f4                _edata = .
                0x008006f4                PROVIDE (__data_end, .)

.bss            0x008006f4      0xb9b
                0x008006f4                PROVIDE (__bss_start, .)
 *(.bss)
 .bss           0x008006f4        0x2 c:/program files (x86)/atmel/studio/7.0/toolchain/avr8/avr8-gnu-toolchain/bin/../lib/gcc/avr/5.4.0/../../../../avr/lib/avr6\libc.a(strtok.o)
 *(.bss*)
 .bss.count.3079
                0x008006f6        0x4 Cocktail_functions.o
 .bss.oldval.3078
                0x008006fa        0x1 Cocktail_functions.o
 .bss.cntr_End_UART_2
                0x008006fb        0x1 main.o
                0x008006fb                cntr_End_UART_2
 .bss.cntr_UART_2
                0x008006fc        0x1 main.o
                0x008006fc                cntr_UART_2
 .bss.cntr_End_UART_1
                0x008006fd        0x1 main.o
                0x008006fd                cntr_End_UART_1
 .bss.cntr_UART_1
                0x008006fe        0x1 main.o
                0x008006fe                cntr_UART_1
 .bss.cntr_End_UART_0
                0x008006ff        0x1 main.o
                0x008006ff                cntr_End_UART_0
 .bss.cntr_UART_0
                0x00800700        0x1 main.o
                0x00800700                cntr_UART_0
 *(COMMON)
 COMMON         0x00800701      0x880 Cocktail_functions.o
                0x00800701                rb_tx_PC
                0x00800802                tail_getraenk_file
                0x00800804                head_getraenk
                0x00800806                rb_tx_Display
                0x00800907                Liste
                0x00800908                tail_getraenk
                0x0080090a                appendFileLocation
                0x0080090e                address_zut
                0x00800910                fileName
                0x0080091d                firstDataSector
                0x00800921                fileSize
                0x00800925                bytesPerSector
                0x00800927                totalClusters
                0x0080092b                option
                0x0080092c                aktuellesGetraenk_file
                0x0080092e                head_getraenk_file
                0x00800930                Grossschreib
                0x00800931                head_zut
                0x00800933                rootCluster
                0x00800937                block_list_runter
                0x00800938                rb_rx_ESP
                0x00800a39                startBlock
                0x00800a3d                i
                0x00800a3f                rb_rx_Display
                0x00800b40                buffer
                0x00800d40                SPI_Slave
                0x00800d41                sectorPerCluster
                0x00800d43                gui_buttons_0
                0x00800d44                block_list_hoch
                0x00800d45                unusedSectors
                0x00800d49                SDHC_flag
                0x00800d4a                counter
                0x00800d4b                totalBlocks
                0x00800d4f                data
                0x00800d50                buff_name
                0x00800d65                reservedSectorCount
                0x00800d67                rb_rx_PC
                0x00800e68                rb_tx_ESP
                0x00800f69                address_getraenk
                0x00800f6b                appendStartCluster
                0x00800f6f                cardType
                0x00800f70                error
                0x00800f71                gui_pages
                0x00800f72                tail_zut
                0x00800f74                i_Liste
                0x00800f75                freeClusterCountUpdated
                0x00800f76                stop
                0x00800f77                FAT32_active
                0x00800f78                appendFileSector
                0x00800f7c                aktuellesGetraenk
                0x00800f7e                aktuelleZutat
                0x00800f80                SPI_State
 COMMON         0x00800f81        0x8 UART.o
                0x00800f81                ptr_tx_completed_1
                0x00800f83                ptr_tx_completed_2
                0x00800f85                ptr_tx_completed_3
                0x00800f87                ptr_tx_completed_0
 COMMON         0x00800f89      0x302 main.o
                0x00800f89                INPUT_UART_0
                0x00801089                INPUT_UART_1
                0x00801189                ptr_Uart_1
                0x0080118b                INPUT_UART_2
 COMMON         0x0080128b        0x4 c:/program files (x86)/atmel/studio/7.0/toolchain/avr8/avr8-gnu-toolchain/bin/../lib/gcc/avr/5.4.0/../../../../avr/lib/avr6\libc.a(malloc.o)
                0x0080128b                __brkval
                0x0080128d                __flp
                0x0080128f                PROVIDE (__bss_end, .)
                0x00004f78                __data_load_start = LOADADDR (.data)
                0x0000546c                __data_load_end = (__data_load_start + SIZEOF (.data))

.noinit         0x0080128f        0x0
                [!provide]                PROVIDE (__noinit_start, .)
 *(.noinit*)
                [!provide]                PROVIDE (__noinit_end, .)
                0x0080128f                _end = .
                0x0080128f                PROVIDE (__heap_start, .)

.eeprom         0x00810000        0x0
 *(.eeprom*)
                0x00810000                __eeprom_end = .

.fuse
 *(.fuse)
 *(.lfuse)
 *(.hfuse)
 *(.efuse)

.lock
 *(.lock*)

.signature
 *(.signature*)

.user_signatures
 *(.user_signatures*)

.stab
 *(.stab)

.stabstr
 *(.stabstr)

.stab.excl
 *(.stab.excl)

.stab.exclstr
 *(.stab.exclstr)

.stab.index
 *(.stab.index)

.stab.indexstr
 *(.stab.indexstr)

.comment        0x00000000       0x30
 *(.comment)
 .comment       0x00000000       0x30 Cocktail_functions.o
                                 0x31 (size before relaxing)
 .comment       0x00000030       0x31 Cocktail_Statemachine.o
 .comment       0x00000030       0x31 Getraenk.o
 .comment       0x00000030       0x31 Zutaten.o
 .comment       0x00000030       0x31 Main_Func.o
 .comment       0x00000030       0x31 Nextion_Display.o
 .comment       0x00000030       0x31 ring_buffer.o
 .comment       0x00000030       0x31 FAT32.o
 .comment       0x00000030       0x31 SD_routines.o
 .comment       0x00000030       0x31 SPI.o
 .comment       0x00000030       0x31 TMC6200.o
 .comment       0x00000030       0x31 UART.o
 .comment       0x00000030       0x31 main.o
 .comment       0x00000030       0x31 c:/program files (x86)/atmel/studio/7.0/toolchain/avr8/avr8-gnu-toolchain/bin/../lib/gcc/avr/5.4.0/../../../../avr/lib/avr6\libc.a(calloc.o)
 .comment       0x00000030       0x31 c:/program files (x86)/atmel/studio/7.0/toolchain/avr8/avr8-gnu-toolchain/bin/../lib/gcc/avr/5.4.0/../../../../avr/lib/avr6\libc.a(malloc.o)
 .comment       0x00000030       0x31 c:/program files (x86)/atmel/studio/7.0/toolchain/avr8/avr8-gnu-toolchain/bin/../lib/gcc/avr/5.4.0/../../../../avr/lib/avr6\libc.a(strtok.o)

.note.gnu.avr.deviceinfo
                0x00000000       0x40
 .note.gnu.avr.deviceinfo
                0x00000000       0x40 C:/Program Files (x86)/Atmel/Studio/7.0/Packs/atmel/ATmega_DFP/1.3.300/gcc/dev/atmega2560/avr6/crtatmega2560.o

.note.gnu.build-id
 *(.note.gnu.build-id)

.debug
 *(.debug)

.line
 *(.line)

.debug_srcinfo
 *(.debug_srcinfo)

.debug_sfnames
 *(.debug_sfnames)

.debug_aranges  0x00000000      0x500
 *(.debug_aranges)
 .debug_aranges
                0x00000000       0xa8 Cocktail_functions.o
 .debug_aranges
                0x000000a8       0xa8 Cocktail_Statemachine.o
 .debug_aranges
                0x00000150       0x90 Getraenk.o
 .debug_aranges
                0x000001e0       0x30 Zutaten.o
 .debug_aranges
                0x00000210       0x68 Main_Func.o
 .debug_aranges
                0x00000278       0x50 Nextion_Display.o
 .debug_aranges
                0x000002c8       0x50 ring_buffer.o
 .debug_aranges
                0x00000318       0x80 FAT32.o
 .debug_aranges
                0x00000398       0x40 SD_routines.o
 .debug_aranges
                0x000003d8       0x48 SPI.o
 .debug_aranges
                0x00000420       0x30 TMC6200.o
 .debug_aranges
                0x00000450       0x90 UART.o
 .debug_aranges
                0x000004e0       0x20 main.o

.debug_pubnames
 *(.debug_pubnames)

.debug_info     0x00000000     0xbbdd
 *(.debug_info .gnu.linkonce.wi.*)
 .debug_info    0x00000000      0xbbc C:/Program Files (x86)/Atmel/Studio/7.0/Packs/atmel/ATmega_DFP/1.3.300/gcc/dev/atmega2560/avr6/crtatmega2560.o
 .debug_info    0x00000bbc     0x2434 Cocktail_functions.o
 .debug_info    0x00002ff0     0x1ca0 Cocktail_Statemachine.o
 .debug_info    0x00004c90     0x17d0 Getraenk.o
 .debug_info    0x00006460      0x3a1 Zutaten.o
 .debug_info    0x00006801      0xb45 Main_Func.o
 .debug_info    0x00007346      0xcfb Nextion_Display.o
 .debug_info    0x00008041      0x34e ring_buffer.o
 .debug_info    0x0000838f     0x19f5 FAT32.o
 .debug_info    0x00009d84      0x82f SD_routines.o
 .debug_info    0x0000a5b3      0x314 SPI.o
 .debug_info    0x0000a8c7      0x3ab TMC6200.o
 .debug_info    0x0000ac72      0x69b UART.o
 .debug_info    0x0000b30d      0x8d0 main.o

.debug_abbrev   0x00000000     0x253a
 *(.debug_abbrev)
 .debug_abbrev  0x00000000      0xb1a C:/Program Files (x86)/Atmel/Studio/7.0/Packs/atmel/ATmega_DFP/1.3.300/gcc/dev/atmega2560/avr6/crtatmega2560.o
 .debug_abbrev  0x00000b1a      0x3a0 Cocktail_functions.o
 .debug_abbrev  0x00000eba      0x2df Cocktail_Statemachine.o
 .debug_abbrev  0x00001199      0x3d4 Getraenk.o
 .debug_abbrev  0x0000156d      0x17b Zutaten.o
 .debug_abbrev  0x000016e8      0x203 Main_Func.o
 .debug_abbrev  0x000018eb      0x242 Nextion_Display.o
 .debug_abbrev  0x00001b2d      0x12a ring_buffer.o
 .debug_abbrev  0x00001c57      0x1ea FAT32.o
 .debug_abbrev  0x00001e41      0x144 SD_routines.o
 .debug_abbrev  0x00001f85      0x14a SPI.o
 .debug_abbrev  0x000020cf      0x168 TMC6200.o
 .debug_abbrev  0x00002237      0x1e4 UART.o
 .debug_abbrev  0x0000241b      0x11f main.o

.debug_line     0x00000000     0x5714
 *(.debug_line .debug_line.* .debug_line_end)
 .debug_line    0x00000000      0x1f9 C:/Program Files (x86)/Atmel/Studio/7.0/Packs/atmel/ATmega_DFP/1.3.300/gcc/dev/atmega2560/avr6/crtatmega2560.o
 .debug_line    0x000001f9      0xe5d Cocktail_functions.o
 .debug_line    0x00001056     0x10da Cocktail_Statemachine.o
 .debug_line    0x00002130      0xa10 Getraenk.o
 .debug_line    0x00002b40      0x260 Zutaten.o
 .debug_line    0x00002da0      0x6be Main_Func.o
 .debug_line    0x0000345e      0x483 Nextion_Display.o
 .debug_line    0x000038e1      0x21d ring_buffer.o
 .debug_line    0x00003afe      0xc56 FAT32.o
 .debug_line    0x00004754      0x48c SD_routines.o
 .debug_line    0x00004be0      0x206 SPI.o
 .debug_line    0x00004de6      0x1ae TMC6200.o
 .debug_line    0x00004f94      0x405 UART.o
 .debug_line    0x00005399      0x37b main.o

.debug_frame    0x00000000     0x13d0
 *(.debug_frame)
 .debug_frame   0x00000000      0x374 Cocktail_functions.o
 .debug_frame   0x00000374      0x194 Cocktail_Statemachine.o
 .debug_frame   0x00000508      0x2a0 Getraenk.o
 .debug_frame   0x000007a8       0x94 Zutaten.o
 .debug_frame   0x0000083c       0xfc Main_Func.o
 .debug_frame   0x00000938      0x11c Nextion_Display.o
 .debug_frame   0x00000a54       0xdc ring_buffer.o
 .debug_frame   0x00000b30      0x3b8 FAT32.o
 .debug_frame   0x00000ee8       0xdc SD_routines.o
 .debug_frame   0x00000fc4       0x74 SPI.o
 .debug_frame   0x00001038       0x78 TMC6200.o
 .debug_frame   0x000010b0      0x2fc UART.o
 .debug_frame   0x000013ac       0x24 main.o

.debug_str      0x00000000     0x1ebe
 *(.debug_str)
 .debug_str     0x00000000      0x3e6 C:/Program Files (x86)/Atmel/Studio/7.0/Packs/atmel/ATmega_DFP/1.3.300/gcc/dev/atmega2560/avr6/crtatmega2560.o
 .debug_str     0x000003e6      0x9b6 Cocktail_functions.o
                                0xa63 (size before relaxing)
 .debug_str     0x00000d9c      0x4dc Cocktail_Statemachine.o
                                0xd45 (size before relaxing)
 .debug_str     0x00001278      0x1d6 Getraenk.o
                                0x928 (size before relaxing)
 .debug_str     0x0000144e       0x8f Zutaten.o
                                0x2d0 (size before relaxing)
 .debug_str     0x000014dd      0x174 Main_Func.o
                                0x880 (size before relaxing)
 .debug_str     0x00001651       0x52 Nextion_Display.o
                                0x7b0 (size before relaxing)
 .debug_str     0x000016a3       0x5a ring_buffer.o
                                0x1fe (size before relaxing)
 .debug_str     0x000016fd      0x52d FAT32.o
                                0x894 (size before relaxing)
 .debug_str     0x00001c2a       0x69 SD_routines.o
                                0x311 (size before relaxing)
 .debug_str     0x00001c93       0x66 SPI.o
                                0x2b3 (size before relaxing)
 .debug_str     0x00001cf9       0x54 TMC6200.o
                                0x2d9 (size before relaxing)
 .debug_str     0x00001d4d      0x10a UART.o
                                0x385 (size before relaxing)
 .debug_str     0x00001e57       0x67 main.o
                                0x78d (size before relaxing)

.debug_loc      0x00000000     0x71d4
 *(.debug_loc)
 .debug_loc     0x00000000     0x15ea Cocktail_functions.o
 .debug_loc     0x000015ea      0xa52 Cocktail_Statemachine.o
 .debug_loc     0x0000203c     0x130c Getraenk.o
 .debug_loc     0x00003348      0x270 Zutaten.o
 .debug_loc     0x000035b8      0x294 Main_Func.o
 .debug_loc     0x0000384c      0x4c1 Nextion_Display.o
 .debug_loc     0x00003d0d      0x58d ring_buffer.o
 .debug_loc     0x0000429a     0x1d61 FAT32.o
 .debug_loc     0x00005ffb      0x73f SD_routines.o
 .debug_loc     0x0000673a       0xbc SPI.o
 .debug_loc     0x000067f6      0x1f5 TMC6200.o
 .debug_loc     0x000069eb      0x7e9 UART.o

.debug_macinfo
 *(.debug_macinfo)

.debug_weaknames
 *(.debug_weaknames)

.debug_funcnames
 *(.debug_funcnames)

.debug_typenames
 *(.debug_typenames)

.debug_varnames
 *(.debug_varnames)

.debug_pubtypes
 *(.debug_pubtypes)

.debug_ranges   0x00000000      0x558
 *(.debug_ranges)
 .debug_ranges  0x00000000      0x128 Cocktail_functions.o
 .debug_ranges  0x00000128       0xb0 Cocktail_Statemachine.o
 .debug_ranges  0x000001d8       0x80 Getraenk.o
 .debug_ranges  0x00000258       0x20 Zutaten.o
 .debug_ranges  0x00000278       0xb0 Main_Func.o
 .debug_ranges  0x00000328       0x40 Nextion_Display.o
 .debug_ranges  0x00000368       0x40 ring_buffer.o
 .debug_ranges  0x000003a8       0x98 FAT32.o
 .debug_ranges  0x00000440       0x30 SD_routines.o
 .debug_ranges  0x00000470       0x38 SPI.o
 .debug_ranges  0x000004a8       0x20 TMC6200.o
 .debug_ranges  0x000004c8       0x80 UART.o
 .debug_ranges  0x00000548       0x10 main.o

.debug_macro
 *(.debug_macro)
OUTPUT(Mikrocontroller.elf elf32-avr)
LOAD linker stubs
