Archive member included to satisfy reference by file (symbol)

c:/program files (x86)/atmel/studio/7.0/toolchain/avr8/avr8-gnu-toolchain/bin/../lib/gcc/avr/5.4.0/avr6\libgcc.a(_mulsi3.o)
                              Cocktail_functions.o (__mulsi3)
c:/program files (x86)/atmel/studio/7.0/toolchain/avr8/avr8-gnu-toolchain/bin/../lib/gcc/avr/5.4.0/avr6\libgcc.a(_udivmodsi4.o)
                              Cocktail_functions.o (__udivmodsi4)
c:/program files (x86)/atmel/studio/7.0/toolchain/avr8/avr8-gnu-toolchain/bin/../lib/gcc/avr/5.4.0/avr6\libgcc.a(_divmodsi4.o)
                              tmc4671.o (__divmodsi4)
c:/program files (x86)/atmel/studio/7.0/toolchain/avr8/avr8-gnu-toolchain/bin/../lib/gcc/avr/5.4.0/avr6\libgcc.a(_negsi2.o)
                              c:/program files (x86)/atmel/studio/7.0/toolchain/avr8/avr8-gnu-toolchain/bin/../lib/gcc/avr/5.4.0/avr6\libgcc.a(_divmodsi4.o) (__negsi2)
c:/program files (x86)/atmel/studio/7.0/toolchain/avr8/avr8-gnu-toolchain/bin/../lib/gcc/avr/5.4.0/avr6\libgcc.a(_exit.o)
                              C:/Program Files (x86)/Atmel/Studio/7.0/Packs/atmel/ATmega_DFP/1.3.300/gcc/dev/atmega2560/avr6/crtatmega2560.o (exit)
c:/program files (x86)/atmel/studio/7.0/toolchain/avr8/avr8-gnu-toolchain/bin/../lib/gcc/avr/5.4.0/avr6\libgcc.a(_tablejump2.o)
                              Cocktail_functions.o (__tablejump2__)
c:/program files (x86)/atmel/studio/7.0/toolchain/avr8/avr8-gnu-toolchain/bin/../lib/gcc/avr/5.4.0/avr6\libgcc.a(_copy_data.o)
                              Cocktail_functions.o (__do_copy_data)
c:/program files (x86)/atmel/studio/7.0/toolchain/avr8/avr8-gnu-toolchain/bin/../lib/gcc/avr/5.4.0/avr6\libgcc.a(_clear_bss.o)
                              Cocktail_functions.o (__do_clear_bss)
c:/program files (x86)/atmel/studio/7.0/toolchain/avr8/avr8-gnu-toolchain/bin/../lib/gcc/avr/5.4.0/avr6\libgcc.a(_umulhisi3.o)
                              FAT32.o (__umulhisi3)
c:/program files (x86)/atmel/studio/7.0/toolchain/avr8/avr8-gnu-toolchain/bin/../lib/gcc/avr/5.4.0/avr6\libgcc.a(_usmulhisi3.o)
                              tmc4671.o (__usmulhisi3)
c:/program files (x86)/atmel/studio/7.0/toolchain/avr8/avr8-gnu-toolchain/bin/../lib/gcc/avr/5.4.0/avr6\libgcc.a(_muluhisi3.o)
                              Cocktail_functions.o (__muluhisi3)
c:/program files (x86)/atmel/studio/7.0/toolchain/avr8/avr8-gnu-toolchain/bin/../lib/gcc/avr/5.4.0/../../../../avr/lib/avr6\libc.a(calloc.o)
                              Getraenk.o (calloc)
c:/program files (x86)/atmel/studio/7.0/toolchain/avr8/avr8-gnu-toolchain/bin/../lib/gcc/avr/5.4.0/../../../../avr/lib/avr6\libc.a(malloc.o)
                              c:/program files (x86)/atmel/studio/7.0/toolchain/avr8/avr8-gnu-toolchain/bin/../lib/gcc/avr/5.4.0/../../../../avr/lib/avr6\libc.a(calloc.o) (malloc)
c:/program files (x86)/atmel/studio/7.0/toolchain/avr8/avr8-gnu-toolchain/bin/../lib/gcc/avr/5.4.0/../../../../avr/lib/avr6\libc.a(atoi.o)
                              Cocktail_functions.o (atoi)
c:/program files (x86)/atmel/studio/7.0/toolchain/avr8/avr8-gnu-toolchain/bin/../lib/gcc/avr/5.4.0/../../../../avr/lib/avr6\libc.a(strtok.o)
                              Cocktail_functions.o (strtok)
c:/program files (x86)/atmel/studio/7.0/toolchain/avr8/avr8-gnu-toolchain/bin/../lib/gcc/avr/5.4.0/../../../../avr/lib/avr6\libc.a(memset.o)
                              c:/program files (x86)/atmel/studio/7.0/toolchain/avr8/avr8-gnu-toolchain/bin/../lib/gcc/avr/5.4.0/../../../../avr/lib/avr6\libc.a(calloc.o) (memset)
c:/program files (x86)/atmel/studio/7.0/toolchain/avr8/avr8-gnu-toolchain/bin/../lib/gcc/avr/5.4.0/../../../../avr/lib/avr6\libc.a(strcat.o)
                              Cocktail_functions.o (strcat)
c:/program files (x86)/atmel/studio/7.0/toolchain/avr8/avr8-gnu-toolchain/bin/../lib/gcc/avr/5.4.0/../../../../avr/lib/avr6\libc.a(strcpy.o)
                              Cocktail_functions.o (strcpy)
c:/program files (x86)/atmel/studio/7.0/toolchain/avr8/avr8-gnu-toolchain/bin/../lib/gcc/avr/5.4.0/../../../../avr/lib/avr6\libc.a(strncpy.o)
                              Getraenk.o (strncpy)
c:/program files (x86)/atmel/studio/7.0/toolchain/avr8/avr8-gnu-toolchain/bin/../lib/gcc/avr/5.4.0/../../../../avr/lib/avr6\libc.a(strtok_r.o)
                              c:/program files (x86)/atmel/studio/7.0/toolchain/avr8/avr8-gnu-toolchain/bin/../lib/gcc/avr/5.4.0/../../../../avr/lib/avr6\libc.a(strtok.o) (strtok_r)
c:/program files (x86)/atmel/studio/7.0/toolchain/avr8/avr8-gnu-toolchain/bin/../lib/gcc/avr/5.4.0/../../../../avr/lib/avr6\libc.a(itoa_ncheck.o)
                              Cocktail_functions.o (__itoa_ncheck)
c:/program files (x86)/atmel/studio/7.0/toolchain/avr8/avr8-gnu-toolchain/bin/../lib/gcc/avr/5.4.0/../../../../avr/lib/avr6\libc.a(mul10.o)
                              c:/program files (x86)/atmel/studio/7.0/toolchain/avr8/avr8-gnu-toolchain/bin/../lib/gcc/avr/5.4.0/../../../../avr/lib/avr6\libc.a(atoi.o) (__mulhi_const_10)
c:/program files (x86)/atmel/studio/7.0/toolchain/avr8/avr8-gnu-toolchain/bin/../lib/gcc/avr/5.4.0/../../../../avr/lib/avr6\libc.a(utoa_ncheck.o)
                              c:/program files (x86)/atmel/studio/7.0/toolchain/avr8/avr8-gnu-toolchain/bin/../lib/gcc/avr/5.4.0/../../../../avr/lib/avr6\libc.a(itoa_ncheck.o) (__utoa_common)
c:/program files (x86)/atmel/studio/7.0/toolchain/avr8/avr8-gnu-toolchain/bin/../lib/gcc/avr/5.4.0/../../../../avr/lib/avr6\libc.a(strrev.o)
                              c:/program files (x86)/atmel/studio/7.0/toolchain/avr8/avr8-gnu-toolchain/bin/../lib/gcc/avr/5.4.0/../../../../avr/lib/avr6\libc.a(utoa_ncheck.o) (strrev)
C:/Program Files (x86)/Atmel/Studio/7.0/Packs/atmel/ATmega_DFP/1.3.300/gcc/dev/atmega2560/avr6\libatmega2560.a(eerd_byte.o)
                              Getraenk.o (eeprom_read_byte)
C:/Program Files (x86)/Atmel/Studio/7.0/Packs/atmel/ATmega_DFP/1.3.300/gcc/dev/atmega2560/avr6\libatmega2560.a(eewr_byte.o)
                              Getraenk.o (eeprom_write_byte)

Allocating common symbols
Common symbol       size              file

head_zutat_file     0x2               Cocktail_functions.o
rb_tx_PC            0x101             Cocktail_functions.o
tail_getraenk_file  0x2               Cocktail_functions.o
head_zut_in_Maschine
                    0x2               Cocktail_functions.o
head_getraenk       0x2               Cocktail_functions.o
Liste               0x1               Cocktail_functions.o
aktuelleZutatInMaschine
                    0x2               Cocktail_functions.o
tail_getraenk       0x2               Cocktail_functions.o
appendFileLocation  0x4               Cocktail_functions.o
aktuelle_zutat      0x2               Cocktail_functions.o
tail_zutat_file     0x2               Cocktail_functions.o
fileName            0xd               Cocktail_functions.o
firstDataSector     0x4               Cocktail_functions.o
INPUT_UART_0        0x100             main.o
ptr_tx_completed_1  0x2               Cocktail_functions.o
fileSize            0x4               Cocktail_functions.o
bytesPerSector      0x2               Cocktail_functions.o
totalClusters       0x4               Cocktail_functions.o
option              0x1               Cocktail_functions.o
INPUT_UART_3        0x100             main.o
aktuellesGetraenk_file
                    0x2               Cocktail_functions.o
head_getraenk_file  0x2               Cocktail_functions.o
Grossschreib        0x1               Cocktail_functions.o
rootCluster         0x4               Cocktail_functions.o
__brkval            0x2               c:/program files (x86)/atmel/studio/7.0/toolchain/avr8/avr8-gnu-toolchain/bin/../lib/gcc/avr/5.4.0/../../../../avr/lib/avr6\libc.a(malloc.o)
block_list_runter   0x1               Cocktail_functions.o
rb_rx_ESP           0x101             Cocktail_functions.o
startBlock          0x4               Cocktail_functions.o
i                   0x2               Cocktail_functions.o
address_Standardwiederherstellung
                    0x2               Cocktail_functions.o
rb_rx_Display       0x101             Cocktail_functions.o
buffer              0x200             Cocktail_functions.o
SPI_Slave           0x1               Cocktail_functions.o
sectorPerCluster    0x2               Cocktail_functions.o
ptr_tx_completed_2  0x2               Cocktail_functions.o
block_list_hoch     0x1               Cocktail_functions.o
unusedSectors       0x4               Cocktail_functions.o
rb_tx_RFID          0x101             Cocktail_functions.o
SDHC_flag           0x1               Cocktail_functions.o
INPUT_UART_1        0x100             main.o
counter             0x1               Cocktail_functions.o
totalBlocks         0x4               Cocktail_functions.o
tail_zut_in_Maschine
                    0x2               Cocktail_functions.o
data                0x1               Cocktail_functions.o
buff_name           0x15              Cocktail_functions.o
reservedSectorCount
                    0x2               Cocktail_functions.o
ptr_Uart_1          0x2               main.o
ptr_tx_completed_3  0x2               Cocktail_functions.o
aktuelles_zutat_file
                    0x2               Cocktail_functions.o
rb_rx_PC            0x101             Cocktail_functions.o
rb_tx_ESP           0x101             Cocktail_functions.o
address_getraenk    0x2               Cocktail_functions.o
appendStartCluster  0x4               Cocktail_functions.o
test2               0x1               Cocktail_functions.o
cardType            0x1               Cocktail_functions.o
error               0x1               Cocktail_functions.o
rb_rx_RFID          0x101             Cocktail_functions.o
gui_pages           0x1               Cocktail_functions.o
i_Liste             0x1               Cocktail_functions.o
__flp               0x2               c:/program files (x86)/atmel/studio/7.0/toolchain/avr8/avr8-gnu-toolchain/bin/../lib/gcc/avr/5.4.0/../../../../avr/lib/avr6\libc.a(malloc.o)
ptr_SPI_w_completed
                    0x2               SPI.o
INPUT_UART_2        0x100             main.o
freeClusterCountUpdated
                    0x1               Cocktail_functions.o
stop                0x1               Cocktail_functions.o
FAT32_active        0x1               Cocktail_functions.o
appendFileSector    0x4               Cocktail_functions.o
aktuellesGetraenk   0x2               Cocktail_functions.o
ptr_tx_completed_0  0x2               Cocktail_functions.o
SPI_State           0x1               Cocktail_functions.o

Discarded input sections

 .data          0x00000000        0x0 C:/Program Files (x86)/Atmel/Studio/7.0/Packs/atmel/ATmega_DFP/1.3.300/gcc/dev/atmega2560/avr6/crtatmega2560.o
 .bss           0x00000000        0x0 C:/Program Files (x86)/Atmel/Studio/7.0/Packs/atmel/ATmega_DFP/1.3.300/gcc/dev/atmega2560/avr6/crtatmega2560.o
 .text          0x00000000        0x0 Cocktail_functions.o
 .data          0x00000000        0x0 Cocktail_functions.o
 .bss           0x00000000        0x0 Cocktail_functions.o
 .text.erstelle_bearb_Cocktailliste
                0x00000000      0x144 Cocktail_functions.o
 .text          0x00000000        0x0 Cocktail_Statemachine.o
 .data          0x00000000        0x0 Cocktail_Statemachine.o
 .bss           0x00000000        0x0 Cocktail_Statemachine.o
 .text.init_Getraenke_func
                0x00000000       0x14 Cocktail_Statemachine.o
 .text.check_fehleranzeige
                0x00000000        0x2 Cocktail_Statemachine.o
 .text          0x00000000        0x0 Getraenk.o
 .data          0x00000000        0x0 Getraenk.o
 .bss           0x00000000        0x0 Getraenk.o
 .text.add_drink_to_eeprom
                0x00000000      0x19a Getraenk.o
 .text.count_eeprom_drinks
                0x00000000        0x4 Getraenk.o
 .text.read_drink_from_eemprom
                0x00000000      0x192 Getraenk.o
 .text.add_EEPROM_drinks_to_list
                0x00000000        0x2 Getraenk.o
 .text.delete_EEPROM
                0x00000000       0x2a Getraenk.o
 .text          0x00000000        0x0 Zutaten.o
 .data          0x00000000        0x0 Zutaten.o
 .bss           0x00000000        0x0 Zutaten.o
 .text          0x00000000        0x0 Main_Func.o
 .data          0x00000000        0x0 Main_Func.o
 .bss           0x00000000        0x0 Main_Func.o
 .text.toggle_LED
                0x00000000        0xa Main_Func.o
 .text.heartbeat_LED
                0x00000000       0x18 Main_Func.o
 .text          0x00000000        0x0 Nextion_Display.o
 .data          0x00000000        0x0 Nextion_Display.o
 .bss           0x00000000        0x0 Nextion_Display.o
 .text          0x00000000        0x0 mfrc522.o
 .data          0x00000000        0x0 mfrc522.o
 .bss           0x00000000        0x0 mfrc522.o
 .text.mfrc522_to_card
                0x00000000      0x25e mfrc522.o
 .text.mfrc522_request
                0x00000000       0x68 mfrc522.o
 .text.mfrc522_get_card_serial
                0x00000000       0x70 mfrc522.o
 .text.check_Communication_Input_MFRC522
                0x00000000       0xee mfrc522.o
 .text          0x00000000        0x0 ring_buffer.o
 .data          0x00000000        0x0 ring_buffer.o
 .bss           0x00000000        0x0 ring_buffer.o
 .text.RB_read  0x00000000       0x68 ring_buffer.o
 .text          0x00000000        0x0 FAT32.o
 .data          0x00000000        0x0 FAT32.o
 .bss           0x00000000        0x0 FAT32.o
 .text.memoryStatistics
                0x00000000      0x248 FAT32.o
 .text          0x00000000        0x0 SD_routines.o
 .data          0x00000000        0x0 SD_routines.o
 .bss           0x00000000        0x0 SD_routines.o
 .text.SD_erase
                0x00000000       0x62 SD_routines.o
 .text          0x00000000        0x0 SPI.o
 .data          0x00000000        0x0 SPI.o
 .bss           0x00000000        0x0 SPI.o
 .text.spi_transmit_IT
                0x00000000       0x1e SPI.o
 COMMON         0x00000000        0x2 SPI.o
 .text          0x00000000        0x0 tmc4671.o
 .data          0x00000000        0x0 tmc4671.o
 .bss           0x00000000        0x0 tmc4671.o
 .text.tmc40bit_writeInt
                0x00000000       0x4c tmc4671.o
 .text.tmc4671_writeDatagram
                0x00000000       0x2c tmc4671.o
 .text.tmc4671_writeInt
                0x00000000        0x6 tmc4671.o
 .text.tmc40bit_readInt
                0x00000000       0x44 tmc4671.o
 .text.tmc4671_readInt
                0x00000000       0x1e tmc4671.o
 .text.TMC4671_init
                0x00000000       0xd0 tmc4671.o
 .text.initTMC4671_Encoder
                0x00000000       0x88 tmc4671.o
 .text.initTMC4671_Openloop
                0x00000000       0xd4 tmc4671.o
 .text.tmc4671_readRegister16BitValue
                0x00000000       0x30 tmc4671.o
 .text.tmc4671_writeRegister16BitValue
                0x00000000       0x66 tmc4671.o
 .text.tmc4671_switchToMotionMode
                0x00000000       0x34 tmc4671.o
 .text.tmc4671_setTargetTorque_raw
                0x00000000       0x2e tmc4671.o
 .text.tmc4671_getTargetTorque_raw
                0x00000000       0x58 tmc4671.o
 .text.tmc4671_getActualTorque_raw
                0x00000000       0x1a tmc4671.o
 .text.tmc4671_getActualRampTorque_raw
                0x00000000        0x8 tmc4671.o
 .text.tmc4671_setTargetTorque_mA
                0x00000000       0x48 tmc4671.o
 .text.tmc4671_getTargetTorque_mA
                0x00000000       0x3e tmc4671.o
 .text.tmc4671_getActualTorque_mA
                0x00000000       0x3e tmc4671.o
 .text.tmc4671_getTargetTorqueFluxSum_mA
                0x00000000       0xba tmc4671.o
 .text.tmc4671_getActualTorqueFluxSum_mA
                0x00000000       0x5c tmc4671.o
 .text.tmc4671_getActualRampTorque_mA
                0x00000000        0x8 tmc4671.o
 .text.tmc4671_setTargetFlux_raw
                0x00000000        0xc tmc4671.o
 .text.tmc4671_getTargetFlux_raw
                0x00000000       0x5a tmc4671.o
 .text.tmc4671_getActualFlux_raw
                0x00000000       0x12 tmc4671.o
 .text.tmc4671_setTargetFlux_mA
                0x00000000       0x26 tmc4671.o
 .text.tmc4671_getTargetFlux_mA
                0x00000000       0x3e tmc4671.o
 .text.tmc4671_getActualFlux_mA
                0x00000000       0x40 tmc4671.o
 .text.tmc4671_setTorqueFluxLimit_mA
                0x00000000       0x26 tmc4671.o
 .text.tmc4671_getTorqueFluxLimit_mA
                0x00000000       0x40 tmc4671.o
 .text.tmc4671_setTargetVelocity
                0x00000000       0x30 tmc4671.o
 .text.tmc4671_getTargetVelocity
                0x00000000       0x12 tmc4671.o
 .text.tmc4671_getActualVelocity
                0x00000000       0x12 tmc4671.o
 .text.tmc4671_getActualRampVelocity
                0x00000000        0x8 tmc4671.o
 .text.tmc4671_setAbsolutTargetPosition
                0x00000000       0x30 tmc4671.o
 .text.tmc4671_setRelativeTargetPosition
                0x00000000       0x4c tmc4671.o
 .text.tmc4671_getTargetPosition
                0x00000000       0x12 tmc4671.o
 .text.tmc4671_setActualPosition
                0x00000000        0xe tmc4671.o
 .text.tmc4671_getActualPosition
                0x00000000       0x12 tmc4671.o
 .text.tmc4671_getActualRampPosition
                0x00000000        0x8 tmc4671.o
 .text.tmc4671_doEncoderInitializationMode0
                0x00000000      0x12e tmc4671.o
 .text.tmc4671_getS16CircleDifference
                0x00000000        0x6 tmc4671.o
 .text.tmc4671_doEncoderInitializationMode2
                0x00000000      0x112 tmc4671.o
 .text.tmc4671_checkEncderInitialization
                0x00000000       0x96 tmc4671.o
 .text.tmc4671_periodicJob
                0x00000000       0x26 tmc4671.o
 .text.tmc4671_startEncoderInitialization
                0x00000000       0x28 tmc4671.o
 .text.tmc4671_updatePhiSelectionAndInitialize
                0x00000000       0x4e tmc4671.o
 .text.tmc4671_disablePWM
                0x00000000       0x10 tmc4671.o
 .text.tmc4671_getMotorType
                0x00000000       0x14 tmc4671.o
 .text.tmc4671_setMotorType
                0x00000000       0x2c tmc4671.o
 .text.tmc4671_getPolePairs
                0x00000000        0xa tmc4671.o
 .text.tmc4671_setPolePairs
                0x00000000       0x2c tmc4671.o
 .text.tmc4671_getAdcI0Offset
                0x00000000        0xa tmc4671.o
 .text.tmc4671_setAdcI0Offset
                0x00000000       0x2e tmc4671.o
 .text.tmc4671_getAdcI1Offset
                0x00000000        0xa tmc4671.o
 .text.tmc4671_setAdcI1Offset
                0x00000000       0x2e tmc4671.o
 .text.tmc4671_setTorqueFluxPI
                0x00000000       0x50 tmc4671.o
 .text.tmc4671_setVelocityPI
                0x00000000       0x44 tmc4671.o
 .text.tmc4671_setPositionPI
                0x00000000       0x44 tmc4671.o
 .text.tmc4671_readFieldWithDependency
                0x00000000       0x9a tmc4671.o
 .bss.lastSystick.2360
                0x00000000        0x4 tmc4671.o
 .bss.actual_coarse_offset.2343
                0x00000000        0x2 tmc4671.o
 .bss.hall_phi_e_old.2341
                0x00000000        0x2 tmc4671.o
 .bss.last_PHI_E_EXT.2325
                0x00000000        0x2 tmc4671.o
 .bss.last_UQ_UD_EXT.2324
                0x00000000        0x4 tmc4671.o
 .bss.last_Phi_E_Selection.2323
                0x00000000        0x2 tmc4671.o
 .debug_info    0x00000000     0x31e2 tmc4671.o
 .debug_abbrev  0x00000000      0x341 tmc4671.o
 .debug_loc     0x00000000     0x3bb5 tmc4671.o
 .debug_aranges
                0x00000000      0x1f0 tmc4671.o
 .debug_ranges  0x00000000      0x1e0 tmc4671.o
 .debug_line    0x00000000      0xaae tmc4671.o
 .debug_str     0x00000000      0xadf tmc4671.o
 .comment       0x00000000       0x31 tmc4671.o
 .debug_frame   0x00000000      0x7b0 tmc4671.o
 .text          0x00000000        0x0 TMC6200.o
 .data          0x00000000        0x0 TMC6200.o
 .bss           0x00000000        0x0 TMC6200.o
 .text.tmc6200_readInt
                0x00000000       0x70 TMC6200.o
 .text.tmc6200_writeInt
                0x00000000       0x42 TMC6200.o
 .text.initTMC6200
                0x00000000       0x22 TMC6200.o
 .debug_info    0x00000000      0x2f0 TMC6200.o
 .debug_abbrev  0x00000000      0x14c TMC6200.o
 .debug_loc     0x00000000      0x1f5 TMC6200.o
 .debug_aranges
                0x00000000       0x30 TMC6200.o
 .debug_ranges  0x00000000       0x20 TMC6200.o
 .debug_line    0x00000000      0x173 TMC6200.o
 .debug_str     0x00000000      0x27a TMC6200.o
 .comment       0x00000000       0x31 TMC6200.o
 .debug_frame   0x00000000       0x78 TMC6200.o
 .text          0x00000000        0x0 UART.o
 .data          0x00000000        0x0 UART.o
 .bss           0x00000000        0x0 UART.o
 .text.Uart_Transmit_IT_ESP
                0x00000000       0x26 UART.o
 .text.Uart_Transmit_IT_RFID
                0x00000000       0x26 UART.o
 .text.receiveByte
                0x00000000       0x16 UART.o
 .text          0x00000000        0x0 main.o
 .data          0x00000000        0x0 main.o
 .bss           0x00000000        0x0 main.o
 .bss.cntr_End_UART_3
                0x00000000        0x1 main.o
 .bss.UART_recieved_finished_3
                0x00000000        0x1 main.o
 .bss.cntr_UART_3
                0x00000000        0x1 main.o
 .bss.UART_recieved_finished_2
                0x00000000        0x1 main.o
 .bss.UART_recieved_finished_1
                0x00000000        0x1 main.o
 .bss.UART_recieved_finished_0
                0x00000000        0x1 main.o
 .text          0x00000000        0x0 c:/program files (x86)/atmel/studio/7.0/toolchain/avr8/avr8-gnu-toolchain/bin/../lib/gcc/avr/5.4.0/avr6\libgcc.a(_mulsi3.o)
 .data          0x00000000        0x0 c:/program files (x86)/atmel/studio/7.0/toolchain/avr8/avr8-gnu-toolchain/bin/../lib/gcc/avr/5.4.0/avr6\libgcc.a(_mulsi3.o)
 .bss           0x00000000        0x0 c:/program files (x86)/atmel/studio/7.0/toolchain/avr8/avr8-gnu-toolchain/bin/../lib/gcc/avr/5.4.0/avr6\libgcc.a(_mulsi3.o)
 .text.libgcc.div
                0x00000000        0x0 c:/program files (x86)/atmel/studio/7.0/toolchain/avr8/avr8-gnu-toolchain/bin/../lib/gcc/avr/5.4.0/avr6\libgcc.a(_mulsi3.o)
 .text.libgcc   0x00000000        0x0 c:/program files (x86)/atmel/studio/7.0/toolchain/avr8/avr8-gnu-toolchain/bin/../lib/gcc/avr/5.4.0/avr6\libgcc.a(_mulsi3.o)
 .text.libgcc.prologue
                0x00000000        0x0 c:/program files (x86)/atmel/studio/7.0/toolchain/avr8/avr8-gnu-toolchain/bin/../lib/gcc/avr/5.4.0/avr6\libgcc.a(_mulsi3.o)
 .text.libgcc.builtins
                0x00000000        0x0 c:/program files (x86)/atmel/studio/7.0/toolchain/avr8/avr8-gnu-toolchain/bin/../lib/gcc/avr/5.4.0/avr6\libgcc.a(_mulsi3.o)
 .text.libgcc.fmul
                0x00000000        0x0 c:/program files (x86)/atmel/studio/7.0/toolchain/avr8/avr8-gnu-toolchain/bin/../lib/gcc/avr/5.4.0/avr6\libgcc.a(_mulsi3.o)
 .text.libgcc.fixed
                0x00000000        0x0 c:/program files (x86)/atmel/studio/7.0/toolchain/avr8/avr8-gnu-toolchain/bin/../lib/gcc/avr/5.4.0/avr6\libgcc.a(_mulsi3.o)
 .text          0x00000000        0x0 c:/program files (x86)/atmel/studio/7.0/toolchain/avr8/avr8-gnu-toolchain/bin/../lib/gcc/avr/5.4.0/avr6\libgcc.a(_udivmodsi4.o)
 .data          0x00000000        0x0 c:/program files (x86)/atmel/studio/7.0/toolchain/avr8/avr8-gnu-toolchain/bin/../lib/gcc/avr/5.4.0/avr6\libgcc.a(_udivmodsi4.o)
 .bss           0x00000000        0x0 c:/program files (x86)/atmel/studio/7.0/toolchain/avr8/avr8-gnu-toolchain/bin/../lib/gcc/avr/5.4.0/avr6\libgcc.a(_udivmodsi4.o)
 .text.libgcc.mul
                0x00000000        0x0 c:/program files (x86)/atmel/studio/7.0/toolchain/avr8/avr8-gnu-toolchain/bin/../lib/gcc/avr/5.4.0/avr6\libgcc.a(_udivmodsi4.o)
 .text.libgcc   0x00000000        0x0 c:/program files (x86)/atmel/studio/7.0/toolchain/avr8/avr8-gnu-toolchain/bin/../lib/gcc/avr/5.4.0/avr6\libgcc.a(_udivmodsi4.o)
 .text.libgcc.prologue
                0x00000000        0x0 c:/program files (x86)/atmel/studio/7.0/toolchain/avr8/avr8-gnu-toolchain/bin/../lib/gcc/avr/5.4.0/avr6\libgcc.a(_udivmodsi4.o)
 .text.libgcc.builtins
                0x00000000        0x0 c:/program files (x86)/atmel/studio/7.0/toolchain/avr8/avr8-gnu-toolchain/bin/../lib/gcc/avr/5.4.0/avr6\libgcc.a(_udivmodsi4.o)
 .text.libgcc.fmul
                0x00000000        0x0 c:/program files (x86)/atmel/studio/7.0/toolchain/avr8/avr8-gnu-toolchain/bin/../lib/gcc/avr/5.4.0/avr6\libgcc.a(_udivmodsi4.o)
 .text.libgcc.fixed
                0x00000000        0x0 c:/program files (x86)/atmel/studio/7.0/toolchain/avr8/avr8-gnu-toolchain/bin/../lib/gcc/avr/5.4.0/avr6\libgcc.a(_udivmodsi4.o)
 .text          0x00000000        0x0 c:/program files (x86)/atmel/studio/7.0/toolchain/avr8/avr8-gnu-toolchain/bin/../lib/gcc/avr/5.4.0/avr6\libgcc.a(_divmodsi4.o)
 .data          0x00000000        0x0 c:/program files (x86)/atmel/studio/7.0/toolchain/avr8/avr8-gnu-toolchain/bin/../lib/gcc/avr/5.4.0/avr6\libgcc.a(_divmodsi4.o)
 .bss           0x00000000        0x0 c:/program files (x86)/atmel/studio/7.0/toolchain/avr8/avr8-gnu-toolchain/bin/../lib/gcc/avr/5.4.0/avr6\libgcc.a(_divmodsi4.o)
 .text.libgcc.mul
                0x00000000        0x0 c:/program files (x86)/atmel/studio/7.0/toolchain/avr8/avr8-gnu-toolchain/bin/../lib/gcc/avr/5.4.0/avr6\libgcc.a(_divmodsi4.o)
 .text.libgcc.div
                0x00000000       0x2e c:/program files (x86)/atmel/studio/7.0/toolchain/avr8/avr8-gnu-toolchain/bin/../lib/gcc/avr/5.4.0/avr6\libgcc.a(_divmodsi4.o)
 .text.libgcc   0x00000000        0x0 c:/program files (x86)/atmel/studio/7.0/toolchain/avr8/avr8-gnu-toolchain/bin/../lib/gcc/avr/5.4.0/avr6\libgcc.a(_divmodsi4.o)
 .text.libgcc.prologue
                0x00000000        0x0 c:/program files (x86)/atmel/studio/7.0/toolchain/avr8/avr8-gnu-toolchain/bin/../lib/gcc/avr/5.4.0/avr6\libgcc.a(_divmodsi4.o)
 .text.libgcc.builtins
                0x00000000        0x0 c:/program files (x86)/atmel/studio/7.0/toolchain/avr8/avr8-gnu-toolchain/bin/../lib/gcc/avr/5.4.0/avr6\libgcc.a(_divmodsi4.o)
 .text.libgcc.fmul
                0x00000000        0x0 c:/program files (x86)/atmel/studio/7.0/toolchain/avr8/avr8-gnu-toolchain/bin/../lib/gcc/avr/5.4.0/avr6\libgcc.a(_divmodsi4.o)
 .text.libgcc.fixed
                0x00000000        0x0 c:/program files (x86)/atmel/studio/7.0/toolchain/avr8/avr8-gnu-toolchain/bin/../lib/gcc/avr/5.4.0/avr6\libgcc.a(_divmodsi4.o)
 .text          0x00000000        0x0 c:/program files (x86)/atmel/studio/7.0/toolchain/avr8/avr8-gnu-toolchain/bin/../lib/gcc/avr/5.4.0/avr6\libgcc.a(_negsi2.o)
 .data          0x00000000        0x0 c:/program files (x86)/atmel/studio/7.0/toolchain/avr8/avr8-gnu-toolchain/bin/../lib/gcc/avr/5.4.0/avr6\libgcc.a(_negsi2.o)
 .bss           0x00000000        0x0 c:/program files (x86)/atmel/studio/7.0/toolchain/avr8/avr8-gnu-toolchain/bin/../lib/gcc/avr/5.4.0/avr6\libgcc.a(_negsi2.o)
 .text.libgcc.mul
                0x00000000        0x0 c:/program files (x86)/atmel/studio/7.0/toolchain/avr8/avr8-gnu-toolchain/bin/../lib/gcc/avr/5.4.0/avr6\libgcc.a(_negsi2.o)
 .text.libgcc.div
                0x00000000       0x10 c:/program files (x86)/atmel/studio/7.0/toolchain/avr8/avr8-gnu-toolchain/bin/../lib/gcc/avr/5.4.0/avr6\libgcc.a(_negsi2.o)
 .text.libgcc   0x00000000        0x0 c:/program files (x86)/atmel/studio/7.0/toolchain/avr8/avr8-gnu-toolchain/bin/../lib/gcc/avr/5.4.0/avr6\libgcc.a(_negsi2.o)
 .text.libgcc.prologue
                0x00000000        0x0 c:/program files (x86)/atmel/studio/7.0/toolchain/avr8/avr8-gnu-toolchain/bin/../lib/gcc/avr/5.4.0/avr6\libgcc.a(_negsi2.o)
 .text.libgcc.builtins
                0x00000000        0x0 c:/program files (x86)/atmel/studio/7.0/toolchain/avr8/avr8-gnu-toolchain/bin/../lib/gcc/avr/5.4.0/avr6\libgcc.a(_negsi2.o)
 .text.libgcc.fmul
                0x00000000        0x0 c:/program files (x86)/atmel/studio/7.0/toolchain/avr8/avr8-gnu-toolchain/bin/../lib/gcc/avr/5.4.0/avr6\libgcc.a(_negsi2.o)
 .text.libgcc.fixed
                0x00000000        0x0 c:/program files (x86)/atmel/studio/7.0/toolchain/avr8/avr8-gnu-toolchain/bin/../lib/gcc/avr/5.4.0/avr6\libgcc.a(_negsi2.o)
 .text          0x00000000        0x0 c:/program files (x86)/atmel/studio/7.0/toolchain/avr8/avr8-gnu-toolchain/bin/../lib/gcc/avr/5.4.0/avr6\libgcc.a(_exit.o)
 .data          0x00000000        0x0 c:/program files (x86)/atmel/studio/7.0/toolchain/avr8/avr8-gnu-toolchain/bin/../lib/gcc/avr/5.4.0/avr6\libgcc.a(_exit.o)
 .bss           0x00000000        0x0 c:/program files (x86)/atmel/studio/7.0/toolchain/avr8/avr8-gnu-toolchain/bin/../lib/gcc/avr/5.4.0/avr6\libgcc.a(_exit.o)
 .text.libgcc.mul
                0x00000000        0x0 c:/program files (x86)/atmel/studio/7.0/toolchain/avr8/avr8-gnu-toolchain/bin/../lib/gcc/avr/5.4.0/avr6\libgcc.a(_exit.o)
 .text.libgcc.div
                0x00000000        0x0 c:/program files (x86)/atmel/studio/7.0/toolchain/avr8/avr8-gnu-toolchain/bin/../lib/gcc/avr/5.4.0/avr6\libgcc.a(_exit.o)
 .text.libgcc   0x00000000        0x0 c:/program files (x86)/atmel/studio/7.0/toolchain/avr8/avr8-gnu-toolchain/bin/../lib/gcc/avr/5.4.0/avr6\libgcc.a(_exit.o)
 .text.libgcc.prologue
                0x00000000        0x0 c:/program files (x86)/atmel/studio/7.0/toolchain/avr8/avr8-gnu-toolchain/bin/../lib/gcc/avr/5.4.0/avr6\libgcc.a(_exit.o)
 .text.libgcc.builtins
                0x00000000        0x0 c:/program files (x86)/atmel/studio/7.0/toolchain/avr8/avr8-gnu-toolchain/bin/../lib/gcc/avr/5.4.0/avr6\libgcc.a(_exit.o)
 .text.libgcc.fmul
                0x00000000        0x0 c:/program files (x86)/atmel/studio/7.0/toolchain/avr8/avr8-gnu-toolchain/bin/../lib/gcc/avr/5.4.0/avr6\libgcc.a(_exit.o)
 .text.libgcc.fixed
                0x00000000        0x0 c:/program files (x86)/atmel/studio/7.0/toolchain/avr8/avr8-gnu-toolchain/bin/../lib/gcc/avr/5.4.0/avr6\libgcc.a(_exit.o)
 .text          0x00000000        0x0 c:/program files (x86)/atmel/studio/7.0/toolchain/avr8/avr8-gnu-toolchain/bin/../lib/gcc/avr/5.4.0/avr6\libgcc.a(_tablejump2.o)
 .data          0x00000000        0x0 c:/program files (x86)/atmel/studio/7.0/toolchain/avr8/avr8-gnu-toolchain/bin/../lib/gcc/avr/5.4.0/avr6\libgcc.a(_tablejump2.o)
 .bss           0x00000000        0x0 c:/program files (x86)/atmel/studio/7.0/toolchain/avr8/avr8-gnu-toolchain/bin/../lib/gcc/avr/5.4.0/avr6\libgcc.a(_tablejump2.o)
 .text.libgcc.mul
                0x00000000        0x0 c:/program files (x86)/atmel/studio/7.0/toolchain/avr8/avr8-gnu-toolchain/bin/../lib/gcc/avr/5.4.0/avr6\libgcc.a(_tablejump2.o)
 .text.libgcc.div
                0x00000000        0x0 c:/program files (x86)/atmel/studio/7.0/toolchain/avr8/avr8-gnu-toolchain/bin/../lib/gcc/avr/5.4.0/avr6\libgcc.a(_tablejump2.o)
 .text.libgcc.prologue
                0x00000000        0x0 c:/program files (x86)/atmel/studio/7.0/toolchain/avr8/avr8-gnu-toolchain/bin/../lib/gcc/avr/5.4.0/avr6\libgcc.a(_tablejump2.o)
 .text.libgcc.builtins
                0x00000000        0x0 c:/program files (x86)/atmel/studio/7.0/toolchain/avr8/avr8-gnu-toolchain/bin/../lib/gcc/avr/5.4.0/avr6\libgcc.a(_tablejump2.o)
 .text.libgcc.fmul
                0x00000000        0x0 c:/program files (x86)/atmel/studio/7.0/toolchain/avr8/avr8-gnu-toolchain/bin/../lib/gcc/avr/5.4.0/avr6\libgcc.a(_tablejump2.o)
 .text.libgcc.fixed
                0x00000000        0x0 c:/program files (x86)/atmel/studio/7.0/toolchain/avr8/avr8-gnu-toolchain/bin/../lib/gcc/avr/5.4.0/avr6\libgcc.a(_tablejump2.o)
 .text          0x00000000        0x0 c:/program files (x86)/atmel/studio/7.0/toolchain/avr8/avr8-gnu-toolchain/bin/../lib/gcc/avr/5.4.0/avr6\libgcc.a(_copy_data.o)
 .data          0x00000000        0x0 c:/program files (x86)/atmel/studio/7.0/toolchain/avr8/avr8-gnu-toolchain/bin/../lib/gcc/avr/5.4.0/avr6\libgcc.a(_copy_data.o)
 .bss           0x00000000        0x0 c:/program files (x86)/atmel/studio/7.0/toolchain/avr8/avr8-gnu-toolchain/bin/../lib/gcc/avr/5.4.0/avr6\libgcc.a(_copy_data.o)
 .text.libgcc.mul
                0x00000000        0x0 c:/program files (x86)/atmel/studio/7.0/toolchain/avr8/avr8-gnu-toolchain/bin/../lib/gcc/avr/5.4.0/avr6\libgcc.a(_copy_data.o)
 .text.libgcc.div
                0x00000000        0x0 c:/program files (x86)/atmel/studio/7.0/toolchain/avr8/avr8-gnu-toolchain/bin/../lib/gcc/avr/5.4.0/avr6\libgcc.a(_copy_data.o)
 .text.libgcc   0x00000000        0x0 c:/program files (x86)/atmel/studio/7.0/toolchain/avr8/avr8-gnu-toolchain/bin/../lib/gcc/avr/5.4.0/avr6\libgcc.a(_copy_data.o)
 .text.libgcc.prologue
                0x00000000        0x0 c:/program files (x86)/atmel/studio/7.0/toolchain/avr8/avr8-gnu-toolchain/bin/../lib/gcc/avr/5.4.0/avr6\libgcc.a(_copy_data.o)
 .text.libgcc.builtins
                0x00000000        0x0 c:/program files (x86)/atmel/studio/7.0/toolchain/avr8/avr8-gnu-toolchain/bin/../lib/gcc/avr/5.4.0/avr6\libgcc.a(_copy_data.o)
 .text.libgcc.fmul
                0x00000000        0x0 c:/program files (x86)/atmel/studio/7.0/toolchain/avr8/avr8-gnu-toolchain/bin/../lib/gcc/avr/5.4.0/avr6\libgcc.a(_copy_data.o)
 .text.libgcc.fixed
                0x00000000        0x0 c:/program files (x86)/atmel/studio/7.0/toolchain/avr8/avr8-gnu-toolchain/bin/../lib/gcc/avr/5.4.0/avr6\libgcc.a(_copy_data.o)
 .text          0x00000000        0x0 c:/program files (x86)/atmel/studio/7.0/toolchain/avr8/avr8-gnu-toolchain/bin/../lib/gcc/avr/5.4.0/avr6\libgcc.a(_clear_bss.o)
 .data          0x00000000        0x0 c:/program files (x86)/atmel/studio/7.0/toolchain/avr8/avr8-gnu-toolchain/bin/../lib/gcc/avr/5.4.0/avr6\libgcc.a(_clear_bss.o)
 .bss           0x00000000        0x0 c:/program files (x86)/atmel/studio/7.0/toolchain/avr8/avr8-gnu-toolchain/bin/../lib/gcc/avr/5.4.0/avr6\libgcc.a(_clear_bss.o)
 .text.libgcc.mul
                0x00000000        0x0 c:/program files (x86)/atmel/studio/7.0/toolchain/avr8/avr8-gnu-toolchain/bin/../lib/gcc/avr/5.4.0/avr6\libgcc.a(_clear_bss.o)
 .text.libgcc.div
                0x00000000        0x0 c:/program files (x86)/atmel/studio/7.0/toolchain/avr8/avr8-gnu-toolchain/bin/../lib/gcc/avr/5.4.0/avr6\libgcc.a(_clear_bss.o)
 .text.libgcc   0x00000000        0x0 c:/program files (x86)/atmel/studio/7.0/toolchain/avr8/avr8-gnu-toolchain/bin/../lib/gcc/avr/5.4.0/avr6\libgcc.a(_clear_bss.o)
 .text.libgcc.prologue
                0x00000000        0x0 c:/program files (x86)/atmel/studio/7.0/toolchain/avr8/avr8-gnu-toolchain/bin/../lib/gcc/avr/5.4.0/avr6\libgcc.a(_clear_bss.o)
 .text.libgcc.builtins
                0x00000000        0x0 c:/program files (x86)/atmel/studio/7.0/toolchain/avr8/avr8-gnu-toolchain/bin/../lib/gcc/avr/5.4.0/avr6\libgcc.a(_clear_bss.o)
 .text.libgcc.fmul
                0x00000000        0x0 c:/program files (x86)/atmel/studio/7.0/toolchain/avr8/avr8-gnu-toolchain/bin/../lib/gcc/avr/5.4.0/avr6\libgcc.a(_clear_bss.o)
 .text.libgcc.fixed
                0x00000000        0x0 c:/program files (x86)/atmel/studio/7.0/toolchain/avr8/avr8-gnu-toolchain/bin/../lib/gcc/avr/5.4.0/avr6\libgcc.a(_clear_bss.o)
 .text          0x00000000        0x0 c:/program files (x86)/atmel/studio/7.0/toolchain/avr8/avr8-gnu-toolchain/bin/../lib/gcc/avr/5.4.0/avr6\libgcc.a(_umulhisi3.o)
 .data          0x00000000        0x0 c:/program files (x86)/atmel/studio/7.0/toolchain/avr8/avr8-gnu-toolchain/bin/../lib/gcc/avr/5.4.0/avr6\libgcc.a(_umulhisi3.o)
 .bss           0x00000000        0x0 c:/program files (x86)/atmel/studio/7.0/toolchain/avr8/avr8-gnu-toolchain/bin/../lib/gcc/avr/5.4.0/avr6\libgcc.a(_umulhisi3.o)
 .text.libgcc.div
                0x00000000        0x0 c:/program files (x86)/atmel/studio/7.0/toolchain/avr8/avr8-gnu-toolchain/bin/../lib/gcc/avr/5.4.0/avr6\libgcc.a(_umulhisi3.o)
 .text.libgcc   0x00000000        0x0 c:/program files (x86)/atmel/studio/7.0/toolchain/avr8/avr8-gnu-toolchain/bin/../lib/gcc/avr/5.4.0/avr6\libgcc.a(_umulhisi3.o)
 .text.libgcc.prologue
                0x00000000        0x0 c:/program files (x86)/atmel/studio/7.0/toolchain/avr8/avr8-gnu-toolchain/bin/../lib/gcc/avr/5.4.0/avr6\libgcc.a(_umulhisi3.o)
 .text.libgcc.builtins
                0x00000000        0x0 c:/program files (x86)/atmel/studio/7.0/toolchain/avr8/avr8-gnu-toolchain/bin/../lib/gcc/avr/5.4.0/avr6\libgcc.a(_umulhisi3.o)
 .text.libgcc.fmul
                0x00000000        0x0 c:/program files (x86)/atmel/studio/7.0/toolchain/avr8/avr8-gnu-toolchain/bin/../lib/gcc/avr/5.4.0/avr6\libgcc.a(_umulhisi3.o)
 .text.libgcc.fixed
                0x00000000        0x0 c:/program files (x86)/atmel/studio/7.0/toolchain/avr8/avr8-gnu-toolchain/bin/../lib/gcc/avr/5.4.0/avr6\libgcc.a(_umulhisi3.o)
 .text          0x00000000        0x0 c:/program files (x86)/atmel/studio/7.0/toolchain/avr8/avr8-gnu-toolchain/bin/../lib/gcc/avr/5.4.0/avr6\libgcc.a(_usmulhisi3.o)
 .data          0x00000000        0x0 c:/program files (x86)/atmel/studio/7.0/toolchain/avr8/avr8-gnu-toolchain/bin/../lib/gcc/avr/5.4.0/avr6\libgcc.a(_usmulhisi3.o)
 .bss           0x00000000        0x0 c:/program files (x86)/atmel/studio/7.0/toolchain/avr8/avr8-gnu-toolchain/bin/../lib/gcc/avr/5.4.0/avr6\libgcc.a(_usmulhisi3.o)
 .text.libgcc.mul
                0x00000000        0xe c:/program files (x86)/atmel/studio/7.0/toolchain/avr8/avr8-gnu-toolchain/bin/../lib/gcc/avr/5.4.0/avr6\libgcc.a(_usmulhisi3.o)
 .text.libgcc.div
                0x00000000        0x0 c:/program files (x86)/atmel/studio/7.0/toolchain/avr8/avr8-gnu-toolchain/bin/../lib/gcc/avr/5.4.0/avr6\libgcc.a(_usmulhisi3.o)
 .text.libgcc   0x00000000        0x0 c:/program files (x86)/atmel/studio/7.0/toolchain/avr8/avr8-gnu-toolchain/bin/../lib/gcc/avr/5.4.0/avr6\libgcc.a(_usmulhisi3.o)
 .text.libgcc.prologue
                0x00000000        0x0 c:/program files (x86)/atmel/studio/7.0/toolchain/avr8/avr8-gnu-toolchain/bin/../lib/gcc/avr/5.4.0/avr6\libgcc.a(_usmulhisi3.o)
 .text.libgcc.builtins
                0x00000000        0x0 c:/program files (x86)/atmel/studio/7.0/toolchain/avr8/avr8-gnu-toolchain/bin/../lib/gcc/avr/5.4.0/avr6\libgcc.a(_usmulhisi3.o)
 .text.libgcc.fmul
                0x00000000        0x0 c:/program files (x86)/atmel/studio/7.0/toolchain/avr8/avr8-gnu-toolchain/bin/../lib/gcc/avr/5.4.0/avr6\libgcc.a(_usmulhisi3.o)
 .text.libgcc.fixed
                0x00000000        0x0 c:/program files (x86)/atmel/studio/7.0/toolchain/avr8/avr8-gnu-toolchain/bin/../lib/gcc/avr/5.4.0/avr6\libgcc.a(_usmulhisi3.o)
 .text          0x00000000        0x0 c:/program files (x86)/atmel/studio/7.0/toolchain/avr8/avr8-gnu-toolchain/bin/../lib/gcc/avr/5.4.0/avr6\libgcc.a(_muluhisi3.o)
 .data          0x00000000        0x0 c:/program files (x86)/atmel/studio/7.0/toolchain/avr8/avr8-gnu-toolchain/bin/../lib/gcc/avr/5.4.0/avr6\libgcc.a(_muluhisi3.o)
 .bss           0x00000000        0x0 c:/program files (x86)/atmel/studio/7.0/toolchain/avr8/avr8-gnu-toolchain/bin/../lib/gcc/avr/5.4.0/avr6\libgcc.a(_muluhisi3.o)
 .text.libgcc.div
                0x00000000        0x0 c:/program files (x86)/atmel/studio/7.0/toolchain/avr8/avr8-gnu-toolchain/bin/../lib/gcc/avr/5.4.0/avr6\libgcc.a(_muluhisi3.o)
 .text.libgcc   0x00000000        0x0 c:/program files (x86)/atmel/studio/7.0/toolchain/avr8/avr8-gnu-toolchain/bin/../lib/gcc/avr/5.4.0/avr6\libgcc.a(_muluhisi3.o)
 .text.libgcc.prologue
                0x00000000        0x0 c:/program files (x86)/atmel/studio/7.0/toolchain/avr8/avr8-gnu-toolchain/bin/../lib/gcc/avr/5.4.0/avr6\libgcc.a(_muluhisi3.o)
 .text.libgcc.builtins
                0x00000000        0x0 c:/program files (x86)/atmel/studio/7.0/toolchain/avr8/avr8-gnu-toolchain/bin/../lib/gcc/avr/5.4.0/avr6\libgcc.a(_muluhisi3.o)
 .text.libgcc.fmul
                0x00000000        0x0 c:/program files (x86)/atmel/studio/7.0/toolchain/avr8/avr8-gnu-toolchain/bin/../lib/gcc/avr/5.4.0/avr6\libgcc.a(_muluhisi3.o)
 .text.libgcc.fixed
                0x00000000        0x0 c:/program files (x86)/atmel/studio/7.0/toolchain/avr8/avr8-gnu-toolchain/bin/../lib/gcc/avr/5.4.0/avr6\libgcc.a(_muluhisi3.o)
 .text          0x00000000        0x0 c:/program files (x86)/atmel/studio/7.0/toolchain/avr8/avr8-gnu-toolchain/bin/../lib/gcc/avr/5.4.0/../../../../avr/lib/avr6\libc.a(calloc.o)
 .data          0x00000000        0x0 c:/program files (x86)/atmel/studio/7.0/toolchain/avr8/avr8-gnu-toolchain/bin/../lib/gcc/avr/5.4.0/../../../../avr/lib/avr6\libc.a(calloc.o)
 .bss           0x00000000        0x0 c:/program files (x86)/atmel/studio/7.0/toolchain/avr8/avr8-gnu-toolchain/bin/../lib/gcc/avr/5.4.0/../../../../avr/lib/avr6\libc.a(calloc.o)
 .text          0x00000000        0x0 c:/program files (x86)/atmel/studio/7.0/toolchain/avr8/avr8-gnu-toolchain/bin/../lib/gcc/avr/5.4.0/../../../../avr/lib/avr6\libc.a(malloc.o)
 .bss           0x00000000        0x0 c:/program files (x86)/atmel/studio/7.0/toolchain/avr8/avr8-gnu-toolchain/bin/../lib/gcc/avr/5.4.0/../../../../avr/lib/avr6\libc.a(malloc.o)
 .text          0x00000000        0x0 c:/program files (x86)/atmel/studio/7.0/toolchain/avr8/avr8-gnu-toolchain/bin/../lib/gcc/avr/5.4.0/../../../../avr/lib/avr6\libc.a(atoi.o)
 .data          0x00000000        0x0 c:/program files (x86)/atmel/studio/7.0/toolchain/avr8/avr8-gnu-toolchain/bin/../lib/gcc/avr/5.4.0/../../../../avr/lib/avr6\libc.a(atoi.o)
 .bss           0x00000000        0x0 c:/program files (x86)/atmel/studio/7.0/toolchain/avr8/avr8-gnu-toolchain/bin/../lib/gcc/avr/5.4.0/../../../../avr/lib/avr6\libc.a(atoi.o)
 .text          0x00000000        0x0 c:/program files (x86)/atmel/studio/7.0/toolchain/avr8/avr8-gnu-toolchain/bin/../lib/gcc/avr/5.4.0/../../../../avr/lib/avr6\libc.a(strtok.o)
 .data          0x00000000        0x0 c:/program files (x86)/atmel/studio/7.0/toolchain/avr8/avr8-gnu-toolchain/bin/../lib/gcc/avr/5.4.0/../../../../avr/lib/avr6\libc.a(strtok.o)
 .text          0x00000000        0x0 c:/program files (x86)/atmel/studio/7.0/toolchain/avr8/avr8-gnu-toolchain/bin/../lib/gcc/avr/5.4.0/../../../../avr/lib/avr6\libc.a(memset.o)
 .data          0x00000000        0x0 c:/program files (x86)/atmel/studio/7.0/toolchain/avr8/avr8-gnu-toolchain/bin/../lib/gcc/avr/5.4.0/../../../../avr/lib/avr6\libc.a(memset.o)
 .bss           0x00000000        0x0 c:/program files (x86)/atmel/studio/7.0/toolchain/avr8/avr8-gnu-toolchain/bin/../lib/gcc/avr/5.4.0/../../../../avr/lib/avr6\libc.a(memset.o)
 .text          0x00000000        0x0 c:/program files (x86)/atmel/studio/7.0/toolchain/avr8/avr8-gnu-toolchain/bin/../lib/gcc/avr/5.4.0/../../../../avr/lib/avr6\libc.a(strcat.o)
 .data          0x00000000        0x0 c:/program files (x86)/atmel/studio/7.0/toolchain/avr8/avr8-gnu-toolchain/bin/../lib/gcc/avr/5.4.0/../../../../avr/lib/avr6\libc.a(strcat.o)
 .bss           0x00000000        0x0 c:/program files (x86)/atmel/studio/7.0/toolchain/avr8/avr8-gnu-toolchain/bin/../lib/gcc/avr/5.4.0/../../../../avr/lib/avr6\libc.a(strcat.o)
 .text          0x00000000        0x0 c:/program files (x86)/atmel/studio/7.0/toolchain/avr8/avr8-gnu-toolchain/bin/../lib/gcc/avr/5.4.0/../../../../avr/lib/avr6\libc.a(strcpy.o)
 .data          0x00000000        0x0 c:/program files (x86)/atmel/studio/7.0/toolchain/avr8/avr8-gnu-toolchain/bin/../lib/gcc/avr/5.4.0/../../../../avr/lib/avr6\libc.a(strcpy.o)
 .bss           0x00000000        0x0 c:/program files (x86)/atmel/studio/7.0/toolchain/avr8/avr8-gnu-toolchain/bin/../lib/gcc/avr/5.4.0/../../../../avr/lib/avr6\libc.a(strcpy.o)
 .text          0x00000000        0x0 c:/program files (x86)/atmel/studio/7.0/toolchain/avr8/avr8-gnu-toolchain/bin/../lib/gcc/avr/5.4.0/../../../../avr/lib/avr6\libc.a(strncpy.o)
 .data          0x00000000        0x0 c:/program files (x86)/atmel/studio/7.0/toolchain/avr8/avr8-gnu-toolchain/bin/../lib/gcc/avr/5.4.0/../../../../avr/lib/avr6\libc.a(strncpy.o)
 .bss           0x00000000        0x0 c:/program files (x86)/atmel/studio/7.0/toolchain/avr8/avr8-gnu-toolchain/bin/../lib/gcc/avr/5.4.0/../../../../avr/lib/avr6\libc.a(strncpy.o)
 .text.avr-libc
                0x00000000       0x1e c:/program files (x86)/atmel/studio/7.0/toolchain/avr8/avr8-gnu-toolchain/bin/../lib/gcc/avr/5.4.0/../../../../avr/lib/avr6\libc.a(strncpy.o)
 .text          0x00000000        0x0 c:/program files (x86)/atmel/studio/7.0/toolchain/avr8/avr8-gnu-toolchain/bin/../lib/gcc/avr/5.4.0/../../../../avr/lib/avr6\libc.a(strtok_r.o)
 .data          0x00000000        0x0 c:/program files (x86)/atmel/studio/7.0/toolchain/avr8/avr8-gnu-toolchain/bin/../lib/gcc/avr/5.4.0/../../../../avr/lib/avr6\libc.a(strtok_r.o)
 .bss           0x00000000        0x0 c:/program files (x86)/atmel/studio/7.0/toolchain/avr8/avr8-gnu-toolchain/bin/../lib/gcc/avr/5.4.0/../../../../avr/lib/avr6\libc.a(strtok_r.o)
 .text          0x00000000        0x0 c:/program files (x86)/atmel/studio/7.0/toolchain/avr8/avr8-gnu-toolchain/bin/../lib/gcc/avr/5.4.0/../../../../avr/lib/avr6\libc.a(itoa_ncheck.o)
 .data          0x00000000        0x0 c:/program files (x86)/atmel/studio/7.0/toolchain/avr8/avr8-gnu-toolchain/bin/../lib/gcc/avr/5.4.0/../../../../avr/lib/avr6\libc.a(itoa_ncheck.o)
 .bss           0x00000000        0x0 c:/program files (x86)/atmel/studio/7.0/toolchain/avr8/avr8-gnu-toolchain/bin/../lib/gcc/avr/5.4.0/../../../../avr/lib/avr6\libc.a(itoa_ncheck.o)
 .text          0x00000000        0x0 c:/program files (x86)/atmel/studio/7.0/toolchain/avr8/avr8-gnu-toolchain/bin/../lib/gcc/avr/5.4.0/../../../../avr/lib/avr6\libc.a(mul10.o)
 .data          0x00000000        0x0 c:/program files (x86)/atmel/studio/7.0/toolchain/avr8/avr8-gnu-toolchain/bin/../lib/gcc/avr/5.4.0/../../../../avr/lib/avr6\libc.a(mul10.o)
 .bss           0x00000000        0x0 c:/program files (x86)/atmel/studio/7.0/toolchain/avr8/avr8-gnu-toolchain/bin/../lib/gcc/avr/5.4.0/../../../../avr/lib/avr6\libc.a(mul10.o)
 .text          0x00000000        0x0 c:/program files (x86)/atmel/studio/7.0/toolchain/avr8/avr8-gnu-toolchain/bin/../lib/gcc/avr/5.4.0/../../../../avr/lib/avr6\libc.a(utoa_ncheck.o)
 .data          0x00000000        0x0 c:/program files (x86)/atmel/studio/7.0/toolchain/avr8/avr8-gnu-toolchain/bin/../lib/gcc/avr/5.4.0/../../../../avr/lib/avr6\libc.a(utoa_ncheck.o)
 .bss           0x00000000        0x0 c:/program files (x86)/atmel/studio/7.0/toolchain/avr8/avr8-gnu-toolchain/bin/../lib/gcc/avr/5.4.0/../../../../avr/lib/avr6\libc.a(utoa_ncheck.o)
 .text          0x00000000        0x0 c:/program files (x86)/atmel/studio/7.0/toolchain/avr8/avr8-gnu-toolchain/bin/../lib/gcc/avr/5.4.0/../../../../avr/lib/avr6\libc.a(strrev.o)
 .data          0x00000000        0x0 c:/program files (x86)/atmel/studio/7.0/toolchain/avr8/avr8-gnu-toolchain/bin/../lib/gcc/avr/5.4.0/../../../../avr/lib/avr6\libc.a(strrev.o)
 .bss           0x00000000        0x0 c:/program files (x86)/atmel/studio/7.0/toolchain/avr8/avr8-gnu-toolchain/bin/../lib/gcc/avr/5.4.0/../../../../avr/lib/avr6\libc.a(strrev.o)
 .text          0x00000000        0x0 C:/Program Files (x86)/Atmel/Studio/7.0/Packs/atmel/ATmega_DFP/1.3.300/gcc/dev/atmega2560/avr6\libatmega2560.a(eerd_byte.o)
 .data          0x00000000        0x0 C:/Program Files (x86)/Atmel/Studio/7.0/Packs/atmel/ATmega_DFP/1.3.300/gcc/dev/atmega2560/avr6\libatmega2560.a(eerd_byte.o)
 .bss           0x00000000        0x0 C:/Program Files (x86)/Atmel/Studio/7.0/Packs/atmel/ATmega_DFP/1.3.300/gcc/dev/atmega2560/avr6\libatmega2560.a(eerd_byte.o)
 .text.avr-libc
                0x00000000       0x10 C:/Program Files (x86)/Atmel/Studio/7.0/Packs/atmel/ATmega_DFP/1.3.300/gcc/dev/atmega2560/avr6\libatmega2560.a(eerd_byte.o)
 .debug_line    0x00000000       0x7a C:/Program Files (x86)/Atmel/Studio/7.0/Packs/atmel/ATmega_DFP/1.3.300/gcc/dev/atmega2560/avr6\libatmega2560.a(eerd_byte.o)
 .debug_info    0x00000000       0x9a C:/Program Files (x86)/Atmel/Studio/7.0/Packs/atmel/ATmega_DFP/1.3.300/gcc/dev/atmega2560/avr6\libatmega2560.a(eerd_byte.o)
 .debug_abbrev  0x00000000       0x14 C:/Program Files (x86)/Atmel/Studio/7.0/Packs/atmel/ATmega_DFP/1.3.300/gcc/dev/atmega2560/avr6\libatmega2560.a(eerd_byte.o)
 .debug_aranges
                0x00000000       0x20 C:/Program Files (x86)/Atmel/Studio/7.0/Packs/atmel/ATmega_DFP/1.3.300/gcc/dev/atmega2560/avr6\libatmega2560.a(eerd_byte.o)
 .text          0x00000000        0x0 C:/Program Files (x86)/Atmel/Studio/7.0/Packs/atmel/ATmega_DFP/1.3.300/gcc/dev/atmega2560/avr6\libatmega2560.a(eewr_byte.o)
 .data          0x00000000        0x0 C:/Program Files (x86)/Atmel/Studio/7.0/Packs/atmel/ATmega_DFP/1.3.300/gcc/dev/atmega2560/avr6\libatmega2560.a(eewr_byte.o)
 .bss           0x00000000        0x0 C:/Program Files (x86)/Atmel/Studio/7.0/Packs/atmel/ATmega_DFP/1.3.300/gcc/dev/atmega2560/avr6\libatmega2560.a(eewr_byte.o)
 .text.avr-libc
                0x00000000       0x1c C:/Program Files (x86)/Atmel/Studio/7.0/Packs/atmel/ATmega_DFP/1.3.300/gcc/dev/atmega2560/avr6\libatmega2560.a(eewr_byte.o)
 .debug_line    0x00000000       0x9e C:/Program Files (x86)/Atmel/Studio/7.0/Packs/atmel/ATmega_DFP/1.3.300/gcc/dev/atmega2560/avr6\libatmega2560.a(eewr_byte.o)
 .debug_info    0x00000000       0x9a C:/Program Files (x86)/Atmel/Studio/7.0/Packs/atmel/ATmega_DFP/1.3.300/gcc/dev/atmega2560/avr6\libatmega2560.a(eewr_byte.o)
 .debug_abbrev  0x00000000       0x14 C:/Program Files (x86)/Atmel/Studio/7.0/Packs/atmel/ATmega_DFP/1.3.300/gcc/dev/atmega2560/avr6\libatmega2560.a(eewr_byte.o)
 .debug_aranges
                0x00000000       0x20 C:/Program Files (x86)/Atmel/Studio/7.0/Packs/atmel/ATmega_DFP/1.3.300/gcc/dev/atmega2560/avr6\libatmega2560.a(eewr_byte.o)

Memory Configuration

Name             Origin             Length             Attributes
text             0x00000000         0x00100000         xr
data             0x00800200         0x0000fe00         rw !x
eeprom           0x00810000         0x00010000         rw !x
fuse             0x00820000         0x00000003         rw !x
lock             0x00830000         0x00000400         rw !x
signature        0x00840000         0x00000400         rw !x
user_signatures  0x00850000         0x00000400         rw !x
*default*        0x00000000         0xffffffff

Linker script and memory map

Address of section .data set to 0x800200
LOAD C:/Program Files (x86)/Atmel/Studio/7.0/Packs/atmel/ATmega_DFP/1.3.300/gcc/dev/atmega2560/avr6/crtatmega2560.o
LOAD Cocktail_functions.o
LOAD Cocktail_Statemachine.o
LOAD Getraenk.o
LOAD Zutaten.o
LOAD Main_Func.o
LOAD Nextion_Display.o
LOAD mfrc522.o
LOAD ring_buffer.o
LOAD FAT32.o
LOAD SD_routines.o
LOAD SPI.o
LOAD tmc4671.o
LOAD TMC6200.o
LOAD UART.o
LOAD main.o
START GROUP
LOAD c:/program files (x86)/atmel/studio/7.0/toolchain/avr8/avr8-gnu-toolchain/bin/../lib/gcc/avr/5.4.0/../../../../avr/lib/avr6\libm.a
END GROUP
START GROUP
LOAD c:/program files (x86)/atmel/studio/7.0/toolchain/avr8/avr8-gnu-toolchain/bin/../lib/gcc/avr/5.4.0/avr6\libgcc.a
LOAD c:/program files (x86)/atmel/studio/7.0/toolchain/avr8/avr8-gnu-toolchain/bin/../lib/gcc/avr/5.4.0/../../../../avr/lib/avr6\libm.a
LOAD c:/program files (x86)/atmel/studio/7.0/toolchain/avr8/avr8-gnu-toolchain/bin/../lib/gcc/avr/5.4.0/../../../../avr/lib/avr6\libc.a
LOAD C:/Program Files (x86)/Atmel/Studio/7.0/Packs/atmel/ATmega_DFP/1.3.300/gcc/dev/atmega2560/avr6\libatmega2560.a
END GROUP
                0x00000000                __TEXT_REGION_ORIGIN__ = DEFINED (__TEXT_REGION_ORIGIN__)?__TEXT_REGION_ORIGIN__:0x0
                0x00800200                __DATA_REGION_ORIGIN__ = DEFINED (__DATA_REGION_ORIGIN__)?__DATA_REGION_ORIGIN__:0x800200
                0x00100000                __TEXT_REGION_LENGTH__ = DEFINED (__TEXT_REGION_LENGTH__)?__TEXT_REGION_LENGTH__:0x100000
                0x0000fe00                __DATA_REGION_LENGTH__ = DEFINED (__DATA_REGION_LENGTH__)?__DATA_REGION_LENGTH__:0xfe00
                0x00010000                __EEPROM_REGION_LENGTH__ = DEFINED (__EEPROM_REGION_LENGTH__)?__EEPROM_REGION_LENGTH__:0x10000
                [0x00000003]                __FUSE_REGION_LENGTH__ = DEFINED (__FUSE_REGION_LENGTH__)?__FUSE_REGION_LENGTH__:0x400
                0x00000400                __LOCK_REGION_LENGTH__ = DEFINED (__LOCK_REGION_LENGTH__)?__LOCK_REGION_LENGTH__:0x400
                0x00000400                __SIGNATURE_REGION_LENGTH__ = DEFINED (__SIGNATURE_REGION_LENGTH__)?__SIGNATURE_REGION_LENGTH__:0x400
                0x00000400                __USER_SIGNATURE_REGION_LENGTH__ = DEFINED (__USER_SIGNATURE_REGION_LENGTH__)?__USER_SIGNATURE_REGION_LENGTH__:0x400

.hash
 *(.hash)

.dynsym
 *(.dynsym)

.dynstr
 *(.dynstr)

.gnu.version
 *(.gnu.version)

.gnu.version_d
 *(.gnu.version_d)

.gnu.version_r
 *(.gnu.version_r)

.rel.init
 *(.rel.init)

.rela.init
 *(.rela.init)

.rel.text
 *(.rel.text)
 *(.rel.text.*)
 *(.rel.gnu.linkonce.t*)

.rela.text
 *(.rela.text)
 *(.rela.text.*)
 *(.rela.gnu.linkonce.t*)

.rel.fini
 *(.rel.fini)

.rela.fini
 *(.rela.fini)

.rel.rodata
 *(.rel.rodata)
 *(.rel.rodata.*)
 *(.rel.gnu.linkonce.r*)

.rela.rodata
 *(.rela.rodata)
 *(.rela.rodata.*)
 *(.rela.gnu.linkonce.r*)

.rel.data
 *(.rel.data)
 *(.rel.data.*)
 *(.rel.gnu.linkonce.d*)

.rela.data
 *(.rela.data)
 *(.rela.data.*)
 *(.rela.gnu.linkonce.d*)

.rel.ctors
 *(.rel.ctors)

.rela.ctors
 *(.rela.ctors)

.rel.dtors
 *(.rel.dtors)

.rela.dtors
 *(.rela.dtors)

.rel.got
 *(.rel.got)

.rela.got
 *(.rela.got)

.rel.bss
 *(.rel.bss)

.rela.bss
 *(.rela.bss)

.rel.plt
 *(.rel.plt)

.rela.plt
 *(.rela.plt)

.text           0x00000000     0x61f2
 *(.vectors)
 .vectors       0x00000000       0xe4 C:/Program Files (x86)/Atmel/Studio/7.0/Packs/atmel/ATmega_DFP/1.3.300/gcc/dev/atmega2560/avr6/crtatmega2560.o
                0x00000000                __vector_default
                0x00000000                __vectors
 *(.vectors)
 *(.progmem.gcc*)
 .progmem.gcc_sw_table.schalte_pumpe_ein
                0x000000e4       0x18 Cocktail_functions.o
 .progmem.gcc_sw_table.schalte_pumpe_aus
                0x000000fc       0x18 Cocktail_functions.o
 .progmem.gcc_sw_table.lese_sensor
                0x00000114       0x18 Cocktail_functions.o
 .progmem.gcc_sw_table.check_startseite
                0x0000012c       0x10 Cocktail_Statemachine.o
 .progmem.gcc_sw_table.check_listenanzeige
                0x0000013c       0x14 Cocktail_Statemachine.o
 .progmem.gcc_sw_table.check_menuanzeige
                0x00000150        0xe Cocktail_Statemachine.o
 .progmem.gcc_sw_table.check_bearbeitungsanzeige
                0x0000015e       0x14 Cocktail_Statemachine.o
 .progmem.gcc_sw_table.check_ceinstanzeige
                0x00000172       0x10 Cocktail_Statemachine.o
 .progmem.gcc_sw_table.check_erstanzeige1
                0x00000182       0x3e Cocktail_Statemachine.o
 .progmem.gcc_sw_table.check_posanzeige
                0x000001c0       0x1a Cocktail_Statemachine.o
 .progmem.gcc_sw_table.check_fluessanzeige1
                0x000001da       0x16 Cocktail_Statemachine.o
 .progmem.gcc_sw_table.check_RFIDAnzeige1
                0x000001f0       0x12 Cocktail_Statemachine.o
 .progmem.gcc_sw_table.cocktail_check_command
                0x00000202       0x32 Cocktail_Statemachine.o
                0x00000234                . = ALIGN (0x2)
                0x00000234                __trampolines_start = .
 *(.trampolines)
 .trampolines   0x00000234        0x0 linker stubs
 *(.trampolines*)
                0x00000234                __trampolines_end = .
 *libprintf_flt.a:*(.progmem.data)
 *libc.a:*(.progmem.data)
 *(.progmem*)
                0x00000234                . = ALIGN (0x2)
 *(.jumptables)
 *(.jumptables*)
 *(.lowtext)
 *(.lowtext*)
                0x00000234                __ctors_start = .
 *(.ctors)
                0x00000234                __ctors_end = .
                0x00000234                __dtors_start = .
 *(.dtors)
                0x00000234                __dtors_end = .
 SORT(*)(.ctors)
 SORT(*)(.dtors)
 *(.init0)
 .init0         0x00000234        0x0 C:/Program Files (x86)/Atmel/Studio/7.0/Packs/atmel/ATmega_DFP/1.3.300/gcc/dev/atmega2560/avr6/crtatmega2560.o
                0x00000234                __init
 *(.init0)
 *(.init1)
 *(.init1)
 *(.init2)
 .init2         0x00000234       0x10 C:/Program Files (x86)/Atmel/Studio/7.0/Packs/atmel/ATmega_DFP/1.3.300/gcc/dev/atmega2560/avr6/crtatmega2560.o
 *(.init2)
 *(.init3)
 *(.init3)
 *(.init4)
 .init4         0x00000244       0x1a c:/program files (x86)/atmel/studio/7.0/toolchain/avr8/avr8-gnu-toolchain/bin/../lib/gcc/avr/5.4.0/avr6\libgcc.a(_copy_data.o)
                0x00000244                __do_copy_data
 .init4         0x0000025e       0x10 c:/program files (x86)/atmel/studio/7.0/toolchain/avr8/avr8-gnu-toolchain/bin/../lib/gcc/avr/5.4.0/avr6\libgcc.a(_clear_bss.o)
                0x0000025e                __do_clear_bss
 *(.init4)
 *(.init5)
 *(.init5)
 *(.init6)
 *(.init6)
 *(.init7)
 *(.init7)
 *(.init8)
 *(.init8)
 *(.init9)
 .init9         0x0000026e        0x8 C:/Program Files (x86)/Atmel/Studio/7.0/Packs/atmel/ATmega_DFP/1.3.300/gcc/dev/atmega2560/avr6/crtatmega2560.o
 *(.init9)
 *(.text)
 .text          0x00000276        0x2 C:/Program Files (x86)/Atmel/Studio/7.0/Packs/atmel/ATmega_DFP/1.3.300/gcc/dev/atmega2560/avr6/crtatmega2560.o
                0x00000276                __vector_38
                0x00000276                __vector_22
                0x00000276                __vector_28
                0x00000276                __vector_1
                0x00000276                __vector_32
                0x00000276                __vector_34
                0x00000276                __vector_24
                0x00000276                __vector_12
                0x00000276                __vector_46
                0x00000276                __bad_interrupt
                0x00000276                __vector_6
                0x00000276                __vector_31
                0x00000276                __vector_35
                0x00000276                __vector_39
                0x00000276                __vector_3
                0x00000276                __vector_23
                0x00000276                __vector_30
                0x00000276                __vector_45
                0x00000276                __vector_11
                0x00000276                __vector_13
                0x00000276                __vector_17
                0x00000276                __vector_19
                0x00000276                __vector_56
                0x00000276                __vector_7
                0x00000276                __vector_49
                0x00000276                __vector_41
                0x00000276                __vector_43
                0x00000276                __vector_27
                0x00000276                __vector_5
                0x00000276                __vector_33
                0x00000276                __vector_47
                0x00000276                __vector_37
                0x00000276                __vector_4
                0x00000276                __vector_44
                0x00000276                __vector_9
                0x00000276                __vector_2
                0x00000276                __vector_21
                0x00000276                __vector_15
                0x00000276                __vector_29
                0x00000276                __vector_40
                0x00000276                __vector_8
                0x00000276                __vector_48
                0x00000276                __vector_14
                0x00000276                __vector_53
                0x00000276                __vector_10
                0x00000276                __vector_50
                0x00000276                __vector_16
                0x00000276                __vector_18
                0x00000276                __vector_20
                0x00000276                __vector_42
                0x00000278                . = ALIGN (0x2)
 *(.text.*)
 .text.cocktail_test_command
                0x00000278       0x22 Cocktail_functions.o
                0x00000278                cocktail_test_command
 .text.schreibe_Menge_in_Getraenk
                0x0000029a      0x198 Cocktail_functions.o
                0x0000029a                schreibe_Menge_in_Getraenk
 .text.schalte_pumpe_ein
                0x00000432       0x6e Cocktail_functions.o
                0x00000432                schalte_pumpe_ein
 .text.schalte_pumpe_aus
                0x000004a0       0x6e Cocktail_functions.o
                0x000004a0                schalte_pumpe_aus
 .text.lese_sensor
                0x0000050e       0x74 Cocktail_functions.o
                0x0000050e                lese_sensor
 .text.erstelle_Liste_zutat
                0x00000582      0x25a Cocktail_functions.o
                0x00000582                erstelle_Liste_zutat
 .text.setze_startanzeige
                0x000007dc       0x94 Cocktail_functions.o
                0x000007dc                setze_startanzeige
 .text.fuelle_getraenk
                0x00000870      0x206 Cocktail_functions.o
                0x00000870                fuelle_getraenk
 .text.zubereitung_getraenk
                0x00000a76       0x68 Cocktail_functions.o
                0x00000a76                zubereitung_getraenk
 .text.erstelle_Zutatenliste
                0x00000ade      0x1a8 Cocktail_functions.o
                0x00000ade                erstelle_Zutatenliste
 .text.compare_string
                0x00000c86       0x40 Cocktail_functions.o
                0x00000c86                compare_string
 .text.pruefe_kopf
                0x00000cc6        0xc Cocktail_functions.o
                0x00000cc6                pruefe_kopf
 .text.lese_textfile_in_getraenk
                0x00000cd2      0x23c Cocktail_functions.o
                0x00000cd2                lese_textfile_in_getraenk
 .text.choose_aktuellesGetraenk
                0x00000f0e       0x6e Cocktail_functions.o
                0x00000f0e                choose_aktuellesGetraenk
 .text.bearbeite_Cocktail
                0x00000f7c       0x14 Cocktail_functions.o
                0x00000f7c                bearbeite_Cocktail
 .text.erstelle_Liste_name
                0x00000f90      0x1d4 Cocktail_functions.o
                0x00000f90                erstelle_Liste_name
 .text.schiebe_file_next
                0x00001164       0x1c Cocktail_functions.o
                0x00001164                schiebe_file_next
 .text.schiebe_file_prev
                0x00001180       0x1c Cocktail_functions.o
                0x00001180                schiebe_file_prev
 .text.SD_startup
                0x0000119c       0xda Cocktail_functions.o
                0x0000119c                SD_startup
 .text.erstelle_File
                0x00001276      0x28a Cocktail_functions.o
                0x00001276                erstelle_File
 .text.loesche_FIle
                0x00001500       0x66 Cocktail_functions.o
                0x00001500                loesche_FIle
 .text.lese_textfile_in_zutat
                0x00001566      0x124 Cocktail_functions.o
                0x00001566                lese_textfile_in_zutat
 .text.erstelle_Liste_Zutat_Pos
                0x0000168a      0x1f2 Cocktail_functions.o
                0x0000168a                erstelle_Liste_Zutat_Pos
 .text.setze_Posanzeige_Rot_Gruen
                0x0000187c      0x10c Cocktail_functions.o
                0x0000187c                setze_Posanzeige_Rot_Gruen
 .text.setze_aktuelle_Zutat_in_Maschine_prev
                0x00001988       0x36 Cocktail_functions.o
                0x00001988                setze_aktuelle_Zutat_in_Maschine_prev
 .text.setze_Fluessgkeit_in_Position
                0x000019be      0x384 Cocktail_functions.o
                0x000019be                setze_Fluessgkeit_in_Position
 .text.check_startseite
                0x00001d42      0x1c6 Cocktail_Statemachine.o
                0x00001d42                check_startseite
 .text.check_zutatenanzeige
                0x00001f08       0x26 Cocktail_Statemachine.o
                0x00001f08                check_zutatenanzeige
 .text.check_listenanzeige
                0x00001f2e       0xfa Cocktail_Statemachine.o
                0x00001f2e                check_listenanzeige
 .text.check_zubabfrage
                0x00002028       0x36 Cocktail_Statemachine.o
                0x00002028                check_zubabfrage
 .text.check_zubbildschirm
                0x0000205e        0xa Cocktail_Statemachine.o
                0x0000205e                check_zubbildschirm
 .text.check_menuanzeige
                0x00002068       0x9a Cocktail_Statemachine.o
                0x00002068                check_menuanzeige
 .text.check_bearbeitungsanzeige
                0x00002102       0x9a Cocktail_Statemachine.o
                0x00002102                check_bearbeitungsanzeige
 .text.check_ceinstanzeige
                0x0000219c       0xca Cocktail_Statemachine.o
                0x0000219c                check_ceinstanzeige
 .text.check_reinanzeige1
                0x00002266       0x1a Cocktail_Statemachine.o
                0x00002266                check_reinanzeige1
 .text.check_reinanzeige2
                0x00002280       0x8c Cocktail_Statemachine.o
                0x00002280                check_reinanzeige2
 .text.check_reinanzeige3
                0x0000230c       0x12 Cocktail_Statemachine.o
                0x0000230c                check_reinanzeige3
 .text.check_infoanzeige
                0x0000231e        0xc Cocktail_Statemachine.o
                0x0000231e                check_infoanzeige
 .text.check_erstanzeige1
                0x0000232a      0x5ea Cocktail_Statemachine.o
                0x0000232a                check_erstanzeige1
 .text.check_erstanzeige2
                0x00002914      0x17a Cocktail_Statemachine.o
                0x00002914                check_erstanzeige2
 .text.check_loeschanzeige
                0x00002a8e      0x13a Cocktail_Statemachine.o
                0x00002a8e                check_loeschanzeige
 .text.check_posanzeige
                0x00002bc8      0x156 Cocktail_Statemachine.o
                0x00002bc8                check_posanzeige
 .text.check_fluessanzeige1
                0x00002d1e       0xb8 Cocktail_Statemachine.o
                0x00002d1e                check_fluessanzeige1
 .text.check_fluessanzeige2
                0x00002dd6       0x4c Cocktail_Statemachine.o
                0x00002dd6                check_fluessanzeige2
 .text.check_fluessanzeige3
                0x00002e22      0x22c Cocktail_Statemachine.o
                0x00002e22                check_fluessanzeige3
 .text.check_RFIDAnzeige1
                0x0000304e       0xd0 Cocktail_Statemachine.o
                0x0000304e                check_RFIDAnzeige1
 .text.check_RFIDAnzeige2
                0x0000311e       0x62 Cocktail_Statemachine.o
                0x0000311e                check_RFIDAnzeige2
 .text.check_RFIDFehler
                0x00003180       0x12 Cocktail_Statemachine.o
                0x00003180                check_RFIDFehler
 .text.cocktail_check_command
                0x00003192       0xb6 Cocktail_Statemachine.o
                0x00003192                cocktail_check_command
 .text.check_existence
                0x00003248      0x1a0 Getraenk.o
                0x00003248                check_existence
 .text.create_new_getraenk
                0x000033e8       0xda Getraenk.o
                0x000033e8                create_new_getraenk
 .text.create_new_getraenk_file
                0x000034c2       0x18 Getraenk.o
                0x000034c2                create_new_getraenk_file
 .text.insert_file_at_head
                0x000034da       0x56 Getraenk.o
                0x000034da                insert_file_at_head
 .text.cocktails_init
                0x00003530       0xe2 Getraenk.o
                0x00003530                cocktails_init
 .text.create_zutat
                0x00003612       0x42 Zutaten.o
                0x00003612                create_zutat
 .text.create_neue_zutat_Maschine
                0x00003654       0x72 Zutaten.o
                0x00003654                create_neue_zutat_Maschine
 .text.insert_zutat_Maschine_at_head
                0x000036c6       0x50 Zutaten.o
                0x000036c6                insert_zutat_Maschine_at_head
 .text.create_new_zutat_file
                0x00003716       0x18 Zutaten.o
                0x00003716                create_new_zutat_file
 .text.insert_zutat_file_at_head
                0x0000372e       0x56 Zutaten.o
                0x0000372e                insert_zutat_file_at_head
 .text.zutaten_init
                0x00003784      0x236 Zutaten.o
                0x00003784                zutaten_init
 .text.IO_init  0x000039ba       0x2e Main_Func.o
                0x000039ba                IO_init
 .text.check_Communication_Input_UART_0
                0x000039e8       0x5a Main_Func.o
                0x000039e8                check_Communication_Input_UART_0
 .text.proceed_Communication_Input_UART_0
                0x00003a42        0xa Main_Func.o
                0x00003a42                proceed_Communication_Input_UART_0
 .text.check_Communication_Input_UART_1
                0x00003a4c      0x112 Main_Func.o
                0x00003a4c                check_Communication_Input_UART_1
 .text.proceed_Communication_INPUT_UART_1
                0x00003b5e       0x24 Main_Func.o
                0x00003b5e                proceed_Communication_INPUT_UART_1
 .text.check_Communication_Input_UART_2
                0x00003b82       0xde Main_Func.o
                0x00003b82                check_Communication_Input_UART_2
 .text.proceed_Communication_Input_UART_2
                0x00003c60       0x20 Main_Func.o
                0x00003c60                proceed_Communication_Input_UART_2
 .text.check_Communication_Input_UART
                0x00003c80       0x14 Main_Func.o
                0x00003c80                check_Communication_Input_UART
 .text.endConversation
                0x00003c94       0x2c Nextion_Display.o
                0x00003c94                endConversation
 .text.nextion_change_page
                0x00003cc0       0x3e Nextion_Display.o
                0x00003cc0                nextion_change_page
 .text.nextion_setText
                0x00003cfe       0x30 Nextion_Display.o
                0x00003cfe                nextion_setText
 .text.nextion_setValue
                0x00003d2e       0x20 Nextion_Display.o
                0x00003d2e                nextion_setValue
 .text.nextion_setPicture
                0x00003d4e       0x4c Nextion_Display.o
                0x00003d4e                nextion_setPicture
 .text.nextion_getSliderValue
                0x00003d9a       0x96 Nextion_Display.o
                0x00003d9a                nextion_getSliderValue
 .text.nextion_disableButton
                0x00003e30       0x72 Nextion_Display.o
                0x00003e30                nextion_disableButton
 .text.mfrc522_write
                0x00003ea2       0x2a mfrc522.o
                0x00003ea2                mfrc522_write
 .text.mfrc522_read
                0x00003ecc       0x66 mfrc522.o
                0x00003ecc                mfrc522_read
 .text.mfrc522_reset
                0x00003f32        0x8 mfrc522.o
                0x00003f32                mfrc522_reset
 .text._init    0x00003f3a       0x74 mfrc522.o
                0x00003f3a                _init
 .text.RB_init  0x00003fae        0x8 ring_buffer.o
                0x00003fae                RB_init
 .text.RB_free  0x00003fb6       0x16 ring_buffer.o
                0x00003fb6                RB_free
 .text.RB_length
                0x00003fcc       0x18 ring_buffer.o
                0x00003fcc                RB_length
 .text.RB_readByte
                0x00003fe4       0x28 ring_buffer.o
                0x00003fe4                RB_readByte
 .text.RB_writeByte
                0x0000400c       0x3a ring_buffer.o
                0x0000400c                RB_writeByte
 .text.RB_write
                0x00004046       0x64 ring_buffer.o
                0x00004046                RB_write
 .text.getFirstSector
                0x000040aa       0x42 FAT32.o
                0x000040aa                getFirstSector
 .text.getSetNextCluster
                0x000040ec       0xf2 FAT32.o
                0x000040ec                getSetNextCluster
 .text.getSetFreeCluster
                0x000041de      0x124 FAT32.o
                0x000041de                getSetFreeCluster
 .text.getBootSectorData
                0x00004302      0x180 FAT32.o
                0x00004302                getBootSectorData
 .text.convertFileName
                0x00004482      0x120 FAT32.o
                0x00004482                convertFileName
 .text.searchNextFreeCluster
                0x000045a2      0x144 FAT32.o
                0x000045a2                searchNextFreeCluster
 .text.displayMemory
                0x000046e6       0xc2 FAT32.o
                0x000046e6                displayMemory
 .text.freeMemoryUpdate
                0x000047a8       0xdc FAT32.o
                0x000047a8                freeMemoryUpdate
 .text.findFiles
                0x00004884      0x3ce FAT32.o
                0x00004884                findFiles
 .text.readFile
                0x00004c52      0x19c FAT32.o
                0x00004c52                readFile
 .text.deleteFile
                0x00004dee       0x18 FAT32.o
                0x00004dee                deleteFile
 .text.writeFile
                0x00004e06      0x7e4 FAT32.o
                0x00004e06                writeFile
 .text.SD_sendCommand
                0x000055ea       0xb4 SD_routines.o
                0x000055ea                SD_sendCommand
 .text.SD_init  0x0000569e      0x112 SD_routines.o
                0x0000569e                SD_init
 .text.SD_readSingleBlock
                0x000057b0       0x50 SD_routines.o
                0x000057b0                SD_readSingleBlock
 .text.SD_writeSingleBlock
                0x00005800       0x82 SD_routines.o
                0x00005800                SD_writeSingleBlock
 .text.spi_transmit
                0x00005882        0xc SPI.o
                0x00005882                spi_transmit
 .text.spi_receive
                0x0000588e        0xe SPI.o
                0x0000588e                spi_receive
 .text.enable_Slave
                0x0000589c       0x28 SPI.o
                0x0000589c                enable_Slave
 .text.disable_Slave
                0x000058c4       0x28 SPI.o
                0x000058c4                disable_Slave
 .text.SPI_init
                0x000058ec       0x14 SPI.o
                0x000058ec                SPI_init
 .text.tx_completed
                0x00005900        0x6 UART.o
                0x00005900                tx_completed
 .text.UART_init
                0x00005906       0xfe UART.o
                0x00005906                UART_init
 .text.Uart_Transmit_IT_PC
                0x00005a04       0x26 UART.o
                0x00005a04                Uart_Transmit_IT_PC
 .text.Uart_Transmit_IT_Display
                0x00005a2a       0x2c UART.o
                0x00005a2a                Uart_Transmit_IT_Display
 .text.__vector_26
                0x00005a56       0x7e UART.o
                0x00005a56                __vector_26
 .text.__vector_25
                0x00005ad4       0x58 UART.o
                0x00005ad4                __vector_25
 .text.__vector_36
                0x00005b2c       0x58 UART.o
                0x00005b2c                __vector_36
 .text.__vector_52
                0x00005b84       0x7e UART.o
                0x00005b84                __vector_52
 .text.__vector_51
                0x00005c02       0x58 UART.o
                0x00005c02                __vector_51
 .text.__vector_55
                0x00005c5a       0x7e UART.o
                0x00005c5a                __vector_55
 .text.__vector_54
                0x00005cd8       0x58 UART.o
                0x00005cd8                __vector_54
 .text.transmitByte
                0x00005d30       0x10 UART.o
                0x00005d30                transmitByte
 .text.transmitString
                0x00005d40       0x1c UART.o
                0x00005d40                transmitString
 .text.main     0x00005d5c       0x42 main.o
                0x00005d5c                main
 .text.libgcc.mul
                0x00005d9e       0x1e c:/program files (x86)/atmel/studio/7.0/toolchain/avr8/avr8-gnu-toolchain/bin/../lib/gcc/avr/5.4.0/avr6\libgcc.a(_mulsi3.o)
                0x00005d9e                __mulsi3
 .text.libgcc.div
                0x00005dbc       0x44 c:/program files (x86)/atmel/studio/7.0/toolchain/avr8/avr8-gnu-toolchain/bin/../lib/gcc/avr/5.4.0/avr6\libgcc.a(_udivmodsi4.o)
                0x00005dbc                __udivmodsi4
 .text.libgcc   0x00005e00       0x10 c:/program files (x86)/atmel/studio/7.0/toolchain/avr8/avr8-gnu-toolchain/bin/../lib/gcc/avr/5.4.0/avr6\libgcc.a(_tablejump2.o)
                0x00005e00                __tablejump2__
 .text.libgcc.mul
                0x00005e10       0x1e c:/program files (x86)/atmel/studio/7.0/toolchain/avr8/avr8-gnu-toolchain/bin/../lib/gcc/avr/5.4.0/avr6\libgcc.a(_umulhisi3.o)
                0x00005e10                __umulhisi3
 .text.libgcc.mul
                0x00005e2e       0x14 c:/program files (x86)/atmel/studio/7.0/toolchain/avr8/avr8-gnu-toolchain/bin/../lib/gcc/avr/5.4.0/avr6\libgcc.a(_muluhisi3.o)
                0x00005e2e                __muluhisi3
 .text.avr-libc
                0x00005e42       0x34 c:/program files (x86)/atmel/studio/7.0/toolchain/avr8/avr8-gnu-toolchain/bin/../lib/gcc/avr/5.4.0/../../../../avr/lib/avr6\libc.a(calloc.o)
                0x00005e42                calloc
 .text.avr-libc
                0x00005e76      0x242 c:/program files (x86)/atmel/studio/7.0/toolchain/avr8/avr8-gnu-toolchain/bin/../lib/gcc/avr/5.4.0/../../../../avr/lib/avr6\libc.a(malloc.o)
                0x00005e76                malloc
                0x00005fa6                free
 .text.avr-libc
                0x000060b8       0x3a c:/program files (x86)/atmel/studio/7.0/toolchain/avr8/avr8-gnu-toolchain/bin/../lib/gcc/avr/5.4.0/../../../../avr/lib/avr6\libc.a(atoi.o)
                0x000060b8                atoi
 .text.avr-libc
                0x000060f2        0x6 c:/program files (x86)/atmel/studio/7.0/toolchain/avr8/avr8-gnu-toolchain/bin/../lib/gcc/avr/5.4.0/../../../../avr/lib/avr6\libc.a(strtok.o)
                0x000060f2                strtok
 .text.avr-libc
                0x000060f8        0xe c:/program files (x86)/atmel/studio/7.0/toolchain/avr8/avr8-gnu-toolchain/bin/../lib/gcc/avr/5.4.0/../../../../avr/lib/avr6\libc.a(memset.o)
                0x000060f8                memset
 .text.avr-libc
                0x00006106       0x16 c:/program files (x86)/atmel/studio/7.0/toolchain/avr8/avr8-gnu-toolchain/bin/../lib/gcc/avr/5.4.0/../../../../avr/lib/avr6\libc.a(strcat.o)
                0x00006106                strcat
 .text.avr-libc
                0x0000611c        0xe c:/program files (x86)/atmel/studio/7.0/toolchain/avr8/avr8-gnu-toolchain/bin/../lib/gcc/avr/5.4.0/../../../../avr/lib/avr6\libc.a(strcpy.o)
                0x0000611c                strcpy
 .text.avr-libc
                0x0000612a       0x4e c:/program files (x86)/atmel/studio/7.0/toolchain/avr8/avr8-gnu-toolchain/bin/../lib/gcc/avr/5.4.0/../../../../avr/lib/avr6\libc.a(strtok_r.o)
                0x0000612a                strtok_r
 .text.avr-libc
                0x00006178       0x14 c:/program files (x86)/atmel/studio/7.0/toolchain/avr8/avr8-gnu-toolchain/bin/../lib/gcc/avr/5.4.0/../../../../avr/lib/avr6\libc.a(itoa_ncheck.o)
                0x00006178                __itoa_ncheck
 .text.avr-libc
                0x0000618c       0x10 c:/program files (x86)/atmel/studio/7.0/toolchain/avr8/avr8-gnu-toolchain/bin/../lib/gcc/avr/5.4.0/../../../../avr/lib/avr6\libc.a(mul10.o)
                0x0000618c                __mulhi_const_10
 .text.avr-libc
                0x0000619c       0x32 c:/program files (x86)/atmel/studio/7.0/toolchain/avr8/avr8-gnu-toolchain/bin/../lib/gcc/avr/5.4.0/../../../../avr/lib/avr6\libc.a(utoa_ncheck.o)
                0x0000619c                __utoa_ncheck
                0x0000619e                __utoa_common
 .text.avr-libc
                0x000061ce       0x20 c:/program files (x86)/atmel/studio/7.0/toolchain/avr8/avr8-gnu-toolchain/bin/../lib/gcc/avr/5.4.0/../../../../avr/lib/avr6\libc.a(strrev.o)
                0x000061ce                strrev
                0x000061ee                . = ALIGN (0x2)
 *(.fini9)
 .fini9         0x000061ee        0x0 c:/program files (x86)/atmel/studio/7.0/toolchain/avr8/avr8-gnu-toolchain/bin/../lib/gcc/avr/5.4.0/avr6\libgcc.a(_exit.o)
                0x000061ee                _exit
                0x000061ee                exit
 *(.fini9)
 *(.fini8)
 *(.fini8)
 *(.fini7)
 *(.fini7)
 *(.fini6)
 *(.fini6)
 *(.fini5)
 *(.fini5)
 *(.fini4)
 *(.fini4)
 *(.fini3)
 *(.fini3)
 *(.fini2)
 *(.fini2)
 *(.fini1)
 *(.fini1)
 *(.fini0)
 .fini0         0x000061ee        0x4 c:/program files (x86)/atmel/studio/7.0/toolchain/avr8/avr8-gnu-toolchain/bin/../lib/gcc/avr/5.4.0/avr6\libgcc.a(_exit.o)
 *(.fini0)
                0x000061f2                _etext = .

.data           0x00800200      0x4b2 load address 0x000061f2
                0x00800200                PROVIDE (__data_start, .)
 *(.data)
 .data          0x00800200        0x6 c:/program files (x86)/atmel/studio/7.0/toolchain/avr8/avr8-gnu-toolchain/bin/../lib/gcc/avr/5.4.0/../../../../avr/lib/avr6\libc.a(malloc.o)
                0x00800200                __malloc_heap_end
                0x00800202                __malloc_heap_start
                0x00800204                __malloc_margin
 *(.data*)
 *(.gnu.linkonce.d*)
 *(.rodata)
 .rodata        0x00800206       0x30 Cocktail_functions.o
 *(.rodata*)
 .rodata.str1.1
                0x00800236      0x26b Cocktail_functions.o
                                0x281 (size before relaxing)
 .rodata.str1.1
                0x008004a1       0x21 Cocktail_Statemachine.o
                                 0x4a (size before relaxing)
 .rodata.str1.1
                0x008004c2       0x15 Getraenk.o
                                 0x28 (size before relaxing)
 .rodata.str1.1
                0x008004d7        0xb Zutaten.o
 .rodata.str1.1
                0x008004d7       0x22 Main_Func.o
                                 0x27 (size before relaxing)
 .rodata.str1.1
                0x008004f9       0x2a Nextion_Display.o
 .rodata.str1.1
                0x00800523       0x62 mfrc522.o
                                 0x64 (size before relaxing)
 .rodata.str1.1
                0x00800585      0x12d FAT32.o
 *(.gnu.linkonce.r*)
                0x008006b2                . = ALIGN (0x2)
                0x008006b2                _edata = .
                0x008006b2                PROVIDE (__data_end, .)

.bss            0x008006b2      0xda4
                0x008006b2                PROVIDE (__bss_start, .)
 *(.bss)
 .bss           0x008006b2        0x2 c:/program files (x86)/atmel/studio/7.0/toolchain/avr8/avr8-gnu-toolchain/bin/../lib/gcc/avr/5.4.0/../../../../avr/lib/avr6\libc.a(strtok.o)
 *(.bss*)
 .bss.count.3043
                0x008006b4        0x4 Cocktail_functions.o
 .bss.oldval.3042
                0x008006b8        0x1 Cocktail_functions.o
 .bss.cntr_End_UART_2
                0x008006b9        0x1 main.o
                0x008006b9                cntr_End_UART_2
 .bss.cntr_UART_2
                0x008006ba        0x1 main.o
                0x008006ba                cntr_UART_2
 .bss.cntr_End_UART_1
                0x008006bb        0x1 main.o
                0x008006bb                cntr_End_UART_1
 .bss.cntr_UART_1
                0x008006bc        0x1 main.o
                0x008006bc                cntr_UART_1
 .bss.cntr_End_UART_0
                0x008006bd        0x1 main.o
                0x008006bd                cntr_End_UART_0
 .bss.cntr_UART_0
                0x008006be        0x1 main.o
                0x008006be                cntr_UART_0
 *(COMMON)
 COMMON         0x008006bf      0x991 Cocktail_functions.o
                0x008006bf                head_zutat_file
                0x008006c1                rb_tx_PC
                0x008007c2                tail_getraenk_file
                0x008007c4                head_zut_in_Maschine
                0x008007c6                head_getraenk
                0x008007c8                Liste
                0x008007c9                aktuelleZutatInMaschine
                0x008007cb                tail_getraenk
                0x008007cd                appendFileLocation
                0x008007d1                aktuelle_zutat
                0x008007d3                tail_zutat_file
                0x008007d5                fileName
                0x008007e2                firstDataSector
                0x008007e6                ptr_tx_completed_1
                0x008007e8                fileSize
                0x008007ec                bytesPerSector
                0x008007ee                totalClusters
                0x008007f2                option
                0x008007f3                aktuellesGetraenk_file
                0x008007f5                head_getraenk_file
                0x008007f7                Grossschreib
                0x008007f8                rootCluster
                0x008007fc                block_list_runter
                0x008007fd                rb_rx_ESP
                0x008008fe                startBlock
                0x00800902                i
                0x00800904                address_Standardwiederherstellung
                0x00800906                rb_rx_Display
                0x00800a07                buffer
                0x00800c07                SPI_Slave
                0x00800c08                sectorPerCluster
                0x00800c0a                ptr_tx_completed_2
                0x00800c0c                block_list_hoch
                0x00800c0d                unusedSectors
                0x00800c11                rb_tx_RFID
                0x00800d12                SDHC_flag
                0x00800d13                counter
                0x00800d14                totalBlocks
                0x00800d18                tail_zut_in_Maschine
                0x00800d1a                data
                0x00800d1b                buff_name
                0x00800d30                reservedSectorCount
                0x00800d32                ptr_tx_completed_3
                0x00800d34                aktuelles_zutat_file
                0x00800d36                rb_rx_PC
                0x00800e37                rb_tx_ESP
                0x00800f38                address_getraenk
                0x00800f3a                appendStartCluster
                0x00800f3e                test2
                0x00800f3f                cardType
                0x00800f40                error
                0x00800f41                rb_rx_RFID
                0x00801042                gui_pages
                0x00801043                i_Liste
                0x00801044                freeClusterCountUpdated
                0x00801045                stop
                0x00801046                FAT32_active
                0x00801047                appendFileSector
                0x0080104b                aktuellesGetraenk
                0x0080104d                ptr_tx_completed_0
                0x0080104f                SPI_State
 COMMON         0x00801050      0x402 main.o
                0x00801050                INPUT_UART_0
                0x00801150                INPUT_UART_3
                0x00801250                INPUT_UART_1
                0x00801350                ptr_Uart_1
                0x00801352                INPUT_UART_2
 COMMON         0x00801452        0x4 c:/program files (x86)/atmel/studio/7.0/toolchain/avr8/avr8-gnu-toolchain/bin/../lib/gcc/avr/5.4.0/../../../../avr/lib/avr6\libc.a(malloc.o)
                0x00801452                __brkval
                0x00801454                __flp
                0x00801456                PROVIDE (__bss_end, .)
                0x000061f2                __data_load_start = LOADADDR (.data)
                0x000066a4                __data_load_end = (__data_load_start + SIZEOF (.data))

.noinit         0x00801456        0x0
                [!provide]                PROVIDE (__noinit_start, .)
 *(.noinit*)
                [!provide]                PROVIDE (__noinit_end, .)
                0x00801456                _end = .
                0x00801456                PROVIDE (__heap_start, .)

.eeprom         0x00810000        0x0
 *(.eeprom*)
                0x00810000                __eeprom_end = .

.fuse
 *(.fuse)
 *(.lfuse)
 *(.hfuse)
 *(.efuse)

.lock
 *(.lock*)

.signature
 *(.signature*)

.user_signatures
 *(.user_signatures*)

.stab
 *(.stab)

.stabstr
 *(.stabstr)

.stab.excl
 *(.stab.excl)

.stab.exclstr
 *(.stab.exclstr)

.stab.index
 *(.stab.index)

.stab.indexstr
 *(.stab.indexstr)

.comment        0x00000000       0x30
 *(.comment)
 .comment       0x00000000       0x30 Cocktail_functions.o
                                 0x31 (size before relaxing)
 .comment       0x00000030       0x31 Cocktail_Statemachine.o
 .comment       0x00000030       0x31 Getraenk.o
 .comment       0x00000030       0x31 Zutaten.o
 .comment       0x00000030       0x31 Main_Func.o
 .comment       0x00000030       0x31 Nextion_Display.o
 .comment       0x00000030       0x31 mfrc522.o
 .comment       0x00000030       0x31 ring_buffer.o
 .comment       0x00000030       0x31 FAT32.o
 .comment       0x00000030       0x31 SD_routines.o
 .comment       0x00000030       0x31 SPI.o
 .comment       0x00000030       0x31 UART.o
 .comment       0x00000030       0x31 main.o
 .comment       0x00000030       0x31 c:/program files (x86)/atmel/studio/7.0/toolchain/avr8/avr8-gnu-toolchain/bin/../lib/gcc/avr/5.4.0/../../../../avr/lib/avr6\libc.a(calloc.o)
 .comment       0x00000030       0x31 c:/program files (x86)/atmel/studio/7.0/toolchain/avr8/avr8-gnu-toolchain/bin/../lib/gcc/avr/5.4.0/../../../../avr/lib/avr6\libc.a(malloc.o)
 .comment       0x00000030       0x31 c:/program files (x86)/atmel/studio/7.0/toolchain/avr8/avr8-gnu-toolchain/bin/../lib/gcc/avr/5.4.0/../../../../avr/lib/avr6\libc.a(strtok.o)

.note.gnu.avr.deviceinfo
                0x00000000       0x40
 .note.gnu.avr.deviceinfo
                0x00000000       0x40 C:/Program Files (x86)/Atmel/Studio/7.0/Packs/atmel/ATmega_DFP/1.3.300/gcc/dev/atmega2560/avr6/crtatmega2560.o

.note.gnu.build-id
 *(.note.gnu.build-id)

.debug
 *(.debug)

.line
 *(.line)

.debug_srcinfo
 *(.debug_srcinfo)

.debug_sfnames
 *(.debug_sfnames)

.debug_aranges  0x00000000      0x5a0
 *(.debug_aranges)
 .debug_aranges
                0x00000000       0xf0 Cocktail_functions.o
 .debug_aranges
                0x000000f0       0xe0 Cocktail_Statemachine.o
 .debug_aranges
                0x000001d0       0x68 Getraenk.o
 .debug_aranges
                0x00000238       0x48 Zutaten.o
 .debug_aranges
                0x00000280       0x68 Main_Func.o
 .debug_aranges
                0x000002e8       0x50 Nextion_Display.o
 .debug_aranges
                0x00000338       0x58 mfrc522.o
 .debug_aranges
                0x00000390       0x50 ring_buffer.o
 .debug_aranges
                0x000003e0       0x80 FAT32.o
 .debug_aranges
                0x00000460       0x40 SD_routines.o
 .debug_aranges
                0x000004a0       0x48 SPI.o
 .debug_aranges
                0x000004e8       0x98 UART.o
 .debug_aranges
                0x00000580       0x20 main.o

.debug_pubnames
 *(.debug_pubnames)

.debug_info     0x00000000     0xe339
 *(.debug_info .gnu.linkonce.wi.*)
 .debug_info    0x00000000      0xbbc C:/Program Files (x86)/Atmel/Studio/7.0/Packs/atmel/ATmega_DFP/1.3.300/gcc/dev/atmega2560/avr6/crtatmega2560.o
 .debug_info    0x00000bbc     0x2f25 Cocktail_functions.o
 .debug_info    0x00003ae1     0x27f3 Cocktail_Statemachine.o
 .debug_info    0x000062d4     0x146c Getraenk.o
 .debug_info    0x00007740      0xc0a Zutaten.o
 .debug_info    0x0000834a      0xc48 Main_Func.o
 .debug_info    0x00008f92      0xe41 Nextion_Display.o
 .debug_info    0x00009dd3      0xcd6 mfrc522.o
 .debug_info    0x0000aaa9      0x360 ring_buffer.o
 .debug_info    0x0000ae09     0x19dc FAT32.o
 .debug_info    0x0000c7e5      0x812 SD_routines.o
 .debug_info    0x0000cff7      0x252 SPI.o
 .debug_info    0x0000d249      0x6d5 UART.o
 .debug_info    0x0000d91e      0xa1b main.o

.debug_abbrev   0x00000000     0x2778
 *(.debug_abbrev)
 .debug_abbrev  0x00000000      0xb1a C:/Program Files (x86)/Atmel/Studio/7.0/Packs/atmel/ATmega_DFP/1.3.300/gcc/dev/atmega2560/avr6/crtatmega2560.o
 .debug_abbrev  0x00000b1a      0x3b6 Cocktail_functions.o
 .debug_abbrev  0x00000ed0      0x2e8 Cocktail_Statemachine.o
 .debug_abbrev  0x000011b8      0x3b7 Getraenk.o
 .debug_abbrev  0x0000156f      0x2a6 Zutaten.o
 .debug_abbrev  0x00001815      0x1fb Main_Func.o
 .debug_abbrev  0x00001a10      0x24b Nextion_Display.o
 .debug_abbrev  0x00001c5b      0x25a mfrc522.o
 .debug_abbrev  0x00001eb5      0x12a ring_buffer.o
 .debug_abbrev  0x00001fdf      0x214 FAT32.o
 .debug_abbrev  0x000021f3      0x154 SD_routines.o
 .debug_abbrev  0x00002347      0x11c SPI.o
 .debug_abbrev  0x00002463      0x1fe UART.o
 .debug_abbrev  0x00002661      0x117 main.o

.debug_line     0x00000000     0x645d
 *(.debug_line .debug_line.* .debug_line_end)
 .debug_line    0x00000000      0x1f9 C:/Program Files (x86)/Atmel/Studio/7.0/Packs/atmel/ATmega_DFP/1.3.300/gcc/dev/atmega2560/avr6/crtatmega2560.o
 .debug_line    0x000001f9     0x13f1 Cocktail_functions.o
 .debug_line    0x000015ea     0x148e Cocktail_Statemachine.o
 .debug_line    0x00002a78      0x824 Getraenk.o
 .debug_line    0x0000329c      0x460 Zutaten.o
 .debug_line    0x000036fc      0x6d4 Main_Func.o
 .debug_line    0x00003dd0      0x4f2 Nextion_Display.o
 .debug_line    0x000042c2      0x4ea mfrc522.o
 .debug_line    0x000047ac      0x21d ring_buffer.o
 .debug_line    0x000049c9      0xc7c FAT32.o
 .debug_line    0x00005645      0x48d SD_routines.o
 .debug_line    0x00005ad2      0x1d6 SPI.o
 .debug_line    0x00005ca8      0x412 UART.o
 .debug_line    0x000060ba      0x3a3 main.o

.debug_frame    0x00000000     0x1728
 *(.debug_frame)
 .debug_frame   0x00000000      0x500 Cocktail_functions.o
 .debug_frame   0x00000500      0x230 Cocktail_Statemachine.o
 .debug_frame   0x00000730      0x22c Getraenk.o
 .debug_frame   0x0000095c       0xf4 Zutaten.o
 .debug_frame   0x00000a50       0xfc Main_Func.o
 .debug_frame   0x00000b4c      0x114 Nextion_Display.o
 .debug_frame   0x00000c60      0x174 mfrc522.o
 .debug_frame   0x00000dd4       0xdc ring_buffer.o
 .debug_frame   0x00000eb0      0x3b8 FAT32.o
 .debug_frame   0x00001268       0xdc SD_routines.o
 .debug_frame   0x00001344       0x74 SPI.o
 .debug_frame   0x000013b8      0x34c UART.o
 .debug_frame   0x00001704       0x24 main.o

.debug_str      0x00000000     0x2477
 *(.debug_str)
 .debug_str     0x00000000      0x3e6 C:/Program Files (x86)/Atmel/Studio/7.0/Packs/atmel/ATmega_DFP/1.3.300/gcc/dev/atmega2560/avr6/crtatmega2560.o
 .debug_str     0x000003e6      0xc04 Cocktail_functions.o
                                0xcec (size before relaxing)
 .debug_str     0x00000fea      0x779 Cocktail_Statemachine.o
                               0x1232 (size before relaxing)
 .debug_str     0x00001763      0x15a Getraenk.o
                                0x9cc (size before relaxing)
 .debug_str     0x000018bd      0x100 Zutaten.o
                                0x660 (size before relaxing)
 .debug_str     0x000019bd      0x174 Main_Func.o
                                0x98e (size before relaxing)
 .debug_str     0x00001b31       0x52 Nextion_Display.o
                                0x8e5 (size before relaxing)
 .debug_str     0x00001b83      0x15c mfrc522.o
                                0x444 (size before relaxing)
 .debug_str     0x00001cdf       0x5a ring_buffer.o
                                0x206 (size before relaxing)
 .debug_str     0x00001d39      0x533 FAT32.o
                                0x931 (size before relaxing)
 .debug_str     0x0000226c       0x5c SD_routines.o
                                0x358 (size before relaxing)
 .debug_str     0x000022c8       0x4b SPI.o
                                0x250 (size before relaxing)
 .debug_str     0x00002313       0xbb UART.o
                                0x384 (size before relaxing)
 .debug_str     0x000023ce       0xa9 main.o
                                0x8dc (size before relaxing)

.debug_loc      0x00000000     0x8306
 *(.debug_loc)
 .debug_loc     0x00000000     0x1ed9 Cocktail_functions.o
 .debug_loc     0x00001ed9      0xc35 Cocktail_Statemachine.o
 .debug_loc     0x00002b0e      0xf7e Getraenk.o
 .debug_loc     0x00003a8c      0x59a Zutaten.o
 .debug_loc     0x00004026      0x294 Main_Func.o
 .debug_loc     0x000042ba      0x495 Nextion_Display.o
 .debug_loc     0x0000474f      0x8e9 mfrc522.o
 .debug_loc     0x00005038      0x58d ring_buffer.o
 .debug_loc     0x000055c5     0x1d63 FAT32.o
 .debug_loc     0x00007328      0x729 SD_routines.o
 .debug_loc     0x00007a51       0xbc SPI.o
 .debug_loc     0x00007b0d      0x7f9 UART.o

.debug_macinfo
 *(.debug_macinfo)

.debug_weaknames
 *(.debug_weaknames)

.debug_funcnames
 *(.debug_funcnames)

.debug_typenames
 *(.debug_typenames)

.debug_varnames
 *(.debug_varnames)

.debug_pubtypes
 *(.debug_pubtypes)

.debug_ranges   0x00000000      0x6d0
 *(.debug_ranges)
 .debug_ranges  0x00000000      0x208 Cocktail_functions.o
 .debug_ranges  0x00000208       0xe8 Cocktail_Statemachine.o
 .debug_ranges  0x000002f0       0x98 Getraenk.o
 .debug_ranges  0x00000388       0x38 Zutaten.o
 .debug_ranges  0x000003c0       0xb0 Main_Func.o
 .debug_ranges  0x00000470       0x40 Nextion_Display.o
 .debug_ranges  0x000004b0       0x48 mfrc522.o
 .debug_ranges  0x000004f8       0x40 ring_buffer.o
 .debug_ranges  0x00000538       0x98 FAT32.o
 .debug_ranges  0x000005d0       0x30 SD_routines.o
 .debug_ranges  0x00000600       0x38 SPI.o
 .debug_ranges  0x00000638       0x88 UART.o
 .debug_ranges  0x000006c0       0x10 main.o

.debug_macro
 *(.debug_macro)
OUTPUT(Mikrocontroller.elf elf32-avr)
LOAD linker stubs
