Archive member included to satisfy reference by file (symbol)

c:/program files (x86)/atmel/studio/7.0/toolchain/avr8/avr8-gnu-toolchain/bin/../lib/gcc/avr/5.4.0/avr6\libgcc.a(_mulsi3.o)
                              Cocktail_functions.o (__mulsi3)
c:/program files (x86)/atmel/studio/7.0/toolchain/avr8/avr8-gnu-toolchain/bin/../lib/gcc/avr/5.4.0/avr6\libgcc.a(_udivmodsi4.o)
                              Cocktail_functions.o (__udivmodsi4)
c:/program files (x86)/atmel/studio/7.0/toolchain/avr8/avr8-gnu-toolchain/bin/../lib/gcc/avr/5.4.0/avr6\libgcc.a(_divmodsi4.o)
                              tmc4671.o (__divmodsi4)
c:/program files (x86)/atmel/studio/7.0/toolchain/avr8/avr8-gnu-toolchain/bin/../lib/gcc/avr/5.4.0/avr6\libgcc.a(_negsi2.o)
                              c:/program files (x86)/atmel/studio/7.0/toolchain/avr8/avr8-gnu-toolchain/bin/../lib/gcc/avr/5.4.0/avr6\libgcc.a(_divmodsi4.o) (__negsi2)
c:/program files (x86)/atmel/studio/7.0/toolchain/avr8/avr8-gnu-toolchain/bin/../lib/gcc/avr/5.4.0/avr6\libgcc.a(_exit.o)
                              C:/Program Files (x86)/Atmel/Studio/7.0/Packs/atmel/ATmega_DFP/1.3.300/gcc/dev/atmega2560/avr6/crtatmega2560.o (exit)
c:/program files (x86)/atmel/studio/7.0/toolchain/avr8/avr8-gnu-toolchain/bin/../lib/gcc/avr/5.4.0/avr6\libgcc.a(_tablejump2.o)
                              Cocktail_functions.o (__tablejump2__)
c:/program files (x86)/atmel/studio/7.0/toolchain/avr8/avr8-gnu-toolchain/bin/../lib/gcc/avr/5.4.0/avr6\libgcc.a(_copy_data.o)
                              Cocktail_functions.o (__do_copy_data)
c:/program files (x86)/atmel/studio/7.0/toolchain/avr8/avr8-gnu-toolchain/bin/../lib/gcc/avr/5.4.0/avr6\libgcc.a(_clear_bss.o)
                              Cocktail_functions.o (__do_clear_bss)
c:/program files (x86)/atmel/studio/7.0/toolchain/avr8/avr8-gnu-toolchain/bin/../lib/gcc/avr/5.4.0/avr6\libgcc.a(_umulhisi3.o)
                              FAT32.o (__umulhisi3)
c:/program files (x86)/atmel/studio/7.0/toolchain/avr8/avr8-gnu-toolchain/bin/../lib/gcc/avr/5.4.0/avr6\libgcc.a(_usmulhisi3.o)
                              tmc4671.o (__usmulhisi3)
c:/program files (x86)/atmel/studio/7.0/toolchain/avr8/avr8-gnu-toolchain/bin/../lib/gcc/avr/5.4.0/avr6\libgcc.a(_muluhisi3.o)
                              Cocktail_functions.o (__muluhisi3)
c:/program files (x86)/atmel/studio/7.0/toolchain/avr8/avr8-gnu-toolchain/bin/../lib/gcc/avr/5.4.0/../../../../avr/lib/avr6\libc.a(calloc.o)
                              Getraenk.o (calloc)
c:/program files (x86)/atmel/studio/7.0/toolchain/avr8/avr8-gnu-toolchain/bin/../lib/gcc/avr/5.4.0/../../../../avr/lib/avr6\libc.a(malloc.o)
                              c:/program files (x86)/atmel/studio/7.0/toolchain/avr8/avr8-gnu-toolchain/bin/../lib/gcc/avr/5.4.0/../../../../avr/lib/avr6\libc.a(calloc.o) (malloc)
c:/program files (x86)/atmel/studio/7.0/toolchain/avr8/avr8-gnu-toolchain/bin/../lib/gcc/avr/5.4.0/../../../../avr/lib/avr6\libc.a(atoi.o)
                              Cocktail_functions.o (atoi)
c:/program files (x86)/atmel/studio/7.0/toolchain/avr8/avr8-gnu-toolchain/bin/../lib/gcc/avr/5.4.0/../../../../avr/lib/avr6\libc.a(strtok.o)
                              Cocktail_functions.o (strtok)
c:/program files (x86)/atmel/studio/7.0/toolchain/avr8/avr8-gnu-toolchain/bin/../lib/gcc/avr/5.4.0/../../../../avr/lib/avr6\libc.a(memset.o)
                              c:/program files (x86)/atmel/studio/7.0/toolchain/avr8/avr8-gnu-toolchain/bin/../lib/gcc/avr/5.4.0/../../../../avr/lib/avr6\libc.a(calloc.o) (memset)
c:/program files (x86)/atmel/studio/7.0/toolchain/avr8/avr8-gnu-toolchain/bin/../lib/gcc/avr/5.4.0/../../../../avr/lib/avr6\libc.a(strcat.o)
                              Cocktail_functions.o (strcat)
c:/program files (x86)/atmel/studio/7.0/toolchain/avr8/avr8-gnu-toolchain/bin/../lib/gcc/avr/5.4.0/../../../../avr/lib/avr6\libc.a(strcpy.o)
                              Cocktail_functions.o (strcpy)
c:/program files (x86)/atmel/studio/7.0/toolchain/avr8/avr8-gnu-toolchain/bin/../lib/gcc/avr/5.4.0/../../../../avr/lib/avr6\libc.a(strncpy.o)
                              Getraenk.o (strncpy)
c:/program files (x86)/atmel/studio/7.0/toolchain/avr8/avr8-gnu-toolchain/bin/../lib/gcc/avr/5.4.0/../../../../avr/lib/avr6\libc.a(strtok_r.o)
                              c:/program files (x86)/atmel/studio/7.0/toolchain/avr8/avr8-gnu-toolchain/bin/../lib/gcc/avr/5.4.0/../../../../avr/lib/avr6\libc.a(strtok.o) (strtok_r)
c:/program files (x86)/atmel/studio/7.0/toolchain/avr8/avr8-gnu-toolchain/bin/../lib/gcc/avr/5.4.0/../../../../avr/lib/avr6\libc.a(itoa_ncheck.o)
                              Cocktail_functions.o (__itoa_ncheck)
c:/program files (x86)/atmel/studio/7.0/toolchain/avr8/avr8-gnu-toolchain/bin/../lib/gcc/avr/5.4.0/../../../../avr/lib/avr6\libc.a(mul10.o)
                              c:/program files (x86)/atmel/studio/7.0/toolchain/avr8/avr8-gnu-toolchain/bin/../lib/gcc/avr/5.4.0/../../../../avr/lib/avr6\libc.a(atoi.o) (__mulhi_const_10)
c:/program files (x86)/atmel/studio/7.0/toolchain/avr8/avr8-gnu-toolchain/bin/../lib/gcc/avr/5.4.0/../../../../avr/lib/avr6\libc.a(utoa_ncheck.o)
                              c:/program files (x86)/atmel/studio/7.0/toolchain/avr8/avr8-gnu-toolchain/bin/../lib/gcc/avr/5.4.0/../../../../avr/lib/avr6\libc.a(itoa_ncheck.o) (__utoa_common)
c:/program files (x86)/atmel/studio/7.0/toolchain/avr8/avr8-gnu-toolchain/bin/../lib/gcc/avr/5.4.0/../../../../avr/lib/avr6\libc.a(strrev.o)
                              c:/program files (x86)/atmel/studio/7.0/toolchain/avr8/avr8-gnu-toolchain/bin/../lib/gcc/avr/5.4.0/../../../../avr/lib/avr6\libc.a(utoa_ncheck.o) (strrev)
C:/Program Files (x86)/Atmel/Studio/7.0/Packs/atmel/ATmega_DFP/1.3.300/gcc/dev/atmega2560/avr6\libatmega2560.a(eerd_byte.o)
                              Getraenk.o (eeprom_read_byte)
C:/Program Files (x86)/Atmel/Studio/7.0/Packs/atmel/ATmega_DFP/1.3.300/gcc/dev/atmega2560/avr6\libatmega2560.a(eewr_byte.o)
                              Getraenk.o (eeprom_write_byte)

Allocating common symbols
Common symbol       size              file

head_zutat_file     0x2               Cocktail_functions.o
rb_tx_PC            0x101             Cocktail_functions.o
tail_getraenk_file  0x2               Cocktail_functions.o
head_zut_in_Maschine
                    0x2               Cocktail_functions.o
head_getraenk       0x2               Cocktail_functions.o
Liste               0x1               Cocktail_functions.o
aktuelleZutatInMaschine
                    0x2               Cocktail_functions.o
tail_getraenk       0x2               Cocktail_functions.o
appendFileLocation  0x4               Cocktail_functions.o
aktuelle_zutat      0x2               Cocktail_functions.o
tail_zutat_file     0x2               Cocktail_functions.o
fileName            0xd               Cocktail_functions.o
firstDataSector     0x4               Cocktail_functions.o
INPUT_UART_0        0x100             main.o
ptr_tx_completed_1  0x2               Cocktail_functions.o
fileSize            0x4               Cocktail_functions.o
bytesPerSector      0x2               Cocktail_functions.o
totalClusters       0x4               Cocktail_functions.o
option              0x1               Cocktail_functions.o
INPUT_UART_3        0x100             main.o
aktuellesGetraenk_file
                    0x2               Cocktail_functions.o
head_getraenk_file  0x2               Cocktail_functions.o
Grossschreib        0x1               Cocktail_functions.o
rootCluster         0x4               Cocktail_functions.o
__brkval            0x2               c:/program files (x86)/atmel/studio/7.0/toolchain/avr8/avr8-gnu-toolchain/bin/../lib/gcc/avr/5.4.0/../../../../avr/lib/avr6\libc.a(malloc.o)
block_list_runter   0x1               Cocktail_functions.o
rb_rx_ESP           0x101             Cocktail_functions.o
startBlock          0x4               Cocktail_functions.o
i                   0x2               Cocktail_functions.o
address_Standardwiederherstellung
                    0x2               Cocktail_functions.o
rb_rx_Display       0x101             Cocktail_functions.o
buffer              0x200             Cocktail_functions.o
SPI_Slave           0x1               Cocktail_functions.o
sectorPerCluster    0x2               Cocktail_functions.o
ptr_tx_completed_2  0x2               Cocktail_functions.o
block_list_hoch     0x1               Cocktail_functions.o
unusedSectors       0x4               Cocktail_functions.o
rb_tx_RFID          0x101             Cocktail_functions.o
SDHC_flag           0x1               Cocktail_functions.o
INPUT_UART_1        0x100             main.o
counter             0x1               Cocktail_functions.o
totalBlocks         0x4               Cocktail_functions.o
tail_zut_in_Maschine
                    0x2               Cocktail_functions.o
data                0x1               Cocktail_functions.o
buff_name           0x15              Cocktail_functions.o
reservedSectorCount
                    0x2               Cocktail_functions.o
ptr_Uart_1          0x2               main.o
ptr_tx_completed_3  0x2               Cocktail_functions.o
aktuelles_zutat_file
                    0x2               Cocktail_functions.o
rb_rx_PC            0x101             Cocktail_functions.o
rb_tx_ESP           0x101             Cocktail_functions.o
address_getraenk    0x2               Cocktail_functions.o
appendStartCluster  0x4               Cocktail_functions.o
test2               0x1               Cocktail_functions.o
cardType            0x1               Cocktail_functions.o
error               0x1               Cocktail_functions.o
rb_rx_RFID          0x101             Cocktail_functions.o
gui_pages           0x1               Cocktail_functions.o
i_Liste             0x1               Cocktail_functions.o
__flp               0x2               c:/program files (x86)/atmel/studio/7.0/toolchain/avr8/avr8-gnu-toolchain/bin/../lib/gcc/avr/5.4.0/../../../../avr/lib/avr6\libc.a(malloc.o)
ptr_SPI_w_completed
                    0x2               SPI.o
INPUT_UART_2        0x100             main.o
freeClusterCountUpdated
                    0x1               Cocktail_functions.o
stop                0x1               Cocktail_functions.o
FAT32_active        0x1               Cocktail_functions.o
appendFileSector    0x4               Cocktail_functions.o
aktuellesGetraenk   0x2               Cocktail_functions.o
ptr_tx_completed_0  0x2               Cocktail_functions.o
SPI_State           0x1               Cocktail_functions.o

Discarded input sections

 .data          0x00000000        0x0 C:/Program Files (x86)/Atmel/Studio/7.0/Packs/atmel/ATmega_DFP/1.3.300/gcc/dev/atmega2560/avr6/crtatmega2560.o
 .bss           0x00000000        0x0 C:/Program Files (x86)/Atmel/Studio/7.0/Packs/atmel/ATmega_DFP/1.3.300/gcc/dev/atmega2560/avr6/crtatmega2560.o
 .text          0x00000000        0x0 Cocktail_functions.o
 .data          0x00000000        0x0 Cocktail_functions.o
 .bss           0x00000000        0x0 Cocktail_functions.o
 .text.erstelle_bearb_Cocktailliste
                0x00000000      0x144 Cocktail_functions.o
 .text          0x00000000        0x0 Cocktail_Statemachine.o
 .data          0x00000000        0x0 Cocktail_Statemachine.o
 .bss           0x00000000        0x0 Cocktail_Statemachine.o
 .text.init_Getraenke_func
                0x00000000       0x14 Cocktail_Statemachine.o
 .text.check_fehleranzeige
                0x00000000        0x2 Cocktail_Statemachine.o
 .text          0x00000000        0x0 Getraenk.o
 .data          0x00000000        0x0 Getraenk.o
 .bss           0x00000000        0x0 Getraenk.o
 .text.add_drink_to_eeprom
                0x00000000      0x19a Getraenk.o
 .text.count_eeprom_drinks
                0x00000000        0x4 Getraenk.o
 .text.read_drink_from_eemprom
                0x00000000      0x1a2 Getraenk.o
 .text.add_EEPROM_drinks_to_list
                0x00000000        0x2 Getraenk.o
 .text.delete_EEPROM
                0x00000000       0x2a Getraenk.o
 .text          0x00000000        0x0 Zutaten.o
 .data          0x00000000        0x0 Zutaten.o
 .bss           0x00000000        0x0 Zutaten.o
 .text          0x00000000        0x0 Main_Func.o
 .data          0x00000000        0x0 Main_Func.o
 .bss           0x00000000        0x0 Main_Func.o
 .text.toggle_LED
                0x00000000        0xa Main_Func.o
 .text.heartbeat_LED
                0x00000000       0x18 Main_Func.o
 .text          0x00000000        0x0 Nextion_Display.o
 .data          0x00000000        0x0 Nextion_Display.o
 .bss           0x00000000        0x0 Nextion_Display.o
 .text          0x00000000        0x0 mfrc522.o
 .data          0x00000000        0x0 mfrc522.o
 .bss           0x00000000        0x0 mfrc522.o
 .text.mfrc522_to_card
                0x00000000      0x25e mfrc522.o
 .text.mfrc522_request
                0x00000000       0x68 mfrc522.o
 .text.mfrc522_get_card_serial
                0x00000000       0x70 mfrc522.o
 .text.check_Communication_Input_MFRC522
                0x00000000       0xee mfrc522.o
 .text          0x00000000        0x0 ring_buffer.o
 .data          0x00000000        0x0 ring_buffer.o
 .bss           0x00000000        0x0 ring_buffer.o
 .text.RB_read  0x00000000       0x68 ring_buffer.o
 .text          0x00000000        0x0 FAT32.o
 .data          0x00000000        0x0 FAT32.o
 .bss           0x00000000        0x0 FAT32.o
 .text.memoryStatistics
                0x00000000      0x248 FAT32.o
 .text          0x00000000        0x0 SD_routines.o
 .data          0x00000000        0x0 SD_routines.o
 .bss           0x00000000        0x0 SD_routines.o
 .text.SD_erase
                0x00000000       0x62 SD_routines.o
 .text          0x00000000        0x0 SPI.o
 .data          0x00000000        0x0 SPI.o
 .bss           0x00000000        0x0 SPI.o
 .text.spi_transmit_IT
                0x00000000       0x1e SPI.o
 COMMON         0x00000000        0x2 SPI.o
 .text          0x00000000        0x0 tmc4671.o
 .data          0x00000000        0x0 tmc4671.o
 .bss           0x00000000        0x0 tmc4671.o
 .text.tmc40bit_writeInt
                0x00000000       0x4c tmc4671.o
 .text.tmc4671_writeDatagram
                0x00000000       0x2c tmc4671.o
 .text.tmc4671_writeInt
                0x00000000        0x6 tmc4671.o
 .text.tmc40bit_readInt
                0x00000000       0x44 tmc4671.o
 .text.tmc4671_readInt
                0x00000000       0x1e tmc4671.o
 .text.TMC4671_init
                0x00000000       0xd0 tmc4671.o
 .text.initTMC4671_Encoder
                0x00000000       0x88 tmc4671.o
 .text.initTMC4671_Openloop
                0x00000000       0xd4 tmc4671.o
 .text.tmc4671_readRegister16BitValue
                0x00000000       0x30 tmc4671.o
 .text.tmc4671_writeRegister16BitValue
                0x00000000       0x66 tmc4671.o
 .text.tmc4671_switchToMotionMode
                0x00000000       0x34 tmc4671.o
 .text.tmc4671_setTargetTorque_raw
                0x00000000       0x2e tmc4671.o
 .text.tmc4671_getTargetTorque_raw
                0x00000000       0x58 tmc4671.o
 .text.tmc4671_getActualTorque_raw
                0x00000000       0x1a tmc4671.o
 .text.tmc4671_getActualRampTorque_raw
                0x00000000        0x8 tmc4671.o
 .text.tmc4671_setTargetTorque_mA
                0x00000000       0x48 tmc4671.o
 .text.tmc4671_getTargetTorque_mA
                0x00000000       0x3e tmc4671.o
 .text.tmc4671_getActualTorque_mA
                0x00000000       0x3e tmc4671.o
 .text.tmc4671_getTargetTorqueFluxSum_mA
                0x00000000       0xba tmc4671.o
 .text.tmc4671_getActualTorqueFluxSum_mA
                0x00000000       0x5c tmc4671.o
 .text.tmc4671_getActualRampTorque_mA
                0x00000000        0x8 tmc4671.o
 .text.tmc4671_setTargetFlux_raw
                0x00000000        0xc tmc4671.o
 .text.tmc4671_getTargetFlux_raw
                0x00000000       0x5a tmc4671.o
 .text.tmc4671_getActualFlux_raw
                0x00000000       0x12 tmc4671.o
 .text.tmc4671_setTargetFlux_mA
                0x00000000       0x26 tmc4671.o
 .text.tmc4671_getTargetFlux_mA
                0x00000000       0x3e tmc4671.o
 .text.tmc4671_getActualFlux_mA
                0x00000000       0x40 tmc4671.o
 .text.tmc4671_setTorqueFluxLimit_mA
                0x00000000       0x26 tmc4671.o
 .text.tmc4671_getTorqueFluxLimit_mA
                0x00000000       0x40 tmc4671.o
 .text.tmc4671_setTargetVelocity
                0x00000000       0x30 tmc4671.o
 .text.tmc4671_getTargetVelocity
                0x00000000       0x12 tmc4671.o
 .text.tmc4671_getActualVelocity
                0x00000000       0x12 tmc4671.o
 .text.tmc4671_getActualRampVelocity
                0x00000000        0x8 tmc4671.o
 .text.tmc4671_setAbsolutTargetPosition
                0x00000000       0x30 tmc4671.o
 .text.tmc4671_setRelativeTargetPosition
                0x00000000       0x4c tmc4671.o
 .text.tmc4671_getTargetPosition
                0x00000000       0x12 tmc4671.o
 .text.tmc4671_setActualPosition
                0x00000000        0xe tmc4671.o
 .text.tmc4671_getActualPosition
                0x00000000       0x12 tmc4671.o
 .text.tmc4671_getActualRampPosition
                0x00000000        0x8 tmc4671.o
 .text.tmc4671_doEncoderInitializationMode0
                0x00000000      0x12e tmc4671.o
 .text.tmc4671_getS16CircleDifference
                0x00000000        0x6 tmc4671.o
 .text.tmc4671_doEncoderInitializationMode2
                0x00000000      0x112 tmc4671.o
 .text.tmc4671_checkEncderInitialization
                0x00000000       0x96 tmc4671.o
 .text.tmc4671_periodicJob
                0x00000000       0x26 tmc4671.o
 .text.tmc4671_startEncoderInitialization
                0x00000000       0x28 tmc4671.o
 .text.tmc4671_updatePhiSelectionAndInitialize
                0x00000000       0x4e tmc4671.o
 .text.tmc4671_disablePWM
                0x00000000       0x10 tmc4671.o
 .text.tmc4671_getMotorType
                0x00000000       0x14 tmc4671.o
 .text.tmc4671_setMotorType
                0x00000000       0x2c tmc4671.o
 .text.tmc4671_getPolePairs
                0x00000000        0xa tmc4671.o
 .text.tmc4671_setPolePairs
                0x00000000       0x2c tmc4671.o
 .text.tmc4671_getAdcI0Offset
                0x00000000        0xa tmc4671.o
 .text.tmc4671_setAdcI0Offset
                0x00000000       0x2e tmc4671.o
 .text.tmc4671_getAdcI1Offset
                0x00000000        0xa tmc4671.o
 .text.tmc4671_setAdcI1Offset
                0x00000000       0x2e tmc4671.o
 .text.tmc4671_setTorqueFluxPI
                0x00000000       0x50 tmc4671.o
 .text.tmc4671_setVelocityPI
                0x00000000       0x44 tmc4671.o
 .text.tmc4671_setPositionPI
                0x00000000       0x44 tmc4671.o
 .text.tmc4671_readFieldWithDependency
                0x00000000       0x9a tmc4671.o
 .bss.lastSystick.2360
                0x00000000        0x4 tmc4671.o
 .bss.actual_coarse_offset.2343
                0x00000000        0x2 tmc4671.o
 .bss.hall_phi_e_old.2341
                0x00000000        0x2 tmc4671.o
 .bss.last_PHI_E_EXT.2325
                0x00000000        0x2 tmc4671.o
 .bss.last_UQ_UD_EXT.2324
                0x00000000        0x4 tmc4671.o
 .bss.last_Phi_E_Selection.2323
                0x00000000        0x2 tmc4671.o
 .debug_info    0x00000000     0x31e2 tmc4671.o
 .debug_abbrev  0x00000000      0x341 tmc4671.o
 .debug_loc     0x00000000     0x3bb5 tmc4671.o
 .debug_aranges
                0x00000000      0x1f0 tmc4671.o
 .debug_ranges  0x00000000      0x1e0 tmc4671.o
 .debug_line    0x00000000      0xaae tmc4671.o
 .debug_str     0x00000000      0xadf tmc4671.o
 .comment       0x00000000       0x31 tmc4671.o
 .debug_frame   0x00000000      0x7b0 tmc4671.o
 .text          0x00000000        0x0 TMC6200.o
 .data          0x00000000        0x0 TMC6200.o
 .bss           0x00000000        0x0 TMC6200.o
 .text.tmc6200_readInt
                0x00000000       0x70 TMC6200.o
 .text.tmc6200_writeInt
                0x00000000       0x42 TMC6200.o
 .text.initTMC6200
                0x00000000       0x22 TMC6200.o
 .debug_info    0x00000000      0x2f0 TMC6200.o
 .debug_abbrev  0x00000000      0x14c TMC6200.o
 .debug_loc     0x00000000      0x1f5 TMC6200.o
 .debug_aranges
                0x00000000       0x30 TMC6200.o
 .debug_ranges  0x00000000       0x20 TMC6200.o
 .debug_line    0x00000000      0x173 TMC6200.o
 .debug_str     0x00000000      0x27a TMC6200.o
 .comment       0x00000000       0x31 TMC6200.o
 .debug_frame   0x00000000       0x78 TMC6200.o
 .text          0x00000000        0x0 UART.o
 .data          0x00000000        0x0 UART.o
 .bss           0x00000000        0x0 UART.o
 .text.Uart_Transmit_IT_ESP
                0x00000000       0x26 UART.o
 .text.Uart_Transmit_IT_RFID
                0x00000000       0x26 UART.o
 .text.receiveByte
                0x00000000       0x16 UART.o
 .text          0x00000000        0x0 main.o
 .data          0x00000000        0x0 main.o
 .bss           0x00000000        0x0 main.o
 .bss.cntr_End_UART_3
                0x00000000        0x1 main.o
 .bss.UART_recieved_finished_3
                0x00000000        0x1 main.o
 .bss.cntr_UART_3
                0x00000000        0x1 main.o
 .bss.UART_recieved_finished_2
                0x00000000        0x1 main.o
 .bss.UART_recieved_finished_1
                0x00000000        0x1 main.o
 .bss.UART_recieved_finished_0
                0x00000000        0x1 main.o
 .text          0x00000000        0x0 c:/program files (x86)/atmel/studio/7.0/toolchain/avr8/avr8-gnu-toolchain/bin/../lib/gcc/avr/5.4.0/avr6\libgcc.a(_mulsi3.o)
 .data          0x00000000        0x0 c:/program files (x86)/atmel/studio/7.0/toolchain/avr8/avr8-gnu-toolchain/bin/../lib/gcc/avr/5.4.0/avr6\libgcc.a(_mulsi3.o)
 .bss           0x00000000        0x0 c:/program files (x86)/atmel/studio/7.0/toolchain/avr8/avr8-gnu-toolchain/bin/../lib/gcc/avr/5.4.0/avr6\libgcc.a(_mulsi3.o)
 .text.libgcc.div
                0x00000000        0x0 c:/program files (x86)/atmel/studio/7.0/toolchain/avr8/avr8-gnu-toolchain/bin/../lib/gcc/avr/5.4.0/avr6\libgcc.a(_mulsi3.o)
 .text.libgcc   0x00000000        0x0 c:/program files (x86)/atmel/studio/7.0/toolchain/avr8/avr8-gnu-toolchain/bin/../lib/gcc/avr/5.4.0/avr6\libgcc.a(_mulsi3.o)
 .text.libgcc.prologue
                0x00000000        0x0 c:/program files (x86)/atmel/studio/7.0/toolchain/avr8/avr8-gnu-toolchain/bin/../lib/gcc/avr/5.4.0/avr6\libgcc.a(_mulsi3.o)
 .text.libgcc.builtins
                0x00000000        0x0 c:/program files (x86)/atmel/studio/7.0/toolchain/avr8/avr8-gnu-toolchain/bin/../lib/gcc/avr/5.4.0/avr6\libgcc.a(_mulsi3.o)
 .text.libgcc.fmul
                0x00000000        0x0 c:/program files (x86)/atmel/studio/7.0/toolchain/avr8/avr8-gnu-toolchain/bin/../lib/gcc/avr/5.4.0/avr6\libgcc.a(_mulsi3.o)
 .text.libgcc.fixed
                0x00000000        0x0 c:/program files (x86)/atmel/studio/7.0/toolchain/avr8/avr8-gnu-toolchain/bin/../lib/gcc/avr/5.4.0/avr6\libgcc.a(_mulsi3.o)
 .text          0x00000000        0x0 c:/program files (x86)/atmel/studio/7.0/toolchain/avr8/avr8-gnu-toolchain/bin/../lib/gcc/avr/5.4.0/avr6\libgcc.a(_udivmodsi4.o)
 .data          0x00000000        0x0 c:/program files (x86)/atmel/studio/7.0/toolchain/avr8/avr8-gnu-toolchain/bin/../lib/gcc/avr/5.4.0/avr6\libgcc.a(_udivmodsi4.o)
 .bss           0x00000000        0x0 c:/program files (x86)/atmel/studio/7.0/toolchain/avr8/avr8-gnu-toolchain/bin/../lib/gcc/avr/5.4.0/avr6\libgcc.a(_udivmodsi4.o)
 .text.libgcc.mul
                0x00000000        0x0 c:/program files (x86)/atmel/studio/7.0/toolchain/avr8/avr8-gnu-toolchain/bin/../lib/gcc/avr/5.4.0/avr6\libgcc.a(_udivmodsi4.o)
 .text.libgcc   0x00000000        0x0 c:/program files (x86)/atmel/studio/7.0/toolchain/avr8/avr8-gnu-toolchain/bin/../lib/gcc/avr/5.4.0/avr6\libgcc.a(_udivmodsi4.o)
 .text.libgcc.prologue
                0x00000000        0x0 c:/program files (x86)/atmel/studio/7.0/toolchain/avr8/avr8-gnu-toolchain/bin/../lib/gcc/avr/5.4.0/avr6\libgcc.a(_udivmodsi4.o)
 .text.libgcc.builtins
                0x00000000        0x0 c:/program files (x86)/atmel/studio/7.0/toolchain/avr8/avr8-gnu-toolchain/bin/../lib/gcc/avr/5.4.0/avr6\libgcc.a(_udivmodsi4.o)
 .text.libgcc.fmul
                0x00000000        0x0 c:/program files (x86)/atmel/studio/7.0/toolchain/avr8/avr8-gnu-toolchain/bin/../lib/gcc/avr/5.4.0/avr6\libgcc.a(_udivmodsi4.o)
 .text.libgcc.fixed
                0x00000000        0x0 c:/program files (x86)/atmel/studio/7.0/toolchain/avr8/avr8-gnu-toolchain/bin/../lib/gcc/avr/5.4.0/avr6\libgcc.a(_udivmodsi4.o)
 .text          0x00000000        0x0 c:/program files (x86)/atmel/studio/7.0/toolchain/avr8/avr8-gnu-toolchain/bin/../lib/gcc/avr/5.4.0/avr6\libgcc.a(_divmodsi4.o)
 .data          0x00000000        0x0 c:/program files (x86)/atmel/studio/7.0/toolchain/avr8/avr8-gnu-toolchain/bin/../lib/gcc/avr/5.4.0/avr6\libgcc.a(_divmodsi4.o)
 .bss           0x00000000        0x0 c:/program files (x86)/atmel/studio/7.0/toolchain/avr8/avr8-gnu-toolchain/bin/../lib/gcc/avr/5.4.0/avr6\libgcc.a(_divmodsi4.o)
 .text.libgcc.mul
                0x00000000        0x0 c:/program files (x86)/atmel/studio/7.0/toolchain/avr8/avr8-gnu-toolchain/bin/../lib/gcc/avr/5.4.0/avr6\libgcc.a(_divmodsi4.o)
 .text.libgcc.div
                0x00000000       0x2e c:/program files (x86)/atmel/studio/7.0/toolchain/avr8/avr8-gnu-toolchain/bin/../lib/gcc/avr/5.4.0/avr6\libgcc.a(_divmodsi4.o)
 .text.libgcc   0x00000000        0x0 c:/program files (x86)/atmel/studio/7.0/toolchain/avr8/avr8-gnu-toolchain/bin/../lib/gcc/avr/5.4.0/avr6\libgcc.a(_divmodsi4.o)
 .text.libgcc.prologue
                0x00000000        0x0 c:/program files (x86)/atmel/studio/7.0/toolchain/avr8/avr8-gnu-toolchain/bin/../lib/gcc/avr/5.4.0/avr6\libgcc.a(_divmodsi4.o)
 .text.libgcc.builtins
                0x00000000        0x0 c:/program files (x86)/atmel/studio/7.0/toolchain/avr8/avr8-gnu-toolchain/bin/../lib/gcc/avr/5.4.0/avr6\libgcc.a(_divmodsi4.o)
 .text.libgcc.fmul
                0x00000000        0x0 c:/program files (x86)/atmel/studio/7.0/toolchain/avr8/avr8-gnu-toolchain/bin/../lib/gcc/avr/5.4.0/avr6\libgcc.a(_divmodsi4.o)
 .text.libgcc.fixed
                0x00000000        0x0 c:/program files (x86)/atmel/studio/7.0/toolchain/avr8/avr8-gnu-toolchain/bin/../lib/gcc/avr/5.4.0/avr6\libgcc.a(_divmodsi4.o)
 .text          0x00000000        0x0 c:/program files (x86)/atmel/studio/7.0/toolchain/avr8/avr8-gnu-toolchain/bin/../lib/gcc/avr/5.4.0/avr6\libgcc.a(_negsi2.o)
 .data          0x00000000        0x0 c:/program files (x86)/atmel/studio/7.0/toolchain/avr8/avr8-gnu-toolchain/bin/../lib/gcc/avr/5.4.0/avr6\libgcc.a(_negsi2.o)
 .bss           0x00000000        0x0 c:/program files (x86)/atmel/studio/7.0/toolchain/avr8/avr8-gnu-toolchain/bin/../lib/gcc/avr/5.4.0/avr6\libgcc.a(_negsi2.o)
 .text.libgcc.mul
                0x00000000        0x0 c:/program files (x86)/atmel/studio/7.0/toolchain/avr8/avr8-gnu-toolchain/bin/../lib/gcc/avr/5.4.0/avr6\libgcc.a(_negsi2.o)
 .text.libgcc.div
                0x00000000       0x10 c:/program files (x86)/atmel/studio/7.0/toolchain/avr8/avr8-gnu-toolchain/bin/../lib/gcc/avr/5.4.0/avr6\libgcc.a(_negsi2.o)
 .text.libgcc   0x00000000        0x0 c:/program files (x86)/atmel/studio/7.0/toolchain/avr8/avr8-gnu-toolchain/bin/../lib/gcc/avr/5.4.0/avr6\libgcc.a(_negsi2.o)
 .text.libgcc.prologue
                0x00000000        0x0 c:/program files (x86)/atmel/studio/7.0/toolchain/avr8/avr8-gnu-toolchain/bin/../lib/gcc/avr/5.4.0/avr6\libgcc.a(_negsi2.o)
 .text.libgcc.builtins
                0x00000000        0x0 c:/program files (x86)/atmel/studio/7.0/toolchain/avr8/avr8-gnu-toolchain/bin/../lib/gcc/avr/5.4.0/avr6\libgcc.a(_negsi2.o)
 .text.libgcc.fmul
                0x00000000        0x0 c:/program files (x86)/atmel/studio/7.0/toolchain/avr8/avr8-gnu-toolchain/bin/../lib/gcc/avr/5.4.0/avr6\libgcc.a(_negsi2.o)
 .text.libgcc.fixed
                0x00000000        0x0 c:/program files (x86)/atmel/studio/7.0/toolchain/avr8/avr8-gnu-toolchain/bin/../lib/gcc/avr/5.4.0/avr6\libgcc.a(_negsi2.o)
 .text          0x00000000        0x0 c:/program files (x86)/atmel/studio/7.0/toolchain/avr8/avr8-gnu-toolchain/bin/../lib/gcc/avr/5.4.0/avr6\libgcc.a(_exit.o)
 .data          0x00000000        0x0 c:/program files (x86)/atmel/studio/7.0/toolchain/avr8/avr8-gnu-toolchain/bin/../lib/gcc/avr/5.4.0/avr6\libgcc.a(_exit.o)
 .bss           0x00000000        0x0 c:/program files (x86)/atmel/studio/7.0/toolchain/avr8/avr8-gnu-toolchain/bin/../lib/gcc/avr/5.4.0/avr6\libgcc.a(_exit.o)
 .text.libgcc.mul
                0x00000000        0x0 c:/program files (x86)/atmel/studio/7.0/toolchain/avr8/avr8-gnu-toolchain/bin/../lib/gcc/avr/5.4.0/avr6\libgcc.a(_exit.o)
 .text.libgcc.div
                0x00000000        0x0 c:/program files (x86)/atmel/studio/7.0/toolchain/avr8/avr8-gnu-toolchain/bin/../lib/gcc/avr/5.4.0/avr6\libgcc.a(_exit.o)
 .text.libgcc   0x00000000        0x0 c:/program files (x86)/atmel/studio/7.0/toolchain/avr8/avr8-gnu-toolchain/bin/../lib/gcc/avr/5.4.0/avr6\libgcc.a(_exit.o)
 .text.libgcc.prologue
                0x00000000        0x0 c:/program files (x86)/atmel/studio/7.0/toolchain/avr8/avr8-gnu-toolchain/bin/../lib/gcc/avr/5.4.0/avr6\libgcc.a(_exit.o)
 .text.libgcc.builtins
                0x00000000        0x0 c:/program files (x86)/atmel/studio/7.0/toolchain/avr8/avr8-gnu-toolchain/bin/../lib/gcc/avr/5.4.0/avr6\libgcc.a(_exit.o)
 .text.libgcc.fmul
                0x00000000        0x0 c:/program files (x86)/atmel/studio/7.0/toolchain/avr8/avr8-gnu-toolchain/bin/../lib/gcc/avr/5.4.0/avr6\libgcc.a(_exit.o)
 .text.libgcc.fixed
                0x00000000        0x0 c:/program files (x86)/atmel/studio/7.0/toolchain/avr8/avr8-gnu-toolchain/bin/../lib/gcc/avr/5.4.0/avr6\libgcc.a(_exit.o)
 .text          0x00000000        0x0 c:/program files (x86)/atmel/studio/7.0/toolchain/avr8/avr8-gnu-toolchain/bin/../lib/gcc/avr/5.4.0/avr6\libgcc.a(_tablejump2.o)
 .data          0x00000000        0x0 c:/program files (x86)/atmel/studio/7.0/toolchain/avr8/avr8-gnu-toolchain/bin/../lib/gcc/avr/5.4.0/avr6\libgcc.a(_tablejump2.o)
 .bss           0x00000000        0x0 c:/program files (x86)/atmel/studio/7.0/toolchain/avr8/avr8-gnu-toolchain/bin/../lib/gcc/avr/5.4.0/avr6\libgcc.a(_tablejump2.o)
 .text.libgcc.mul
                0x00000000        0x0 c:/program files (x86)/atmel/studio/7.0/toolchain/avr8/avr8-gnu-toolchain/bin/../lib/gcc/avr/5.4.0/avr6\libgcc.a(_tablejump2.o)
 .text.libgcc.div
                0x00000000        0x0 c:/program files (x86)/atmel/studio/7.0/toolchain/avr8/avr8-gnu-toolchain/bin/../lib/gcc/avr/5.4.0/avr6\libgcc.a(_tablejump2.o)
 .text.libgcc.prologue
                0x00000000        0x0 c:/program files (x86)/atmel/studio/7.0/toolchain/avr8/avr8-gnu-toolchain/bin/../lib/gcc/avr/5.4.0/avr6\libgcc.a(_tablejump2.o)
 .text.libgcc.builtins
                0x00000000        0x0 c:/program files (x86)/atmel/studio/7.0/toolchain/avr8/avr8-gnu-toolchain/bin/../lib/gcc/avr/5.4.0/avr6\libgcc.a(_tablejump2.o)
 .text.libgcc.fmul
                0x00000000        0x0 c:/program files (x86)/atmel/studio/7.0/toolchain/avr8/avr8-gnu-toolchain/bin/../lib/gcc/avr/5.4.0/avr6\libgcc.a(_tablejump2.o)
 .text.libgcc.fixed
                0x00000000        0x0 c:/program files (x86)/atmel/studio/7.0/toolchain/avr8/avr8-gnu-toolchain/bin/../lib/gcc/avr/5.4.0/avr6\libgcc.a(_tablejump2.o)
 .text          0x00000000        0x0 c:/program files (x86)/atmel/studio/7.0/toolchain/avr8/avr8-gnu-toolchain/bin/../lib/gcc/avr/5.4.0/avr6\libgcc.a(_copy_data.o)
 .data          0x00000000        0x0 c:/program files (x86)/atmel/studio/7.0/toolchain/avr8/avr8-gnu-toolchain/bin/../lib/gcc/avr/5.4.0/avr6\libgcc.a(_copy_data.o)
 .bss           0x00000000        0x0 c:/program files (x86)/atmel/studio/7.0/toolchain/avr8/avr8-gnu-toolchain/bin/../lib/gcc/avr/5.4.0/avr6\libgcc.a(_copy_data.o)
 .text.libgcc.mul
                0x00000000        0x0 c:/program files (x86)/atmel/studio/7.0/toolchain/avr8/avr8-gnu-toolchain/bin/../lib/gcc/avr/5.4.0/avr6\libgcc.a(_copy_data.o)
 .text.libgcc.div
                0x00000000        0x0 c:/program files (x86)/atmel/studio/7.0/toolchain/avr8/avr8-gnu-toolchain/bin/../lib/gcc/avr/5.4.0/avr6\libgcc.a(_copy_data.o)
 .text.libgcc   0x00000000        0x0 c:/program files (x86)/atmel/studio/7.0/toolchain/avr8/avr8-gnu-toolchain/bin/../lib/gcc/avr/5.4.0/avr6\libgcc.a(_copy_data.o)
 .text.libgcc.prologue
                0x00000000        0x0 c:/program files (x86)/atmel/studio/7.0/toolchain/avr8/avr8-gnu-toolchain/bin/../lib/gcc/avr/5.4.0/avr6\libgcc.a(_copy_data.o)
 .text.libgcc.builtins
                0x00000000        0x0 c:/program files (x86)/atmel/studio/7.0/toolchain/avr8/avr8-gnu-toolchain/bin/../lib/gcc/avr/5.4.0/avr6\libgcc.a(_copy_data.o)
 .text.libgcc.fmul
                0x00000000        0x0 c:/program files (x86)/atmel/studio/7.0/toolchain/avr8/avr8-gnu-toolchain/bin/../lib/gcc/avr/5.4.0/avr6\libgcc.a(_copy_data.o)
 .text.libgcc.fixed
                0x00000000        0x0 c:/program files (x86)/atmel/studio/7.0/toolchain/avr8/avr8-gnu-toolchain/bin/../lib/gcc/avr/5.4.0/avr6\libgcc.a(_copy_data.o)
 .text          0x00000000        0x0 c:/program files (x86)/atmel/studio/7.0/toolchain/avr8/avr8-gnu-toolchain/bin/../lib/gcc/avr/5.4.0/avr6\libgcc.a(_clear_bss.o)
 .data          0x00000000        0x0 c:/program files (x86)/atmel/studio/7.0/toolchain/avr8/avr8-gnu-toolchain/bin/../lib/gcc/avr/5.4.0/avr6\libgcc.a(_clear_bss.o)
 .bss           0x00000000        0x0 c:/program files (x86)/atmel/studio/7.0/toolchain/avr8/avr8-gnu-toolchain/bin/../lib/gcc/avr/5.4.0/avr6\libgcc.a(_clear_bss.o)
 .text.libgcc.mul
                0x00000000        0x0 c:/program files (x86)/atmel/studio/7.0/toolchain/avr8/avr8-gnu-toolchain/bin/../lib/gcc/avr/5.4.0/avr6\libgcc.a(_clear_bss.o)
 .text.libgcc.div
                0x00000000        0x0 c:/program files (x86)/atmel/studio/7.0/toolchain/avr8/avr8-gnu-toolchain/bin/../lib/gcc/avr/5.4.0/avr6\libgcc.a(_clear_bss.o)
 .text.libgcc   0x00000000        0x0 c:/program files (x86)/atmel/studio/7.0/toolchain/avr8/avr8-gnu-toolchain/bin/../lib/gcc/avr/5.4.0/avr6\libgcc.a(_clear_bss.o)
 .text.libgcc.prologue
                0x00000000        0x0 c:/program files (x86)/atmel/studio/7.0/toolchain/avr8/avr8-gnu-toolchain/bin/../lib/gcc/avr/5.4.0/avr6\libgcc.a(_clear_bss.o)
 .text.libgcc.builtins
                0x00000000        0x0 c:/program files (x86)/atmel/studio/7.0/toolchain/avr8/avr8-gnu-toolchain/bin/../lib/gcc/avr/5.4.0/avr6\libgcc.a(_clear_bss.o)
 .text.libgcc.fmul
                0x00000000        0x0 c:/program files (x86)/atmel/studio/7.0/toolchain/avr8/avr8-gnu-toolchain/bin/../lib/gcc/avr/5.4.0/avr6\libgcc.a(_clear_bss.o)
 .text.libgcc.fixed
                0x00000000        0x0 c:/program files (x86)/atmel/studio/7.0/toolchain/avr8/avr8-gnu-toolchain/bin/../lib/gcc/avr/5.4.0/avr6\libgcc.a(_clear_bss.o)
 .text          0x00000000        0x0 c:/program files (x86)/atmel/studio/7.0/toolchain/avr8/avr8-gnu-toolchain/bin/../lib/gcc/avr/5.4.0/avr6\libgcc.a(_umulhisi3.o)
 .data          0x00000000        0x0 c:/program files (x86)/atmel/studio/7.0/toolchain/avr8/avr8-gnu-toolchain/bin/../lib/gcc/avr/5.4.0/avr6\libgcc.a(_umulhisi3.o)
 .bss           0x00000000        0x0 c:/program files (x86)/atmel/studio/7.0/toolchain/avr8/avr8-gnu-toolchain/bin/../lib/gcc/avr/5.4.0/avr6\libgcc.a(_umulhisi3.o)
 .text.libgcc.div
                0x00000000        0x0 c:/program files (x86)/atmel/studio/7.0/toolchain/avr8/avr8-gnu-toolchain/bin/../lib/gcc/avr/5.4.0/avr6\libgcc.a(_umulhisi3.o)
 .text.libgcc   0x00000000        0x0 c:/program files (x86)/atmel/studio/7.0/toolchain/avr8/avr8-gnu-toolchain/bin/../lib/gcc/avr/5.4.0/avr6\libgcc.a(_umulhisi3.o)
 .text.libgcc.prologue
                0x00000000        0x0 c:/program files (x86)/atmel/studio/7.0/toolchain/avr8/avr8-gnu-toolchain/bin/../lib/gcc/avr/5.4.0/avr6\libgcc.a(_umulhisi3.o)
 .text.libgcc.builtins
                0x00000000        0x0 c:/program files (x86)/atmel/studio/7.0/toolchain/avr8/avr8-gnu-toolchain/bin/../lib/gcc/avr/5.4.0/avr6\libgcc.a(_umulhisi3.o)
 .text.libgcc.fmul
                0x00000000        0x0 c:/program files (x86)/atmel/studio/7.0/toolchain/avr8/avr8-gnu-toolchain/bin/../lib/gcc/avr/5.4.0/avr6\libgcc.a(_umulhisi3.o)
 .text.libgcc.fixed
                0x00000000        0x0 c:/program files (x86)/atmel/studio/7.0/toolchain/avr8/avr8-gnu-toolchain/bin/../lib/gcc/avr/5.4.0/avr6\libgcc.a(_umulhisi3.o)
 .text          0x00000000        0x0 c:/program files (x86)/atmel/studio/7.0/toolchain/avr8/avr8-gnu-toolchain/bin/../lib/gcc/avr/5.4.0/avr6\libgcc.a(_usmulhisi3.o)
 .data          0x00000000        0x0 c:/program files (x86)/atmel/studio/7.0/toolchain/avr8/avr8-gnu-toolchain/bin/../lib/gcc/avr/5.4.0/avr6\libgcc.a(_usmulhisi3.o)
 .bss           0x00000000        0x0 c:/program files (x86)/atmel/studio/7.0/toolchain/avr8/avr8-gnu-toolchain/bin/../lib/gcc/avr/5.4.0/avr6\libgcc.a(_usmulhisi3.o)
 .text.libgcc.mul
                0x00000000        0xe c:/program files (x86)/atmel/studio/7.0/toolchain/avr8/avr8-gnu-toolchain/bin/../lib/gcc/avr/5.4.0/avr6\libgcc.a(_usmulhisi3.o)
 .text.libgcc.div
                0x00000000        0x0 c:/program files (x86)/atmel/studio/7.0/toolchain/avr8/avr8-gnu-toolchain/bin/../lib/gcc/avr/5.4.0/avr6\libgcc.a(_usmulhisi3.o)
 .text.libgcc   0x00000000        0x0 c:/program files (x86)/atmel/studio/7.0/toolchain/avr8/avr8-gnu-toolchain/bin/../lib/gcc/avr/5.4.0/avr6\libgcc.a(_usmulhisi3.o)
 .text.libgcc.prologue
                0x00000000        0x0 c:/program files (x86)/atmel/studio/7.0/toolchain/avr8/avr8-gnu-toolchain/bin/../lib/gcc/avr/5.4.0/avr6\libgcc.a(_usmulhisi3.o)
 .text.libgcc.builtins
                0x00000000        0x0 c:/program files (x86)/atmel/studio/7.0/toolchain/avr8/avr8-gnu-toolchain/bin/../lib/gcc/avr/5.4.0/avr6\libgcc.a(_usmulhisi3.o)
 .text.libgcc.fmul
                0x00000000        0x0 c:/program files (x86)/atmel/studio/7.0/toolchain/avr8/avr8-gnu-toolchain/bin/../lib/gcc/avr/5.4.0/avr6\libgcc.a(_usmulhisi3.o)
 .text.libgcc.fixed
                0x00000000        0x0 c:/program files (x86)/atmel/studio/7.0/toolchain/avr8/avr8-gnu-toolchain/bin/../lib/gcc/avr/5.4.0/avr6\libgcc.a(_usmulhisi3.o)
 .text          0x00000000        0x0 c:/program files (x86)/atmel/studio/7.0/toolchain/avr8/avr8-gnu-toolchain/bin/../lib/gcc/avr/5.4.0/avr6\libgcc.a(_muluhisi3.o)
 .data          0x00000000        0x0 c:/program files (x86)/atmel/studio/7.0/toolchain/avr8/avr8-gnu-toolchain/bin/../lib/gcc/avr/5.4.0/avr6\libgcc.a(_muluhisi3.o)
 .bss           0x00000000        0x0 c:/program files (x86)/atmel/studio/7.0/toolchain/avr8/avr8-gnu-toolchain/bin/../lib/gcc/avr/5.4.0/avr6\libgcc.a(_muluhisi3.o)
 .text.libgcc.div
                0x00000000        0x0 c:/program files (x86)/atmel/studio/7.0/toolchain/avr8/avr8-gnu-toolchain/bin/../lib/gcc/avr/5.4.0/avr6\libgcc.a(_muluhisi3.o)
 .text.libgcc   0x00000000        0x0 c:/program files (x86)/atmel/studio/7.0/toolchain/avr8/avr8-gnu-toolchain/bin/../lib/gcc/avr/5.4.0/avr6\libgcc.a(_muluhisi3.o)
 .text.libgcc.prologue
                0x00000000        0x0 c:/program files (x86)/atmel/studio/7.0/toolchain/avr8/avr8-gnu-toolchain/bin/../lib/gcc/avr/5.4.0/avr6\libgcc.a(_muluhisi3.o)
 .text.libgcc.builtins
                0x00000000        0x0 c:/program files (x86)/atmel/studio/7.0/toolchain/avr8/avr8-gnu-toolchain/bin/../lib/gcc/avr/5.4.0/avr6\libgcc.a(_muluhisi3.o)
 .text.libgcc.fmul
                0x00000000        0x0 c:/program files (x86)/atmel/studio/7.0/toolchain/avr8/avr8-gnu-toolchain/bin/../lib/gcc/avr/5.4.0/avr6\libgcc.a(_muluhisi3.o)
 .text.libgcc.fixed
                0x00000000        0x0 c:/program files (x86)/atmel/studio/7.0/toolchain/avr8/avr8-gnu-toolchain/bin/../lib/gcc/avr/5.4.0/avr6\libgcc.a(_muluhisi3.o)
 .text          0x00000000        0x0 c:/program files (x86)/atmel/studio/7.0/toolchain/avr8/avr8-gnu-toolchain/bin/../lib/gcc/avr/5.4.0/../../../../avr/lib/avr6\libc.a(calloc.o)
 .data          0x00000000        0x0 c:/program files (x86)/atmel/studio/7.0/toolchain/avr8/avr8-gnu-toolchain/bin/../lib/gcc/avr/5.4.0/../../../../avr/lib/avr6\libc.a(calloc.o)
 .bss           0x00000000        0x0 c:/program files (x86)/atmel/studio/7.0/toolchain/avr8/avr8-gnu-toolchain/bin/../lib/gcc/avr/5.4.0/../../../../avr/lib/avr6\libc.a(calloc.o)
 .text          0x00000000        0x0 c:/program files (x86)/atmel/studio/7.0/toolchain/avr8/avr8-gnu-toolchain/bin/../lib/gcc/avr/5.4.0/../../../../avr/lib/avr6\libc.a(malloc.o)
 .bss           0x00000000        0x0 c:/program files (x86)/atmel/studio/7.0/toolchain/avr8/avr8-gnu-toolchain/bin/../lib/gcc/avr/5.4.0/../../../../avr/lib/avr6\libc.a(malloc.o)
 .text          0x00000000        0x0 c:/program files (x86)/atmel/studio/7.0/toolchain/avr8/avr8-gnu-toolchain/bin/../lib/gcc/avr/5.4.0/../../../../avr/lib/avr6\libc.a(atoi.o)
 .data          0x00000000        0x0 c:/program files (x86)/atmel/studio/7.0/toolchain/avr8/avr8-gnu-toolchain/bin/../lib/gcc/avr/5.4.0/../../../../avr/lib/avr6\libc.a(atoi.o)
 .bss           0x00000000        0x0 c:/program files (x86)/atmel/studio/7.0/toolchain/avr8/avr8-gnu-toolchain/bin/../lib/gcc/avr/5.4.0/../../../../avr/lib/avr6\libc.a(atoi.o)
 .text          0x00000000        0x0 c:/program files (x86)/atmel/studio/7.0/toolchain/avr8/avr8-gnu-toolchain/bin/../lib/gcc/avr/5.4.0/../../../../avr/lib/avr6\libc.a(strtok.o)
 .data          0x00000000        0x0 c:/program files (x86)/atmel/studio/7.0/toolchain/avr8/avr8-gnu-toolchain/bin/../lib/gcc/avr/5.4.0/../../../../avr/lib/avr6\libc.a(strtok.o)
 .text          0x00000000        0x0 c:/program files (x86)/atmel/studio/7.0/toolchain/avr8/avr8-gnu-toolchain/bin/../lib/gcc/avr/5.4.0/../../../../avr/lib/avr6\libc.a(memset.o)
 .data          0x00000000        0x0 c:/program files (x86)/atmel/studio/7.0/toolchain/avr8/avr8-gnu-toolchain/bin/../lib/gcc/avr/5.4.0/../../../../avr/lib/avr6\libc.a(memset.o)
 .bss           0x00000000        0x0 c:/program files (x86)/atmel/studio/7.0/toolchain/avr8/avr8-gnu-toolchain/bin/../lib/gcc/avr/5.4.0/../../../../avr/lib/avr6\libc.a(memset.o)
 .text          0x00000000        0x0 c:/program files (x86)/atmel/studio/7.0/toolchain/avr8/avr8-gnu-toolchain/bin/../lib/gcc/avr/5.4.0/../../../../avr/lib/avr6\libc.a(strcat.o)
 .data          0x00000000        0x0 c:/program files (x86)/atmel/studio/7.0/toolchain/avr8/avr8-gnu-toolchain/bin/../lib/gcc/avr/5.4.0/../../../../avr/lib/avr6\libc.a(strcat.o)
 .bss           0x00000000        0x0 c:/program files (x86)/atmel/studio/7.0/toolchain/avr8/avr8-gnu-toolchain/bin/../lib/gcc/avr/5.4.0/../../../../avr/lib/avr6\libc.a(strcat.o)
 .text          0x00000000        0x0 c:/program files (x86)/atmel/studio/7.0/toolchain/avr8/avr8-gnu-toolchain/bin/../lib/gcc/avr/5.4.0/../../../../avr/lib/avr6\libc.a(strcpy.o)
 .data          0x00000000        0x0 c:/program files (x86)/atmel/studio/7.0/toolchain/avr8/avr8-gnu-toolchain/bin/../lib/gcc/avr/5.4.0/../../../../avr/lib/avr6\libc.a(strcpy.o)
 .bss           0x00000000        0x0 c:/program files (x86)/atmel/studio/7.0/toolchain/avr8/avr8-gnu-toolchain/bin/../lib/gcc/avr/5.4.0/../../../../avr/lib/avr6\libc.a(strcpy.o)
 .text          0x00000000        0x0 c:/program files (x86)/atmel/studio/7.0/toolchain/avr8/avr8-gnu-toolchain/bin/../lib/gcc/avr/5.4.0/../../../../avr/lib/avr6\libc.a(strncpy.o)
 .data          0x00000000        0x0 c:/program files (x86)/atmel/studio/7.0/toolchain/avr8/avr8-gnu-toolchain/bin/../lib/gcc/avr/5.4.0/../../../../avr/lib/avr6\libc.a(strncpy.o)
 .bss           0x00000000        0x0 c:/program files (x86)/atmel/studio/7.0/toolchain/avr8/avr8-gnu-toolchain/bin/../lib/gcc/avr/5.4.0/../../../../avr/lib/avr6\libc.a(strncpy.o)
 .text.avr-libc
                0x00000000       0x1e c:/program files (x86)/atmel/studio/7.0/toolchain/avr8/avr8-gnu-toolchain/bin/../lib/gcc/avr/5.4.0/../../../../avr/lib/avr6\libc.a(strncpy.o)
 .text          0x00000000        0x0 c:/program files (x86)/atmel/studio/7.0/toolchain/avr8/avr8-gnu-toolchain/bin/../lib/gcc/avr/5.4.0/../../../../avr/lib/avr6\libc.a(strtok_r.o)
 .data          0x00000000        0x0 c:/program files (x86)/atmel/studio/7.0/toolchain/avr8/avr8-gnu-toolchain/bin/../lib/gcc/avr/5.4.0/../../../../avr/lib/avr6\libc.a(strtok_r.o)
 .bss           0x00000000        0x0 c:/program files (x86)/atmel/studio/7.0/toolchain/avr8/avr8-gnu-toolchain/bin/../lib/gcc/avr/5.4.0/../../../../avr/lib/avr6\libc.a(strtok_r.o)
 .text          0x00000000        0x0 c:/program files (x86)/atmel/studio/7.0/toolchain/avr8/avr8-gnu-toolchain/bin/../lib/gcc/avr/5.4.0/../../../../avr/lib/avr6\libc.a(itoa_ncheck.o)
 .data          0x00000000        0x0 c:/program files (x86)/atmel/studio/7.0/toolchain/avr8/avr8-gnu-toolchain/bin/../lib/gcc/avr/5.4.0/../../../../avr/lib/avr6\libc.a(itoa_ncheck.o)
 .bss           0x00000000        0x0 c:/program files (x86)/atmel/studio/7.0/toolchain/avr8/avr8-gnu-toolchain/bin/../lib/gcc/avr/5.4.0/../../../../avr/lib/avr6\libc.a(itoa_ncheck.o)
 .text          0x00000000        0x0 c:/program files (x86)/atmel/studio/7.0/toolchain/avr8/avr8-gnu-toolchain/bin/../lib/gcc/avr/5.4.0/../../../../avr/lib/avr6\libc.a(mul10.o)
 .data          0x00000000        0x0 c:/program files (x86)/atmel/studio/7.0/toolchain/avr8/avr8-gnu-toolchain/bin/../lib/gcc/avr/5.4.0/../../../../avr/lib/avr6\libc.a(mul10.o)
 .bss           0x00000000        0x0 c:/program files (x86)/atmel/studio/7.0/toolchain/avr8/avr8-gnu-toolchain/bin/../lib/gcc/avr/5.4.0/../../../../avr/lib/avr6\libc.a(mul10.o)
 .text          0x00000000        0x0 c:/program files (x86)/atmel/studio/7.0/toolchain/avr8/avr8-gnu-toolchain/bin/../lib/gcc/avr/5.4.0/../../../../avr/lib/avr6\libc.a(utoa_ncheck.o)
 .data          0x00000000        0x0 c:/program files (x86)/atmel/studio/7.0/toolchain/avr8/avr8-gnu-toolchain/bin/../lib/gcc/avr/5.4.0/../../../../avr/lib/avr6\libc.a(utoa_ncheck.o)
 .bss           0x00000000        0x0 c:/program files (x86)/atmel/studio/7.0/toolchain/avr8/avr8-gnu-toolchain/bin/../lib/gcc/avr/5.4.0/../../../../avr/lib/avr6\libc.a(utoa_ncheck.o)
 .text          0x00000000        0x0 c:/program files (x86)/atmel/studio/7.0/toolchain/avr8/avr8-gnu-toolchain/bin/../lib/gcc/avr/5.4.0/../../../../avr/lib/avr6\libc.a(strrev.o)
 .data          0x00000000        0x0 c:/program files (x86)/atmel/studio/7.0/toolchain/avr8/avr8-gnu-toolchain/bin/../lib/gcc/avr/5.4.0/../../../../avr/lib/avr6\libc.a(strrev.o)
 .bss           0x00000000        0x0 c:/program files (x86)/atmel/studio/7.0/toolchain/avr8/avr8-gnu-toolchain/bin/../lib/gcc/avr/5.4.0/../../../../avr/lib/avr6\libc.a(strrev.o)
 .text          0x00000000        0x0 C:/Program Files (x86)/Atmel/Studio/7.0/Packs/atmel/ATmega_DFP/1.3.300/gcc/dev/atmega2560/avr6\libatmega2560.a(eerd_byte.o)
 .data          0x00000000        0x0 C:/Program Files (x86)/Atmel/Studio/7.0/Packs/atmel/ATmega_DFP/1.3.300/gcc/dev/atmega2560/avr6\libatmega2560.a(eerd_byte.o)
 .bss           0x00000000        0x0 C:/Program Files (x86)/Atmel/Studio/7.0/Packs/atmel/ATmega_DFP/1.3.300/gcc/dev/atmega2560/avr6\libatmega2560.a(eerd_byte.o)
 .text.avr-libc
                0x00000000       0x10 C:/Program Files (x86)/Atmel/Studio/7.0/Packs/atmel/ATmega_DFP/1.3.300/gcc/dev/atmega2560/avr6\libatmega2560.a(eerd_byte.o)
 .debug_line    0x00000000       0x7a C:/Program Files (x86)/Atmel/Studio/7.0/Packs/atmel/ATmega_DFP/1.3.300/gcc/dev/atmega2560/avr6\libatmega2560.a(eerd_byte.o)
 .debug_info    0x00000000       0x9a C:/Program Files (x86)/Atmel/Studio/7.0/Packs/atmel/ATmega_DFP/1.3.300/gcc/dev/atmega2560/avr6\libatmega2560.a(eerd_byte.o)
 .debug_abbrev  0x00000000       0x14 C:/Program Files (x86)/Atmel/Studio/7.0/Packs/atmel/ATmega_DFP/1.3.300/gcc/dev/atmega2560/avr6\libatmega2560.a(eerd_byte.o)
 .debug_aranges
                0x00000000       0x20 C:/Program Files (x86)/Atmel/Studio/7.0/Packs/atmel/ATmega_DFP/1.3.300/gcc/dev/atmega2560/avr6\libatmega2560.a(eerd_byte.o)
 .text          0x00000000        0x0 C:/Program Files (x86)/Atmel/Studio/7.0/Packs/atmel/ATmega_DFP/1.3.300/gcc/dev/atmega2560/avr6\libatmega2560.a(eewr_byte.o)
 .data          0x00000000        0x0 C:/Program Files (x86)/Atmel/Studio/7.0/Packs/atmel/ATmega_DFP/1.3.300/gcc/dev/atmega2560/avr6\libatmega2560.a(eewr_byte.o)
 .bss           0x00000000        0x0 C:/Program Files (x86)/Atmel/Studio/7.0/Packs/atmel/ATmega_DFP/1.3.300/gcc/dev/atmega2560/avr6\libatmega2560.a(eewr_byte.o)
 .text.avr-libc
                0x00000000       0x1c C:/Program Files (x86)/Atmel/Studio/7.0/Packs/atmel/ATmega_DFP/1.3.300/gcc/dev/atmega2560/avr6\libatmega2560.a(eewr_byte.o)
 .debug_line    0x00000000       0x9e C:/Program Files (x86)/Atmel/Studio/7.0/Packs/atmel/ATmega_DFP/1.3.300/gcc/dev/atmega2560/avr6\libatmega2560.a(eewr_byte.o)
 .debug_info    0x00000000       0x9a C:/Program Files (x86)/Atmel/Studio/7.0/Packs/atmel/ATmega_DFP/1.3.300/gcc/dev/atmega2560/avr6\libatmega2560.a(eewr_byte.o)
 .debug_abbrev  0x00000000       0x14 C:/Program Files (x86)/Atmel/Studio/7.0/Packs/atmel/ATmega_DFP/1.3.300/gcc/dev/atmega2560/avr6\libatmega2560.a(eewr_byte.o)
 .debug_aranges
                0x00000000       0x20 C:/Program Files (x86)/Atmel/Studio/7.0/Packs/atmel/ATmega_DFP/1.3.300/gcc/dev/atmega2560/avr6\libatmega2560.a(eewr_byte.o)

Memory Configuration

Name             Origin             Length             Attributes
text             0x00000000         0x00100000         xr
data             0x00800200         0x0000fe00         rw !x
eeprom           0x00810000         0x00010000         rw !x
fuse             0x00820000         0x00000003         rw !x
lock             0x00830000         0x00000400         rw !x
signature        0x00840000         0x00000400         rw !x
user_signatures  0x00850000         0x00000400         rw !x
*default*        0x00000000         0xffffffff

Linker script and memory map

Address of section .data set to 0x800200
LOAD C:/Program Files (x86)/Atmel/Studio/7.0/Packs/atmel/ATmega_DFP/1.3.300/gcc/dev/atmega2560/avr6/crtatmega2560.o
LOAD Cocktail_functions.o
LOAD Cocktail_Statemachine.o
LOAD Getraenk.o
LOAD Zutaten.o
LOAD Main_Func.o
LOAD Nextion_Display.o
LOAD mfrc522.o
LOAD ring_buffer.o
LOAD FAT32.o
LOAD SD_routines.o
LOAD SPI.o
LOAD tmc4671.o
LOAD TMC6200.o
LOAD UART.o
LOAD main.o
START GROUP
LOAD c:/program files (x86)/atmel/studio/7.0/toolchain/avr8/avr8-gnu-toolchain/bin/../lib/gcc/avr/5.4.0/../../../../avr/lib/avr6\libm.a
END GROUP
START GROUP
LOAD c:/program files (x86)/atmel/studio/7.0/toolchain/avr8/avr8-gnu-toolchain/bin/../lib/gcc/avr/5.4.0/avr6\libgcc.a
LOAD c:/program files (x86)/atmel/studio/7.0/toolchain/avr8/avr8-gnu-toolchain/bin/../lib/gcc/avr/5.4.0/../../../../avr/lib/avr6\libm.a
LOAD c:/program files (x86)/atmel/studio/7.0/toolchain/avr8/avr8-gnu-toolchain/bin/../lib/gcc/avr/5.4.0/../../../../avr/lib/avr6\libc.a
LOAD C:/Program Files (x86)/Atmel/Studio/7.0/Packs/atmel/ATmega_DFP/1.3.300/gcc/dev/atmega2560/avr6\libatmega2560.a
END GROUP
                0x00000000                __TEXT_REGION_ORIGIN__ = DEFINED (__TEXT_REGION_ORIGIN__)?__TEXT_REGION_ORIGIN__:0x0
                0x00800200                __DATA_REGION_ORIGIN__ = DEFINED (__DATA_REGION_ORIGIN__)?__DATA_REGION_ORIGIN__:0x800200
                0x00100000                __TEXT_REGION_LENGTH__ = DEFINED (__TEXT_REGION_LENGTH__)?__TEXT_REGION_LENGTH__:0x100000
                0x0000fe00                __DATA_REGION_LENGTH__ = DEFINED (__DATA_REGION_LENGTH__)?__DATA_REGION_LENGTH__:0xfe00
                0x00010000                __EEPROM_REGION_LENGTH__ = DEFINED (__EEPROM_REGION_LENGTH__)?__EEPROM_REGION_LENGTH__:0x10000
                [0x00000003]                __FUSE_REGION_LENGTH__ = DEFINED (__FUSE_REGION_LENGTH__)?__FUSE_REGION_LENGTH__:0x400
                0x00000400                __LOCK_REGION_LENGTH__ = DEFINED (__LOCK_REGION_LENGTH__)?__LOCK_REGION_LENGTH__:0x400
                0x00000400                __SIGNATURE_REGION_LENGTH__ = DEFINED (__SIGNATURE_REGION_LENGTH__)?__SIGNATURE_REGION_LENGTH__:0x400
                0x00000400                __USER_SIGNATURE_REGION_LENGTH__ = DEFINED (__USER_SIGNATURE_REGION_LENGTH__)?__USER_SIGNATURE_REGION_LENGTH__:0x400

.hash
 *(.hash)

.dynsym
 *(.dynsym)

.dynstr
 *(.dynstr)

.gnu.version
 *(.gnu.version)

.gnu.version_d
 *(.gnu.version_d)

.gnu.version_r
 *(.gnu.version_r)

.rel.init
 *(.rel.init)

.rela.init
 *(.rela.init)

.rel.text
 *(.rel.text)
 *(.rel.text.*)
 *(.rel.gnu.linkonce.t*)

.rela.text
 *(.rela.text)
 *(.rela.text.*)
 *(.rela.gnu.linkonce.t*)

.rel.fini
 *(.rel.fini)

.rela.fini
 *(.rela.fini)

.rel.rodata
 *(.rel.rodata)
 *(.rel.rodata.*)
 *(.rel.gnu.linkonce.r*)

.rela.rodata
 *(.rela.rodata)
 *(.rela.rodata.*)
 *(.rela.gnu.linkonce.r*)

.rel.data
 *(.rel.data)
 *(.rel.data.*)
 *(.rel.gnu.linkonce.d*)

.rela.data
 *(.rela.data)
 *(.rela.data.*)
 *(.rela.gnu.linkonce.d*)

.rel.ctors
 *(.rel.ctors)

.rela.ctors
 *(.rela.ctors)

.rel.dtors
 *(.rel.dtors)

.rela.dtors
 *(.rela.dtors)

.rel.got
 *(.rel.got)

.rela.got
 *(.rela.got)

.rel.bss
 *(.rel.bss)

.rela.bss
 *(.rela.bss)

.rel.plt
 *(.rel.plt)

.rela.plt
 *(.rela.plt)

.text           0x00000000     0x6210
 *(.vectors)
 .vectors       0x00000000       0xe4 C:/Program Files (x86)/Atmel/Studio/7.0/Packs/atmel/ATmega_DFP/1.3.300/gcc/dev/atmega2560/avr6/crtatmega2560.o
                0x00000000                __vector_default
                0x00000000                __vectors
 *(.vectors)
 *(.progmem.gcc*)
 .progmem.gcc_sw_table.schalte_pumpe_ein
                0x000000e4       0x18 Cocktail_functions.o
 .progmem.gcc_sw_table.schalte_pumpe_aus
                0x000000fc       0x18 Cocktail_functions.o
 .progmem.gcc_sw_table.lese_sensor
                0x00000114       0x18 Cocktail_functions.o
 .progmem.gcc_sw_table.check_startseite
                0x0000012c       0x10 Cocktail_Statemachine.o
 .progmem.gcc_sw_table.check_listenanzeige
                0x0000013c       0x14 Cocktail_Statemachine.o
 .progmem.gcc_sw_table.check_menuanzeige
                0x00000150        0xe Cocktail_Statemachine.o
 .progmem.gcc_sw_table.check_bearbeitungsanzeige
                0x0000015e       0x14 Cocktail_Statemachine.o
 .progmem.gcc_sw_table.check_ceinstanzeige
                0x00000172       0x10 Cocktail_Statemachine.o
 .progmem.gcc_sw_table.check_erstanzeige1
                0x00000182       0x3e Cocktail_Statemachine.o
 .progmem.gcc_sw_table.check_posanzeige
                0x000001c0       0x1a Cocktail_Statemachine.o
 .progmem.gcc_sw_table.check_fluessanzeige1
                0x000001da       0x16 Cocktail_Statemachine.o
 .progmem.gcc_sw_table.check_RFIDAnzeige1
                0x000001f0       0x12 Cocktail_Statemachine.o
 .progmem.gcc_sw_table.cocktail_check_command
                0x00000202       0x32 Cocktail_Statemachine.o
                0x00000234                . = ALIGN (0x2)
                0x00000234                __trampolines_start = .
 *(.trampolines)
 .trampolines   0x00000234        0x0 linker stubs
 *(.trampolines*)
                0x00000234                __trampolines_end = .
 *libprintf_flt.a:*(.progmem.data)
 *libc.a:*(.progmem.data)
 *(.progmem*)
                0x00000234                . = ALIGN (0x2)
 *(.jumptables)
 *(.jumptables*)
 *(.lowtext)
 *(.lowtext*)
                0x00000234                __ctors_start = .
 *(.ctors)
                0x00000234                __ctors_end = .
                0x00000234                __dtors_start = .
 *(.dtors)
                0x00000234                __dtors_end = .
 SORT(*)(.ctors)
 SORT(*)(.dtors)
 *(.init0)
 .init0         0x00000234        0x0 C:/Program Files (x86)/Atmel/Studio/7.0/Packs/atmel/ATmega_DFP/1.3.300/gcc/dev/atmega2560/avr6/crtatmega2560.o
                0x00000234                __init
 *(.init0)
 *(.init1)
 *(.init1)
 *(.init2)
 .init2         0x00000234       0x10 C:/Program Files (x86)/Atmel/Studio/7.0/Packs/atmel/ATmega_DFP/1.3.300/gcc/dev/atmega2560/avr6/crtatmega2560.o
 *(.init2)
 *(.init3)
 *(.init3)
 *(.init4)
 .init4         0x00000244       0x1a c:/program files (x86)/atmel/studio/7.0/toolchain/avr8/avr8-gnu-toolchain/bin/../lib/gcc/avr/5.4.0/avr6\libgcc.a(_copy_data.o)
                0x00000244                __do_copy_data
 .init4         0x0000025e       0x10 c:/program files (x86)/atmel/studio/7.0/toolchain/avr8/avr8-gnu-toolchain/bin/../lib/gcc/avr/5.4.0/avr6\libgcc.a(_clear_bss.o)
                0x0000025e                __do_clear_bss
 *(.init4)
 *(.init5)
 *(.init5)
 *(.init6)
 *(.init6)
 *(.init7)
 *(.init7)
 *(.init8)
 *(.init8)
 *(.init9)
 .init9         0x0000026e        0x8 C:/Program Files (x86)/Atmel/Studio/7.0/Packs/atmel/ATmega_DFP/1.3.300/gcc/dev/atmega2560/avr6/crtatmega2560.o
 *(.init9)
 *(.text)
 .text          0x00000276        0x2 C:/Program Files (x86)/Atmel/Studio/7.0/Packs/atmel/ATmega_DFP/1.3.300/gcc/dev/atmega2560/avr6/crtatmega2560.o
                0x00000276                __vector_38
                0x00000276                __vector_22
                0x00000276                __vector_28
                0x00000276                __vector_1
                0x00000276                __vector_32
                0x00000276                __vector_34
                0x00000276                __vector_24
                0x00000276                __vector_12
                0x00000276                __vector_46
                0x00000276                __bad_interrupt
                0x00000276                __vector_6
                0x00000276                __vector_31
                0x00000276                __vector_35
                0x00000276                __vector_39
                0x00000276                __vector_3
                0x00000276                __vector_23
                0x00000276                __vector_30
                0x00000276                __vector_45
                0x00000276                __vector_11
                0x00000276                __vector_13
                0x00000276                __vector_17
                0x00000276                __vector_19
                0x00000276                __vector_56
                0x00000276                __vector_7
                0x00000276                __vector_49
                0x00000276                __vector_41
                0x00000276                __vector_43
                0x00000276                __vector_27
                0x00000276                __vector_5
                0x00000276                __vector_33
                0x00000276                __vector_47
                0x00000276                __vector_37
                0x00000276                __vector_4
                0x00000276                __vector_44
                0x00000276                __vector_9
                0x00000276                __vector_2
                0x00000276                __vector_21
                0x00000276                __vector_15
                0x00000276                __vector_29
                0x00000276                __vector_40
                0x00000276                __vector_8
                0x00000276                __vector_48
                0x00000276                __vector_14
                0x00000276                __vector_53
                0x00000276                __vector_10
                0x00000276                __vector_50
                0x00000276                __vector_16
                0x00000276                __vector_18
                0x00000276                __vector_20
                0x00000276                __vector_42
                0x00000278                . = ALIGN (0x2)
 *(.text.*)
 .text.cocktail_test_command
                0x00000278       0x22 Cocktail_functions.o
                0x00000278                cocktail_test_command
 .text.schreibe_Menge_in_Getraenk
                0x0000029a      0x198 Cocktail_functions.o
                0x0000029a                schreibe_Menge_in_Getraenk
 .text.schalte_pumpe_ein
                0x00000432       0x6e Cocktail_functions.o
                0x00000432                schalte_pumpe_ein
 .text.schalte_pumpe_aus
                0x000004a0       0x6e Cocktail_functions.o
                0x000004a0                schalte_pumpe_aus
 .text.lese_sensor
                0x0000050e       0x74 Cocktail_functions.o
                0x0000050e                lese_sensor
 .text.setze_startanzeige
                0x00000582       0x94 Cocktail_functions.o
                0x00000582                setze_startanzeige
 .text.fuelle_getraenk
                0x00000616      0x206 Cocktail_functions.o
                0x00000616                fuelle_getraenk
 .text.zubereitung_getraenk
                0x0000081c       0x68 Cocktail_functions.o
                0x0000081c                zubereitung_getraenk
 .text.erstelle_Zutatenliste
                0x00000884      0x1a8 Cocktail_functions.o
                0x00000884                erstelle_Zutatenliste
 .text.compare_string
                0x00000a2c       0x40 Cocktail_functions.o
                0x00000a2c                compare_string
 .text.pruefe_kopf
                0x00000a6c        0xc Cocktail_functions.o
                0x00000a6c                pruefe_kopf
 .text.lese_textfile_in_getraenk
                0x00000a78      0x23c Cocktail_functions.o
                0x00000a78                lese_textfile_in_getraenk
 .text.choose_aktuellesGetraenk
                0x00000cb4       0x6e Cocktail_functions.o
                0x00000cb4                choose_aktuellesGetraenk
 .text.erstelle_Liste_name
                0x00000d22      0x1d4 Cocktail_functions.o
                0x00000d22                erstelle_Liste_name
 .text.schiebe_file_next
                0x00000ef6       0x1c Cocktail_functions.o
                0x00000ef6                schiebe_file_next
 .text.schiebe_file_prev
                0x00000f12       0x1c Cocktail_functions.o
                0x00000f12                schiebe_file_prev
 .text.SD_startup
                0x00000f2e       0xda Cocktail_functions.o
                0x00000f2e                SD_startup
 .text.erstelle_File
                0x00001008      0x28a Cocktail_functions.o
                0x00001008                erstelle_File
 .text.loesche_FIle
                0x00001292       0x66 Cocktail_functions.o
                0x00001292                loesche_FIle
 .text.lese_textfile_in_zutat
                0x000012f8      0x124 Cocktail_functions.o
                0x000012f8                lese_textfile_in_zutat
 .text.erstelle_Liste_zutat
                0x0000141c      0x286 Cocktail_functions.o
                0x0000141c                erstelle_Liste_zutat
 .text.bearbeite_Cocktail
                0x000016a2       0x14 Cocktail_functions.o
                0x000016a2                bearbeite_Cocktail
 .text.erstelle_Liste_Zutat_Pos
                0x000016b6      0x1f2 Cocktail_functions.o
                0x000016b6                erstelle_Liste_Zutat_Pos
 .text.setze_Posanzeige_Rot_Gruen
                0x000018a8      0x10c Cocktail_functions.o
                0x000018a8                setze_Posanzeige_Rot_Gruen
 .text.setze_aktuelle_Zutat_in_Maschine_prev
                0x000019b4       0x36 Cocktail_functions.o
                0x000019b4                setze_aktuelle_Zutat_in_Maschine_prev
 .text.setze_Fluessgkeit_in_Position
                0x000019ea      0x384 Cocktail_functions.o
                0x000019ea                setze_Fluessgkeit_in_Position
 .text.check_startseite
                0x00001d6e      0x1c8 Cocktail_Statemachine.o
                0x00001d6e                check_startseite
 .text.check_zutatenanzeige
                0x00001f36       0x26 Cocktail_Statemachine.o
                0x00001f36                check_zutatenanzeige
 .text.check_listenanzeige
                0x00001f5c       0xfa Cocktail_Statemachine.o
                0x00001f5c                check_listenanzeige
 .text.check_zubabfrage
                0x00002056       0x36 Cocktail_Statemachine.o
                0x00002056                check_zubabfrage
 .text.check_zubbildschirm
                0x0000208c        0xa Cocktail_Statemachine.o
                0x0000208c                check_zubbildschirm
 .text.check_menuanzeige
                0x00002096       0xa2 Cocktail_Statemachine.o
                0x00002096                check_menuanzeige
 .text.check_bearbeitungsanzeige
                0x00002138       0x8a Cocktail_Statemachine.o
                0x00002138                check_bearbeitungsanzeige
 .text.check_ceinstanzeige
                0x000021c2       0xce Cocktail_Statemachine.o
                0x000021c2                check_ceinstanzeige
 .text.check_reinanzeige1
                0x00002290       0x1a Cocktail_Statemachine.o
                0x00002290                check_reinanzeige1
 .text.check_reinanzeige2
                0x000022aa       0x8c Cocktail_Statemachine.o
                0x000022aa                check_reinanzeige2
 .text.check_reinanzeige3
                0x00002336       0x12 Cocktail_Statemachine.o
                0x00002336                check_reinanzeige3
 .text.check_infoanzeige
                0x00002348        0xc Cocktail_Statemachine.o
                0x00002348                check_infoanzeige
 .text.check_erstanzeige1
                0x00002354      0x5f0 Cocktail_Statemachine.o
                0x00002354                check_erstanzeige1
 .text.check_erstanzeige2
                0x00002944      0x122 Cocktail_Statemachine.o
                0x00002944                check_erstanzeige2
 .text.check_loeschanzeige
                0x00002a66      0x13a Cocktail_Statemachine.o
                0x00002a66                check_loeschanzeige
 .text.check_posanzeige
                0x00002ba0      0x15c Cocktail_Statemachine.o
                0x00002ba0                check_posanzeige
 .text.check_fluessanzeige1
                0x00002cfc       0xb8 Cocktail_Statemachine.o
                0x00002cfc                check_fluessanzeige1
 .text.check_fluessanzeige2
                0x00002db4       0x4c Cocktail_Statemachine.o
                0x00002db4                check_fluessanzeige2
 .text.check_fluessanzeige3
                0x00002e00      0x22c Cocktail_Statemachine.o
                0x00002e00                check_fluessanzeige3
 .text.check_RFIDAnzeige1
                0x0000302c       0xd0 Cocktail_Statemachine.o
                0x0000302c                check_RFIDAnzeige1
 .text.check_RFIDAnzeige2
                0x000030fc       0x62 Cocktail_Statemachine.o
                0x000030fc                check_RFIDAnzeige2
 .text.check_RFIDFehler
                0x0000315e       0x12 Cocktail_Statemachine.o
                0x0000315e                check_RFIDFehler
 .text.cocktail_check_command
                0x00003170       0xb6 Cocktail_Statemachine.o
                0x00003170                cocktail_check_command
 .text.check_existence
                0x00003226      0x1d6 Getraenk.o
                0x00003226                check_existence
 .text.create_new_getraenk
                0x000033fc       0xe2 Getraenk.o
                0x000033fc                create_new_getraenk
 .text.create_new_getraenk_file
                0x000034de       0x18 Getraenk.o
                0x000034de                create_new_getraenk_file
 .text.insert_file_at_head
                0x000034f6       0x56 Getraenk.o
                0x000034f6                insert_file_at_head
 .text.cocktails_init
                0x0000354c       0xe4 Getraenk.o
                0x0000354c                cocktails_init
 .text.create_zutat
                0x00003630       0x42 Zutaten.o
                0x00003630                create_zutat
 .text.create_neue_zutat_Maschine
                0x00003672       0x72 Zutaten.o
                0x00003672                create_neue_zutat_Maschine
 .text.insert_zutat_Maschine_at_head
                0x000036e4       0x50 Zutaten.o
                0x000036e4                insert_zutat_Maschine_at_head
 .text.create_new_zutat_file
                0x00003734       0x18 Zutaten.o
                0x00003734                create_new_zutat_file
 .text.insert_zutat_file_at_head
                0x0000374c       0x56 Zutaten.o
                0x0000374c                insert_zutat_file_at_head
 .text.zutaten_init
                0x000037a2      0x236 Zutaten.o
                0x000037a2                zutaten_init
 .text.IO_init  0x000039d8       0x2e Main_Func.o
                0x000039d8                IO_init
 .text.check_Communication_Input_UART_0
                0x00003a06       0x5a Main_Func.o
                0x00003a06                check_Communication_Input_UART_0
 .text.proceed_Communication_Input_UART_0
                0x00003a60        0xa Main_Func.o
                0x00003a60                proceed_Communication_Input_UART_0
 .text.check_Communication_Input_UART_1
                0x00003a6a      0x112 Main_Func.o
                0x00003a6a                check_Communication_Input_UART_1
 .text.proceed_Communication_INPUT_UART_1
                0x00003b7c       0x24 Main_Func.o
                0x00003b7c                proceed_Communication_INPUT_UART_1
 .text.check_Communication_Input_UART_2
                0x00003ba0       0xde Main_Func.o
                0x00003ba0                check_Communication_Input_UART_2
 .text.proceed_Communication_Input_UART_2
                0x00003c7e       0x20 Main_Func.o
                0x00003c7e                proceed_Communication_Input_UART_2
 .text.check_Communication_Input_UART
                0x00003c9e       0x14 Main_Func.o
                0x00003c9e                check_Communication_Input_UART
 .text.endConversation
                0x00003cb2       0x2c Nextion_Display.o
                0x00003cb2                endConversation
 .text.nextion_change_page
                0x00003cde       0x3e Nextion_Display.o
                0x00003cde                nextion_change_page
 .text.nextion_setText
                0x00003d1c       0x30 Nextion_Display.o
                0x00003d1c                nextion_setText
 .text.nextion_setValue
                0x00003d4c       0x20 Nextion_Display.o
                0x00003d4c                nextion_setValue
 .text.nextion_setPicture
                0x00003d6c       0x4c Nextion_Display.o
                0x00003d6c                nextion_setPicture
 .text.nextion_getSliderValue
                0x00003db8       0x96 Nextion_Display.o
                0x00003db8                nextion_getSliderValue
 .text.nextion_disableButton
                0x00003e4e       0x72 Nextion_Display.o
                0x00003e4e                nextion_disableButton
 .text.mfrc522_write
                0x00003ec0       0x2a mfrc522.o
                0x00003ec0                mfrc522_write
 .text.mfrc522_read
                0x00003eea       0x66 mfrc522.o
                0x00003eea                mfrc522_read
 .text.mfrc522_reset
                0x00003f50        0x8 mfrc522.o
                0x00003f50                mfrc522_reset
 .text._init    0x00003f58       0x74 mfrc522.o
                0x00003f58                _init
 .text.RB_init  0x00003fcc        0x8 ring_buffer.o
                0x00003fcc                RB_init
 .text.RB_free  0x00003fd4       0x16 ring_buffer.o
                0x00003fd4                RB_free
 .text.RB_length
                0x00003fea       0x18 ring_buffer.o
                0x00003fea                RB_length
 .text.RB_readByte
                0x00004002       0x28 ring_buffer.o
                0x00004002                RB_readByte
 .text.RB_writeByte
                0x0000402a       0x3a ring_buffer.o
                0x0000402a                RB_writeByte
 .text.RB_write
                0x00004064       0x64 ring_buffer.o
                0x00004064                RB_write
 .text.getFirstSector
                0x000040c8       0x42 FAT32.o
                0x000040c8                getFirstSector
 .text.getSetNextCluster
                0x0000410a       0xf2 FAT32.o
                0x0000410a                getSetNextCluster
 .text.getSetFreeCluster
                0x000041fc      0x124 FAT32.o
                0x000041fc                getSetFreeCluster
 .text.getBootSectorData
                0x00004320      0x180 FAT32.o
                0x00004320                getBootSectorData
 .text.convertFileName
                0x000044a0      0x120 FAT32.o
                0x000044a0                convertFileName
 .text.searchNextFreeCluster
                0x000045c0      0x144 FAT32.o
                0x000045c0                searchNextFreeCluster
 .text.displayMemory
                0x00004704       0xc2 FAT32.o
                0x00004704                displayMemory
 .text.freeMemoryUpdate
                0x000047c6       0xdc FAT32.o
                0x000047c6                freeMemoryUpdate
 .text.findFiles
                0x000048a2      0x3ce FAT32.o
                0x000048a2                findFiles
 .text.readFile
                0x00004c70      0x19c FAT32.o
                0x00004c70                readFile
 .text.deleteFile
                0x00004e0c       0x18 FAT32.o
                0x00004e0c                deleteFile
 .text.writeFile
                0x00004e24      0x7e4 FAT32.o
                0x00004e24                writeFile
 .text.SD_sendCommand
                0x00005608       0xb4 SD_routines.o
                0x00005608                SD_sendCommand
 .text.SD_init  0x000056bc      0x112 SD_routines.o
                0x000056bc                SD_init
 .text.SD_readSingleBlock
                0x000057ce       0x50 SD_routines.o
                0x000057ce                SD_readSingleBlock
 .text.SD_writeSingleBlock
                0x0000581e       0x82 SD_routines.o
                0x0000581e                SD_writeSingleBlock
 .text.spi_transmit
                0x000058a0        0xc SPI.o
                0x000058a0                spi_transmit
 .text.spi_receive
                0x000058ac        0xe SPI.o
                0x000058ac                spi_receive
 .text.enable_Slave
                0x000058ba       0x28 SPI.o
                0x000058ba                enable_Slave
 .text.disable_Slave
                0x000058e2       0x28 SPI.o
                0x000058e2                disable_Slave
 .text.SPI_init
                0x0000590a       0x14 SPI.o
                0x0000590a                SPI_init
 .text.tx_completed
                0x0000591e        0x6 UART.o
                0x0000591e                tx_completed
 .text.UART_init
                0x00005924       0xfe UART.o
                0x00005924                UART_init
 .text.Uart_Transmit_IT_PC
                0x00005a22       0x26 UART.o
                0x00005a22                Uart_Transmit_IT_PC
 .text.Uart_Transmit_IT_Display
                0x00005a48       0x2c UART.o
                0x00005a48                Uart_Transmit_IT_Display
 .text.__vector_26
                0x00005a74       0x7e UART.o
                0x00005a74                __vector_26
 .text.__vector_25
                0x00005af2       0x58 UART.o
                0x00005af2                __vector_25
 .text.__vector_36
                0x00005b4a       0x58 UART.o
                0x00005b4a                __vector_36
 .text.__vector_52
                0x00005ba2       0x7e UART.o
                0x00005ba2                __vector_52
 .text.__vector_51
                0x00005c20       0x58 UART.o
                0x00005c20                __vector_51
 .text.__vector_55
                0x00005c78       0x7e UART.o
                0x00005c78                __vector_55
 .text.__vector_54
                0x00005cf6       0x58 UART.o
                0x00005cf6                __vector_54
 .text.transmitByte
                0x00005d4e       0x10 UART.o
                0x00005d4e                transmitByte
 .text.transmitString
                0x00005d5e       0x1c UART.o
                0x00005d5e                transmitString
 .text.main     0x00005d7a       0x42 main.o
                0x00005d7a                main
 .text.libgcc.mul
                0x00005dbc       0x1e c:/program files (x86)/atmel/studio/7.0/toolchain/avr8/avr8-gnu-toolchain/bin/../lib/gcc/avr/5.4.0/avr6\libgcc.a(_mulsi3.o)
                0x00005dbc                __mulsi3
 .text.libgcc.div
                0x00005dda       0x44 c:/program files (x86)/atmel/studio/7.0/toolchain/avr8/avr8-gnu-toolchain/bin/../lib/gcc/avr/5.4.0/avr6\libgcc.a(_udivmodsi4.o)
                0x00005dda                __udivmodsi4
 .text.libgcc   0x00005e1e       0x10 c:/program files (x86)/atmel/studio/7.0/toolchain/avr8/avr8-gnu-toolchain/bin/../lib/gcc/avr/5.4.0/avr6\libgcc.a(_tablejump2.o)
                0x00005e1e                __tablejump2__
 .text.libgcc.mul
                0x00005e2e       0x1e c:/program files (x86)/atmel/studio/7.0/toolchain/avr8/avr8-gnu-toolchain/bin/../lib/gcc/avr/5.4.0/avr6\libgcc.a(_umulhisi3.o)
                0x00005e2e                __umulhisi3
 .text.libgcc.mul
                0x00005e4c       0x14 c:/program files (x86)/atmel/studio/7.0/toolchain/avr8/avr8-gnu-toolchain/bin/../lib/gcc/avr/5.4.0/avr6\libgcc.a(_muluhisi3.o)
                0x00005e4c                __muluhisi3
 .text.avr-libc
                0x00005e60       0x34 c:/program files (x86)/atmel/studio/7.0/toolchain/avr8/avr8-gnu-toolchain/bin/../lib/gcc/avr/5.4.0/../../../../avr/lib/avr6\libc.a(calloc.o)
                0x00005e60                calloc
 .text.avr-libc
                0x00005e94      0x242 c:/program files (x86)/atmel/studio/7.0/toolchain/avr8/avr8-gnu-toolchain/bin/../lib/gcc/avr/5.4.0/../../../../avr/lib/avr6\libc.a(malloc.o)
                0x00005e94                malloc
                0x00005fc4                free
 .text.avr-libc
                0x000060d6       0x3a c:/program files (x86)/atmel/studio/7.0/toolchain/avr8/avr8-gnu-toolchain/bin/../lib/gcc/avr/5.4.0/../../../../avr/lib/avr6\libc.a(atoi.o)
                0x000060d6                atoi
 .text.avr-libc
                0x00006110        0x6 c:/program files (x86)/atmel/studio/7.0/toolchain/avr8/avr8-gnu-toolchain/bin/../lib/gcc/avr/5.4.0/../../../../avr/lib/avr6\libc.a(strtok.o)
                0x00006110                strtok
 .text.avr-libc
                0x00006116        0xe c:/program files (x86)/atmel/studio/7.0/toolchain/avr8/avr8-gnu-toolchain/bin/../lib/gcc/avr/5.4.0/../../../../avr/lib/avr6\libc.a(memset.o)
                0x00006116                memset
 .text.avr-libc
                0x00006124       0x16 c:/program files (x86)/atmel/studio/7.0/toolchain/avr8/avr8-gnu-toolchain/bin/../lib/gcc/avr/5.4.0/../../../../avr/lib/avr6\libc.a(strcat.o)
                0x00006124                strcat
 .text.avr-libc
                0x0000613a        0xe c:/program files (x86)/atmel/studio/7.0/toolchain/avr8/avr8-gnu-toolchain/bin/../lib/gcc/avr/5.4.0/../../../../avr/lib/avr6\libc.a(strcpy.o)
                0x0000613a                strcpy
 .text.avr-libc
                0x00006148       0x4e c:/program files (x86)/atmel/studio/7.0/toolchain/avr8/avr8-gnu-toolchain/bin/../lib/gcc/avr/5.4.0/../../../../avr/lib/avr6\libc.a(strtok_r.o)
                0x00006148                strtok_r
 .text.avr-libc
                0x00006196       0x14 c:/program files (x86)/atmel/studio/7.0/toolchain/avr8/avr8-gnu-toolchain/bin/../lib/gcc/avr/5.4.0/../../../../avr/lib/avr6\libc.a(itoa_ncheck.o)
                0x00006196                __itoa_ncheck
 .text.avr-libc
                0x000061aa       0x10 c:/program files (x86)/atmel/studio/7.0/toolchain/avr8/avr8-gnu-toolchain/bin/../lib/gcc/avr/5.4.0/../../../../avr/lib/avr6\libc.a(mul10.o)
                0x000061aa                __mulhi_const_10
 .text.avr-libc
                0x000061ba       0x32 c:/program files (x86)/atmel/studio/7.0/toolchain/avr8/avr8-gnu-toolchain/bin/../lib/gcc/avr/5.4.0/../../../../avr/lib/avr6\libc.a(utoa_ncheck.o)
                0x000061ba                __utoa_ncheck
                0x000061bc                __utoa_common
 .text.avr-libc
                0x000061ec       0x20 c:/program files (x86)/atmel/studio/7.0/toolchain/avr8/avr8-gnu-toolchain/bin/../lib/gcc/avr/5.4.0/../../../../avr/lib/avr6\libc.a(strrev.o)
                0x000061ec                strrev
                0x0000620c                . = ALIGN (0x2)
 *(.fini9)
 .fini9         0x0000620c        0x0 c:/program files (x86)/atmel/studio/7.0/toolchain/avr8/avr8-gnu-toolchain/bin/../lib/gcc/avr/5.4.0/avr6\libgcc.a(_exit.o)
                0x0000620c                _exit
                0x0000620c                exit
 *(.fini9)
 *(.fini8)
 *(.fini8)
 *(.fini7)
 *(.fini7)
 *(.fini6)
 *(.fini6)
 *(.fini5)
 *(.fini5)
 *(.fini4)
 *(.fini4)
 *(.fini3)
 *(.fini3)
 *(.fini2)
 *(.fini2)
 *(.fini1)
 *(.fini1)
 *(.fini0)
 .fini0         0x0000620c        0x4 c:/program files (x86)/atmel/studio/7.0/toolchain/avr8/avr8-gnu-toolchain/bin/../lib/gcc/avr/5.4.0/avr6\libgcc.a(_exit.o)
 *(.fini0)
                0x00006210                _etext = .

.data           0x00800200      0x4b2 load address 0x00006210
                0x00800200                PROVIDE (__data_start, .)
 *(.data)
 .data          0x00800200        0x6 c:/program files (x86)/atmel/studio/7.0/toolchain/avr8/avr8-gnu-toolchain/bin/../lib/gcc/avr/5.4.0/../../../../avr/lib/avr6\libc.a(malloc.o)
                0x00800200                __malloc_heap_end
                0x00800202                __malloc_heap_start
                0x00800204                __malloc_margin
 *(.data*)
 *(.gnu.linkonce.d*)
 *(.rodata)
 .rodata        0x00800206       0x30 Cocktail_functions.o
 *(.rodata*)
 .rodata.str1.1
                0x00800236      0x26b Cocktail_functions.o
                                0x281 (size before relaxing)
 .rodata.str1.1
                0x008004a1       0x21 Cocktail_Statemachine.o
                                 0x4a (size before relaxing)
 .rodata.str1.1
                0x008004c2       0x15 Getraenk.o
                                 0x28 (size before relaxing)
 .rodata.str1.1
                0x008004d7        0xb Zutaten.o
 .rodata.str1.1
                0x008004d7       0x22 Main_Func.o
                                 0x27 (size before relaxing)
 .rodata.str1.1
                0x008004f9       0x2a Nextion_Display.o
 .rodata.str1.1
                0x00800523       0x62 mfrc522.o
                                 0x64 (size before relaxing)
 .rodata.str1.1
                0x00800585      0x12d FAT32.o
 *(.gnu.linkonce.r*)
                0x008006b2                . = ALIGN (0x2)
                0x008006b2                _edata = .
                0x008006b2                PROVIDE (__data_end, .)

.bss            0x008006b2      0xda4
                0x008006b2                PROVIDE (__bss_start, .)
 *(.bss)
 .bss           0x008006b2        0x2 c:/program files (x86)/atmel/studio/7.0/toolchain/avr8/avr8-gnu-toolchain/bin/../lib/gcc/avr/5.4.0/../../../../avr/lib/avr6\libc.a(strtok.o)
 *(.bss*)
 .bss.count.3051
                0x008006b4        0x4 Cocktail_functions.o
 .bss.oldval.3050
                0x008006b8        0x1 Cocktail_functions.o
 .bss.cntr_End_UART_2
                0x008006b9        0x1 main.o
                0x008006b9                cntr_End_UART_2
 .bss.cntr_UART_2
                0x008006ba        0x1 main.o
                0x008006ba                cntr_UART_2
 .bss.cntr_End_UART_1
                0x008006bb        0x1 main.o
                0x008006bb                cntr_End_UART_1
 .bss.cntr_UART_1
                0x008006bc        0x1 main.o
                0x008006bc                cntr_UART_1
 .bss.cntr_End_UART_0
                0x008006bd        0x1 main.o
                0x008006bd                cntr_End_UART_0
 .bss.cntr_UART_0
                0x008006be        0x1 main.o
                0x008006be                cntr_UART_0
 *(COMMON)
 COMMON         0x008006bf      0x991 Cocktail_functions.o
                0x008006bf                head_zutat_file
                0x008006c1                rb_tx_PC
                0x008007c2                tail_getraenk_file
                0x008007c4                head_zut_in_Maschine
                0x008007c6                head_getraenk
                0x008007c8                Liste
                0x008007c9                aktuelleZutatInMaschine
                0x008007cb                tail_getraenk
                0x008007cd                appendFileLocation
                0x008007d1                aktuelle_zutat
                0x008007d3                tail_zutat_file
                0x008007d5                fileName
                0x008007e2                firstDataSector
                0x008007e6                ptr_tx_completed_1
                0x008007e8                fileSize
                0x008007ec                bytesPerSector
                0x008007ee                totalClusters
                0x008007f2                option
                0x008007f3                aktuellesGetraenk_file
                0x008007f5                head_getraenk_file
                0x008007f7                Grossschreib
                0x008007f8                rootCluster
                0x008007fc                block_list_runter
                0x008007fd                rb_rx_ESP
                0x008008fe                startBlock
                0x00800902                i
                0x00800904                address_Standardwiederherstellung
                0x00800906                rb_rx_Display
                0x00800a07                buffer
                0x00800c07                SPI_Slave
                0x00800c08                sectorPerCluster
                0x00800c0a                ptr_tx_completed_2
                0x00800c0c                block_list_hoch
                0x00800c0d                unusedSectors
                0x00800c11                rb_tx_RFID
                0x00800d12                SDHC_flag
                0x00800d13                counter
                0x00800d14                totalBlocks
                0x00800d18                tail_zut_in_Maschine
                0x00800d1a                data
                0x00800d1b                buff_name
                0x00800d30                reservedSectorCount
                0x00800d32                ptr_tx_completed_3
                0x00800d34                aktuelles_zutat_file
                0x00800d36                rb_rx_PC
                0x00800e37                rb_tx_ESP
                0x00800f38                address_getraenk
                0x00800f3a                appendStartCluster
                0x00800f3e                test2
                0x00800f3f                cardType
                0x00800f40                error
                0x00800f41                rb_rx_RFID
                0x00801042                gui_pages
                0x00801043                i_Liste
                0x00801044                freeClusterCountUpdated
                0x00801045                stop
                0x00801046                FAT32_active
                0x00801047                appendFileSector
                0x0080104b                aktuellesGetraenk
                0x0080104d                ptr_tx_completed_0
                0x0080104f                SPI_State
 COMMON         0x00801050      0x402 main.o
                0x00801050                INPUT_UART_0
                0x00801150                INPUT_UART_3
                0x00801250                INPUT_UART_1
                0x00801350                ptr_Uart_1
                0x00801352                INPUT_UART_2
 COMMON         0x00801452        0x4 c:/program files (x86)/atmel/studio/7.0/toolchain/avr8/avr8-gnu-toolchain/bin/../lib/gcc/avr/5.4.0/../../../../avr/lib/avr6\libc.a(malloc.o)
                0x00801452                __brkval
                0x00801454                __flp
                0x00801456                PROVIDE (__bss_end, .)
                0x00006210                __data_load_start = LOADADDR (.data)
                0x000066c2                __data_load_end = (__data_load_start + SIZEOF (.data))

.noinit         0x00801456        0x0
                [!provide]                PROVIDE (__noinit_start, .)
 *(.noinit*)
                [!provide]                PROVIDE (__noinit_end, .)
                0x00801456                _end = .
                0x00801456                PROVIDE (__heap_start, .)

.eeprom         0x00810000        0x0
 *(.eeprom*)
                0x00810000                __eeprom_end = .

.fuse
 *(.fuse)
 *(.lfuse)
 *(.hfuse)
 *(.efuse)

.lock
 *(.lock*)

.signature
 *(.signature*)

.user_signatures
 *(.user_signatures*)

.stab
 *(.stab)

.stabstr
 *(.stabstr)

.stab.excl
 *(.stab.excl)

.stab.exclstr
 *(.stab.exclstr)

.stab.index
 *(.stab.index)

.stab.indexstr
 *(.stab.indexstr)

.comment        0x00000000       0x30
 *(.comment)
 .comment       0x00000000       0x30 Cocktail_functions.o
                                 0x31 (size before relaxing)
 .comment       0x00000030       0x31 Cocktail_Statemachine.o
 .comment       0x00000030       0x31 Getraenk.o
 .comment       0x00000030       0x31 Zutaten.o
 .comment       0x00000030       0x31 Main_Func.o
 .comment       0x00000030       0x31 Nextion_Display.o
 .comment       0x00000030       0x31 mfrc522.o
 .comment       0x00000030       0x31 ring_buffer.o
 .comment       0x00000030       0x31 FAT32.o
 .comment       0x00000030       0x31 SD_routines.o
 .comment       0x00000030       0x31 SPI.o
 .comment       0x00000030       0x31 UART.o
 .comment       0x00000030       0x31 main.o
 .comment       0x00000030       0x31 c:/program files (x86)/atmel/studio/7.0/toolchain/avr8/avr8-gnu-toolchain/bin/../lib/gcc/avr/5.4.0/../../../../avr/lib/avr6\libc.a(calloc.o)
 .comment       0x00000030       0x31 c:/program files (x86)/atmel/studio/7.0/toolchain/avr8/avr8-gnu-toolchain/bin/../lib/gcc/avr/5.4.0/../../../../avr/lib/avr6\libc.a(malloc.o)
 .comment       0x00000030       0x31 c:/program files (x86)/atmel/studio/7.0/toolchain/avr8/avr8-gnu-toolchain/bin/../lib/gcc/avr/5.4.0/../../../../avr/lib/avr6\libc.a(strtok.o)

.note.gnu.avr.deviceinfo
                0x00000000       0x40
 .note.gnu.avr.deviceinfo
                0x00000000       0x40 C:/Program Files (x86)/Atmel/Studio/7.0/Packs/atmel/ATmega_DFP/1.3.300/gcc/dev/atmega2560/avr6/crtatmega2560.o

.note.gnu.build-id
 *(.note.gnu.build-id)

.debug
 *(.debug)

.line
 *(.line)

.debug_srcinfo
 *(.debug_srcinfo)

.debug_sfnames
 *(.debug_sfnames)

.debug_aranges  0x00000000      0x5a0
 *(.debug_aranges)
 .debug_aranges
                0x00000000       0xf0 Cocktail_functions.o
 .debug_aranges
                0x000000f0       0xe0 Cocktail_Statemachine.o
 .debug_aranges
                0x000001d0       0x68 Getraenk.o
 .debug_aranges
                0x00000238       0x48 Zutaten.o
 .debug_aranges
                0x00000280       0x68 Main_Func.o
 .debug_aranges
                0x000002e8       0x50 Nextion_Display.o
 .debug_aranges
                0x00000338       0x58 mfrc522.o
 .debug_aranges
                0x00000390       0x50 ring_buffer.o
 .debug_aranges
                0x000003e0       0x80 FAT32.o
 .debug_aranges
                0x00000460       0x40 SD_routines.o
 .debug_aranges
                0x000004a0       0x48 SPI.o
 .debug_aranges
                0x000004e8       0x98 UART.o
 .debug_aranges
                0x00000580       0x20 main.o

.debug_pubnames
 *(.debug_pubnames)

.debug_info     0x00000000     0xe4f0
 *(.debug_info .gnu.linkonce.wi.*)
 .debug_info    0x00000000      0xbbc C:/Program Files (x86)/Atmel/Studio/7.0/Packs/atmel/ATmega_DFP/1.3.300/gcc/dev/atmega2560/avr6/crtatmega2560.o
 .debug_info    0x00000bbc     0x2f7f Cocktail_functions.o
 .debug_info    0x00003b3b     0x2817 Cocktail_Statemachine.o
 .debug_info    0x00006352     0x157b Getraenk.o
 .debug_info    0x000078cd      0xc0a Zutaten.o
 .debug_info    0x000084d7      0xc56 Main_Func.o
 .debug_info    0x0000912d      0xe4f Nextion_Display.o
 .debug_info    0x00009f7c      0xcd6 mfrc522.o
 .debug_info    0x0000ac52      0x360 ring_buffer.o
 .debug_info    0x0000afb2     0x19dc FAT32.o
 .debug_info    0x0000c98e      0x812 SD_routines.o
 .debug_info    0x0000d1a0      0x252 SPI.o
 .debug_info    0x0000d3f2      0x6d5 UART.o
 .debug_info    0x0000dac7      0xa29 main.o

.debug_abbrev   0x00000000     0x278e
 *(.debug_abbrev)
 .debug_abbrev  0x00000000      0xb1a C:/Program Files (x86)/Atmel/Studio/7.0/Packs/atmel/ATmega_DFP/1.3.300/gcc/dev/atmega2560/avr6/crtatmega2560.o
 .debug_abbrev  0x00000b1a      0x3b6 Cocktail_functions.o
 .debug_abbrev  0x00000ed0      0x2ef Cocktail_Statemachine.o
 .debug_abbrev  0x000011bf      0x3c6 Getraenk.o
 .debug_abbrev  0x00001585      0x2a6 Zutaten.o
 .debug_abbrev  0x0000182b      0x1fb Main_Func.o
 .debug_abbrev  0x00001a26      0x24b Nextion_Display.o
 .debug_abbrev  0x00001c71      0x25a mfrc522.o
 .debug_abbrev  0x00001ecb      0x12a ring_buffer.o
 .debug_abbrev  0x00001ff5      0x214 FAT32.o
 .debug_abbrev  0x00002209      0x154 SD_routines.o
 .debug_abbrev  0x0000235d      0x11c SPI.o
 .debug_abbrev  0x00002479      0x1fe UART.o
 .debug_abbrev  0x00002677      0x117 main.o

.debug_line     0x00000000     0x648d
 *(.debug_line .debug_line.* .debug_line_end)
 .debug_line    0x00000000      0x1f9 C:/Program Files (x86)/Atmel/Studio/7.0/Packs/atmel/ATmega_DFP/1.3.300/gcc/dev/atmega2560/avr6/crtatmega2560.o
 .debug_line    0x000001f9     0x140d Cocktail_functions.o
 .debug_line    0x00001606     0x1470 Cocktail_Statemachine.o
 .debug_line    0x00002a76      0x856 Getraenk.o
 .debug_line    0x000032cc      0x460 Zutaten.o
 .debug_line    0x0000372c      0x6d4 Main_Func.o
 .debug_line    0x00003e00      0x4f2 Nextion_Display.o
 .debug_line    0x000042f2      0x4ea mfrc522.o
 .debug_line    0x000047dc      0x21d ring_buffer.o
 .debug_line    0x000049f9      0xc7c FAT32.o
 .debug_line    0x00005675      0x48d SD_routines.o
 .debug_line    0x00005b02      0x1d6 SPI.o
 .debug_line    0x00005cd8      0x412 UART.o
 .debug_line    0x000060ea      0x3a3 main.o

.debug_frame    0x00000000     0x173c
 *(.debug_frame)
 .debug_frame   0x00000000      0x508 Cocktail_functions.o
 .debug_frame   0x00000508      0x238 Cocktail_Statemachine.o
 .debug_frame   0x00000740      0x230 Getraenk.o
 .debug_frame   0x00000970       0xf4 Zutaten.o
 .debug_frame   0x00000a64       0xfc Main_Func.o
 .debug_frame   0x00000b60      0x114 Nextion_Display.o
 .debug_frame   0x00000c74      0x174 mfrc522.o
 .debug_frame   0x00000de8       0xdc ring_buffer.o
 .debug_frame   0x00000ec4      0x3b8 FAT32.o
 .debug_frame   0x0000127c       0xdc SD_routines.o
 .debug_frame   0x00001358       0x74 SPI.o
 .debug_frame   0x000013cc      0x34c UART.o
 .debug_frame   0x00001718       0x24 main.o

.debug_str      0x00000000     0x2451
 *(.debug_str)
 .debug_str     0x00000000      0x3e6 C:/Program Files (x86)/Atmel/Studio/7.0/Packs/atmel/ATmega_DFP/1.3.300/gcc/dev/atmega2560/avr6/crtatmega2560.o
 .debug_str     0x000003e6      0xc0a Cocktail_functions.o
                                0xcf2 (size before relaxing)
 .debug_str     0x00000ff0      0x753 Cocktail_Statemachine.o
                               0x1212 (size before relaxing)
 .debug_str     0x00001743      0x154 Getraenk.o
                                0x9cc (size before relaxing)
 .debug_str     0x00001897      0x100 Zutaten.o
                                0x660 (size before relaxing)
 .debug_str     0x00001997      0x174 Main_Func.o
                                0x994 (size before relaxing)
 .debug_str     0x00001b0b       0x52 Nextion_Display.o
                                0x8e5 (size before relaxing)
 .debug_str     0x00001b5d      0x15c mfrc522.o
                                0x444 (size before relaxing)
 .debug_str     0x00001cb9       0x5a ring_buffer.o
                                0x206 (size before relaxing)
 .debug_str     0x00001d13      0x533 FAT32.o
                                0x931 (size before relaxing)
 .debug_str     0x00002246       0x5c SD_routines.o
                                0x358 (size before relaxing)
 .debug_str     0x000022a2       0x4b SPI.o
                                0x250 (size before relaxing)
 .debug_str     0x000022ed       0xbb UART.o
                                0x384 (size before relaxing)
 .debug_str     0x000023a8       0xa9 main.o
                                0x8e2 (size before relaxing)

.debug_loc      0x00000000     0x8539
 *(.debug_loc)
 .debug_loc     0x00000000     0x1fac Cocktail_functions.o
 .debug_loc     0x00001fac      0xc33 Cocktail_Statemachine.o
 .debug_loc     0x00002bdf     0x10e0 Getraenk.o
 .debug_loc     0x00003cbf      0x59a Zutaten.o
 .debug_loc     0x00004259      0x294 Main_Func.o
 .debug_loc     0x000044ed      0x495 Nextion_Display.o
 .debug_loc     0x00004982      0x8e9 mfrc522.o
 .debug_loc     0x0000526b      0x58d ring_buffer.o
 .debug_loc     0x000057f8     0x1d63 FAT32.o
 .debug_loc     0x0000755b      0x729 SD_routines.o
 .debug_loc     0x00007c84       0xbc SPI.o
 .debug_loc     0x00007d40      0x7f9 UART.o

.debug_macinfo
 *(.debug_macinfo)

.debug_weaknames
 *(.debug_weaknames)

.debug_funcnames
 *(.debug_funcnames)

.debug_typenames
 *(.debug_typenames)

.debug_varnames
 *(.debug_varnames)

.debug_pubtypes
 *(.debug_pubtypes)

.debug_ranges   0x00000000      0x6e8
 *(.debug_ranges)
 .debug_ranges  0x00000000      0x208 Cocktail_functions.o
 .debug_ranges  0x00000208      0x100 Cocktail_Statemachine.o
 .debug_ranges  0x00000308       0x98 Getraenk.o
 .debug_ranges  0x000003a0       0x38 Zutaten.o
 .debug_ranges  0x000003d8       0xb0 Main_Func.o
 .debug_ranges  0x00000488       0x40 Nextion_Display.o
 .debug_ranges  0x000004c8       0x48 mfrc522.o
 .debug_ranges  0x00000510       0x40 ring_buffer.o
 .debug_ranges  0x00000550       0x98 FAT32.o
 .debug_ranges  0x000005e8       0x30 SD_routines.o
 .debug_ranges  0x00000618       0x38 SPI.o
 .debug_ranges  0x00000650       0x88 UART.o
 .debug_ranges  0x000006d8       0x10 main.o

.debug_macro
 *(.debug_macro)
OUTPUT(Mikrocontroller.elf elf32-avr)
LOAD linker stubs
