Archive member included to satisfy reference by file (symbol)

c:/program files (x86)/atmel/studio/7.0/toolchain/avr8/avr8-gnu-toolchain/bin/../lib/gcc/avr/5.4.0/../../../../avr/lib/avr6\libm.a(addsf3.o)
                              LED.o (__subsf3)
c:/program files (x86)/atmel/studio/7.0/toolchain/avr8/avr8-gnu-toolchain/bin/../lib/gcc/avr/5.4.0/../../../../avr/lib/avr6\libm.a(addsf3x.o)
                              c:/program files (x86)/atmel/studio/7.0/toolchain/avr8/avr8-gnu-toolchain/bin/../lib/gcc/avr/5.4.0/../../../../avr/lib/avr6\libm.a(addsf3.o) (__addsf3x)
c:/program files (x86)/atmel/studio/7.0/toolchain/avr8/avr8-gnu-toolchain/bin/../lib/gcc/avr/5.4.0/../../../../avr/lib/avr6\libm.a(cmpsf2.o)
                              ramp1.o (__ltsf2)
c:/program files (x86)/atmel/studio/7.0/toolchain/avr8/avr8-gnu-toolchain/bin/../lib/gcc/avr/5.4.0/../../../../avr/lib/avr6\libm.a(divsf3.o)
                              ramp1.o (__divsf3)
c:/program files (x86)/atmel/studio/7.0/toolchain/avr8/avr8-gnu-toolchain/bin/../lib/gcc/avr/5.4.0/../../../../avr/lib/avr6\libm.a(divsf3x.o)
                              c:/program files (x86)/atmel/studio/7.0/toolchain/avr8/avr8-gnu-toolchain/bin/../lib/gcc/avr/5.4.0/../../../../avr/lib/avr6\libm.a(divsf3.o) (__divsf3x)
c:/program files (x86)/atmel/studio/7.0/toolchain/avr8/avr8-gnu-toolchain/bin/../lib/gcc/avr/5.4.0/../../../../avr/lib/avr6\libm.a(fixsfsi.o)
                              ramp1.o (__fixsfsi)
c:/program files (x86)/atmel/studio/7.0/toolchain/avr8/avr8-gnu-toolchain/bin/../lib/gcc/avr/5.4.0/../../../../avr/lib/avr6\libm.a(fixunssfsi.o)
                              LED.o (__fixunssfsi)
c:/program files (x86)/atmel/studio/7.0/toolchain/avr8/avr8-gnu-toolchain/bin/../lib/gcc/avr/5.4.0/../../../../avr/lib/avr6\libm.a(floatsisf.o)
                              LED.o (__floatsisf)
c:/program files (x86)/atmel/studio/7.0/toolchain/avr8/avr8-gnu-toolchain/bin/../lib/gcc/avr/5.4.0/../../../../avr/lib/avr6\libm.a(fp_cmp.o)
                              c:/program files (x86)/atmel/studio/7.0/toolchain/avr8/avr8-gnu-toolchain/bin/../lib/gcc/avr/5.4.0/../../../../avr/lib/avr6\libm.a(cmpsf2.o) (__fp_cmp)
c:/program files (x86)/atmel/studio/7.0/toolchain/avr8/avr8-gnu-toolchain/bin/../lib/gcc/avr/5.4.0/../../../../avr/lib/avr6\libm.a(fp_inf.o)
                              c:/program files (x86)/atmel/studio/7.0/toolchain/avr8/avr8-gnu-toolchain/bin/../lib/gcc/avr/5.4.0/../../../../avr/lib/avr6\libm.a(addsf3x.o) (__fp_inf)
c:/program files (x86)/atmel/studio/7.0/toolchain/avr8/avr8-gnu-toolchain/bin/../lib/gcc/avr/5.4.0/../../../../avr/lib/avr6\libm.a(fp_nan.o)
                              c:/program files (x86)/atmel/studio/7.0/toolchain/avr8/avr8-gnu-toolchain/bin/../lib/gcc/avr/5.4.0/../../../../avr/lib/avr6\libm.a(addsf3x.o) (__fp_nan)
c:/program files (x86)/atmel/studio/7.0/toolchain/avr8/avr8-gnu-toolchain/bin/../lib/gcc/avr/5.4.0/../../../../avr/lib/avr6\libm.a(fp_pscA.o)
                              c:/program files (x86)/atmel/studio/7.0/toolchain/avr8/avr8-gnu-toolchain/bin/../lib/gcc/avr/5.4.0/../../../../avr/lib/avr6\libm.a(addsf3x.o) (__fp_pscA)
c:/program files (x86)/atmel/studio/7.0/toolchain/avr8/avr8-gnu-toolchain/bin/../lib/gcc/avr/5.4.0/../../../../avr/lib/avr6\libm.a(fp_pscB.o)
                              c:/program files (x86)/atmel/studio/7.0/toolchain/avr8/avr8-gnu-toolchain/bin/../lib/gcc/avr/5.4.0/../../../../avr/lib/avr6\libm.a(addsf3x.o) (__fp_pscB)
c:/program files (x86)/atmel/studio/7.0/toolchain/avr8/avr8-gnu-toolchain/bin/../lib/gcc/avr/5.4.0/../../../../avr/lib/avr6\libm.a(fp_round.o)
                              c:/program files (x86)/atmel/studio/7.0/toolchain/avr8/avr8-gnu-toolchain/bin/../lib/gcc/avr/5.4.0/../../../../avr/lib/avr6\libm.a(addsf3.o) (__fp_round)
c:/program files (x86)/atmel/studio/7.0/toolchain/avr8/avr8-gnu-toolchain/bin/../lib/gcc/avr/5.4.0/../../../../avr/lib/avr6\libm.a(fp_split3.o)
                              c:/program files (x86)/atmel/studio/7.0/toolchain/avr8/avr8-gnu-toolchain/bin/../lib/gcc/avr/5.4.0/../../../../avr/lib/avr6\libm.a(addsf3x.o) (__fp_split3)
c:/program files (x86)/atmel/studio/7.0/toolchain/avr8/avr8-gnu-toolchain/bin/../lib/gcc/avr/5.4.0/../../../../avr/lib/avr6\libm.a(fp_zero.o)
                              c:/program files (x86)/atmel/studio/7.0/toolchain/avr8/avr8-gnu-toolchain/bin/../lib/gcc/avr/5.4.0/../../../../avr/lib/avr6\libm.a(addsf3x.o) (__fp_zero)
c:/program files (x86)/atmel/studio/7.0/toolchain/avr8/avr8-gnu-toolchain/bin/../lib/gcc/avr/5.4.0/../../../../avr/lib/avr6\libm.a(gesf2.o)
                              ramp1.o (__gesf2)
c:/program files (x86)/atmel/studio/7.0/toolchain/avr8/avr8-gnu-toolchain/bin/../lib/gcc/avr/5.4.0/../../../../avr/lib/avr6\libm.a(mulsf3.o)
                              LED.o (__mulsf3)
c:/program files (x86)/atmel/studio/7.0/toolchain/avr8/avr8-gnu-toolchain/bin/../lib/gcc/avr/5.4.0/../../../../avr/lib/avr6\libm.a(mulsf3x.o)
[...]
Memory Configuration

Name             Origin             Length             Attributes
text             0x00000000         0x00100000         xr
data             0x00800200         0x0000fe00         rw !x
eeprom           0x00810000         0x00010000         rw !x
fuse             0x00820000         0x00000003         rw !x
lock             0x00830000         0x00000400         rw !x
signature        0x00840000         0x00000400         rw !x
user_signatures  0x00850000         0x00000400         rw !x
*default*        0x00000000         0xffffffff

Linker script and memory map

Address of section .data set to 0x800200
LOAD C:/Program Files (x86)/Atmel/Studio/7.0/Packs/atmel/ATmega_DFP/1.3.300/gcc/dev/atmega2560/avr6/crtatmega2560.o
LOAD Cocktail_functions.o
LOAD Cocktail_Statemachine.o
LOAD Getraenk.o
LOAD TAGS.o
LOAD Zutaten.o
LOAD LED.o
LOAD Main_Func.o
LOAD Nextion_Display.o
LOAD ring_buffer.o
LOAD FAT32.o
LOAD SD_routines.o
LOAD ramp1.o
LOAD Software_SPI.o
LOAD SPI.o
LOAD tmc4671.o
LOAD TMC6200.o
LOAD UART.o
LOAD main.o
START GROUP
LOAD c:/program files (x86)/atmel/studio/7.0/toolchain/avr8/avr8-gnu-toolchain/bin/../lib/gcc/avr/5.4.0/../../../../avr/lib/avr6\libm.a
END GROUP
START GROUP
LOAD c:/program files (x86)/atmel/studio/7.0/toolchain/avr8/avr8-gnu-toolchain/bin/../lib/gcc/avr/5.4.0/avr6\libgcc.a
LOAD c:/program files (x86)/atmel/studio/7.0/toolchain/avr8/avr8-gnu-toolchain/bin/../lib/gcc/avr/5.4.0/../../../../avr/lib/avr6\libm.a
LOAD c:/program files (x86)/atmel/studio/7.0/toolchain/avr8/avr8-gnu-toolchain/bin/../lib/gcc/avr/5.4.0/../../../../avr/lib/avr6\libc.a
LOAD C:/Program Files (x86)/Atmel/Studio/7.0/Packs/atmel/ATmega_DFP/1.3.300/gcc/dev/atmega2560/avr6\libatmega2560.a
END GROUP
                0x00000000                __TEXT_REGION_ORIGIN__ = DEFINED (__TEXT_REGION_ORIGIN__)?__TEXT_REGION_ORIGIN__:0x0
                0x00800200                __DATA_REGION_ORIGIN__ = DEFINED (__DATA_REGION_ORIGIN__)?__DATA_REGION_ORIGIN__:0x800200
                0x00100000                __TEXT_REGION_LENGTH__ = DEFINED (__TEXT_REGION_LENGTH__)?__TEXT_REGION_LENGTH__:0x100000
                0x0000fe00                __DATA_REGION_LENGTH__ = DEFINED (__DATA_REGION_LENGTH__)?__DATA_REGION_LENGTH__:0xfe00
                0x00010000                __EEPROM_REGION_LENGTH__ = DEFINED (__EEPROM_REGION_LENGTH__)?__EEPROM_REGION_LENGTH__:0x10000
                [0x00000003]                __FUSE_REGION_LENGTH__ = DEFINED (__FUSE_REGION_LENGTH__)?__FUSE_REGION_LENGTH__:0x400
                0x00000400                __LOCK_REGION_LENGTH__ = DEFINED (__LOCK_REGION_LENGTH__)?__LOCK_REGION_LENGTH__:0x400
                0x00000400                __SIGNATURE_REGION_LENGTH__ = DEFINED (__SIGNATURE_REGION_LENGTH__)?__SIGNATURE_REGION_LENGTH__:0x400
                0x00000400                __USER_SIGNATURE_REGION_LENGTH__ = DEFINED (__USER_SIGNATURE_REGION_LENGTH__)?__USER_SIGNATURE_REGION_LENGTH__:0x400

.hash
 *(.hash)

.dynsym
 *(.dynsym)

.dynstr
 *(.dynstr)

.gnu.version
 *(.gnu.version)

.gnu.version_d
 *(.gnu.version_d)

.gnu.version_r
 *(.gnu.version_r)

.rel.init
 *(.rel.init)

.rela.init
 *(.rela.init)

.rel.text
 *(.rel.text)
 *(.rel.text.*)
 *(.rel.gnu.linkonce.t*)

.rela.text
 *(.rela.text)
 *(.rela.text.*)
 *(.rela.gnu.linkonce.t*)

.rel.fini
 *(.rel.fini)

.rela.fini
 *(.rela.fini)

.rel.rodata
 *(.rel.rodata)
 *(.rel.rodata.*)
 *(.rel.gnu.linkonce.r*)

.rela.rodata
 *(.rela.rodata)
 *(.rela.rodata.*)
 *(.rela.gnu.linkonce.r*)

.rel.data
 *(.rel.data)
 *(.rel.data.*)
 *(.rel.gnu.linkonce.d*)

.rela.data
 *(.rela.data)
 *(.rela.data.*)
 *(.rela.gnu.linkonce.d*)

.rel.ctors
 *(.rel.ctors)

.rela.ctors
 *(.rela.ctors)

.rel.dtors
 *(.rel.dtors)

.rela.dtors
 *(.rela.dtors)

.rel.got
 *(.rel.got)

.rela.got
 *(.rela.got)

.rel.bss
 *(.rel.bss)

.rela.bss
 *(.rela.bss)

.rel.plt
 *(.rel.plt)

.rela.plt
 *(.rela.plt)

.text           0x00000000     0x91a8
 *(.vectors)
 .vectors       0x00000000       0xe4 C:/Program Files (x86)/Atmel/Studio/7.0/Packs/atmel/ATmega_DFP/1.3.300/gcc/dev/atmega2560/avr6/crtatmega2560.o
                0x00000000                __vector_default
                0x00000000                __vectors
 *(.vectors)
 *(.progmem.gcc*)
 .progmem.gcc_sw_table.schalte_pumpe_ein
                0x000000e4       0x18 Cocktail_functions.o
 .progmem.gcc_sw_table.schalte_pumpe_aus
                0x000000fc       0x18 Cocktail_functions.o
 .progmem.gcc_sw_table.lese_sensor
                0x00000114       0x18 Cocktail_functions.o
 .progmem.gcc_sw_table.check_startseite
                0x0000012c       0x10 Cocktail_Statemachine.o
 .progmem.gcc_sw_table.check_listenanzeige
                0x0000013c       0x12 Cocktail_Statemachine.o
 .progmem.gcc_sw_table.check_menuanzeige
                0x0000014e       0x10 Cocktail_Statemachine.o
 .progmem.gcc_sw_table.check_bearbeitungsanzeige
                0x0000015e       0x12 Cocktail_Statemachine.o
 .progmem.gcc_sw_table.check_ceinstanzeige
                0x00000170       0x14 Cocktail_Statemachine.o
 .progmem.gcc_sw_table.check_erstanzeige1
                0x00000184       0x3e Cocktail_Statemachine.o
 .progmem.gcc_sw_table.check_posanzeige
                0x000001c2       0x1a Cocktail_Statemachine.o
 .progmem.gcc_sw_table.check_fluessanzeige1
                0x000001dc       0x16 Cocktail_Statemachine.o
 .progmem.gcc_sw_table.check_RFIDAnzeige1
                0x000001f2       0x12 Cocktail_Statemachine.o
 .progmem.gcc_sw_table.check_RFIDAnzeige2
                0x00000204       0x12 Cocktail_Statemachine.o
 .progmem.gcc_sw_table.check_LED
                0x00000216       0x10 Cocktail_Statemachine.o
 .progmem.gcc_sw_table.cocktail_check_command
                0x00000226       0x38 Cocktail_Statemachine.o
                0x0000025e                . = ALIGN (0x2)
                0x0000025e                __trampolines_start = .
 *(.trampolines)
 .trampolines   0x0000025e        0x0 linker stubs
 *(.trampolines*)
                0x0000025e                __trampolines_end = .
 *libprintf_flt.a:*(.progmem.data)
 *libc.a:*(.progmem.data)
 *(.progmem*)
                0x0000025e                . = ALIGN (0x2)
 *(.jumptables)
 *(.jumptables*)
 *(.lowtext)
 *(.lowtext*)
                0x0000025e                __ctors_start = .
 *(.ctors)
                0x0000025e                __ctors_end = .
                0x0000025e                __dtors_start = .
 *(.dtors)
                0x0000025e                __dtors_end = .
 SORT(*)(.ctors)
 SORT(*)(.dtors)
 *(.init0)
 .init0         0x0000025e        0x0 C:/Program Files (x86)/Atmel/Studio/7.0/Packs/atmel/ATmega_DFP/1.3.300/gcc/dev/atmega2560/avr6/crtatmega2560.o
                0x0000025e                __init
 *(.init0)
 *(.init1)
 *(.init1)
 *(.init2)
 .init2         0x0000025e       0x10 C:/Program Files (x86)/Atmel/Studio/7.0/Packs/atmel/ATmega_DFP/1.3.300/gcc/dev/atmega2560/avr6/crtatmega2560.o
 *(.init2)
 *(.init3)
 *(.init3)
 *(.init4)
 .init4         0x0000026e       0x1a c:/program files (x86)/atmel/studio/7.0/toolchain/avr8/avr8-gnu-toolchain/bin/../lib/gcc/avr/5.4.0/avr6\libgcc.a(_copy_data.o)
                0x0000026e                __do_copy_data
 .init4         0x00000288       0x10 c:/program files (x86)/atmel/studio/7.0/toolchain/avr8/avr8-gnu-toolchain/bin/../lib/gcc/avr/5.4.0/avr6\libgcc.a(_clear_bss.o)
                0x00000288                __do_clear_bss
 *(.init4)
 *(.init5)
 *(.init5)
 *(.init6)
 *(.init6)
 *(.init7)
 *(.init7)
 *(.init8)
 *(.init8)
 *(.init9)
 .init9         0x00000298        0x8 C:/Program Files (x86)/Atmel/Studio/7.0/Packs/atmel/ATmega_DFP/1.3.300/gcc/dev/atmega2560/avr6/crtatmega2560.o
 *(.init9)
 *(.text)
 .text          0x000002a0        0x2 C:/Program Files (x86)/Atmel/Studio/7.0/Packs/atmel/ATmega_DFP/1.3.300/gcc/dev/atmega2560/avr6/crtatmega2560.o
                0x000002a0                __vector_38
                0x000002a0                __vector_22
                0x000002a0                __vector_28
                0x000002a0                __vector_1
                0x000002a0                __vector_34
                0x000002a0                __vector_24
                0x000002a0                __vector_12
                0x000002a0                __vector_46
                0x000002a0                __bad_interrupt
                0x000002a0                __vector_6
                0x000002a0                __vector_31
                0x000002a0                __vector_35
                0x000002a0                __vector_39
                0x000002a0                __vector_3
                0x000002a0                __vector_23
                0x000002a0                __vector_30
                0x000002a0                __vector_45
                0x000002a0                __vector_11
                0x000002a0                __vector_13
                0x000002a0                __vector_19
                0x000002a0                __vector_56
                0x000002a0                __vector_7
                0x000002a0                __vector_49
                0x000002a0                __vector_41
                0x000002a0                __vector_27
                0x000002a0                __vector_5
                0x000002a0                __vector_37
                0x000002a0                __vector_4
                0x000002a0                __vector_44
                0x000002a0                __vector_9
                0x000002a0                __vector_2
                0x000002a0                __vector_15
                0x000002a0                __vector_29
                0x000002a0                __vector_40
                0x000002a0                __vector_8
                0x000002a0                __vector_14
                0x000002a0                __vector_53
                0x000002a0                __vector_10
                0x000002a0                __vector_50
                0x000002a0                __vector_16
                0x000002a0                __vector_20
                0x000002a2                . = ALIGN (0x2)
 *(.text.*)
 .text.schreibe_Menge_in_Getraenk
                0x000002a2      0x1cc Cocktail_functions.o
                0x000002a2                schreibe_Menge_in_Getraenk
 .text.schalte_pumpe_ein
                0x0000046e       0x6e Cocktail_functions.o
                0x0000046e                schalte_pumpe_ein
 .text.schalte_pumpe_aus
                0x000004dc       0x6e Cocktail_functions.o
                0x000004dc                schalte_pumpe_aus
 .text.lese_sensor
                0x0000054a       0x74 Cocktail_functions.o
                0x0000054a                lese_sensor
 .text.erstelle_Liste_zutat
                0x000005be      0x25a Cocktail_functions.o
                0x000005be                erstelle_Liste_zutat
 .text.setze_startanzeige
                0x00000818       0xae Cocktail_functions.o
                0x00000818                setze_startanzeige
 .text.fuelle_getraenk
                0x000008c6      0x2d8 Cocktail_functions.o
                0x000008c6                fuelle_getraenk
 .text.zubereitung_getraenk
                0x00000b9e       0x68 Cocktail_functions.o
                0x00000b9e                zubereitung_getraenk
 .text.erstelle_Zutatenliste
                0x00000c06      0x1a8 Cocktail_functions.o
                0x00000c06                erstelle_Zutatenliste
 .text.lese_textfile_in_getraenk
                0x00000dae      0x27e Cocktail_functions.o
                0x00000dae                lese_textfile_in_getraenk
 .text.choose_aktuellesGetraenk
                0x0000102c       0x6e Cocktail_functions.o
                0x0000102c                choose_aktuellesGetraenk
 .text.bearbeite_Cocktail
                0x0000109a       0x14 Cocktail_functions.o
                0x0000109a                bearbeite_Cocktail
 .text.erstelle_Liste_name
                0x000010ae      0x1e0 Cocktail_functions.o
                0x000010ae                erstelle_Liste_name
 .text.schiebe_file_next
                0x0000128e       0x62 Cocktail_functions.o
                0x0000128e                schiebe_file_next
 .text.schiebe_file_prev
                0x000012f0       0x62 Cocktail_functions.o
                0x000012f0                schiebe_file_prev
 .text.erstelle_File
                0x00001352      0x2d8 Cocktail_functions.o
                0x00001352                erstelle_File
 .text.loesche_FIle
                0x0000162a       0x66 Cocktail_functions.o
                0x0000162a                loesche_FIle
 .text.lese_textfile_in_zutat
                0x00001690      0x128 Cocktail_functions.o
                0x00001690                lese_textfile_in_zutat
 .text.erstelle_Liste_Zutat_Pos
                0x000017b8      0x1f4 Cocktail_functions.o
                0x000017b8                erstelle_Liste_Zutat_Pos
 .text.setze_Posanzeige_Rot_Gruen
                0x000019ac      0x10c Cocktail_functions.o
                0x000019ac                setze_Posanzeige_Rot_Gruen
 .text.setze_aktuelle_Zutat_in_Maschine_prev
                0x00001ab8       0x36 Cocktail_functions.o
                0x00001ab8                setze_aktuelle_Zutat_in_Maschine_prev
 .text.setze_Fluessgkeit_in_Position
                0x00001aee      0x412 Cocktail_functions.o
                0x00001aee                setze_Fluessgkeit_in_Position
 .text.send_List_Getraenke
                0x00001f00      0x1a4 Cocktail_functions.o
                0x00001f00                send_List_Getraenke
 .text.send_List_Zutaten
                0x000020a4      0x16a Cocktail_functions.o
                0x000020a4                send_List_Zutaten
 .text.ESP_Getraenk
                0x0000220e       0xee Cocktail_functions.o
                0x0000220e                ESP_Getraenk
 .text.Getraenk_erstellt
                0x000022fc      0x398 Cocktail_functions.o
                0x000022fc                Getraenk_erstellt
 .text.check_startseite
                0x00002694      0x1f0 Cocktail_Statemachine.o
                0x00002694                check_startseite
 .text.check_zutatenanzeige
                0x00002884       0x2c Cocktail_Statemachine.o
                0x00002884                check_zutatenanzeige
 .text.check_listenanzeige
                0x000028b0      0x138 Cocktail_Statemachine.o
                0x000028b0                check_listenanzeige
 .text.check_zubabfrage
                0x000029e8       0x36 Cocktail_Statemachine.o
                0x000029e8                check_zubabfrage
 .text.check_zubbildschirm
                0x00002a1e        0xa Cocktail_Statemachine.o
                0x00002a1e                check_zubbildschirm
 .text.check_menuanzeige
                0x00002a28      0x1ba Cocktail_Statemachine.o
                0x00002a28                check_menuanzeige
 .text.check_bearbeitungsanzeige
                0x00002be2       0xaa Cocktail_Statemachine.o
                0x00002be2                check_bearbeitungsanzeige
 .text.check_ceinstanzeige
                0x00002c8c      0x150 Cocktail_Statemachine.o
                0x00002c8c                check_ceinstanzeige
 .text.check_reinanzeige1
                0x00002ddc       0x1a Cocktail_Statemachine.o
                0x00002ddc                check_reinanzeige1
 .text.check_reinanzeige2
                0x00002df6       0x8c Cocktail_Statemachine.o
                0x00002df6                check_reinanzeige2
 .text.check_reinanzeige3
                0x00002e82       0x12 Cocktail_Statemachine.o
                0x00002e82                check_reinanzeige3
 .text.check_infoanzeige
                0x00002e94        0xc Cocktail_Statemachine.o
                0x00002e94                check_infoanzeige
 .text.check_erstanzeige1
                0x00002ea0      0x6a6 Cocktail_Statemachine.o
                0x00002ea0                check_erstanzeige1
 .text.check_erstanzeige2
                0x00003546      0x1de Cocktail_Statemachine.o
                0x00003546                check_erstanzeige2
 .text.check_loeschanzeige
                0x00003724      0x112 Cocktail_Statemachine.o
                0x00003724                check_loeschanzeige
 .text.check_posanzeige
                0x00003836      0x1c8 Cocktail_Statemachine.o
                0x00003836                check_posanzeige
 .text.check_fluessanzeige1
                0x000039fe       0xc4 Cocktail_Statemachine.o
                0x000039fe                check_fluessanzeige1
 .text.check_fluessanzeige2
                0x00003ac2       0x60 Cocktail_Statemachine.o
                0x00003ac2                check_fluessanzeige2
 .text.check_fluessanzeige3
                0x00003b22      0x23a Cocktail_Statemachine.o
                0x00003b22                check_fluessanzeige3
 .text.check_fluessanzeige4
                0x00003d5c       0x46 Cocktail_Statemachine.o
                0x00003d5c                check_fluessanzeige4
 .text.check_RFIDAnzeige1
                0x00003da2      0x60c Cocktail_Statemachine.o
                0x00003da2                check_RFIDAnzeige1
 .text.schreibe_Getraenk_in_tag
                0x000043ae      0x1d2 Cocktail_Statemachine.o
                0x000043ae                schreibe_Getraenk_in_tag
 .text.check_RFIDAnzeige2
                0x00004580       0x92 Cocktail_Statemachine.o
                0x00004580                check_RFIDAnzeige2
 .text.check_RFIDFehler
                0x00004612       0x12 Cocktail_Statemachine.o
                0x00004612                check_RFIDFehler
 .text.check_ESP32
                0x00004624       0x2e Cocktail_Statemachine.o
                0x00004624                check_ESP32
 .text.check_LED
                0x00004652      0x1cc Cocktail_Statemachine.o
                0x00004652                check_LED
 .text.cocktail_check_command
                0x0000481e       0xf6 Cocktail_Statemachine.o
                0x0000481e                cocktail_check_command
 .text.check_existence
                0x00004914      0x1a0 Getraenk.o
                0x00004914                check_existence
 .text.create_new_getraenk_file
                0x00004ab4       0x18 Getraenk.o
                0x00004ab4                create_new_getraenk_file
 .text.insert_file_at_head
                0x00004acc       0x56 Getraenk.o
                0x00004acc                insert_file_at_head
 .text.create_new_zutat_file
                0x00004b22       0x18 Zutaten.o
                0x00004b22                create_new_zutat_file
 .text.insert_zutat_file_at_head
                0x00004b3a       0x56 Zutaten.o
                0x00004b3a                insert_zutat_file_at_head
 .text.milliS_timer
                0x00004b90       0x42 LED.o
                0x00004b90                milliS_timer
 .text.PWM_init
                0x00004bd2       0x9e LED.o
                0x00004bd2                PWM_init
 .text.init_LED
                0x00004c70       0x1a LED.o
                0x00004c70                init_LED
 .text.__vector_17
                0x00004c8a       0x16 LED.o
                0x00004c8a                __vector_17
 .text.__vector_18
                0x00004ca0       0x16 LED.o
                0x00004ca0                __vector_18
 .text.__vector_32
                0x00004cb6       0x16 LED.o
                0x00004cb6                __vector_32
 .text.__vector_33
                0x00004ccc       0x16 LED.o
                0x00004ccc                __vector_33
 .text.__vector_42
                0x00004ce2       0x16 LED.o
                0x00004ce2                __vector_42
 .text.__vector_43
                0x00004cf8       0x16 LED.o
                0x00004cf8                __vector_43
 .text.__vector_47
                0x00004d0e       0x16 LED.o
                0x00004d0e                __vector_47
 .text.__vector_48
                0x00004d24       0x16 LED.o
                0x00004d24                __vector_48
 .text.rainbow  0x00004d3a      0x1c0 LED.o
                0x00004d3a                rainbow
 .text.__vector_21
                0x00004efa      0x17a LED.o
                0x00004efa                __vector_21
 .text.IO_init  0x00005074       0x46 Main_Func.o
                0x00005074                IO_init
 .text.interfaces_init
                0x000050ba        0xc Main_Func.o
                0x000050ba                interfaces_init
 .text.devices_init
                0x000050c6       0x1c Main_Func.o
                0x000050c6                devices_init
 .text.my_itoa  0x000050e2      0x184 Main_Func.o
                0x000050e2                my_itoa
 .text.read_Position_TMC4671
                0x00005266       0xb2 Main_Func.o
                0x00005266                read_Position_TMC4671
 .text.check_Communication_Input_UART_0
                0x00005318       0x5a Main_Func.o
                0x00005318                check_Communication_Input_UART_0
 .text.proceed_Communication_Input_UART_0
                0x00005372      0x1c6 Main_Func.o
                0x00005372                proceed_Communication_Input_UART_0
 .text.check_Communication_Input_UART_1
                0x00005538      0x112 Main_Func.o
                0x00005538                check_Communication_Input_UART_1
 .text.proceed_Communication_INPUT_UART_1
                0x0000564a       0x24 Main_Func.o
                0x0000564a                proceed_Communication_INPUT_UART_1
 .text.check_Communication_Input_UART_2
                0x0000566e       0xde Main_Func.o
                0x0000566e                check_Communication_Input_UART_2
 .text.proceed_Communication_Input_UART_2
                0x0000574c       0x24 Main_Func.o
                0x0000574c                proceed_Communication_Input_UART_2
 .text.check_Communication_Input_UART
                0x00005770       0x14 Main_Func.o
                0x00005770                check_Communication_Input_UART
 .text.endConversation
                0x00005784       0x2c Nextion_Display.o
                0x00005784                endConversation
 .text.nextion_change_page
                0x000057b0       0x3e Nextion_Display.o
                0x000057b0                nextion_change_page
 .text.nextion_setText
                0x000057ee       0x30 Nextion_Display.o
                0x000057ee                nextion_setText
 .text.nextion_setValue
                0x0000581e       0x20 Nextion_Display.o
                0x0000581e                nextion_setValue
 .text.nextion_setPicture
                0x0000583e       0x4c Nextion_Display.o
                0x0000583e                nextion_setPicture
 .text.nextion_getSliderValue
                0x0000588a       0xb6 Nextion_Display.o
                0x0000588a                nextion_getSliderValue
 .text.nextion_disableButton
                0x00005940       0x72 Nextion_Display.o
                0x00005940                nextion_disableButton
 .text.nextion_enableButton
                0x000059b2       0x72 Nextion_Display.o
                0x000059b2                nextion_enableButton
 .text.nextion_visible_off
                0x00005a24       0x72 Nextion_Display.o
                0x00005a24                nextion_visible_off
 .text.nextion_visible_on
                0x00005a96       0x72 Nextion_Display.o
                0x00005a96                nextion_visible_on
 .text.RB_init  0x00005b08        0x8 ring_buffer.o
                0x00005b08                RB_init
 .text.RB_free  0x00005b10       0x16 ring_buffer.o
                0x00005b10                RB_free
 .text.RB_length
                0x00005b26       0x18 ring_buffer.o
                0x00005b26                RB_length
 .text.RB_readByte
                0x00005b3e       0x28 ring_buffer.o
                0x00005b3e                RB_readByte
 .text.RB_writeByte
                0x00005b66       0x3a ring_buffer.o
                0x00005b66                RB_writeByte
 .text.RB_write
                0x00005ba0       0x64 ring_buffer.o
                0x00005ba0                RB_write
 .text.getFirstSector
                0x00005c04       0x42 FAT32.o
                0x00005c04                getFirstSector
 .text.getSetNextCluster
                0x00005c46       0xf2 FAT32.o
                0x00005c46                getSetNextCluster
 .text.getSetFreeCluster
                0x00005d38      0x124 FAT32.o
                0x00005d38                getSetFreeCluster
 .text.convertFileName
                0x00005e5c      0x120 FAT32.o
                0x00005e5c                convertFileName
 .text.searchNextFreeCluster
                0x00005f7c      0x144 FAT32.o
                0x00005f7c                searchNextFreeCluster
 .text.displayMemory
                0x000060c0       0xc2 FAT32.o
                0x000060c0                displayMemory
 .text.freeMemoryUpdate
                0x00006182       0xdc FAT32.o
                0x00006182                freeMemoryUpdate
 .text.findFiles
                0x0000625e      0x3fc FAT32.o
                0x0000625e                findFiles
 .text.readFile
                0x0000665a      0x19e FAT32.o
                0x0000665a                readFile
 .text.deleteFile
                0x000067f8       0x18 FAT32.o
                0x000067f8                deleteFile
 .text.writeFile
                0x00006810      0x828 FAT32.o
                0x00006810                writeFile
 .text.SD_sendCommand
                0x00007038       0xb4 SD_routines.o
                0x00007038                SD_sendCommand
 .text.SD_readSingleBlock
                0x000070ec       0x50 SD_routines.o
                0x000070ec                SD_readSingleBlock
 .text.SD_writeSingleBlock
                0x0000713c       0x82 SD_routines.o
                0x0000713c                SD_writeSingleBlock
 .text.linear_ramp_init
                0x000071be       0x76 ramp1.o
                0x000071be                linear_ramp_init
 .text.linear_ramp_set_defaults
                0x00007234       0x86 ramp1.o
                0x00007234                linear_ramp_set_defaults
 .text.calculateRamp
                0x000072ba       0x38 ramp1.o
                0x000072ba                calculateRamp
 .text.iterate_timer
                0x000072f2       0x28 ramp1.o
                0x000072f2                iterate_timer
 .text.computeRamp
                0x0000731a      0x4f8 ramp1.o
                0x0000731a                computeRamp
 .text.softspi_clk_low
                0x00007812        0xc Software_SPI.o
                0x00007812                softspi_clk_low
 .text.softspi_clk_high
                0x0000781e        0xc Software_SPI.o
                0x0000781e                softspi_clk_high
 .text.softspi_mosi_low
                0x0000782a        0xc Software_SPI.o
                0x0000782a                softspi_mosi_low
 .text.softspi_mosi_high
                0x00007836        0xc Software_SPI.o
                0x00007836                softspi_mosi_high
 .text.softspi_write_bit
                0x00007842       0x2c Software_SPI.o
                0x00007842                softspi_write_bit
 .text.softspi_write_uint8
                0x0000786e       0x36 Software_SPI.o
                0x0000786e                softspi_write_uint8
 .text.softspi_read_bit
                0x000078a4       0x42 Software_SPI.o
                0x000078a4                softspi_read_bit
 .text.softspi_read_uint8
                0x000078e6       0x60 Software_SPI.o
                0x000078e6                softspi_read_uint8
 .text.spi_transmit_IT
                0x00007946       0x1e SPI.o
                0x00007946                spi_transmit_IT
 .text.spi_transmit
                0x00007964        0xa SPI.o
                0x00007964                spi_transmit
 .text.spi_receive
                0x0000796e        0xe SPI.o
                0x0000796e                spi_receive
 .text.enable_Slave
                0x0000797c       0x28 SPI.o
                0x0000797c                enable_Slave
 .text.disable_Slave
                0x000079a4       0x28 SPI.o
                0x000079a4                disable_Slave
 .text.SPI_init
                0x000079cc       0x18 SPI.o
                0x000079cc                SPI_init
 .text.tmc40bit_writeInt
                0x000079e4      0x112 tmc4671.o
                0x000079e4                tmc40bit_writeInt
 .text.tmc4671_writeInt
                0x00007af6        0x4 tmc4671.o
                0x00007af6                tmc4671_writeInt
 .text.tmc40bit_readInt
                0x00007afa      0x16e tmc4671.o
                0x00007afa                tmc40bit_readInt
 .text.tmc4671_readInt
                0x00007c68        0x4 tmc4671.o
                0x00007c68                tmc4671_readInt
 .text.encoder_testdrive
                0x00007c6c       0xac tmc4671.o
                0x00007c6c                encoder_testdrive
 .text.tmc4671_switchToMotionMode
                0x00007d18       0x2c tmc4671.o
                0x00007d18                tmc4671_switchToMotionMode
 .text.tmc4671_setAbsolutTargetPosition
                0x00007d44       0x2c tmc4671.o
                0x00007d44                tmc4671_setAbsolutTargetPosition
 .text.initTMC4671_Encoder
                0x00007d70      0x238 tmc4671.o
                0x00007d70                initTMC4671_Encoder
 .text.tmc4671_getActualPosition
                0x00007fa8        0x8 tmc4671.o
                0x00007fa8                tmc4671_getActualPosition
 .text.tmc6200_writeInt
                0x00007fb0      0x102 TMC6200.o
                0x00007fb0                tmc6200_writeInt
 .text.initTMC6200
                0x000080b2       0x9e TMC6200.o
                0x000080b2                initTMC6200
 .text.tx_completed
                0x00008150        0x6 UART.o
                0x00008150                tx_completed
 .text.UART_init
                0x00008156      0x102 UART.o
                0x00008156                UART_init
 .text.Uart_Transmit_IT_PC
                0x00008258       0x26 UART.o
                0x00008258                Uart_Transmit_IT_PC
 .text.Uart_Transmit_IT_Display
                0x0000827e       0x2c UART.o
                0x0000827e                Uart_Transmit_IT_Display
 .text.Uart_Transmit_IT_ESP
                0x000082aa       0x26 UART.o
                0x000082aa                Uart_Transmit_IT_ESP
 .text.__vector_26
                0x000082d0       0x7e UART.o
                0x000082d0                __vector_26
 .text.__vector_25
                0x0000834e       0x58 UART.o
                0x0000834e                __vector_25
 .text.__vector_36
                0x000083a6       0x58 UART.o
                0x000083a6                __vector_36
 .text.__vector_52
                0x000083fe       0x7e UART.o
                0x000083fe                __vector_52
 .text.__vector_51
                0x0000847c       0x58 UART.o
                0x0000847c                __vector_51
 .text.__vector_55
                0x000084d4       0x7e UART.o
                0x000084d4                __vector_55
 .text.__vector_54
                0x00008552       0x58 UART.o
                0x00008552                __vector_54
 .text.transmitByte
                0x000085aa       0x10 UART.o
                0x000085aa                transmitByte
 .text.transmitString
                0x000085ba       0x1c UART.o
                0x000085ba                transmitString
 .text.main     0x000085d6       0xda main.o
                0x000085d6                main
 .text.avr-libc.fplib
                0x000086b0        0xa c:/program files (x86)/atmel/studio/7.0/toolchain/avr8/avr8-gnu-toolchain/bin/../lib/gcc/avr/5.4.0/../../../../avr/lib/avr6\libm.a(addsf3.o)
                0x000086b0                __subsf3
                0x000086b2                __addsf3
 .text.avr-libc.fplib
                0x000086ba       0xc0 c:/program files (x86)/atmel/studio/7.0/toolchain/avr8/avr8-gnu-toolchain/bin/../lib/gcc/avr/5.4.0/../../../../avr/lib/avr6\libm.a(addsf3x.o)
                0x000086d4                __addsf3x
 .text.avr-libc.fplib
                0x0000877a        0x8 c:/program files (x86)/atmel/studio/7.0/toolchain/avr8/avr8-gnu-toolchain/bin/../lib/gcc/avr/5.4.0/../../../../avr/lib/avr6\libm.a(cmpsf2.o)
                0x0000877a                __nesf2
                0x0000877a                __eqsf2
                0x0000877a                __cmpsf2
                0x0000877a                __ltsf2
                0x0000877a                __lesf2
 .text.avr-libc.fplib
                0x00008782        0x4 c:/program files (x86)/atmel/studio/7.0/toolchain/avr8/avr8-gnu-toolchain/bin/../lib/gcc/avr/5.4.0/../../../../avr/lib/avr6\libm.a(divsf3.o)
                0x00008782                __divsf3
 .text.avr-libc.fplib
                0x00008786       0xcc c:/program files (x86)/atmel/studio/7.0/toolchain/avr8/avr8-gnu-toolchain/bin/../lib/gcc/avr/5.4.0/../../../../avr/lib/avr6\libm.a(divsf3x.o)
                0x0000879c                __divsf3x
                0x000087a0                __divsf3_pse
 .text.avr-libc.fplib
                0x00008852       0x58 c:/program files (x86)/atmel/studio/7.0/toolchain/avr8/avr8-gnu-toolchain/bin/../lib/gcc/avr/5.4.0/../../../../avr/lib/avr6\libm.a(fixunssfsi.o)
                0x00008852                __fixunssfsi
 .text.avr-libc.fplib
                0x000088aa       0x7a c:/program files (x86)/atmel/studio/7.0/toolchain/avr8/avr8-gnu-toolchain/bin/../lib/gcc/avr/5.4.0/../../../../avr/lib/avr6\libm.a(floatsisf.o)
                0x000088aa                __floatunsisf
                0x000088ae                __floatsisf
 .text.avr-libc.fplib
                0x00008924       0x48 c:/program files (x86)/atmel/studio/7.0/toolchain/avr8/avr8-gnu-toolchain/bin/../lib/gcc/avr/5.4.0/../../../../avr/lib/avr6\libm.a(fp_cmp.o)
                0x00008924                __fp_cmp
 .text.avr-libc.fplib
                0x0000896c        0xc c:/program files (x86)/atmel/studio/7.0/toolchain/avr8/avr8-gnu-toolchain/bin/../lib/gcc/avr/5.4.0/../../../../avr/lib/avr6\libm.a(fp_inf.o)
                0x0000896c                __fp_inf
 .text.avr-libc.fplib
                0x00008978        0x6 c:/program files (x86)/atmel/studio/7.0/toolchain/avr8/avr8-gnu-toolchain/bin/../lib/gcc/avr/5.4.0/../../../../avr/lib/avr6\libm.a(fp_nan.o)
                0x00008978                __fp_nan
 .text.avr-libc.fplib
                0x0000897e        0xe c:/program files (x86)/atmel/studio/7.0/toolchain/avr8/avr8-gnu-toolchain/bin/../lib/gcc/avr/5.4.0/../../../../avr/lib/avr6\libm.a(fp_pscA.o)
                0x0000897e                __fp_pscA
 .text.avr-libc.fplib
                0x0000898c        0xe c:/program files (x86)/atmel/studio/7.0/toolchain/avr8/avr8-gnu-toolchain/bin/../lib/gcc/avr/5.4.0/../../../../avr/lib/avr6\libm.a(fp_pscB.o)
                0x0000898c                __fp_pscB
 .text.avr-libc.fplib
                0x0000899a       0x22 c:/program files (x86)/atmel/studio/7.0/toolchain/avr8/avr8-gnu-toolchain/bin/../lib/gcc/avr/5.4.0/../../../../avr/lib/avr6\libm.a(fp_round.o)
                0x0000899a                __fp_round
 .text.avr-libc.fplib
                0x000089bc       0x44 c:/program files (x86)/atmel/studio/7.0/toolchain/avr8/avr8-gnu-toolchain/bin/../lib/gcc/avr/5.4.0/../../../../avr/lib/avr6\libm.a(fp_split3.o)
                0x000089bc                __fp_split3
                0x000089cc                __fp_splitA
 .text.avr-libc.fplib
                0x00008a00        0xe c:/program files (x86)/atmel/studio/7.0/toolchain/avr8/avr8-gnu-toolchain/bin/../lib/gcc/avr/5.4.0/../../../../avr/lib/avr6\libm.a(fp_zero.o)
                0x00008a00                __fp_zero
                0x00008a02                __fp_szero
 .text.avr-libc.fplib
                0x00008a0e        0x8 c:/program files (x86)/atmel/studio/7.0/toolchain/avr8/avr8-gnu-toolchain/bin/../lib/gcc/avr/5.4.0/../../../../avr/lib/avr6\libm.a(gesf2.o)
                0x00008a0e                __gesf2
                0x00008a0e                __gtsf2
 .text.avr-libc.fplib
                0x00008a16        0x4 c:/program files (x86)/atmel/studio/7.0/toolchain/avr8/avr8-gnu-toolchain/bin/../lib/gcc/avr/5.4.0/../../../../avr/lib/avr6\libm.a(mulsf3.o)
                0x00008a16                __mulsf3
 .text.avr-libc.fplib
                0x00008a1a       0xc2 c:/program files (x86)/atmel/studio/7.0/toolchain/avr8/avr8-gnu-toolchain/bin/../lib/gcc/avr/5.4.0/../../../../avr/lib/avr6\libm.a(mulsf3x.o)
                0x00008a2e                __mulsf3x
                0x00008a32                __mulsf3_pse
 .text.avr-libc.fplib
                0x00008adc       0x84 c:/program files (x86)/atmel/studio/7.0/toolchain/avr8/avr8-gnu-toolchain/bin/../lib/gcc/avr/5.4.0/../../../../avr/lib/avr6\libm.a(sqrt.o)
                0x00008ae4                sqrtf
                0x00008ae4                sqrt
 .text.avr-libc.fplib
                0x00008b60       0x1c c:/program files (x86)/atmel/studio/7.0/toolchain/avr8/avr8-gnu-toolchain/bin/../lib/gcc/avr/5.4.0/../../../../avr/lib/avr6\libm.a(fp_mpack.o)
                0x00008b60                __fp_mpack
                0x00008b64                __fp_mpack_finite
 .text.avr-libc.fplib
                0x00008b7c        0xe c:/program files (x86)/atmel/studio/7.0/toolchain/avr8/avr8-gnu-toolchain/bin/../lib/gcc/avr/5.4.0/../../../../avr/lib/avr6\libm.a(fp_norm2.o)
                0x00008b7c                __fp_norm2
 .text.libgcc.mul
                0x00008b8a       0x1e c:/program files (x86)/atmel/studio/7.0/toolchain/avr8/avr8-gnu-toolchain/bin/../lib/gcc/avr/5.4.0/avr6\libgcc.a(_mulsi3.o)
                0x00008b8a                __mulsi3
 .text.libgcc.div
                0x00008ba8       0x44 c:/program files (x86)/atmel/studio/7.0/toolchain/avr8/avr8-gnu-toolchain/bin/../lib/gcc/avr/5.4.0/avr6\libgcc.a(_udivmodsi4.o)
                0x00008ba8                __udivmodsi4
 .text.libgcc   0x00008bec       0x10 c:/program files (x86)/atmel/studio/7.0/toolchain/avr8/avr8-gnu-toolchain/bin/../lib/gcc/avr/5.4.0/avr6\libgcc.a(_tablejump2.o)
                0x00008bec                __tablejump2__
 .text.libgcc.mul
                0x00008bfc       0x1e c:/program files (x86)/atmel/studio/7.0/toolchain/avr8/avr8-gnu-toolchain/bin/../lib/gcc/avr/5.4.0/avr6\libgcc.a(_umulhisi3.o)
                0x00008bfc                __umulhisi3
 .text.libgcc.mul
                0x00008c1a       0x14 c:/program files (x86)/atmel/studio/7.0/toolchain/avr8/avr8-gnu-toolchain/bin/../lib/gcc/avr/5.4.0/avr6\libgcc.a(_muluhisi3.o)
                0x00008c1a                __muluhisi3
 .text.libgcc.div
                0x00008c2e       0x56 c:/program files (x86)/atmel/studio/7.0/toolchain/avr8/avr8-gnu-toolchain/bin/../lib/gcc/avr/5.4.0/avr6\libgcc.a(_divdi3.o)
                0x00008c2e                __moddi3
                0x00008c32                __divdi3
                0x00008c34                __divdi3_moddi3
 .text.libgcc.div
                0x00008c84       0x1a c:/program files (x86)/atmel/studio/7.0/toolchain/avr8/avr8-gnu-toolchain/bin/../lib/gcc/avr/5.4.0/avr6\libgcc.a(_udivdi3.o)
                0x00008c84                __umoddi3
                0x00008c88                __udivdi3
                0x00008c8a                __udivdi3_umoddi3
 .text.libgcc.div
                0x00008c9e       0xa2 c:/program files (x86)/atmel/studio/7.0/toolchain/avr8/avr8-gnu-toolchain/bin/../lib/gcc/avr/5.4.0/avr6\libgcc.a(_udivmod64.o)
                0x00008c9e                __udivmod64
 .text.libgcc   0x00008d40       0x20 c:/program files (x86)/atmel/studio/7.0/toolchain/avr8/avr8-gnu-toolchain/bin/../lib/gcc/avr/5.4.0/avr6\libgcc.a(_negdi2.o)
                0x00008d40                __negdi2
 .text.libgcc.prologue
                0x00008d60       0x38 c:/program files (x86)/atmel/studio/7.0/toolchain/avr8/avr8-gnu-toolchain/bin/../lib/gcc/avr/5.4.0/avr6\libgcc.a(_prologue.o)
                0x00008d60                __prologue_saves__
 .text.libgcc.prologue
                0x00008d98       0x36 c:/program files (x86)/atmel/studio/7.0/toolchain/avr8/avr8-gnu-toolchain/bin/../lib/gcc/avr/5.4.0/avr6\libgcc.a(_epilogue.o)
                0x00008d98                __epilogue_restores__
 .text.libgcc   0x00008dce       0x18 c:/program files (x86)/atmel/studio/7.0/toolchain/avr8/avr8-gnu-toolchain/bin/../lib/gcc/avr/5.4.0/avr6\libgcc.a(_cmpdi2_s8.o)
                0x00008dce                __cmpdi2_s8
 .text.avr-libc
                0x00008de6       0x34 c:/program files (x86)/atmel/studio/7.0/toolchain/avr8/avr8-gnu-toolchain/bin/../lib/gcc/avr/5.4.0/../../../../avr/lib/avr6\libc.a(calloc.o)
                0x00008de6                calloc
 .text.avr-libc
                0x00008e1a      0x242 c:/program files (x86)/atmel/studio/7.0/toolchain/avr8/avr8-gnu-toolchain/bin/../lib/gcc/avr/5.4.0/../../../../avr/lib/avr6\libc.a(malloc.o)
                0x00008e1a                malloc
                0x00008f4a                free
 .text.avr-libc
                0x0000905c       0x3a c:/program files (x86)/atmel/studio/7.0/toolchain/avr8/avr8-gnu-toolchain/bin/../lib/gcc/avr/5.4.0/../../../../avr/lib/avr6\libc.a(atoi.o)
                0x0000905c                atoi
 .text.avr-libc
                0x00009096        0x6 c:/program files (x86)/atmel/studio/7.0/toolchain/avr8/avr8-gnu-toolchain/bin/../lib/gcc/avr/5.4.0/../../../../avr/lib/avr6\libc.a(strtok.o)
                0x00009096                strtok
 .text.avr-libc
                0x0000909c        0xe c:/program files (x86)/atmel/studio/7.0/toolchain/avr8/avr8-gnu-toolchain/bin/../lib/gcc/avr/5.4.0/../../../../avr/lib/avr6\libc.a(memset.o)
                0x0000909c                memset
 .text.avr-libc
                0x000090aa       0x16 c:/program files (x86)/atmel/studio/7.0/toolchain/avr8/avr8-gnu-toolchain/bin/../lib/gcc/avr/5.4.0/../../../../avr/lib/avr6\libc.a(strcat.o)
                0x000090aa                strcat
 .text.avr-libc
                0x000090c0       0x12 c:/program files (x86)/atmel/studio/7.0/toolchain/avr8/avr8-gnu-toolchain/bin/../lib/gcc/avr/5.4.0/../../../../avr/lib/avr6\libc.a(strcmp.o)
                0x000090c0                strcmp
 .text.avr-libc
                0x000090d2        0xe c:/program files (x86)/atmel/studio/7.0/toolchain/avr8/avr8-gnu-toolchain/bin/../lib/gcc/avr/5.4.0/../../../../avr/lib/avr6\libc.a(strcpy.o)
                0x000090d2                strcpy
 .text.avr-libc
                0x000090e0       0x4e c:/program files (x86)/atmel/studio/7.0/toolchain/avr8/avr8-gnu-toolchain/bin/../lib/gcc/avr/5.4.0/../../../../avr/lib/avr6\libc.a(strtok_r.o)
                0x000090e0                strtok_r
 .text.avr-libc
                0x0000912e       0x14 c:/program files (x86)/atmel/studio/7.0/toolchain/avr8/avr8-gnu-toolchain/bin/../lib/gcc/avr/5.4.0/../../../../avr/lib/avr6\libc.a(itoa_ncheck.o)
                0x0000912e                __itoa_ncheck
 .text.avr-libc
                0x00009142       0x10 c:/program files (x86)/atmel/studio/7.0/toolchain/avr8/avr8-gnu-toolchain/bin/../lib/gcc/avr/5.4.0/../../../../avr/lib/avr6\libc.a(mul10.o)
                0x00009142                __mulhi_const_10
 .text.avr-libc
                0x00009152       0x32 c:/program files (x86)/atmel/studio/7.0/toolchain/avr8/avr8-gnu-toolchain/bin/../lib/gcc/avr/5.4.0/../../../../avr/lib/avr6\libc.a(utoa_ncheck.o)
                0x00009152                __utoa_ncheck
                0x00009154                __utoa_common
 .text.avr-libc
                0x00009184       0x20 c:/program files (x86)/atmel/studio/7.0/toolchain/avr8/avr8-gnu-toolchain/bin/../lib/gcc/avr/5.4.0/../../../../avr/lib/avr6\libc.a(strrev.o)
                0x00009184                strrev
                0x000091a4                . = ALIGN (0x2)
 *(.fini9)
 .fini9         0x000091a4        0x0 c:/program files (x86)/atmel/studio/7.0/toolchain/avr8/avr8-gnu-toolchain/bin/../lib/gcc/avr/5.4.0/avr6\libgcc.a(_exit.o)
                0x000091a4                _exit
                0x000091a4                exit
 *(.fini9)
 *(.fini8)
 *(.fini8)
 *(.fini7)
 *(.fini7)
 *(.fini6)
 *(.fini6)
 *(.fini5)
 *(.fini5)
 *(.fini4)
 *(.fini4)
 *(.fini3)
 *(.fini3)
 *(.fini2)
 *(.fini2)
 *(.fini1)
 *(.fini1)
 *(.fini0)
 .fini0         0x000091a4        0x4 c:/program files (x86)/atmel/studio/7.0/toolchain/avr8/avr8-gnu-toolchain/bin/../lib/gcc/avr/5.4.0/avr6\libgcc.a(_exit.o)
 *(.fini0)
                0x000091a8                _etext = .

.data           0x00800200      0x714 load address 0x000091a8
                0x00800200                PROVIDE (__data_start, .)
 *(.data)
 .data          0x00800200        0x6 c:/program files (x86)/atmel/studio/7.0/toolchain/avr8/avr8-gnu-toolchain/bin/../lib/gcc/avr/5.4.0/../../../../avr/lib/avr6\libc.a(malloc.o)
                0x00800200                __malloc_heap_end
                0x00800202                __malloc_heap_start
                0x00800204                __malloc_margin
 *(.data*)
 *(.gnu.linkonce.d*)
 *(.rodata)
 .rodata        0x00800206       0x30 Cocktail_functions.o
 *(.rodata*)
 .rodata.str1.1
                0x00800236      0x311 Cocktail_functions.o
                                0x32a (size before relaxing)
 .rodata.str1.1
                0x00800547      0x169 Cocktail_Statemachine.o
                                0x1af (size before relaxing)
 .rodata.str1.1
                0x008006b0       0x15 Getraenk.o
                                 0x28 (size before relaxing)
 .rodata.str1.1
                0x008006c5       0xa2 Main_Func.o
                                 0xb1 (size before relaxing)
 .rodata.str1.1
                0x00800767       0x2f Nextion_Display.o
                                 0x31 (size before relaxing)
 .rodata.str1.1
                0x00800796      0x128 FAT32.o
 .rodata.str1.1
                0x008008be       0x2c tmc4671.o
                                 0x32 (size before relaxing)
 .rodata.str1.1
                0x008008ea       0x29 TMC6200.o
                                 0x32 (size before relaxing)
 *(.gnu.linkonce.r*)
                0x00800914                . = ALIGN (0x2)
 *fill*         0x00800913        0x1 
                0x00800914                _edata = .
                0x00800914                PROVIDE (__data_end, .)

.bss            0x00800914      0xdf0
                0x00800914                PROVIDE (__bss_start, .)
 *(.bss)
 .bss           0x00800914        0x2 c:/program files (x86)/atmel/studio/7.0/toolchain/avr8/avr8-gnu-toolchain/bin/../lib/gcc/avr/5.4.0/../../../../avr/lib/avr6\libc.a(strtok.o)
 *(.bss*)
 .bss.count.3216
                0x00800916        0x4 Cocktail_functions.o
 .bss.oldval.3215
                0x0080091a        0x1 Cocktail_functions.o
 .bss.cntrr.2810
                0x0080091b        0x1 Main_Func.o
 .bss.cntr_End_UART_2
                0x0080091c        0x1 main.o
                0x0080091c                cntr_End_UART_2
 .bss.cntr_UART_2
                0x0080091d        0x1 main.o
                0x0080091d                cntr_UART_2
 .bss.cntr_End_UART_1
                0x0080091e        0x1 main.o
                0x0080091e                cntr_End_UART_1
 .bss.cntr_UART_1
                0x0080091f        0x1 main.o
                0x0080091f                cntr_UART_1
 .bss.cntr_End_UART_0
                0x00800920        0x1 main.o
                0x00800920                cntr_End_UART_0
 .bss.cntr_UART_0
                0x00800921        0x1 main.o
                0x00800921                cntr_UART_0
 *(COMMON)
 COMMON         0x00800922      0x9dc Cocktail_functions.o
                0x00800922                head_zutat_file
                0x00800924                rb_tx_PC
                0x00800a25                tail_getraenk_file
                0x00800a27                head_zut_in_Maschine
                0x00800a29                head_getraenk
                0x00800a2b                Position
                0x00800a2f                head_getraenk_file_2
                0x00800a31                rainbow_i
                0x00800a33                Liste
                0x00800a34                aktuelleZutatInMaschine
                0x00800a36                tail_getraenk
                0x00800a38                head_tag
                0x00800a3a                appendFileLocation
                0x00800a3e                aktuelle_zutat
                0x00800a40                bufferGetraenk_file
                0x00800a42                tail_zutat_file
                0x00800a44                fileName
                0x00800a51                firstDataSector
                0x00800a55                ptr_tx_completed_1
                0x00800a57                fileSize
                0x00800a5b                bytesPerSector
                0x00800a5d                i_Liste_test_cnt
                0x00800a5e                totalClusters
                0x00800a62                option
                0x00800a63                tail_getraenk_file_2
                0x00800a65                aktuellesGetraenk_file
                0x00800a67                head_getraenk_file
                0x00800a69                Grossschreib
                0x00800a6a                rootCluster
                0x00800a6e                block_list_runter
                0x00800a6f                state
                0x00800a71                aktuellesGetraenk_file_2
                0x00800a73                light
                0x00800a74                rb_rx_ESP
                0x00800b75                startBlock
                0x00800b79                aktueller_tag
                0x00800b7b                i
                0x00800b7d                address_Standardwiederherstellung
                0x00800b7f                rb_rx_Display
                0x00800c80                tail_tag
                0x00800c82                buffer
                0x00800e82                externes_Getraenk_flag
                0x00800e83                SPI_Slave
                0x00800e84                sectorPerCluster
                0x00800e86                ptr_tx_completed_2
                0x00800e88                states
                0x00800e89                block_list_hoch
                0x00800e8a                unusedSectors
                0x00800e8e                rb_tx_RFID
                0x00800f8f                SDHC_flag
                0x00800f90                counter
                0x00800f91                totalBlocks
                0x00800f95                tail_zut_in_Maschine
                0x00800f97                data
                0x00800f98                buff_name
                0x00800fad                reservedSectorCount
                0x00800faf                ptr_tx_completed_3
                0x00800fb1                aktuelles_zutat_file
                0x00800fb3                rb_rx_PC
                0x008010b4                rb_tx_ESP
                0x008011b5                address_getraenk
                0x008011b7                appendStartCluster
                0x008011bb                cardType
                0x008011bc                error
                0x008011bd                rb_rx_RFID
                0x008012be                gui_pages
                0x008012bf                i_Liste
                0x008012c0                i_Liste_test
                0x008012f2                freeClusterCountUpdated
                0x008012f3                stop
                0x008012f4                FAT32_active
                0x008012f5                appendFileSector
                0x008012f9                aktuellesGetraenk
                0x008012fb                ptr_tx_completed_0
                0x008012fd                SPI_State
 COMMON         0x008012fe      0x402 main.o
                0x008012fe                INPUT_UART_0
                0x008013fe                INPUT_UART_3
                0x008014fe                INPUT_UART_1
                0x008015fe                ptr_Uart_1
                0x00801600                INPUT_UART_2
 COMMON         0x00801700        0x4 c:/program files (x86)/atmel/studio/7.0/toolchain/avr8/avr8-gnu-toolchain/bin/../lib/gcc/avr/5.4.0/../../../../avr/lib/avr6\libc.a(malloc.o)
                0x00801700                __brkval
                0x00801702                __flp
                0x00801704                PROVIDE (__bss_end, .)
                0x000091a8                __data_load_start = LOADADDR (.data)
                0x000098bc                __data_load_end = (__data_load_start + SIZEOF (.data))

.noinit         0x00801704        0x0
                [!provide]                PROVIDE (__noinit_start, .)
 *(.noinit*)
                [!provide]                PROVIDE (__noinit_end, .)
                0x00801704                _end = .
                0x00801704                PROVIDE (__heap_start, .)

.eeprom         0x00810000        0x0
 *(.eeprom*)
                0x00810000                __eeprom_end = .

.fuse
 *(.fuse)
 *(.lfuse)
 *(.hfuse)
 *(.efuse)

.lock
 *(.lock*)

.signature
 *(.signature*)

.user_signatures
 *(.user_signatures*)

.stab
 *(.stab)

.stabstr
 *(.stabstr)

.stab.excl
 *(.stab.excl)

.stab.exclstr
 *(.stab.exclstr)

.stab.index
 *(.stab.index)

.stab.indexstr
 *(.stab.indexstr)

.comment        0x00000000       0x30
 *(.comment)
 .comment       0x00000000       0x30 Cocktail_functions.o
                                 0x31 (size before relaxing)
 .comment       0x00000030       0x31 Cocktail_Statemachine.o
 .comment       0x00000030       0x31 Getraenk.o
 .comment       0x00000030       0x31 Zutaten.o
 .comment       0x00000030       0x31 LED.o
 .comment       0x00000030       0x31 Main_Func.o
 .comment       0x00000030       0x31 Nextion_Display.o
 .comment       0x00000030       0x31 ring_buffer.o
 .comment       0x00000030       0x31 FAT32.o
 .comment       0x00000030       0x31 SD_routines.o
 .comment       0x00000030       0x31 ramp1.o
 .comment       0x00000030       0x31 Software_SPI.o
 .comment       0x00000030       0x31 SPI.o
 .comment       0x00000030       0x31 tmc4671.o
 .comment       0x00000030       0x31 TMC6200.o
 .comment       0x00000030       0x31 UART.o
 .comment       0x00000030       0x31 main.o
 .comment       0x00000030       0x31 c:/program files (x86)/atmel/studio/7.0/toolchain/avr8/avr8-gnu-toolchain/bin/../lib/gcc/avr/5.4.0/../../../../avr/lib/avr6\libc.a(calloc.o)
 .comment       0x00000030       0x31 c:/program files (x86)/atmel/studio/7.0/toolchain/avr8/avr8-gnu-toolchain/bin/../lib/gcc/avr/5.4.0/../../../../avr/lib/avr6\libc.a(malloc.o)
 .comment       0x00000030       0x31 c:/program files (x86)/atmel/studio/7.0/toolchain/avr8/avr8-gnu-toolchain/bin/../lib/gcc/avr/5.4.0/../../../../avr/lib/avr6\libc.a(strtok.o)

.note.gnu.avr.deviceinfo
                0x00000000       0x40
 .note.gnu.avr.deviceinfo
                0x00000000       0x40 C:/Program Files (x86)/Atmel/Studio/7.0/Packs/atmel/ATmega_DFP/1.3.300/gcc/dev/atmega2560/avr6/crtatmega2560.o

.note.gnu.build-id
 *(.note.gnu.build-id)

.debug
 *(.debug)

.line
 *(.line)

.debug_srcinfo
 *(.debug_srcinfo)

.debug_sfnames
 *(.debug_sfnames)

.debug_aranges  0x00000000      0x978
 *(.debug_aranges)
 .debug_aranges
                0x00000000      0x100 Cocktail_functions.o
 .debug_aranges
                0x00000100      0x100 Cocktail_Statemachine.o
 .debug_aranges
                0x00000200       0x78 Getraenk.o
 .debug_aranges
                0x00000278       0x48 Zutaten.o
 .debug_aranges
                0x000002c0       0x88 LED.o
 .debug_aranges
                0x00000348       0x98 Main_Func.o
 .debug_aranges
                0x000003e0       0x68 Nextion_Display.o
 .debug_aranges
                0x00000448       0x50 ring_buffer.o
 .debug_aranges
                0x00000498       0x80 FAT32.o
 .debug_aranges
                0x00000518       0x40 SD_routines.o
 .debug_aranges
                0x00000558       0x80 ramp1.o
 .debug_aranges
                0x000005d8       0x70 Software_SPI.o
 .debug_aranges
                0x00000648       0x48 SPI.o
 .debug_aranges
                0x00000690      0x1f8 tmc4671.o
 .debug_aranges
                0x00000888       0x38 TMC6200.o
 .debug_aranges
                0x000008c0       0x98 UART.o
 .debug_aranges
                0x00000958       0x20 main.o

.debug_pubnames
 *(.debug_pubnames)

.debug_info     0x00000000    0x16079
 *(.debug_info .gnu.linkonce.wi.*)
 .debug_info    0x00000000      0xbbc C:/Program Files (x86)/Atmel/Studio/7.0/Packs/atmel/ATmega_DFP/1.3.300/gcc/dev/atmega2560/avr6/crtatmega2560.o
 .debug_info    0x00000bbc     0x3f90 Cocktail_functions.o
 .debug_info    0x00004b4c     0x3fd8 Cocktail_Statemachine.o
 .debug_info    0x00008b24     0x1818 Getraenk.o
 .debug_info    0x0000a33c      0xd02 Zutaten.o
 .debug_info    0x0000b03e      0x3ad LED.o
 .debug_info    0x0000b3eb      0xe4f Main_Func.o
 .debug_info    0x0000c23a      0xbb1 Nextion_Display.o
 .debug_info    0x0000cdeb      0x360 ring_buffer.o
 .debug_info    0x0000d14b     0x19c0 FAT32.o
 .debug_info    0x0000eb0b      0x812 SD_routines.o
 .debug_info    0x0000f31d      0xaf7 ramp1.o
 .debug_info    0x0000fe14      0x548 Software_SPI.o
 .debug_info    0x0001035c      0x263 SPI.o
 .debug_info    0x000105bf     0x3a4d tmc4671.o
 .debug_info    0x0001400c      0xafc TMC6200.o
 .debug_info    0x00014b08      0x6d7 UART.o
 .debug_info    0x000151df      0xe9a main.o

.debug_abbrev   0x00000000     0x32d3
 *(.debug_abbrev)
 .debug_abbrev  0x00000000      0xb1a C:/Program Files (x86)/Atmel/Studio/7.0/Packs/atmel/ATmega_DFP/1.3.300/gcc/dev/atmega2560/avr6/crtatmega2560.o
 .debug_abbrev  0x00000b1a      0x3ce Cocktail_functions.o
 .debug_abbrev  0x00000ee8      0x337 Cocktail_Statemachine.o
 .debug_abbrev  0x0000121f      0x3c6 Getraenk.o
 .debug_abbrev  0x000015e5      0x2b5 Zutaten.o
 .debug_abbrev  0x0000189a      0x176 LED.o
 .debug_abbrev  0x00001a10      0x35f Main_Func.o
 .debug_abbrev  0x00001d6f      0x222 Nextion_Display.o
 .debug_abbrev  0x00001f91      0x12a ring_buffer.o
 .debug_abbrev  0x000020bb      0x214 FAT32.o
 .debug_abbrev  0x000022cf      0x154 SD_routines.o
 .debug_abbrev  0x00002423      0x2bf ramp1.o
 .debug_abbrev  0x000026e2      0x15b Software_SPI.o
 .debug_abbrev  0x0000283d      0x11c SPI.o
 .debug_abbrev  0x00002959      0x3d8 tmc4671.o
 .debug_abbrev  0x00002d31      0x265 TMC6200.o
 .debug_abbrev  0x00002f96      0x1fe UART.o
 .debug_abbrev  0x00003194      0x13f main.o

.debug_line     0x00000000     0x8fc8
 *(.debug_line .debug_line.* .debug_line_end)
 .debug_line    0x00000000      0x1f9 C:/Program Files (x86)/Atmel/Studio/7.0/Packs/atmel/ATmega_DFP/1.3.300/gcc/dev/atmega2560/avr6/crtatmega2560.o
 .debug_line    0x000001f9     0x196e Cocktail_functions.o
 .debug_line    0x00001b67     0x1db1 Cocktail_Statemachine.o
 .debug_line    0x00003918      0x9a6 Getraenk.o
 .debug_line    0x000042be      0x48a Zutaten.o
 .debug_line    0x00004748      0x47c LED.o
 .debug_line    0x00004bc4      0x8cd Main_Func.o
 .debug_line    0x00005491      0x4e5 Nextion_Display.o
 .debug_line    0x00005976      0x21d ring_buffer.o
 .debug_line    0x00005b93      0xc8f FAT32.o
 .debug_line    0x00006822      0x48d SD_routines.o
 .debug_line    0x00006caf      0x5aa ramp1.o
 .debug_line    0x00007259      0x305 Software_SPI.o
 .debug_line    0x0000755e      0x1d6 SPI.o
 .debug_line    0x00007734      0xccd tmc4671.o
 .debug_line    0x00008401      0x402 TMC6200.o
 .debug_line    0x00008803      0x412 UART.o
 .debug_line    0x00008c15      0x3b3 main.o

.debug_frame    0x00000000     0x28b8
 *(.debug_frame)
 .debug_frame   0x00000000      0x62c Cocktail_functions.o
 .debug_frame   0x0000062c      0x338 Cocktail_Statemachine.o
 .debug_frame   0x00000964      0x264 Getraenk.o
 .debug_frame   0x00000bc8      0x124 Zutaten.o
 .debug_frame   0x00000cec      0x19c LED.o
 .debug_frame   0x00000e88      0x254 Main_Func.o
 .debug_frame   0x000010dc      0x198 Nextion_Display.o
 .debug_frame   0x00001274       0xdc ring_buffer.o
 .debug_frame   0x00001350      0x3b8 FAT32.o
 .debug_frame   0x00001708       0xdc SD_routines.o
 .debug_frame   0x000017e4      0x2bc ramp1.o
 .debug_frame   0x00001aa0      0x108 Software_SPI.o
 .debug_frame   0x00001ba8       0x74 SPI.o
 .debug_frame   0x00001c1c      0x844 tmc4671.o
 .debug_frame   0x00002460       0xd8 TMC6200.o
 .debug_frame   0x00002538      0x34c UART.o
 .debug_frame   0x00002884       0x34 main.o

.debug_str      0x00000000     0x33ee
 *(.debug_str)
 .debug_str     0x00000000      0x3e6 C:/Program Files (x86)/Atmel/Studio/7.0/Packs/atmel/ATmega_DFP/1.3.300/gcc/dev/atmega2560/avr6/crtatmega2560.o
 .debug_str     0x000003e6      0xe53 Cocktail_functions.o
                                0xf65 (size before relaxing)
 .debug_str     0x00001239      0x864 Cocktail_Statemachine.o
                               0x15cc (size before relaxing)
 .debug_str     0x00001a9d      0x180 Getraenk.o
                                0xb87 (size before relaxing)
 .debug_str     0x00001c1d      0x11c Zutaten.o
                                0x6a8 (size before relaxing)
 .debug_str     0x00001d39       0xca LED.o
                                0x349 (size before relaxing)
 .debug_str     0x00001e03      0x228 Main_Func.o
                                0x849 (size before relaxing)
 .debug_str     0x0000202b       0x52 Nextion_Display.o
                                0x64a (size before relaxing)
 .debug_str     0x0000207d       0x5a ring_buffer.o
                                0x206 (size before relaxing)
 .debug_str     0x000020d7      0x533 FAT32.o
                                0x931 (size before relaxing)
 .debug_str     0x0000260a       0x69 SD_routines.o
                                0x358 (size before relaxing)
 .debug_str     0x00002673      0x236 ramp1.o
                                0x552 (size before relaxing)
 .debug_str     0x000028a9      0x104 Software_SPI.o
                                0x2c6 (size before relaxing)
 .debug_str     0x000029ad       0x5d SPI.o
                                0x250 (size before relaxing)
 .debug_str     0x00002a0a      0x848 tmc4671.o
                                0xc24 (size before relaxing)
 .debug_str     0x00003252       0x57 TMC6200.o
                                0x3ee (size before relaxing)
 .debug_str     0x000032a9       0x9c UART.o
                                0x384 (size before relaxing)
 .debug_str     0x00003345       0xa9 main.o
                                0xbf1 (size before relaxing)

.debug_loc      0x00000000     0xf357
 *(.debug_loc)
 .debug_loc     0x00000000     0x26ad Cocktail_functions.o
 .debug_loc     0x000026ad     0x18d2 Cocktail_Statemachine.o
 .debug_loc     0x00003f7f     0x10e3 Getraenk.o
 .debug_loc     0x00005062      0x69d Zutaten.o
 .debug_loc     0x000056ff      0x26f LED.o
 .debug_loc     0x0000596e      0x95e Main_Func.o
 .debug_loc     0x000062cc      0x6a6 Nextion_Display.o
 .debug_loc     0x00006972      0x58d ring_buffer.o
 .debug_loc     0x00006eff     0x1e44 FAT32.o
 .debug_loc     0x00008d43      0x729 SD_routines.o
 .debug_loc     0x0000946c      0xee9 ramp1.o
 .debug_loc     0x0000a355      0x357 Software_SPI.o
 .debug_loc     0x0000a6ac       0x9d SPI.o
 .debug_loc     0x0000a749     0x3e1f tmc4671.o
 .debug_loc     0x0000e568      0x5ae TMC6200.o
 .debug_loc     0x0000eb16      0x7f9 UART.o
 .debug_loc     0x0000f30f       0x48 main.o

.debug_macinfo
 *(.debug_macinfo)

.debug_weaknames
 *(.debug_weaknames)

.debug_funcnames
 *(.debug_funcnames)

.debug_typenames
 *(.debug_typenames)

.debug_varnames
 *(.debug_varnames)

.debug_pubtypes
 *(.debug_pubtypes)

.debug_ranges   0x00000000      0xa50
 *(.debug_ranges)
 .debug_ranges  0x00000000      0x218 Cocktail_functions.o
 .debug_ranges  0x00000218       0xf0 Cocktail_Statemachine.o
 .debug_ranges  0x00000308       0xa8 Getraenk.o
 .debug_ranges  0x000003b0       0x38 Zutaten.o
 .debug_ranges  0x000003e8       0x78 LED.o
 .debug_ranges  0x00000460       0xe0 Main_Func.o
 .debug_ranges  0x00000540       0x58 Nextion_Display.o
 .debug_ranges  0x00000598       0x40 ring_buffer.o
 .debug_ranges  0x000005d8       0x98 FAT32.o
 .debug_ranges  0x00000670       0x30 SD_routines.o
 .debug_ranges  0x000006a0       0x70 ramp1.o
 .debug_ranges  0x00000710       0x60 Software_SPI.o
 .debug_ranges  0x00000770       0x38 SPI.o
 .debug_ranges  0x000007a8      0x1e8 tmc4671.o
 .debug_ranges  0x00000990       0x28 TMC6200.o
 .debug_ranges  0x000009b8       0x88 UART.o
 .debug_ranges  0x00000a40       0x10 main.o

.debug_macro
 *(.debug_macro)
OUTPUT(Mikrocontroller.elf elf32-avr)
LOAD linker stubs
