Archive member included to satisfy reference by file (symbol)

c:/program files (x86)/atmel/studio/7.0/toolchain/avr8/avr8-gnu-toolchain/bin/../lib/gcc/avr/5.4.0/../../../../avr/lib/avr6\libm.a(addsf3.o)
                              LED.o (__subsf3)
c:/program files (x86)/atmel/studio/7.0/toolchain/avr8/avr8-gnu-toolchain/bin/../lib/gcc/avr/5.4.0/../../../../avr/lib/avr6\libm.a(addsf3x.o)
                              c:/program files (x86)/atmel/studio/7.0/toolchain/avr8/avr8-gnu-toolchain/bin/../lib/gcc/avr/5.4.0/../../../../avr/lib/avr6\libm.a(addsf3.o) (__addsf3x)
c:/program files (x86)/atmel/studio/7.0/toolchain/avr8/avr8-gnu-toolchain/bin/../lib/gcc/avr/5.4.0/../../../../avr/lib/avr6\libm.a(fixunssfsi.o)
                              LED.o (__fixunssfsi)
c:/program files (x86)/atmel/studio/7.0/toolchain/avr8/avr8-gnu-toolchain/bin/../lib/gcc/avr/5.4.0/../../../../avr/lib/avr6\libm.a(floatsisf.o)
                              LED.o (__floatsisf)
c:/program files (x86)/atmel/studio/7.0/toolchain/avr8/avr8-gnu-toolchain/bin/../lib/gcc/avr/5.4.0/../../../../avr/lib/avr6\libm.a(fp_inf.o)
                              c:/program files (x86)/atmel/studio/7.0/toolchain/avr8/avr8-gnu-toolchain/bin/../lib/gcc/avr/5.4.0/../../../../avr/lib/avr6\libm.a(addsf3x.o) (__fp_inf)
c:/program files (x86)/atmel/studio/7.0/toolchain/avr8/avr8-gnu-toolchain/bin/../lib/gcc/avr/5.4.0/../../../../avr/lib/avr6\libm.a(fp_nan.o)
                              c:/program files (x86)/atmel/studio/7.0/toolchain/avr8/avr8-gnu-toolchain/bin/../lib/gcc/avr/5.4.0/../../../../avr/lib/avr6\libm.a(addsf3x.o) (__fp_nan)
c:/program files (x86)/atmel/studio/7.0/toolchain/avr8/avr8-gnu-toolchain/bin/../lib/gcc/avr/5.4.0/../../../../avr/lib/avr6\libm.a(fp_pscA.o)
                              c:/program files (x86)/atmel/studio/7.0/toolchain/avr8/avr8-gnu-toolchain/bin/../lib/gcc/avr/5.4.0/../../../../avr/lib/avr6\libm.a(addsf3x.o) (__fp_pscA)
c:/program files (x86)/atmel/studio/7.0/toolchain/avr8/avr8-gnu-toolchain/bin/../lib/gcc/avr/5.4.0/../../../../avr/lib/avr6\libm.a(fp_pscB.o)
                              c:/program files (x86)/atmel/studio/7.0/toolchain/avr8/avr8-gnu-toolchain/bin/../lib/gcc/avr/5.4.0/../../../../avr/lib/avr6\libm.a(addsf3x.o) (__fp_pscB)
c:/program files (x86)/atmel/studio/7.0/toolchain/avr8/avr8-gnu-toolchain/bin/../lib/gcc/avr/5.4.0/../../../../avr/lib/avr6\libm.a(fp_round.o)
                              c:/program files (x86)/atmel/studio/7.0/toolchain/avr8/avr8-gnu-toolchain/bin/../lib/gcc/avr/5.4.0/../../../../avr/lib/avr6\libm.a(addsf3.o) (__fp_round)
c:/program files (x86)/atmel/studio/7.0/toolchain/avr8/avr8-gnu-toolchain/bin/../lib/gcc/avr/5.4.0/../../../../avr/lib/avr6\libm.a(fp_split3.o)
                              c:/program files (x86)/atmel/studio/7.0/toolchain/avr8/avr8-gnu-toolchain/bin/../lib/gcc/avr/5.4.0/../../../../avr/lib/avr6\libm.a(addsf3x.o) (__fp_split3)
c:/program files (x86)/atmel/studio/7.0/toolchain/avr8/avr8-gnu-toolchain/bin/../lib/gcc/avr/5.4.0/../../../../avr/lib/avr6\libm.a(fp_zero.o)
                              c:/program files (x86)/atmel/studio/7.0/toolchain/avr8/avr8-gnu-toolchain/bin/../lib/gcc/avr/5.4.0/../../../../avr/lib/avr6\libm.a(addsf3x.o) (__fp_zero)
c:/program files (x86)/atmel/studio/7.0/toolchain/avr8/avr8-gnu-toolchain/bin/../lib/gcc/avr/5.4.0/../../../../avr/lib/avr6\libm.a(mulsf3.o)
                              LED.o (__mulsf3)
c:/program files (x86)/atmel/studio/7.0/toolchain/avr8/avr8-gnu-toolchain/bin/../lib/gcc/avr/5.4.0/../../../../avr/lib/avr6\libm.a(mulsf3x.o)
                              c:/program files (x86)/atmel/studio/7.0/toolchain/avr8/avr8-gnu-toolchain/bin/../lib/gcc/avr/5.4.0/../../../../avr/lib/avr6\libm.a(mulsf3.o) (__mulsf3x)
c:/program files (x86)/atmel/studio/7.0/toolchain/avr8/avr8-gnu-toolchain/bin/../lib/gcc/avr/5.4.0/avr6\libgcc.a(_mulsi3.o)
                              Cocktail_functions.o (__mulsi3)
c:/program files (x86)/atmel/studio/7.0/toolchain/avr8/avr8-gnu-toolchain/bin/../lib/gcc/avr/5.4.0/avr6\libgcc.a(_udivmodsi4.o)
                              Cocktail_functions.o (__udivmodsi4)
c:/program files (x86)/atmel/studio/7.0/toolchain/avr8/avr8-gnu-toolchain/bin/../lib/gcc/avr/5.4.0/avr6\libgcc.a(_divmodsi4.o)
                              tmc4671.o (__divmodsi4)
c:/program files (x86)/atmel/studio/7.0/toolchain/avr8/avr8-gnu-toolchain/bin/../lib/gcc/avr/5.4.0/avr6\libgcc.a(_negsi2.o)
                              c:/program files (x86)/atmel/studio/7.0/toolchain/avr8/avr8-gnu-toolchain/bin/../lib/gcc/avr/5.4.0/avr6\libgcc.a(_divmodsi4.o) (__negsi2)
c:/program files (x86)/atmel/studio/7.0/toolchain/avr8/avr8-gnu-toolchain/bin/../lib/gcc/avr/5.4.0/avr6\libgcc.a(_exit.o)
                              C:/Program Files (x86)/Atmel/Studio/7.0/Packs/atmel/ATmega_DFP/1.3.300/gcc/dev/atmega2560/avr6/crtatmega2560.o (exit)
[...]
Memory Configuration

Name             Origin             Length             Attributes
text             0x00000000         0x00100000         xr
data             0x00800200         0x0000fe00         rw !x
eeprom           0x00810000         0x00010000         rw !x
fuse             0x00820000         0x00000003         rw !x
lock             0x00830000         0x00000400         rw !x
signature        0x00840000         0x00000400         rw !x
user_signatures  0x00850000         0x00000400         rw !x
*default*        0x00000000         0xffffffff

Linker script and memory map

Address of section .data set to 0x800200
LOAD C:/Program Files (x86)/Atmel/Studio/7.0/Packs/atmel/ATmega_DFP/1.3.300/gcc/dev/atmega2560/avr6/crtatmega2560.o
LOAD LED.o
LOAD Cocktail_functions.o
LOAD Cocktail_Statemachine.o
LOAD Getraenk.o
LOAD TAGS.o
LOAD Zutaten.o
LOAD Main_Func.o
LOAD Nextion_Display.o
LOAD mfrc522.o
LOAD ring_buffer.o
LOAD FAT32.o
LOAD SD_routines.o
LOAD SPI.o
LOAD tmc4671.o
LOAD TMC6200.o
LOAD UART.o
LOAD main.o
START GROUP
LOAD c:/program files (x86)/atmel/studio/7.0/toolchain/avr8/avr8-gnu-toolchain/bin/../lib/gcc/avr/5.4.0/../../../../avr/lib/avr6\libm.a
END GROUP
START GROUP
LOAD c:/program files (x86)/atmel/studio/7.0/toolchain/avr8/avr8-gnu-toolchain/bin/../lib/gcc/avr/5.4.0/avr6\libgcc.a
LOAD c:/program files (x86)/atmel/studio/7.0/toolchain/avr8/avr8-gnu-toolchain/bin/../lib/gcc/avr/5.4.0/../../../../avr/lib/avr6\libm.a
LOAD c:/program files (x86)/atmel/studio/7.0/toolchain/avr8/avr8-gnu-toolchain/bin/../lib/gcc/avr/5.4.0/../../../../avr/lib/avr6\libc.a
LOAD C:/Program Files (x86)/Atmel/Studio/7.0/Packs/atmel/ATmega_DFP/1.3.300/gcc/dev/atmega2560/avr6\libatmega2560.a
END GROUP
                0x00000000                __TEXT_REGION_ORIGIN__ = DEFINED (__TEXT_REGION_ORIGIN__)?__TEXT_REGION_ORIGIN__:0x0
                0x00800200                __DATA_REGION_ORIGIN__ = DEFINED (__DATA_REGION_ORIGIN__)?__DATA_REGION_ORIGIN__:0x800200
                0x00100000                __TEXT_REGION_LENGTH__ = DEFINED (__TEXT_REGION_LENGTH__)?__TEXT_REGION_LENGTH__:0x100000
                0x0000fe00                __DATA_REGION_LENGTH__ = DEFINED (__DATA_REGION_LENGTH__)?__DATA_REGION_LENGTH__:0xfe00
                0x00010000                __EEPROM_REGION_LENGTH__ = DEFINED (__EEPROM_REGION_LENGTH__)?__EEPROM_REGION_LENGTH__:0x10000
                [0x00000003]                __FUSE_REGION_LENGTH__ = DEFINED (__FUSE_REGION_LENGTH__)?__FUSE_REGION_LENGTH__:0x400
                0x00000400                __LOCK_REGION_LENGTH__ = DEFINED (__LOCK_REGION_LENGTH__)?__LOCK_REGION_LENGTH__:0x400
                0x00000400                __SIGNATURE_REGION_LENGTH__ = DEFINED (__SIGNATURE_REGION_LENGTH__)?__SIGNATURE_REGION_LENGTH__:0x400
                0x00000400                __USER_SIGNATURE_REGION_LENGTH__ = DEFINED (__USER_SIGNATURE_REGION_LENGTH__)?__USER_SIGNATURE_REGION_LENGTH__:0x400

.hash
 *(.hash)

.dynsym
 *(.dynsym)

.dynstr
 *(.dynstr)

.gnu.version
 *(.gnu.version)

.gnu.version_d
 *(.gnu.version_d)

.gnu.version_r
 *(.gnu.version_r)

.rel.init
 *(.rel.init)

.rela.init
 *(.rela.init)

.rel.text
 *(.rel.text)
 *(.rel.text.*)
 *(.rel.gnu.linkonce.t*)

.rela.text
 *(.rela.text)
 *(.rela.text.*)
 *(.rela.gnu.linkonce.t*)

.rel.fini
 *(.rel.fini)

.rela.fini
 *(.rela.fini)

.rel.rodata
 *(.rel.rodata)
 *(.rel.rodata.*)
 *(.rel.gnu.linkonce.r*)

.rela.rodata
 *(.rela.rodata)
 *(.rela.rodata.*)
 *(.rela.gnu.linkonce.r*)

.rel.data
 *(.rel.data)
 *(.rel.data.*)
 *(.rel.gnu.linkonce.d*)

.rela.data
 *(.rela.data)
 *(.rela.data.*)
 *(.rela.gnu.linkonce.d*)

.rel.ctors
 *(.rel.ctors)

.rela.ctors
 *(.rela.ctors)

.rel.dtors
 *(.rel.dtors)

.rela.dtors
 *(.rela.dtors)

.rel.got
 *(.rel.got)

.rela.got
 *(.rela.got)

.rel.bss
 *(.rel.bss)

.rela.bss
 *(.rela.bss)

.rel.plt
 *(.rel.plt)

.rela.plt
 *(.rela.plt)

.text           0x00000000     0x8204
 *(.vectors)
 .vectors       0x00000000       0xe4 C:/Program Files (x86)/Atmel/Studio/7.0/Packs/atmel/ATmega_DFP/1.3.300/gcc/dev/atmega2560/avr6/crtatmega2560.o
                0x00000000                __vector_default
                0x00000000                __vectors
 *(.vectors)
 *(.progmem.gcc*)
 .progmem.gcc_sw_table.schalte_pumpe_ein
                0x000000e4       0x18 Cocktail_functions.o
 .progmem.gcc_sw_table.schalte_pumpe_aus
                0x000000fc       0x18 Cocktail_functions.o
 .progmem.gcc_sw_table.lese_sensor
                0x00000114       0x18 Cocktail_functions.o
 .progmem.gcc_sw_table.check_startseite
                0x0000012c       0x10 Cocktail_Statemachine.o
 .progmem.gcc_sw_table.check_listenanzeige
                0x0000013c       0x12 Cocktail_Statemachine.o
 .progmem.gcc_sw_table.check_menuanzeige
                0x0000014e       0x10 Cocktail_Statemachine.o
 .progmem.gcc_sw_table.check_bearbeitungsanzeige
                0x0000015e       0x12 Cocktail_Statemachine.o
 .progmem.gcc_sw_table.check_ceinstanzeige
                0x00000170       0x14 Cocktail_Statemachine.o
 .progmem.gcc_sw_table.check_erstanzeige1
                0x00000184       0x3e Cocktail_Statemachine.o
 .progmem.gcc_sw_table.check_posanzeige
                0x000001c2       0x1a Cocktail_Statemachine.o
 .progmem.gcc_sw_table.check_fluessanzeige1
                0x000001dc       0x16 Cocktail_Statemachine.o
 .progmem.gcc_sw_table.check_RFIDAnzeige1
                0x000001f2       0x12 Cocktail_Statemachine.o
 .progmem.gcc_sw_table.check_RFIDAnzeige2
                0x00000204       0x12 Cocktail_Statemachine.o
 .progmem.gcc_sw_table.check_LED
                0x00000216       0x10 Cocktail_Statemachine.o
 .progmem.gcc_sw_table.cocktail_check_command
                0x00000226       0x38 Cocktail_Statemachine.o
                0x0000025e                . = ALIGN (0x2)
                0x0000025e                __trampolines_start = .
 *(.trampolines)
 .trampolines   0x0000025e        0x0 linker stubs
 *(.trampolines*)
                0x0000025e                __trampolines_end = .
 *libprintf_flt.a:*(.progmem.data)
 *libc.a:*(.progmem.data)
 *(.progmem*)
                0x0000025e                . = ALIGN (0x2)
 *(.jumptables)
 *(.jumptables*)
 *(.lowtext)
 *(.lowtext*)
                0x0000025e                __ctors_start = .
 *(.ctors)
                0x0000025e                __ctors_end = .
                0x0000025e                __dtors_start = .
 *(.dtors)
                0x0000025e                __dtors_end = .
 SORT(*)(.ctors)
 SORT(*)(.dtors)
 *(.init0)
 .init0         0x0000025e        0x0 C:/Program Files (x86)/Atmel/Studio/7.0/Packs/atmel/ATmega_DFP/1.3.300/gcc/dev/atmega2560/avr6/crtatmega2560.o
                0x0000025e                __init
 *(.init0)
 *(.init1)
 *(.init1)
 *(.init2)
 .init2         0x0000025e       0x10 C:/Program Files (x86)/Atmel/Studio/7.0/Packs/atmel/ATmega_DFP/1.3.300/gcc/dev/atmega2560/avr6/crtatmega2560.o
 *(.init2)
 *(.init3)
 *(.init3)
 *(.init4)
 .init4         0x0000026e       0x1a c:/program files (x86)/atmel/studio/7.0/toolchain/avr8/avr8-gnu-toolchain/bin/../lib/gcc/avr/5.4.0/avr6\libgcc.a(_copy_data.o)
                0x0000026e                __do_copy_data
 .init4         0x00000288       0x10 c:/program files (x86)/atmel/studio/7.0/toolchain/avr8/avr8-gnu-toolchain/bin/../lib/gcc/avr/5.4.0/avr6\libgcc.a(_clear_bss.o)
                0x00000288                __do_clear_bss
 *(.init4)
 *(.init5)
 *(.init5)
 *(.init6)
 *(.init6)
 *(.init7)
 *(.init7)
 *(.init8)
 *(.init8)
 *(.init9)
 .init9         0x00000298        0x8 C:/Program Files (x86)/Atmel/Studio/7.0/Packs/atmel/ATmega_DFP/1.3.300/gcc/dev/atmega2560/avr6/crtatmega2560.o
 *(.init9)
 *(.text)
 .text          0x000002a0        0x2 C:/Program Files (x86)/Atmel/Studio/7.0/Packs/atmel/ATmega_DFP/1.3.300/gcc/dev/atmega2560/avr6/crtatmega2560.o
                0x000002a0                __vector_38
                0x000002a0                __vector_22
                0x000002a0                __vector_28
                0x000002a0                __vector_1
                0x000002a0                __vector_34
                0x000002a0                __vector_24
                0x000002a0                __vector_12
                0x000002a0                __vector_46
                0x000002a0                __bad_interrupt
                0x000002a0                __vector_6
                0x000002a0                __vector_31
                0x000002a0                __vector_35
                0x000002a0                __vector_39
                0x000002a0                __vector_3
                0x000002a0                __vector_23
                0x000002a0                __vector_30
                0x000002a0                __vector_45
                0x000002a0                __vector_11
                0x000002a0                __vector_13
                0x000002a0                __vector_19
                0x000002a0                __vector_56
                0x000002a0                __vector_7
                0x000002a0                __vector_49
                0x000002a0                __vector_41
                0x000002a0                __vector_27
                0x000002a0                __vector_5
                0x000002a0                __vector_37
                0x000002a0                __vector_4
                0x000002a0                __vector_44
                0x000002a0                __vector_9
                0x000002a0                __vector_2
                0x000002a0                __vector_15
                0x000002a0                __vector_29
                0x000002a0                __vector_40
                0x000002a0                __vector_8
                0x000002a0                __vector_14
                0x000002a0                __vector_53
                0x000002a0                __vector_10
                0x000002a0                __vector_50
                0x000002a0                __vector_16
                0x000002a0                __vector_20
                0x000002a2                . = ALIGN (0x2)
 *(.text.*)
 .text.init_LED
                0x000002a2       0x1a LED.o
                0x000002a2                init_LED
 .text.milliS_timer
                0x000002bc       0x42 LED.o
                0x000002bc                milliS_timer
 .text.PWM_init
                0x000002fe       0x9e LED.o
                0x000002fe                PWM_init
 .text.__vector_17
                0x0000039c       0x16 LED.o
                0x0000039c                __vector_17
 .text.__vector_18
                0x000003b2       0x16 LED.o
                0x000003b2                __vector_18
 .text.__vector_32
                0x000003c8       0x16 LED.o
                0x000003c8                __vector_32
 .text.__vector_33
                0x000003de       0x16 LED.o
                0x000003de                __vector_33
 .text.__vector_42
                0x000003f4       0x16 LED.o
                0x000003f4                __vector_42
 .text.__vector_43
                0x0000040a       0x16 LED.o
                0x0000040a                __vector_43
 .text.__vector_47
                0x00000420       0x16 LED.o
                0x00000420                __vector_47
 .text.__vector_48
                0x00000436       0x16 LED.o
                0x00000436                __vector_48
 .text.rainbow  0x0000044c      0x1c0 LED.o
                0x0000044c                rainbow
 .text.__vector_21
                0x0000060c      0x17a LED.o
                0x0000060c                __vector_21
 .text.schreibe_Menge_in_Getraenk
                0x00000786      0x1cc Cocktail_functions.o
                0x00000786                schreibe_Menge_in_Getraenk
 .text.schalte_pumpe_ein
                0x00000952       0x6e Cocktail_functions.o
                0x00000952                schalte_pumpe_ein
 .text.schalte_pumpe_aus
                0x000009c0       0x6e Cocktail_functions.o
                0x000009c0                schalte_pumpe_aus
 .text.lese_sensor
                0x00000a2e       0x74 Cocktail_functions.o
                0x00000a2e                lese_sensor
 .text.erstelle_Liste_zutat
                0x00000aa2      0x25a Cocktail_functions.o
                0x00000aa2                erstelle_Liste_zutat
 .text.setze_startanzeige
                0x00000cfc       0xae Cocktail_functions.o
                0x00000cfc                setze_startanzeige
 .text.fuelle_getraenk
                0x00000daa      0x2a4 Cocktail_functions.o
                0x00000daa                fuelle_getraenk
 .text.zubereitung_getraenk
                0x0000104e       0x68 Cocktail_functions.o
                0x0000104e                zubereitung_getraenk
 .text.erstelle_Zutatenliste
                0x000010b6      0x1a8 Cocktail_functions.o
                0x000010b6                erstelle_Zutatenliste
 .text.lese_textfile_in_getraenk
                0x0000125e      0x26e Cocktail_functions.o
                0x0000125e                lese_textfile_in_getraenk
 .text.choose_aktuellesGetraenk
                0x000014cc       0x6e Cocktail_functions.o
                0x000014cc                choose_aktuellesGetraenk
 .text.bearbeite_Cocktail
                0x0000153a       0x14 Cocktail_functions.o
                0x0000153a                bearbeite_Cocktail
 .text.erstelle_Liste_name
                0x0000154e      0x1e0 Cocktail_functions.o
                0x0000154e                erstelle_Liste_name
 .text.schiebe_file_next
                0x0000172e       0x62 Cocktail_functions.o
                0x0000172e                schiebe_file_next
 .text.schiebe_file_prev
                0x00001790       0x62 Cocktail_functions.o
                0x00001790                schiebe_file_prev
 .text.SD_startup
                0x000017f2       0xd0 Cocktail_functions.o
                0x000017f2                SD_startup
 .text.erstelle_File
                0x000018c2      0x2d8 Cocktail_functions.o
                0x000018c2                erstelle_File
 .text.loesche_FIle
                0x00001b9a       0x66 Cocktail_functions.o
                0x00001b9a                loesche_FIle
 .text.lese_textfile_in_zutat
                0x00001c00      0x128 Cocktail_functions.o
                0x00001c00                lese_textfile_in_zutat
 .text.erstelle_Liste_Zutat_Pos
                0x00001d28      0x1f4 Cocktail_functions.o
                0x00001d28                erstelle_Liste_Zutat_Pos
 .text.setze_Posanzeige_Rot_Gruen
                0x00001f1c      0x10c Cocktail_functions.o
                0x00001f1c                setze_Posanzeige_Rot_Gruen
 .text.setze_aktuelle_Zutat_in_Maschine_prev
                0x00002028       0x36 Cocktail_functions.o
                0x00002028                setze_aktuelle_Zutat_in_Maschine_prev
 .text.setze_Fluessgkeit_in_Position
                0x0000205e      0x412 Cocktail_functions.o
                0x0000205e                setze_Fluessgkeit_in_Position
 .text.send_List_Getraenke
                0x00002470      0x1a4 Cocktail_functions.o
                0x00002470                send_List_Getraenke
 .text.send_List_Zutaten
                0x00002614      0x12a Cocktail_functions.o
                0x00002614                send_List_Zutaten
 .text.cocktail_test_command
                0x0000273e       0x24 Cocktail_functions.o
                0x0000273e                cocktail_test_command
 .text.ESP_Getraenk
                0x00002762       0xa4 Cocktail_functions.o
                0x00002762                ESP_Getraenk
 .text.Getraenk_erstellt
                0x00002806      0x324 Cocktail_functions.o
                0x00002806                Getraenk_erstellt
 .text.check_startseite
                0x00002b2a      0x1e0 Cocktail_Statemachine.o
                0x00002b2a                check_startseite
 .text.check_zutatenanzeige
                0x00002d0a       0x2c Cocktail_Statemachine.o
                0x00002d0a                check_zutatenanzeige
 .text.check_listenanzeige
                0x00002d36      0x122 Cocktail_Statemachine.o
                0x00002d36                check_listenanzeige
 .text.check_zubabfrage
                0x00002e58       0x36 Cocktail_Statemachine.o
                0x00002e58                check_zubabfrage
 .text.check_zubbildschirm
                0x00002e8e        0xa Cocktail_Statemachine.o
                0x00002e8e                check_zubbildschirm
 .text.check_menuanzeige
                0x00002e98      0x1ba Cocktail_Statemachine.o
                0x00002e98                check_menuanzeige
 .text.check_bearbeitungsanzeige
                0x00003052       0xaa Cocktail_Statemachine.o
                0x00003052                check_bearbeitungsanzeige
 .text.check_ceinstanzeige
                0x000030fc      0x150 Cocktail_Statemachine.o
                0x000030fc                check_ceinstanzeige
 .text.check_reinanzeige1
                0x0000324c       0x1a Cocktail_Statemachine.o
                0x0000324c                check_reinanzeige1
 .text.check_reinanzeige2
                0x00003266       0x8c Cocktail_Statemachine.o
                0x00003266                check_reinanzeige2
 .text.check_reinanzeige3
                0x000032f2       0x12 Cocktail_Statemachine.o
                0x000032f2                check_reinanzeige3
 .text.check_infoanzeige
                0x00003304        0xc Cocktail_Statemachine.o
                0x00003304                check_infoanzeige
 .text.check_erstanzeige1
                0x00003310      0x690 Cocktail_Statemachine.o
                0x00003310                check_erstanzeige1
 .text.check_erstanzeige2
                0x000039a0      0x1aa Cocktail_Statemachine.o
                0x000039a0                check_erstanzeige2
 .text.check_loeschanzeige
                0x00003b4a      0x112 Cocktail_Statemachine.o
                0x00003b4a                check_loeschanzeige
 .text.check_posanzeige
                0x00003c5c      0x1c8 Cocktail_Statemachine.o
                0x00003c5c                check_posanzeige
 .text.check_fluessanzeige1
                0x00003e24       0xc4 Cocktail_Statemachine.o
                0x00003e24                check_fluessanzeige1
 .text.check_fluessanzeige2
                0x00003ee8       0x4a Cocktail_Statemachine.o
                0x00003ee8                check_fluessanzeige2
 .text.check_fluessanzeige3
                0x00003f32      0x23e Cocktail_Statemachine.o
                0x00003f32                check_fluessanzeige3
 .text.check_fluessanzeige4
                0x00004170       0x46 Cocktail_Statemachine.o
                0x00004170                check_fluessanzeige4
 .text.check_RFIDAnzeige1
                0x000041b6      0x60c Cocktail_Statemachine.o
                0x000041b6                check_RFIDAnzeige1
 .text.schreibe_Getraenk_in_tag
                0x000047c2      0x142 Cocktail_Statemachine.o
                0x000047c2                schreibe_Getraenk_in_tag
 .text.check_RFIDAnzeige2
                0x00004904       0x90 Cocktail_Statemachine.o
                0x00004904                check_RFIDAnzeige2
 .text.check_RFIDFehler
                0x00004994       0x12 Cocktail_Statemachine.o
                0x00004994                check_RFIDFehler
 .text.check_ESP32
                0x000049a6       0x2e Cocktail_Statemachine.o
                0x000049a6                check_ESP32
 .text.check_LED
                0x000049d4      0x1bc Cocktail_Statemachine.o
                0x000049d4                check_LED
 .text.cocktail_check_command
                0x00004b90       0xf4 Cocktail_Statemachine.o
                0x00004b90                cocktail_check_command
 .text.check_existence
                0x00004c84      0x1a0 Getraenk.o
                0x00004c84                check_existence
 .text.create_new_getraenk
                0x00004e24       0xe2 Getraenk.o
                0x00004e24                create_new_getraenk
 .text.create_new_getraenk_file
                0x00004f06       0x18 Getraenk.o
                0x00004f06                create_new_getraenk_file
 .text.create_new_getraenk_file_2
                0x00004f1e       0x18 Getraenk.o
                0x00004f1e                create_new_getraenk_file_2
 .text.insert_file_at_head
                0x00004f36       0x56 Getraenk.o
                0x00004f36                insert_file_at_head
 .text.insert_file_at_head_2
                0x00004f8c       0x56 Getraenk.o
                0x00004f8c                insert_file_at_head_2
 .text.cocktails_init
                0x00004fe2      0x110 Getraenk.o
                0x00004fe2                cocktails_init
 .text.create_new_tag
                0x000050f2       0x52 TAGS.o
                0x000050f2                create_new_tag
 .text.insert_tag_at_head
                0x00005144       0x56 TAGS.o
                0x00005144                insert_tag_at_head
 .text.RFID_init
                0x0000519a       0x38 TAGS.o
                0x0000519a                RFID_init
 .text.create_zutat
                0x000051d2       0x44 Zutaten.o
                0x000051d2                create_zutat
 .text.create_neue_zutat_Maschine
                0x00005216       0x78 Zutaten.o
                0x00005216                create_neue_zutat_Maschine
 .text.insert_zutat_Maschine_at_head
                0x0000528e       0x50 Zutaten.o
                0x0000528e                insert_zutat_Maschine_at_head
 .text.create_new_zutat_file
                0x000052de       0x18 Zutaten.o
                0x000052de                create_new_zutat_file
 .text.insert_zutat_file_at_head
                0x000052f6       0x56 Zutaten.o
                0x000052f6                insert_zutat_file_at_head
 .text.zutaten_init
                0x0000534c      0x26c Zutaten.o
                0x0000534c                zutaten_init
 .text.IO_init  0x000055b8       0x26 Main_Func.o
                0x000055b8                IO_init
 .text.interfaces_init
                0x000055de        0xc Main_Func.o
                0x000055de                interfaces_init
 .text.devices_init
                0x000055ea       0x26 Main_Func.o
                0x000055ea                devices_init
 .text.speicher_init
                0x00005610       0x42 Main_Func.o
                0x00005610                speicher_init
 .text.check_Communication_Input_UART_0
                0x00005652       0x5a Main_Func.o
                0x00005652                check_Communication_Input_UART_0
 .text.proceed_Communication_Input_UART_0
                0x000056ac       0x10 Main_Func.o
                0x000056ac                proceed_Communication_Input_UART_0
 .text.check_Communication_Input_UART_1
                0x000056bc      0x112 Main_Func.o
                0x000056bc                check_Communication_Input_UART_1
 .text.proceed_Communication_INPUT_UART_1
                0x000057ce       0x24 Main_Func.o
                0x000057ce                proceed_Communication_INPUT_UART_1
 .text.check_Communication_Input_UART_2
                0x000057f2       0xde Main_Func.o
                0x000057f2                check_Communication_Input_UART_2
 .text.proceed_Communication_Input_UART_2
                0x000058d0       0x24 Main_Func.o
                0x000058d0                proceed_Communication_Input_UART_2
 .text.check_Communication_Input_UART
                0x000058f4       0x14 Main_Func.o
                0x000058f4                check_Communication_Input_UART
 .text.endConversation
                0x00005908       0x2c Nextion_Display.o
                0x00005908                endConversation
 .text.nextion_change_page
                0x00005934       0x3e Nextion_Display.o
                0x00005934                nextion_change_page
 .text.nextion_setText
                0x00005972       0x30 Nextion_Display.o
                0x00005972                nextion_setText
 .text.nextion_setValue
                0x000059a2       0x20 Nextion_Display.o
                0x000059a2                nextion_setValue
 .text.nextion_setPicture
                0x000059c2       0x4c Nextion_Display.o
                0x000059c2                nextion_setPicture
 .text.nextion_getSliderValue
                0x00005a0e       0xb6 Nextion_Display.o
                0x00005a0e                nextion_getSliderValue
 .text.nextion_disableButton
                0x00005ac4       0x72 Nextion_Display.o
                0x00005ac4                nextion_disableButton
 .text.nextion_enableButton
                0x00005b36       0x72 Nextion_Display.o
                0x00005b36                nextion_enableButton
 .text.nextion_visible_off
                0x00005ba8       0x72 Nextion_Display.o
                0x00005ba8                nextion_visible_off
 .text.nextion_visible_on
                0x00005c1a       0x72 Nextion_Display.o
                0x00005c1a                nextion_visible_on
 .text.RB_init  0x00005c8c        0x8 ring_buffer.o
                0x00005c8c                RB_init
 .text.RB_free  0x00005c94       0x16 ring_buffer.o
                0x00005c94                RB_free
 .text.RB_length
                0x00005caa       0x18 ring_buffer.o
                0x00005caa                RB_length
 .text.RB_readByte
                0x00005cc2       0x28 ring_buffer.o
                0x00005cc2                RB_readByte
 .text.RB_writeByte
                0x00005cea       0x3a ring_buffer.o
                0x00005cea                RB_writeByte
 .text.RB_write
                0x00005d24       0x64 ring_buffer.o
                0x00005d24                RB_write
 .text.getFirstSector
                0x00005d88       0x42 FAT32.o
                0x00005d88                getFirstSector
 .text.getSetNextCluster
                0x00005dca       0xf2 FAT32.o
                0x00005dca                getSetNextCluster
 .text.getSetFreeCluster
                0x00005ebc      0x124 FAT32.o
                0x00005ebc                getSetFreeCluster
 .text.getBootSectorData
                0x00005fe0      0x180 FAT32.o
                0x00005fe0                getBootSectorData
 .text.convertFileName
                0x00006160      0x120 FAT32.o
                0x00006160                convertFileName
 .text.searchNextFreeCluster
                0x00006280      0x144 FAT32.o
                0x00006280                searchNextFreeCluster
 .text.displayMemory
                0x000063c4       0xc2 FAT32.o
                0x000063c4                displayMemory
 .text.freeMemoryUpdate
                0x00006486       0xdc FAT32.o
                0x00006486                freeMemoryUpdate
 .text.findFiles
                0x00006562      0x3ee FAT32.o
                0x00006562                findFiles
 .text.readFile
                0x00006950      0x19c FAT32.o
                0x00006950                readFile
 .text.deleteFile
                0x00006aec       0x18 FAT32.o
                0x00006aec                deleteFile
 .text.writeFile
                0x00006b04      0x7ec FAT32.o
                0x00006b04                writeFile
 .text.SD_sendCommand
                0x000072f0       0xb4 SD_routines.o
                0x000072f0                SD_sendCommand
 .text.SD_init  0x000073a4      0x112 SD_routines.o
                0x000073a4                SD_init
 .text.SD_readSingleBlock
                0x000074b6       0x50 SD_routines.o
                0x000074b6                SD_readSingleBlock
 .text.SD_writeSingleBlock
                0x00007506       0x82 SD_routines.o
                0x00007506                SD_writeSingleBlock
 .text.spi_transmit
                0x00007588        0xa SPI.o
                0x00007588                spi_transmit
 .text.spi_receive
                0x00007592        0xe SPI.o
                0x00007592                spi_receive
 .text.disable_Slave
                0x000075a0       0x28 SPI.o
                0x000075a0                disable_Slave
 .text.SPI_init
                0x000075c8       0x18 SPI.o
                0x000075c8                SPI_init
 .text.tx_completed
                0x000075e0        0x6 UART.o
                0x000075e0                tx_completed
 .text.UART_init
                0x000075e6      0x100 UART.o
                0x000075e6                UART_init
 .text.Uart_Transmit_IT_PC
                0x000076e6       0x26 UART.o
                0x000076e6                Uart_Transmit_IT_PC
 .text.Uart_Transmit_IT_Display
                0x0000770c       0x2c UART.o
                0x0000770c                Uart_Transmit_IT_Display
 .text.Uart_Transmit_IT_ESP
                0x00007738       0x26 UART.o
                0x00007738                Uart_Transmit_IT_ESP
 .text.__vector_26
                0x0000775e       0x7e UART.o
                0x0000775e                __vector_26
 .text.__vector_25
                0x000077dc       0x58 UART.o
                0x000077dc                __vector_25
 .text.__vector_36
                0x00007834       0x58 UART.o
                0x00007834                __vector_36
 .text.__vector_52
                0x0000788c       0x7e UART.o
                0x0000788c                __vector_52
 .text.__vector_51
                0x0000790a       0x58 UART.o
                0x0000790a                __vector_51
 .text.__vector_55
                0x00007962       0x7e UART.o
                0x00007962                __vector_55
 .text.__vector_54
                0x000079e0       0x58 UART.o
                0x000079e0                __vector_54
 .text.transmitByte
                0x00007a38       0x10 UART.o
                0x00007a38                transmitByte
 .text.transmitString
                0x00007a48       0x1c UART.o
                0x00007a48                transmitString
 .text.main     0x00007a64       0x36 main.o
                0x00007a64                main
 .text.avr-libc.fplib
                0x00007a9a        0xa c:/program files (x86)/atmel/studio/7.0/toolchain/avr8/avr8-gnu-toolchain/bin/../lib/gcc/avr/5.4.0/../../../../avr/lib/avr6\libm.a(addsf3.o)
                0x00007a9a                __subsf3
                0x00007a9c                __addsf3
 .text.avr-libc.fplib
                0x00007aa4       0xc0 c:/program files (x86)/atmel/studio/7.0/toolchain/avr8/avr8-gnu-toolchain/bin/../lib/gcc/avr/5.4.0/../../../../avr/lib/avr6\libm.a(addsf3x.o)
                0x00007abe                __addsf3x
 .text.avr-libc.fplib
                0x00007b64       0x58 c:/program files (x86)/atmel/studio/7.0/toolchain/avr8/avr8-gnu-toolchain/bin/../lib/gcc/avr/5.4.0/../../../../avr/lib/avr6\libm.a(fixunssfsi.o)
                0x00007b64                __fixunssfsi
 .text.avr-libc.fplib
                0x00007bbc       0x7a c:/program files (x86)/atmel/studio/7.0/toolchain/avr8/avr8-gnu-toolchain/bin/../lib/gcc/avr/5.4.0/../../../../avr/lib/avr6\libm.a(floatsisf.o)
                0x00007bbc                __floatunsisf
                0x00007bc0                __floatsisf
 .text.avr-libc.fplib
                0x00007c36        0xc c:/program files (x86)/atmel/studio/7.0/toolchain/avr8/avr8-gnu-toolchain/bin/../lib/gcc/avr/5.4.0/../../../../avr/lib/avr6\libm.a(fp_inf.o)
                0x00007c36                __fp_inf
 .text.avr-libc.fplib
                0x00007c42        0x6 c:/program files (x86)/atmel/studio/7.0/toolchain/avr8/avr8-gnu-toolchain/bin/../lib/gcc/avr/5.4.0/../../../../avr/lib/avr6\libm.a(fp_nan.o)
                0x00007c42                __fp_nan
 .text.avr-libc.fplib
                0x00007c48        0xe c:/program files (x86)/atmel/studio/7.0/toolchain/avr8/avr8-gnu-toolchain/bin/../lib/gcc/avr/5.4.0/../../../../avr/lib/avr6\libm.a(fp_pscA.o)
                0x00007c48                __fp_pscA
 .text.avr-libc.fplib
                0x00007c56        0xe c:/program files (x86)/atmel/studio/7.0/toolchain/avr8/avr8-gnu-toolchain/bin/../lib/gcc/avr/5.4.0/../../../../avr/lib/avr6\libm.a(fp_pscB.o)
                0x00007c56                __fp_pscB
 .text.avr-libc.fplib
                0x00007c64       0x22 c:/program files (x86)/atmel/studio/7.0/toolchain/avr8/avr8-gnu-toolchain/bin/../lib/gcc/avr/5.4.0/../../../../avr/lib/avr6\libm.a(fp_round.o)
                0x00007c64                __fp_round
 .text.avr-libc.fplib
                0x00007c86       0x44 c:/program files (x86)/atmel/studio/7.0/toolchain/avr8/avr8-gnu-toolchain/bin/../lib/gcc/avr/5.4.0/../../../../avr/lib/avr6\libm.a(fp_split3.o)
                0x00007c86                __fp_split3
                0x00007c96                __fp_splitA
 .text.avr-libc.fplib
                0x00007cca        0xe c:/program files (x86)/atmel/studio/7.0/toolchain/avr8/avr8-gnu-toolchain/bin/../lib/gcc/avr/5.4.0/../../../../avr/lib/avr6\libm.a(fp_zero.o)
                0x00007cca                __fp_zero
                0x00007ccc                __fp_szero
 .text.avr-libc.fplib
                0x00007cd8        0x4 c:/program files (x86)/atmel/studio/7.0/toolchain/avr8/avr8-gnu-toolchain/bin/../lib/gcc/avr/5.4.0/../../../../avr/lib/avr6\libm.a(mulsf3.o)
                0x00007cd8                __mulsf3
 .text.avr-libc.fplib
                0x00007cdc       0xc2 c:/program files (x86)/atmel/studio/7.0/toolchain/avr8/avr8-gnu-toolchain/bin/../lib/gcc/avr/5.4.0/../../../../avr/lib/avr6\libm.a(mulsf3x.o)
                0x00007cf0                __mulsf3x
                0x00007cf4                __mulsf3_pse
 .text.libgcc.mul
                0x00007d9e       0x1e c:/program files (x86)/atmel/studio/7.0/toolchain/avr8/avr8-gnu-toolchain/bin/../lib/gcc/avr/5.4.0/avr6\libgcc.a(_mulsi3.o)
                0x00007d9e                __mulsi3
 .text.libgcc.div
                0x00007dbc       0x44 c:/program files (x86)/atmel/studio/7.0/toolchain/avr8/avr8-gnu-toolchain/bin/../lib/gcc/avr/5.4.0/avr6\libgcc.a(_udivmodsi4.o)
                0x00007dbc                __udivmodsi4
 .text.libgcc   0x00007e00       0x10 c:/program files (x86)/atmel/studio/7.0/toolchain/avr8/avr8-gnu-toolchain/bin/../lib/gcc/avr/5.4.0/avr6\libgcc.a(_tablejump2.o)
                0x00007e00                __tablejump2__
 .text.libgcc.mul
                0x00007e10       0x1e c:/program files (x86)/atmel/studio/7.0/toolchain/avr8/avr8-gnu-toolchain/bin/../lib/gcc/avr/5.4.0/avr6\libgcc.a(_umulhisi3.o)
                0x00007e10                __umulhisi3
 .text.libgcc.mul
                0x00007e2e       0x14 c:/program files (x86)/atmel/studio/7.0/toolchain/avr8/avr8-gnu-toolchain/bin/../lib/gcc/avr/5.4.0/avr6\libgcc.a(_muluhisi3.o)
                0x00007e2e                __muluhisi3
 .text.avr-libc
                0x00007e42       0x34 c:/program files (x86)/atmel/studio/7.0/toolchain/avr8/avr8-gnu-toolchain/bin/../lib/gcc/avr/5.4.0/../../../../avr/lib/avr6\libc.a(calloc.o)
                0x00007e42                calloc
 .text.avr-libc
                0x00007e76      0x242 c:/program files (x86)/atmel/studio/7.0/toolchain/avr8/avr8-gnu-toolchain/bin/../lib/gcc/avr/5.4.0/../../../../avr/lib/avr6\libc.a(malloc.o)
                0x00007e76                malloc
                0x00007fa6                free
 .text.avr-libc
                0x000080b8       0x3a c:/program files (x86)/atmel/studio/7.0/toolchain/avr8/avr8-gnu-toolchain/bin/../lib/gcc/avr/5.4.0/../../../../avr/lib/avr6\libc.a(atoi.o)
                0x000080b8                atoi
 .text.avr-libc
                0x000080f2        0x6 c:/program files (x86)/atmel/studio/7.0/toolchain/avr8/avr8-gnu-toolchain/bin/../lib/gcc/avr/5.4.0/../../../../avr/lib/avr6\libc.a(strtok.o)
                0x000080f2                strtok
 .text.avr-libc
                0x000080f8        0xe c:/program files (x86)/atmel/studio/7.0/toolchain/avr8/avr8-gnu-toolchain/bin/../lib/gcc/avr/5.4.0/../../../../avr/lib/avr6\libc.a(memset.o)
                0x000080f8                memset
 .text.avr-libc
                0x00008106       0x16 c:/program files (x86)/atmel/studio/7.0/toolchain/avr8/avr8-gnu-toolchain/bin/../lib/gcc/avr/5.4.0/../../../../avr/lib/avr6\libc.a(strcat.o)
                0x00008106                strcat
 .text.avr-libc
                0x0000811c       0x12 c:/program files (x86)/atmel/studio/7.0/toolchain/avr8/avr8-gnu-toolchain/bin/../lib/gcc/avr/5.4.0/../../../../avr/lib/avr6\libc.a(strcmp.o)
                0x0000811c                strcmp
 .text.avr-libc
                0x0000812e        0xe c:/program files (x86)/atmel/studio/7.0/toolchain/avr8/avr8-gnu-toolchain/bin/../lib/gcc/avr/5.4.0/../../../../avr/lib/avr6\libc.a(strcpy.o)
                0x0000812e                strcpy
 .text.avr-libc
                0x0000813c       0x4e c:/program files (x86)/atmel/studio/7.0/toolchain/avr8/avr8-gnu-toolchain/bin/../lib/gcc/avr/5.4.0/../../../../avr/lib/avr6\libc.a(strtok_r.o)
                0x0000813c                strtok_r
 .text.avr-libc
                0x0000818a       0x14 c:/program files (x86)/atmel/studio/7.0/toolchain/avr8/avr8-gnu-toolchain/bin/../lib/gcc/avr/5.4.0/../../../../avr/lib/avr6\libc.a(itoa_ncheck.o)
                0x0000818a                __itoa_ncheck
 .text.avr-libc
                0x0000819e       0x10 c:/program files (x86)/atmel/studio/7.0/toolchain/avr8/avr8-gnu-toolchain/bin/../lib/gcc/avr/5.4.0/../../../../avr/lib/avr6\libc.a(mul10.o)
                0x0000819e                __mulhi_const_10
 .text.avr-libc
                0x000081ae       0x32 c:/program files (x86)/atmel/studio/7.0/toolchain/avr8/avr8-gnu-toolchain/bin/../lib/gcc/avr/5.4.0/../../../../avr/lib/avr6\libc.a(utoa_ncheck.o)
                0x000081ae                __utoa_ncheck
                0x000081b0                __utoa_common
 .text.avr-libc
                0x000081e0       0x20 c:/program files (x86)/atmel/studio/7.0/toolchain/avr8/avr8-gnu-toolchain/bin/../lib/gcc/avr/5.4.0/../../../../avr/lib/avr6\libc.a(strrev.o)
                0x000081e0                strrev
                0x00008200                . = ALIGN (0x2)
 *(.fini9)
 .fini9         0x00008200        0x0 c:/program files (x86)/atmel/studio/7.0/toolchain/avr8/avr8-gnu-toolchain/bin/../lib/gcc/avr/5.4.0/avr6\libgcc.a(_exit.o)
                0x00008200                _exit
                0x00008200                exit
 *(.fini9)
 *(.fini8)
 *(.fini8)
 *(.fini7)
 *(.fini7)
 *(.fini6)
 *(.fini6)
 *(.fini5)
 *(.fini5)
 *(.fini4)
 *(.fini4)
 *(.fini3)
 *(.fini3)
 *(.fini2)
 *(.fini2)
 *(.fini1)
 *(.fini1)
 *(.fini0)
 .fini0         0x00008200        0x4 c:/program files (x86)/atmel/studio/7.0/toolchain/avr8/avr8-gnu-toolchain/bin/../lib/gcc/avr/5.4.0/avr6\libgcc.a(_exit.o)
 *(.fini0)
                0x00008204                _etext = .

.data           0x00800200      0x5e4 load address 0x00008204
                0x00800200                PROVIDE (__data_start, .)
 *(.data)
 .data          0x00800200        0x6 c:/program files (x86)/atmel/studio/7.0/toolchain/avr8/avr8-gnu-toolchain/bin/../lib/gcc/avr/5.4.0/../../../../avr/lib/avr6\libc.a(malloc.o)
                0x00800200                __malloc_heap_end
                0x00800202                __malloc_heap_start
                0x00800204                __malloc_margin
 *(.data*)
 *(.gnu.linkonce.d*)
 *(.rodata)
 .rodata        0x00800206       0x30 Cocktail_functions.o
 *(.rodata*)
 .rodata.str1.1
                0x00800236      0x2e8 Cocktail_functions.o
                                0x2fe (size before relaxing)
 .rodata.str1.1
                0x0080051e       0xe2 Cocktail_Statemachine.o
                                0x128 (size before relaxing)
 .rodata.str1.1
                0x00800600       0x15 Getraenk.o
                                 0x28 (size before relaxing)
 .rodata.str1.1
                0x00800615        0x4 TAGS.o
 .rodata.str1.1
                0x00800619        0xb Zutaten.o
 .rodata.str1.1
                0x00800619       0x74 Main_Func.o
                                 0x83 (size before relaxing)
 .rodata.str1.1
                0x0080068d       0x2f Nextion_Display.o
                                 0x31 (size before relaxing)
 .rodata.str1.1
                0x008006bc      0x128 FAT32.o
 *(.gnu.linkonce.r*)
                0x008007e4                . = ALIGN (0x2)
                0x008007e4                _edata = .
                0x008007e4                PROVIDE (__data_end, .)

.bss            0x008007e4      0xde8
                0x008007e4                PROVIDE (__bss_start, .)
 *(.bss)
 .bss           0x008007e4        0x2 c:/program files (x86)/atmel/studio/7.0/toolchain/avr8/avr8-gnu-toolchain/bin/../lib/gcc/avr/5.4.0/../../../../avr/lib/avr6\libc.a(strtok.o)
 *(.bss*)
 .bss.count.3114
                0x008007e6        0x4 Cocktail_functions.o
 .bss.oldval.3113
                0x008007ea        0x1 Cocktail_functions.o
 .bss.cntr_End_UART_2
                0x008007eb        0x1 main.o
                0x008007eb                cntr_End_UART_2
 .bss.cntr_UART_2
                0x008007ec        0x1 main.o
                0x008007ec                cntr_UART_2
 .bss.cntr_End_UART_1
                0x008007ed        0x1 main.o
                0x008007ed                cntr_End_UART_1
 .bss.cntr_UART_1
                0x008007ee        0x1 main.o
                0x008007ee                cntr_UART_1
 .bss.cntr_End_UART_0
                0x008007ef        0x1 main.o
                0x008007ef                cntr_End_UART_0
 .bss.cntr_UART_0
                0x008007f0        0x1 main.o
                0x008007f0                cntr_UART_0
 *(COMMON)
 COMMON         0x008007f1      0x714 LED.o
                0x008007f1                rb_tx_PC
                0x008008f2                rainbow_i
                0x008008f4                ptr_tx_completed_1
                0x008008f6                state
                0x008008f8                light
                0x008008f9                rb_rx_ESP
                0x008009fa                rb_rx_Display
                0x00800afb                ptr_tx_completed_2
                0x00800afd                rb_tx_RFID
                0x00800bfe                ptr_tx_completed_3
                0x00800c00                rb_rx_PC
                0x00800d01                rb_tx_ESP
                0x00800e02                rb_rx_RFID
                0x00800f03                ptr_tx_completed_0
 COMMON         0x00800f05      0x2c1 Cocktail_functions.o
                0x00800f05                head_zutat_file
                0x00800f07                tail_getraenk_file
                0x00800f09                head_zut_in_Maschine
                0x00800f0b                head_getraenk
                0x00800f0d                head_getraenk_file_2
                0x00800f0f                Liste
                0x00800f10                aktuelleZutatInMaschine
                0x00800f12                tail_getraenk
                0x00800f14                head_tag
                0x00800f16                appendFileLocation
                0x00800f1a                aktuelle_zutat
                0x00800f1c                tail_zutat_file
                0x00800f1e                fileName
                0x00800f2b                firstDataSector
                0x00800f2f                fileSize
                0x00800f33                bytesPerSector
                0x00800f35                i_Liste_test_cnt
                0x00800f36                totalClusters
                0x00800f3a                option
                0x00800f3b                tail_getraenk_file_2
                0x00800f3d                aktuellesGetraenk_file
                0x00800f3f                head_getraenk_file
                0x00800f41                Grossschreib
                0x00800f42                rootCluster
                0x00800f46                block_list_runter
                0x00800f47                aktuellesGetraenk_file_2
                0x00800f49                startBlock
                0x00800f4d                aktueller_tag
                0x00800f4f                i
                0x00800f51                address_Standardwiederherstellung
                0x00800f53                tail_tag
                0x00800f55                buffer
                0x00801155                externes_Getraenk_flag
                0x00801156                SPI_Slave
                0x00801157                sectorPerCluster
                0x00801159                block_list_hoch
                0x0080115a                unusedSectors
                0x0080115e                SDHC_flag
                0x0080115f                counter
                0x00801160                totalBlocks
                0x00801164                tail_zut_in_Maschine
                0x00801166                data
                0x00801167                buff_name
                0x0080117c                reservedSectorCount
                0x0080117e                aktuelles_zutat_file
                0x00801180                address_getraenk
                0x00801182                appendStartCluster
                0x00801186                cardType
                0x00801187                error
                0x00801188                gui_pages
                0x00801189                i_Liste
                0x0080118a                i_Liste_test
                0x008011bc                freeClusterCountUpdated
                0x008011bd                stop
                0x008011be                FAT32_active
                0x008011bf                appendFileSector
                0x008011c3                aktuellesGetraenk
                0x008011c5                SPI_State
 COMMON         0x008011c6      0x402 main.o
                0x008011c6                INPUT_UART_0
                0x008012c6                INPUT_UART_3
                0x008013c6                INPUT_UART_1
                0x008014c6                ptr_Uart_1
                0x008014c8                INPUT_UART_2
 COMMON         0x008015c8        0x4 c:/program files (x86)/atmel/studio/7.0/toolchain/avr8/avr8-gnu-toolchain/bin/../lib/gcc/avr/5.4.0/../../../../avr/lib/avr6\libc.a(malloc.o)
                0x008015c8                __brkval
                0x008015ca                __flp
                0x008015cc                PROVIDE (__bss_end, .)
                0x00008204                __data_load_start = LOADADDR (.data)
                0x000087e8                __data_load_end = (__data_load_start + SIZEOF (.data))

.noinit         0x008015cc        0x0
                [!provide]                PROVIDE (__noinit_start, .)
 *(.noinit*)
                [!provide]                PROVIDE (__noinit_end, .)
                0x008015cc                _end = .
                0x008015cc                PROVIDE (__heap_start, .)

.eeprom         0x00810000        0x0
 *(.eeprom*)
                0x00810000                __eeprom_end = .

.fuse
 *(.fuse)
 *(.lfuse)
 *(.hfuse)
 *(.efuse)

.lock
 *(.lock*)

.signature
 *(.signature*)

.user_signatures
 *(.user_signatures*)

.stab
 *(.stab)

.stabstr
 *(.stabstr)

.stab.excl
 *(.stab.excl)

.stab.exclstr
 *(.stab.exclstr)

.stab.index
 *(.stab.index)

.stab.indexstr
 *(.stab.indexstr)

.comment        0x00000000       0x30
 *(.comment)
 .comment       0x00000000       0x30 LED.o
                                 0x31 (size before relaxing)
 .comment       0x00000030       0x31 Cocktail_functions.o
 .comment       0x00000030       0x31 Cocktail_Statemachine.o
 .comment       0x00000030       0x31 Getraenk.o
 .comment       0x00000030       0x31 TAGS.o
 .comment       0x00000030       0x31 Zutaten.o
 .comment       0x00000030       0x31 Main_Func.o
 .comment       0x00000030       0x31 Nextion_Display.o
 .comment       0x00000030       0x31 ring_buffer.o
 .comment       0x00000030       0x31 FAT32.o
 .comment       0x00000030       0x31 SD_routines.o
 .comment       0x00000030       0x31 SPI.o
 .comment       0x00000030       0x31 UART.o
 .comment       0x00000030       0x31 main.o
 .comment       0x00000030       0x31 c:/program files (x86)/atmel/studio/7.0/toolchain/avr8/avr8-gnu-toolchain/bin/../lib/gcc/avr/5.4.0/../../../../avr/lib/avr6\libc.a(calloc.o)
 .comment       0x00000030       0x31 c:/program files (x86)/atmel/studio/7.0/toolchain/avr8/avr8-gnu-toolchain/bin/../lib/gcc/avr/5.4.0/../../../../avr/lib/avr6\libc.a(malloc.o)
 .comment       0x00000030       0x31 c:/program files (x86)/atmel/studio/7.0/toolchain/avr8/avr8-gnu-toolchain/bin/../lib/gcc/avr/5.4.0/../../../../avr/lib/avr6\libc.a(strtok.o)

.note.gnu.avr.deviceinfo
                0x00000000       0x40
 .note.gnu.avr.deviceinfo
                0x00000000       0x40 C:/Program Files (x86)/Atmel/Studio/7.0/Packs/atmel/ATmega_DFP/1.3.300/gcc/dev/atmega2560/avr6/crtatmega2560.o

.note.gnu.build-id
 *(.note.gnu.build-id)

.debug
 *(.debug)

.line
 *(.line)

.debug_srcinfo
 *(.debug_srcinfo)

.debug_sfnames
 *(.debug_sfnames)

.debug_aranges  0x00000000      0x678
 *(.debug_aranges)
 .debug_aranges
                0x00000000       0x88 LED.o
 .debug_aranges
                0x00000088      0x100 Cocktail_functions.o
 .debug_aranges
                0x00000188      0x100 Cocktail_Statemachine.o
 .debug_aranges
                0x00000288       0x78 Getraenk.o
 .debug_aranges
                0x00000300       0x30 TAGS.o
 .debug_aranges
                0x00000330       0x48 Zutaten.o
 .debug_aranges
                0x00000378       0x88 Main_Func.o
 .debug_aranges
                0x00000400       0x68 Nextion_Display.o
 .debug_aranges
                0x00000468       0x50 ring_buffer.o
 .debug_aranges
                0x000004b8       0x80 FAT32.o
 .debug_aranges
                0x00000538       0x40 SD_routines.o
 .debug_aranges
                0x00000578       0x48 SPI.o
 .debug_aranges
                0x000005c0       0x98 UART.o
 .debug_aranges
                0x00000658       0x20 main.o

.debug_pubnames
 *(.debug_pubnames)

.debug_info     0x00000000     0xfee9
 *(.debug_info .gnu.linkonce.wi.*)
 .debug_info    0x00000000      0xbbc C:/Program Files (x86)/Atmel/Studio/7.0/Packs/atmel/ATmega_DFP/1.3.300/gcc/dev/atmega2560/avr6/crtatmega2560.o
 .debug_info    0x00000bbc      0x39f LED.o
 .debug_info    0x00000f5b     0x3b52 Cocktail_functions.o
 .debug_info    0x00004aad     0x3da9 Cocktail_Statemachine.o
 .debug_info    0x00008856     0x17ab Getraenk.o
 .debug_info    0x0000a001      0x2be TAGS.o
 .debug_info    0x0000a2bf      0xca9 Zutaten.o
 .debug_info    0x0000af68      0x9f3 Main_Func.o
 .debug_info    0x0000b95b      0xb13 Nextion_Display.o
 .debug_info    0x0000c46e      0x360 ring_buffer.o
 .debug_info    0x0000c7ce     0x19c0 FAT32.o
 .debug_info    0x0000e18e      0x812 SD_routines.o
 .debug_info    0x0000e9a0      0x263 SPI.o
 .debug_info    0x0000ec03      0x6d5 UART.o
 .debug_info    0x0000f2d8      0xc11 main.o

.debug_abbrev   0x00000000     0x282d
 *(.debug_abbrev)
 .debug_abbrev  0x00000000      0xb1a C:/Program Files (x86)/Atmel/Studio/7.0/Packs/atmel/ATmega_DFP/1.3.300/gcc/dev/atmega2560/avr6/crtatmega2560.o
 .debug_abbrev  0x00000b1a      0x176 LED.o
 .debug_abbrev  0x00000c90      0x3ce Cocktail_functions.o
 .debug_abbrev  0x0000105e      0x337 Cocktail_Statemachine.o
 .debug_abbrev  0x00001395      0x3c6 Getraenk.o
 .debug_abbrev  0x0000175b      0x122 TAGS.o
 .debug_abbrev  0x0000187d      0x2a6 Zutaten.o
 .debug_abbrev  0x00001b23      0x213 Main_Func.o
 .debug_abbrev  0x00001d36      0x21b Nextion_Display.o
 .debug_abbrev  0x00001f51      0x12a ring_buffer.o
 .debug_abbrev  0x0000207b      0x214 FAT32.o
 .debug_abbrev  0x0000228f      0x154 SD_routines.o
 .debug_abbrev  0x000023e3      0x11c SPI.o
 .debug_abbrev  0x000024ff      0x1fe UART.o
 .debug_abbrev  0x000026fd      0x130 main.o

.debug_line     0x00000000     0x70e0
 *(.debug_line .debug_line.* .debug_line_end)
 .debug_line    0x00000000      0x1f9 C:/Program Files (x86)/Atmel/Studio/7.0/Packs/atmel/ATmega_DFP/1.3.300/gcc/dev/atmega2560/avr6/crtatmega2560.o
 .debug_line    0x000001f9      0x466 LED.o
 .debug_line    0x0000065f     0x1816 Cocktail_functions.o
 .debug_line    0x00001e75     0x1c96 Cocktail_Statemachine.o
 .debug_line    0x00003b0b      0x909 Getraenk.o
 .debug_line    0x00004414      0x195 TAGS.o
 .debug_line    0x000045a9      0x484 Zutaten.o
 .debug_line    0x00004a2d      0x634 Main_Func.o
 .debug_line    0x00005061      0x45b Nextion_Display.o
 .debug_line    0x000054bc      0x21d ring_buffer.o
 .debug_line    0x000056d9      0xc84 FAT32.o
 .debug_line    0x0000635d      0x48d SD_routines.o
 .debug_line    0x000067ea      0x1d6 SPI.o
 .debug_line    0x000069c0      0x412 UART.o
 .debug_line    0x00006dd2      0x30e main.o

.debug_frame    0x00000000     0x1b00
 *(.debug_frame)
 .debug_frame   0x00000000      0x19c LED.o
 .debug_frame   0x0000019c      0x62c Cocktail_functions.o
 .debug_frame   0x000007c8      0x338 Cocktail_Statemachine.o
 .debug_frame   0x00000b00      0x264 Getraenk.o
 .debug_frame   0x00000d64       0x78 TAGS.o
 .debug_frame   0x00000ddc       0xfc Zutaten.o
 .debug_frame   0x00000ed8      0x13c Main_Func.o
 .debug_frame   0x00001014      0x198 Nextion_Display.o
 .debug_frame   0x000011ac       0xdc ring_buffer.o
 .debug_frame   0x00001288      0x3b8 FAT32.o
 .debug_frame   0x00001640       0xdc SD_routines.o
 .debug_frame   0x0000171c       0x74 SPI.o
 .debug_frame   0x00001790      0x34c UART.o
 .debug_frame   0x00001adc       0x24 main.o

.debug_str      0x00000000     0x2775
 *(.debug_str)
 .debug_str     0x00000000      0x3e6 C:/Program Files (x86)/Atmel/Studio/7.0/Packs/atmel/ATmega_DFP/1.3.300/gcc/dev/atmega2560/avr6/crtatmega2560.o
 .debug_str     0x000003e6      0x2ff LED.o
                                0x33d (size before relaxing)
 .debug_str     0x000006e5      0xbf3 Cocktail_functions.o
                                0xef3 (size before relaxing)
 .debug_str     0x000012d8      0x834 Cocktail_Statemachine.o
                               0x1557 (size before relaxing)
 .debug_str     0x00001b0c      0x180 Getraenk.o
                                0xb25 (size before relaxing)
 .debug_str     0x00001c8c       0x68 TAGS.o
                                0x263 (size before relaxing)
 .debug_str     0x00001cf4      0x106 Zutaten.o
                                0x673 (size before relaxing)
 .debug_str     0x00001dfa      0x191 Main_Func.o
                                0x765 (size before relaxing)
 .debug_str     0x00001f8b       0x52 Nextion_Display.o
                                0x5e1 (size before relaxing)
 .debug_str     0x00001fdd       0x5a ring_buffer.o
                                0x206 (size before relaxing)
 .debug_str     0x00002037      0x533 FAT32.o
                                0x931 (size before relaxing)
 .debug_str     0x0000256a       0x69 SD_routines.o
                                0x358 (size before relaxing)
 .debug_str     0x000025d3       0x5d SPI.o
                                0x250 (size before relaxing)
 .debug_str     0x00002630       0x9c UART.o
                                0x384 (size before relaxing)
 .debug_str     0x000026cc       0xa9 main.o
                                0xa28 (size before relaxing)

.debug_loc      0x00000000     0x959d
 *(.debug_loc)
 .debug_loc     0x00000000      0x26f LED.o
 .debug_loc     0x0000026f     0x257c Cocktail_functions.o
 .debug_loc     0x000027eb     0x17be Cocktail_Statemachine.o
 .debug_loc     0x00003fa9     0x10e3 Getraenk.o
 .debug_loc     0x0000508c      0x1f7 TAGS.o
 .debug_loc     0x00005283      0x608 Zutaten.o
 .debug_loc     0x0000588b      0x2dc Main_Func.o
 .debug_loc     0x00005b67      0x6a6 Nextion_Display.o
 .debug_loc     0x0000620d      0x58d ring_buffer.o
 .debug_loc     0x0000679a     0x1e44 FAT32.o
 .debug_loc     0x000085de      0x729 SD_routines.o
 .debug_loc     0x00008d07       0x9d SPI.o
 .debug_loc     0x00008da4      0x7f9 UART.o

.debug_macinfo
 *(.debug_macinfo)

.debug_weaknames
 *(.debug_weaknames)

.debug_funcnames
 *(.debug_funcnames)

.debug_typenames
 *(.debug_typenames)

.debug_varnames
 *(.debug_varnames)

.debug_pubtypes
 *(.debug_pubtypes)

.debug_ranges   0x00000000      0x768
 *(.debug_ranges)
 .debug_ranges  0x00000000       0x78 LED.o
 .debug_ranges  0x00000078      0x200 Cocktail_functions.o
 .debug_ranges  0x00000278       0xf0 Cocktail_Statemachine.o
 .debug_ranges  0x00000368       0xa8 Getraenk.o
 .debug_ranges  0x00000410       0x20 TAGS.o
 .debug_ranges  0x00000430       0x38 Zutaten.o
 .debug_ranges  0x00000468       0xd0 Main_Func.o
 .debug_ranges  0x00000538       0x58 Nextion_Display.o
 .debug_ranges  0x00000590       0x40 ring_buffer.o
 .debug_ranges  0x000005d0       0x98 FAT32.o
 .debug_ranges  0x00000668       0x30 SD_routines.o
 .debug_ranges  0x00000698       0x38 SPI.o
 .debug_ranges  0x000006d0       0x88 UART.o
 .debug_ranges  0x00000758       0x10 main.o

.debug_macro
 *(.debug_macro)
OUTPUT(Mikrocontroller.elf elf32-avr)
LOAD linker stubs
