Archive member included to satisfy reference by file (symbol)

c:/program files (x86)/atmel/studio/7.0/toolchain/avr8/avr8-gnu-toolchain/bin/../lib/gcc/avr/5.4.0/../../../../avr/lib/avr6\libm.a(addsf3.o)
                              LED.o (__subsf3)
c:/program files (x86)/atmel/studio/7.0/toolchain/avr8/avr8-gnu-toolchain/bin/../lib/gcc/avr/5.4.0/../../../../avr/lib/avr6\libm.a(addsf3x.o)
                              c:/program files (x86)/atmel/studio/7.0/toolchain/avr8/avr8-gnu-toolchain/bin/../lib/gcc/avr/5.4.0/../../../../avr/lib/avr6\libm.a(addsf3.o) (__addsf3x)
c:/program files (x86)/atmel/studio/7.0/toolchain/avr8/avr8-gnu-toolchain/bin/../lib/gcc/avr/5.4.0/../../../../avr/lib/avr6\libm.a(cmpsf2.o)
                              ramp1.o (__ltsf2)
c:/program files (x86)/atmel/studio/7.0/toolchain/avr8/avr8-gnu-toolchain/bin/../lib/gcc/avr/5.4.0/../../../../avr/lib/avr6\libm.a(divsf3.o)
                              ramp1.o (__divsf3)
c:/program files (x86)/atmel/studio/7.0/toolchain/avr8/avr8-gnu-toolchain/bin/../lib/gcc/avr/5.4.0/../../../../avr/lib/avr6\libm.a(divsf3x.o)
                              c:/program files (x86)/atmel/studio/7.0/toolchain/avr8/avr8-gnu-toolchain/bin/../lib/gcc/avr/5.4.0/../../../../avr/lib/avr6\libm.a(divsf3.o) (__divsf3x)
c:/program files (x86)/atmel/studio/7.0/toolchain/avr8/avr8-gnu-toolchain/bin/../lib/gcc/avr/5.4.0/../../../../avr/lib/avr6\libm.a(fixsfsi.o)
                              ramp1.o (__fixsfsi)
c:/program files (x86)/atmel/studio/7.0/toolchain/avr8/avr8-gnu-toolchain/bin/../lib/gcc/avr/5.4.0/../../../../avr/lib/avr6\libm.a(fixunssfsi.o)
                              LED.o (__fixunssfsi)
c:/program files (x86)/atmel/studio/7.0/toolchain/avr8/avr8-gnu-toolchain/bin/../lib/gcc/avr/5.4.0/../../../../avr/lib/avr6\libm.a(floatsisf.o)
                              Main_Func.o (__floatunsisf)
c:/program files (x86)/atmel/studio/7.0/toolchain/avr8/avr8-gnu-toolchain/bin/../lib/gcc/avr/5.4.0/../../../../avr/lib/avr6\libm.a(fp_cmp.o)
                              c:/program files (x86)/atmel/studio/7.0/toolchain/avr8/avr8-gnu-toolchain/bin/../lib/gcc/avr/5.4.0/../../../../avr/lib/avr6\libm.a(cmpsf2.o) (__fp_cmp)
c:/program files (x86)/atmel/studio/7.0/toolchain/avr8/avr8-gnu-toolchain/bin/../lib/gcc/avr/5.4.0/../../../../avr/lib/avr6\libm.a(fp_inf.o)
                              c:/program files (x86)/atmel/studio/7.0/toolchain/avr8/avr8-gnu-toolchain/bin/../lib/gcc/avr/5.4.0/../../../../avr/lib/avr6\libm.a(addsf3x.o) (__fp_inf)
c:/program files (x86)/atmel/studio/7.0/toolchain/avr8/avr8-gnu-toolchain/bin/../lib/gcc/avr/5.4.0/../../../../avr/lib/avr6\libm.a(fp_nan.o)
                              c:/program files (x86)/atmel/studio/7.0/toolchain/avr8/avr8-gnu-toolchain/bin/../lib/gcc/avr/5.4.0/../../../../avr/lib/avr6\libm.a(addsf3x.o) (__fp_nan)
c:/program files (x86)/atmel/studio/7.0/toolchain/avr8/avr8-gnu-toolchain/bin/../lib/gcc/avr/5.4.0/../../../../avr/lib/avr6\libm.a(fp_pscA.o)
                              c:/program files (x86)/atmel/studio/7.0/toolchain/avr8/avr8-gnu-toolchain/bin/../lib/gcc/avr/5.4.0/../../../../avr/lib/avr6\libm.a(addsf3x.o) (__fp_pscA)
c:/program files (x86)/atmel/studio/7.0/toolchain/avr8/avr8-gnu-toolchain/bin/../lib/gcc/avr/5.4.0/../../../../avr/lib/avr6\libm.a(fp_pscB.o)
                              c:/program files (x86)/atmel/studio/7.0/toolchain/avr8/avr8-gnu-toolchain/bin/../lib/gcc/avr/5.4.0/../../../../avr/lib/avr6\libm.a(addsf3x.o) (__fp_pscB)
c:/program files (x86)/atmel/studio/7.0/toolchain/avr8/avr8-gnu-toolchain/bin/../lib/gcc/avr/5.4.0/../../../../avr/lib/avr6\libm.a(fp_round.o)
                              c:/program files (x86)/atmel/studio/7.0/toolchain/avr8/avr8-gnu-toolchain/bin/../lib/gcc/avr/5.4.0/../../../../avr/lib/avr6\libm.a(addsf3.o) (__fp_round)
c:/program files (x86)/atmel/studio/7.0/toolchain/avr8/avr8-gnu-toolchain/bin/../lib/gcc/avr/5.4.0/../../../../avr/lib/avr6\libm.a(fp_split3.o)
                              c:/program files (x86)/atmel/studio/7.0/toolchain/avr8/avr8-gnu-toolchain/bin/../lib/gcc/avr/5.4.0/../../../../avr/lib/avr6\libm.a(addsf3x.o) (__fp_split3)
c:/program files (x86)/atmel/studio/7.0/toolchain/avr8/avr8-gnu-toolchain/bin/../lib/gcc/avr/5.4.0/../../../../avr/lib/avr6\libm.a(fp_zero.o)
                              c:/program files (x86)/atmel/studio/7.0/toolchain/avr8/avr8-gnu-toolchain/bin/../lib/gcc/avr/5.4.0/../../../../avr/lib/avr6\libm.a(addsf3x.o) (__fp_zero)
c:/program files (x86)/atmel/studio/7.0/toolchain/avr8/avr8-gnu-toolchain/bin/../lib/gcc/avr/5.4.0/../../../../avr/lib/avr6\libm.a(gesf2.o)
                              ramp1.o (__gesf2)
c:/program files (x86)/atmel/studio/7.0/toolchain/avr8/avr8-gnu-toolchain/bin/../lib/gcc/avr/5.4.0/../../../../avr/lib/avr6\libm.a(mulsf3.o)
                              LED.o (__mulsf3)
c:/program files (x86)/atmel/studio/7.0/toolchain/avr8/avr8-gnu-toolchain/bin/../lib/gcc/avr/5.4.0/../../../../avr/lib/avr6\libm.a(mulsf3x.o)
[...]
Memory Configuration

Name             Origin             Length             Attributes
text             0x00000000         0x00100000         xr
data             0x00800200         0x0000fe00         rw !x
eeprom           0x00810000         0x00010000         rw !x
fuse             0x00820000         0x00000003         rw !x
lock             0x00830000         0x00000400         rw !x
signature        0x00840000         0x00000400         rw !x
user_signatures  0x00850000         0x00000400         rw !x
*default*        0x00000000         0xffffffff

Linker script and memory map

Address of section .data set to 0x800200
LOAD C:/Program Files (x86)/Atmel/Studio/7.0/Packs/atmel/ATmega_DFP/1.3.300/gcc/dev/atmega2560/avr6/crtatmega2560.o
LOAD Cocktail_functions.o
LOAD Cocktail_Statemachine.o
LOAD Getraenk.o
LOAD TAGS.o
LOAD Zutaten.o
LOAD LED.o
LOAD Main_Func.o
LOAD Nextion_Display.o
LOAD ring_buffer.o
LOAD FAT32.o
LOAD SD_routines.o
LOAD ramp1.o
LOAD Software_SPI.o
LOAD SPI.o
LOAD tmc4671.o
LOAD TMC6200.o
LOAD UART.o
LOAD main.o
START GROUP
LOAD c:/program files (x86)/atmel/studio/7.0/toolchain/avr8/avr8-gnu-toolchain/bin/../lib/gcc/avr/5.4.0/../../../../avr/lib/avr6\libm.a
END GROUP
START GROUP
LOAD c:/program files (x86)/atmel/studio/7.0/toolchain/avr8/avr8-gnu-toolchain/bin/../lib/gcc/avr/5.4.0/avr6\libgcc.a
LOAD c:/program files (x86)/atmel/studio/7.0/toolchain/avr8/avr8-gnu-toolchain/bin/../lib/gcc/avr/5.4.0/../../../../avr/lib/avr6\libm.a
LOAD c:/program files (x86)/atmel/studio/7.0/toolchain/avr8/avr8-gnu-toolchain/bin/../lib/gcc/avr/5.4.0/../../../../avr/lib/avr6\libc.a
LOAD C:/Program Files (x86)/Atmel/Studio/7.0/Packs/atmel/ATmega_DFP/1.3.300/gcc/dev/atmega2560/avr6\libatmega2560.a
END GROUP
                0x00000000                __TEXT_REGION_ORIGIN__ = DEFINED (__TEXT_REGION_ORIGIN__)?__TEXT_REGION_ORIGIN__:0x0
                0x00800200                __DATA_REGION_ORIGIN__ = DEFINED (__DATA_REGION_ORIGIN__)?__DATA_REGION_ORIGIN__:0x800200
                0x00100000                __TEXT_REGION_LENGTH__ = DEFINED (__TEXT_REGION_LENGTH__)?__TEXT_REGION_LENGTH__:0x100000
                0x0000fe00                __DATA_REGION_LENGTH__ = DEFINED (__DATA_REGION_LENGTH__)?__DATA_REGION_LENGTH__:0xfe00
                0x00010000                __EEPROM_REGION_LENGTH__ = DEFINED (__EEPROM_REGION_LENGTH__)?__EEPROM_REGION_LENGTH__:0x10000
                [0x00000003]                __FUSE_REGION_LENGTH__ = DEFINED (__FUSE_REGION_LENGTH__)?__FUSE_REGION_LENGTH__:0x400
                0x00000400                __LOCK_REGION_LENGTH__ = DEFINED (__LOCK_REGION_LENGTH__)?__LOCK_REGION_LENGTH__:0x400
                0x00000400                __SIGNATURE_REGION_LENGTH__ = DEFINED (__SIGNATURE_REGION_LENGTH__)?__SIGNATURE_REGION_LENGTH__:0x400
                0x00000400                __USER_SIGNATURE_REGION_LENGTH__ = DEFINED (__USER_SIGNATURE_REGION_LENGTH__)?__USER_SIGNATURE_REGION_LENGTH__:0x400

.hash
 *(.hash)

.dynsym
 *(.dynsym)

.dynstr
 *(.dynstr)

.gnu.version
 *(.gnu.version)

.gnu.version_d
 *(.gnu.version_d)

.gnu.version_r
 *(.gnu.version_r)

.rel.init
 *(.rel.init)

.rela.init
 *(.rela.init)

.rel.text
 *(.rel.text)
 *(.rel.text.*)
 *(.rel.gnu.linkonce.t*)

.rela.text
 *(.rela.text)
 *(.rela.text.*)
 *(.rela.gnu.linkonce.t*)

.rel.fini
 *(.rel.fini)

.rela.fini
 *(.rela.fini)

.rel.rodata
 *(.rel.rodata)
 *(.rel.rodata.*)
 *(.rel.gnu.linkonce.r*)

.rela.rodata
 *(.rela.rodata)
 *(.rela.rodata.*)
 *(.rela.gnu.linkonce.r*)

.rel.data
 *(.rel.data)
 *(.rel.data.*)
 *(.rel.gnu.linkonce.d*)

.rela.data
 *(.rela.data)
 *(.rela.data.*)
 *(.rela.gnu.linkonce.d*)

.rel.ctors
 *(.rel.ctors)

.rela.ctors
 *(.rela.ctors)

.rel.dtors
 *(.rel.dtors)

.rela.dtors
 *(.rela.dtors)

.rel.got
 *(.rel.got)

.rela.got
 *(.rela.got)

.rel.bss
 *(.rel.bss)

.rela.bss
 *(.rela.bss)

.rel.plt
 *(.rel.plt)

.rela.plt
 *(.rela.plt)

.text           0x00000000     0xb80a
 *(.vectors)
 .vectors       0x00000000       0xe4 C:/Program Files (x86)/Atmel/Studio/7.0/Packs/atmel/ATmega_DFP/1.3.300/gcc/dev/atmega2560/avr6/crtatmega2560.o
                0x00000000                __vector_default
                0x00000000                __vectors
 *(.vectors)
 *(.progmem.gcc*)
 .progmem.gcc_sw_table.schalte_pumpe_ein
                0x000000e4       0x18 Cocktail_functions.o
 .progmem.gcc_sw_table.schalte_pumpe_aus
                0x000000fc       0x18 Cocktail_functions.o
 .progmem.gcc_sw_table.lese_sensor
                0x00000114       0x18 Cocktail_functions.o
 .progmem.gcc_sw_table.check_startseite
                0x0000012c       0x10 Cocktail_Statemachine.o
 .progmem.gcc_sw_table.check_listenanzeige
                0x0000013c       0x12 Cocktail_Statemachine.o
 .progmem.gcc_sw_table.check_menuanzeige
                0x0000014e       0x10 Cocktail_Statemachine.o
 .progmem.gcc_sw_table.check_bearbeitungsanzeige
                0x0000015e       0x14 Cocktail_Statemachine.o
 .progmem.gcc_sw_table.check_ceinstanzeige
                0x00000172       0x14 Cocktail_Statemachine.o
 .progmem.gcc_sw_table.check_erstanzeige1
                0x00000186       0x3e Cocktail_Statemachine.o
 .progmem.gcc_sw_table.check_posanzeige
                0x000001c4       0x1c Cocktail_Statemachine.o
 .progmem.gcc_sw_table.check_fluessanzeige1
                0x000001e0       0x16 Cocktail_Statemachine.o
 .progmem.gcc_sw_table.check_RFIDAnzeige1
                0x000001f6       0x12 Cocktail_Statemachine.o
 .progmem.gcc_sw_table.check_RFIDAnzeige2
                0x00000208       0x12 Cocktail_Statemachine.o
 .progmem.gcc_sw_table.check_LED
                0x0000021a       0x10 Cocktail_Statemachine.o
 .progmem.gcc_sw_table.cocktail_check_command
                0x0000022a       0x38 Cocktail_Statemachine.o
                0x00000262                . = ALIGN (0x2)
                0x00000262                __trampolines_start = .
 *(.trampolines)
 .trampolines   0x00000262        0x0 linker stubs
 *(.trampolines*)
                0x00000262                __trampolines_end = .
 *libprintf_flt.a:*(.progmem.data)
 *libc.a:*(.progmem.data)
 *(.progmem*)
                0x00000262                . = ALIGN (0x2)
 *(.jumptables)
 *(.jumptables*)
 *(.lowtext)
 *(.lowtext*)
                0x00000262                __ctors_start = .
 *(.ctors)
                0x00000262                __ctors_end = .
                0x00000262                __dtors_start = .
 *(.dtors)
                0x00000262                __dtors_end = .
 SORT(*)(.ctors)
 SORT(*)(.dtors)
 *(.init0)
 .init0         0x00000262        0x0 C:/Program Files (x86)/Atmel/Studio/7.0/Packs/atmel/ATmega_DFP/1.3.300/gcc/dev/atmega2560/avr6/crtatmega2560.o
                0x00000262                __init
 *(.init0)
 *(.init1)
 *(.init1)
 *(.init2)
 .init2         0x00000262       0x10 C:/Program Files (x86)/Atmel/Studio/7.0/Packs/atmel/ATmega_DFP/1.3.300/gcc/dev/atmega2560/avr6/crtatmega2560.o
 *(.init2)
 *(.init3)
 *(.init3)
 *(.init4)
 .init4         0x00000272       0x1a c:/program files (x86)/atmel/studio/7.0/toolchain/avr8/avr8-gnu-toolchain/bin/../lib/gcc/avr/5.4.0/avr6\libgcc.a(_copy_data.o)
                0x00000272                __do_copy_data
 .init4         0x0000028c       0x10 c:/program files (x86)/atmel/studio/7.0/toolchain/avr8/avr8-gnu-toolchain/bin/../lib/gcc/avr/5.4.0/avr6\libgcc.a(_clear_bss.o)
                0x0000028c                __do_clear_bss
 *(.init4)
 *(.init5)
 *(.init5)
 *(.init6)
 *(.init6)
 *(.init7)
 *(.init7)
 *(.init8)
 *(.init8)
 *(.init9)
 .init9         0x0000029c        0x8 C:/Program Files (x86)/Atmel/Studio/7.0/Packs/atmel/ATmega_DFP/1.3.300/gcc/dev/atmega2560/avr6/crtatmega2560.o
 *(.init9)
 *(.text)
 .text          0x000002a4        0x2 C:/Program Files (x86)/Atmel/Studio/7.0/Packs/atmel/ATmega_DFP/1.3.300/gcc/dev/atmega2560/avr6/crtatmega2560.o
                0x000002a4                __vector_38
                0x000002a4                __vector_22
                0x000002a4                __vector_28
                0x000002a4                __vector_1
                0x000002a4                __vector_34
                0x000002a4                __vector_24
                0x000002a4                __vector_12
                0x000002a4                __vector_46
                0x000002a4                __bad_interrupt
                0x000002a4                __vector_6
                0x000002a4                __vector_31
                0x000002a4                __vector_35
                0x000002a4                __vector_39
                0x000002a4                __vector_3
                0x000002a4                __vector_23
                0x000002a4                __vector_30
                0x000002a4                __vector_45
                0x000002a4                __vector_11
                0x000002a4                __vector_19
                0x000002a4                __vector_56
                0x000002a4                __vector_7
                0x000002a4                __vector_49
                0x000002a4                __vector_41
                0x000002a4                __vector_27
                0x000002a4                __vector_5
                0x000002a4                __vector_37
                0x000002a4                __vector_4
                0x000002a4                __vector_44
                0x000002a4                __vector_9
                0x000002a4                __vector_2
                0x000002a4                __vector_15
                0x000002a4                __vector_29
                0x000002a4                __vector_40
                0x000002a4                __vector_8
                0x000002a4                __vector_26
                0x000002a4                __vector_14
                0x000002a4                __vector_53
                0x000002a4                __vector_10
                0x000002a4                __vector_50
                0x000002a4                __vector_16
                0x000002a4                __vector_20
                0x000002a6                . = ALIGN (0x2)
 *(.text.*)
 .text.schreibe_Menge_in_Getraenk
                0x000002a6      0x284 Cocktail_functions.o
                0x000002a6                schreibe_Menge_in_Getraenk
 .text.schalte_pumpe_ein
                0x0000052a       0x6e Cocktail_functions.o
                0x0000052a                schalte_pumpe_ein
 .text.schalte_pumpe_aus
                0x00000598       0x6e Cocktail_functions.o
                0x00000598                schalte_pumpe_aus
 .text.lese_sensor
                0x00000606       0x74 Cocktail_functions.o
                0x00000606                lese_sensor
 .text.erstelle_Liste_zutat
                0x0000067a      0x366 Cocktail_functions.o
                0x0000067a                erstelle_Liste_zutat
 .text.setze_startanzeige
                0x000009e0       0xae Cocktail_functions.o
                0x000009e0                setze_startanzeige
 .text.fuelle_getraenk
                0x00000a8e      0x380 Cocktail_functions.o
                0x00000a8e                fuelle_getraenk
 .text.zubereitung_getraenk
                0x00000e0e       0x70 Cocktail_functions.o
                0x00000e0e                zubereitung_getraenk
 .text.erstelle_Zutatenliste
                0x00000e7e      0x21a Cocktail_functions.o
                0x00000e7e                erstelle_Zutatenliste
 .text.lese_textfile_in_getraenk
                0x00001098      0x29a Cocktail_functions.o
                0x00001098                lese_textfile_in_getraenk
 .text.bearbeite_Cocktail
                0x00001332       0xa2 Cocktail_functions.o
                0x00001332                bearbeite_Cocktail
 .text.choose_aktuellesGetraenk
                0x000013d4       0x46 Cocktail_functions.o
                0x000013d4                choose_aktuellesGetraenk
 .text.schreibe_Getraenk_in_tag
                0x0000141a      0x1ce Cocktail_functions.o
                0x0000141a                schreibe_Getraenk_in_tag
 .text.erstelle_Liste_name
                0x000015e8      0x17a Cocktail_functions.o
                0x000015e8                erstelle_Liste_name
 .text.schiebe_file_next
                0x00001762       0x62 Cocktail_functions.o
                0x00001762                schiebe_file_next
 .text.schiebe_file_prev
                0x000017c4       0x62 Cocktail_functions.o
                0x000017c4                schiebe_file_prev
 .text.SD_startup
                0x00001826       0xe2 Cocktail_functions.o
                0x00001826                SD_startup
 .text.erstelle_File
                0x00001908      0x384 Cocktail_functions.o
                0x00001908                erstelle_File
 .text.loesche_FIle
                0x00001c8c       0x66 Cocktail_functions.o
                0x00001c8c                loesche_FIle
 .text.lese_textfile_in_zutat
                0x00001cf2      0x15a Cocktail_functions.o
                0x00001cf2                lese_textfile_in_zutat
 .text.erstelle_Liste_Zutat_Pos
                0x00001e4c      0x34e Cocktail_functions.o
                0x00001e4c                erstelle_Liste_Zutat_Pos
 .text.setze_Posanzeige_Rot_Gruen
                0x0000219a      0x10c Cocktail_functions.o
                0x0000219a                setze_Posanzeige_Rot_Gruen
 .text.setze_aktuelle_Zutat_in_Maschine_prev
                0x000022a6       0x36 Cocktail_functions.o
                0x000022a6                setze_aktuelle_Zutat_in_Maschine_prev
 .text.send_List_Getraenke
                0x000022dc      0x1a4 Cocktail_functions.o
                0x000022dc                send_List_Getraenke
 .text.send_List_Zutaten
                0x00002480      0x16a Cocktail_functions.o
                0x00002480                send_List_Zutaten
 .text.ESP_Getraenk
                0x000025ea       0xee Cocktail_functions.o
                0x000025ea                ESP_Getraenk
 .text.Getraenk_erstellt
                0x000026d8      0x398 Cocktail_functions.o
                0x000026d8                Getraenk_erstellt
 .text.free_list_getraenke
                0x00002a70       0x68 Cocktail_functions.o
                0x00002a70                free_list_getraenke
 .text.renew_list
                0x00002ad8       0xba Cocktail_functions.o
                0x00002ad8                renew_list
 .text.setze_standardeinstellungen
                0x00002b92      0x2ce Cocktail_functions.o
                0x00002b92                setze_standardeinstellungen
 .text.write_M_file
                0x00002e60      0x2be Cocktail_functions.o
                0x00002e60                write_M_file
 .text.setze_Fluessgkeit_in_Position
                0x0000311e      0x244 Cocktail_functions.o
                0x0000311e                setze_Fluessgkeit_in_Position
 .text.setze_Fluessgkeit_in_Position_Aussen
                0x00003362      0x3f0 Cocktail_functions.o
                0x00003362                setze_Fluessgkeit_in_Position_Aussen
 .text.begin_erstelle_Liste_Zutat_Pos
                0x00003752       0x94 Cocktail_functions.o
                0x00003752                begin_erstelle_Liste_Zutat_Pos
 .text.check_startseite
                0x000037e6      0x260 Cocktail_Statemachine.o
                0x000037e6                check_startseite
 .text.check_zutatenanzeige
                0x00003a46       0x2c Cocktail_Statemachine.o
                0x00003a46                check_zutatenanzeige
 .text.check_listenanzeige
                0x00003a72      0x1d4 Cocktail_Statemachine.o
                0x00003a72                check_listenanzeige
 .text.check_zubabfrage
                0x00003c46       0x36 Cocktail_Statemachine.o
                0x00003c46                check_zubabfrage
 .text.check_zubbildschirm
                0x00003c7c        0xa Cocktail_Statemachine.o
                0x00003c7c                check_zubbildschirm
 .text.check_menuanzeige
                0x00003c86      0x2aa Cocktail_Statemachine.o
                0x00003c86                check_menuanzeige
 .text.check_bearbeitungsanzeige
                0x00003f30      0x126 Cocktail_Statemachine.o
                0x00003f30                check_bearbeitungsanzeige
 .text.check_ceinstanzeige
                0x00004056      0x23e Cocktail_Statemachine.o
                0x00004056                check_ceinstanzeige
 .text.check_reinanzeige1
                0x00004294       0x1a Cocktail_Statemachine.o
                0x00004294                check_reinanzeige1
 .text.check_reinanzeige2
                0x000042ae       0x8c Cocktail_Statemachine.o
                0x000042ae                check_reinanzeige2
 .text.check_reinanzeige3
                0x0000433a       0x12 Cocktail_Statemachine.o
                0x0000433a                check_reinanzeige3
 .text.check_infoanzeige
                0x0000434c        0xc Cocktail_Statemachine.o
                0x0000434c                check_infoanzeige
 .text.check_erstanzeige1
                0x00004358      0x8aa Cocktail_Statemachine.o
                0x00004358                check_erstanzeige1
 .text.check_erstanzeige2
                0x00004c02      0x296 Cocktail_Statemachine.o
                0x00004c02                check_erstanzeige2
 .text.check_loeschanzeige
                0x00004e98      0x112 Cocktail_Statemachine.o
                0x00004e98                check_loeschanzeige
 .text.check_posanzeige
                0x00004faa       0xec Cocktail_Statemachine.o
                0x00004faa                check_posanzeige
 .text.check_fluessanzeige1
                0x00005096      0x1ca Cocktail_Statemachine.o
                0x00005096                check_fluessanzeige1
 .text.check_fluessanzeige2
                0x00005260      0x166 Cocktail_Statemachine.o
                0x00005260                check_fluessanzeige2
 .text.check_fluessanzeige3
                0x000053c6      0x2f4 Cocktail_Statemachine.o
                0x000053c6                check_fluessanzeige3
 .text.check_fluessanzeige4
                0x000056ba       0x46 Cocktail_Statemachine.o
                0x000056ba                check_fluessanzeige4
 .text.check_RFIDAnzeige1
                0x00005700      0x63c Cocktail_Statemachine.o
                0x00005700                check_RFIDAnzeige1
 .text.check_RFIDAnzeige2
                0x00005d3c       0xae Cocktail_Statemachine.o
                0x00005d3c                check_RFIDAnzeige2
 .text.check_RFIDFehler
                0x00005dea       0x12 Cocktail_Statemachine.o
                0x00005dea                check_RFIDFehler
 .text.check_ESP32
                0x00005dfc       0x2e Cocktail_Statemachine.o
                0x00005dfc                check_ESP32
 .text.check_LED
                0x00005e2a      0x1ce Cocktail_Statemachine.o
                0x00005e2a                check_LED
 .text.cocktail_check_command
                0x00005ff8       0xda Cocktail_Statemachine.o
                0x00005ff8                cocktail_check_command
 .text.check_existence
                0x000060d2      0x1e6 Getraenk.o
                0x000060d2                check_existence
 .text.create_new_getraenk
                0x000062b8       0xe2 Getraenk.o
                0x000062b8                create_new_getraenk
 .text.create_new_getraenk_file
                0x0000639a       0x18 Getraenk.o
                0x0000639a                create_new_getraenk_file
 .text.create_new_getraenk_file_2
                0x000063b2       0x18 Getraenk.o
                0x000063b2                create_new_getraenk_file_2
 .text.insert_file_at_head
                0x000063ca       0x56 Getraenk.o
                0x000063ca                insert_file_at_head
 .text.insert_file_at_head_2
                0x00006420       0x56 Getraenk.o
                0x00006420                insert_file_at_head_2
 .text.cocktails_init
                0x00006476      0x110 Getraenk.o
                0x00006476                cocktails_init
 .text.create_new_list_node_file
                0x00006586       0x1e Getraenk.o
                0x00006586                create_new_list_node_file
 .text.insert_list_node_at_head
                0x000065a4       0x56 Getraenk.o
                0x000065a4                insert_list_node_at_head
 .text.create_new_tag
                0x000065fa       0x52 TAGS.o
                0x000065fa                create_new_tag
 .text.insert_tag_at_head
                0x0000664c       0x56 TAGS.o
                0x0000664c                insert_tag_at_head
 .text.RFID_init
                0x000066a2       0x38 TAGS.o
                0x000066a2                RFID_init
 .text.create_zutat
                0x000066da       0x44 Zutaten.o
                0x000066da                create_zutat
 .text.create_neue_zutat_Maschine
                0x0000671e       0x90 Zutaten.o
                0x0000671e                create_neue_zutat_Maschine
 .text.insert_zutat_Maschine_at_head
                0x000067ae       0x50 Zutaten.o
                0x000067ae                insert_zutat_Maschine_at_head
 .text.create_new_zutat_file
                0x000067fe       0x18 Zutaten.o
                0x000067fe                create_new_zutat_file
 .text.insert_zutat_file_at_head
                0x00006816       0x50 Zutaten.o
                0x00006816                insert_zutat_file_at_head
 .text.zutaten_init
                0x00006866      0x3be Zutaten.o
                0x00006866                zutaten_init
 .text.create_new_list_node_zut_file
                0x00006c24       0x1e Zutaten.o
                0x00006c24                create_new_list_node_zut_file
 .text.insert_zutat_list_node_at_head
                0x00006c42       0x56 Zutaten.o
                0x00006c42                insert_zutat_list_node_at_head
 .text.create_new_list_node_zutMaschine_file
                0x00006c98       0x1e Zutaten.o
                0x00006c98                create_new_list_node_zutMaschine_file
 .text.insert_zutatMaschine_list_node_at_head
                0x00006cb6       0x56 Zutaten.o
                0x00006cb6                insert_zutatMaschine_list_node_at_head
 .text.milliS_timer
                0x00006d0c       0x42 LED.o
                0x00006d0c                milliS_timer
 .text.PWM_init
                0x00006d4e       0x9e LED.o
                0x00006d4e                PWM_init
 .text.init_LED
                0x00006dec       0x1a LED.o
                0x00006dec                init_LED
 .text.__vector_17
                0x00006e06       0x16 LED.o
                0x00006e06                __vector_17
 .text.__vector_18
                0x00006e1c       0x16 LED.o
                0x00006e1c                __vector_18
 .text.__vector_32
                0x00006e32       0x16 LED.o
                0x00006e32                __vector_32
 .text.__vector_33
                0x00006e48       0x16 LED.o
                0x00006e48                __vector_33
 .text.__vector_42
                0x00006e5e       0x16 LED.o
                0x00006e5e                __vector_42
 .text.__vector_43
                0x00006e74       0x16 LED.o
                0x00006e74                __vector_43
 .text.__vector_47
                0x00006e8a       0x16 LED.o
                0x00006e8a                __vector_47
 .text.__vector_48
                0x00006ea0       0x16 LED.o
                0x00006ea0                __vector_48
 .text.rainbow  0x00006eb6      0x1c0 LED.o
                0x00006eb6                rainbow
 .text.__vector_21
                0x00007076      0x17a LED.o
                0x00007076                __vector_21
 .text.IO_init  0x000071f0       0x4a Main_Func.o
                0x000071f0                IO_init
 .text.interfaces_init
                0x0000723a        0xc Main_Func.o
                0x0000723a                interfaces_init
 .text.devices_init
                0x00007246       0x3c Main_Func.o
                0x00007246                devices_init
 .text.speicher_init
                0x00007282       0x42 Main_Func.o
                0x00007282                speicher_init
 .text.ramp_init
                0x000072c4       0x16 Main_Func.o
                0x000072c4                ramp_init
 .text.check_motor_activities
                0x000072da       0xec Main_Func.o
                0x000072da                check_motor_activities
 .text.my_itoa  0x000073c6      0x184 Main_Func.o
                0x000073c6                my_itoa
 .text.read_Position_TMC4671
                0x0000754a       0xb2 Main_Func.o
                0x0000754a                read_Position_TMC4671
 .text.check_Communication_Input_UART_0
                0x000075fc       0x5a Main_Func.o
                0x000075fc                check_Communication_Input_UART_0
 .text.proceed_Communication_Input_UART_0
                0x00007656      0x1ba Main_Func.o
                0x00007656                proceed_Communication_Input_UART_0
 .text.check_Communication_Input_UART_1
                0x00007810      0x112 Main_Func.o
                0x00007810                check_Communication_Input_UART_1
 .text.proceed_Communication_INPUT_UART_1
                0x00007922        0xe Main_Func.o
                0x00007922                proceed_Communication_INPUT_UART_1
 .text.check_Communication_Input_UART_2
                0x00007930       0xde Main_Func.o
                0x00007930                check_Communication_Input_UART_2
 .text.proceed_Communication_Input_UART_2
                0x00007a0e       0x26 Main_Func.o
                0x00007a0e                proceed_Communication_Input_UART_2
 .text.check_Communication_Input_UART
                0x00007a34       0x14 Main_Func.o
                0x00007a34                check_Communication_Input_UART
 .text.periodic_jobs
                0x00007a48        0x6 Main_Func.o
                0x00007a48                periodic_jobs
 .text.endConversation
                0x00007a4e       0x2c Nextion_Display.o
                0x00007a4e                endConversation
 .text.nextion_change_page
                0x00007a7a       0x3e Nextion_Display.o
                0x00007a7a                nextion_change_page
 .text.nextion_setText
                0x00007ab8       0x30 Nextion_Display.o
                0x00007ab8                nextion_setText
 .text.nextion_setValue
                0x00007ae8       0x20 Nextion_Display.o
                0x00007ae8                nextion_setValue
 .text.nextion_setPicture
                0x00007b08       0x4c Nextion_Display.o
                0x00007b08                nextion_setPicture
 .text.nextion_getSliderValue
                0x00007b54       0x8e Nextion_Display.o
                0x00007b54                nextion_getSliderValue
 .text.nextion_disableButton
                0x00007be2       0x72 Nextion_Display.o
                0x00007be2                nextion_disableButton
 .text.nextion_enableButton
                0x00007c54       0x72 Nextion_Display.o
                0x00007c54                nextion_enableButton
 .text.nextion_visible_off
                0x00007cc6       0x72 Nextion_Display.o
                0x00007cc6                nextion_visible_off
 .text.nextion_visible_on
                0x00007d38       0x72 Nextion_Display.o
                0x00007d38                nextion_visible_on
 .text.RB_init  0x00007daa        0x8 ring_buffer.o
                0x00007daa                RB_init
 .text.RB_free  0x00007db2       0x16 ring_buffer.o
                0x00007db2                RB_free
 .text.RB_length
                0x00007dc8       0x18 ring_buffer.o
                0x00007dc8                RB_length
 .text.RB_readByte
                0x00007de0       0x28 ring_buffer.o
                0x00007de0                RB_readByte
 .text.RB_writeByte
                0x00007e08       0x3a ring_buffer.o
                0x00007e08                RB_writeByte
 .text.RB_write
                0x00007e42       0x64 ring_buffer.o
                0x00007e42                RB_write
 .text.getFirstSector
                0x00007ea6       0x42 FAT32.o
                0x00007ea6                getFirstSector
 .text.getSetNextCluster
                0x00007ee8       0xf2 FAT32.o
                0x00007ee8                getSetNextCluster
 .text.getSetFreeCluster
                0x00007fda      0x124 FAT32.o
                0x00007fda                getSetFreeCluster
 .text.getBootSectorData
                0x000080fe      0x180 FAT32.o
                0x000080fe                getBootSectorData
 .text.convertFileName
                0x0000827e      0x120 FAT32.o
                0x0000827e                convertFileName
 .text.searchNextFreeCluster
                0x0000839e      0x144 FAT32.o
                0x0000839e                searchNextFreeCluster
 .text.displayMemory
                0x000084e2       0xc2 FAT32.o
                0x000084e2                displayMemory
 .text.freeMemoryUpdate
                0x000085a4       0xdc FAT32.o
                0x000085a4                freeMemoryUpdate
 .text.findFiles
                0x00008680      0x3fc FAT32.o
                0x00008680                findFiles
 .text.readFile
                0x00008a7c      0x19e FAT32.o
                0x00008a7c                readFile
 .text.deleteFile
                0x00008c1a       0x18 FAT32.o
                0x00008c1a                deleteFile
 .text.writeFile
                0x00008c32      0x82e FAT32.o
                0x00008c32                writeFile
 .text.SD_sendCommand
                0x00009460       0xb4 SD_routines.o
                0x00009460                SD_sendCommand
 .text.SD_init  0x00009514      0x10e SD_routines.o
                0x00009514                SD_init
 .text.SD_readSingleBlock
                0x00009622       0x52 SD_routines.o
                0x00009622                SD_readSingleBlock
 .text.SD_writeSingleBlock
                0x00009674       0x84 SD_routines.o
                0x00009674                SD_writeSingleBlock
 .text.linear_ramp_init
                0x000096f8       0xb4 ramp1.o
                0x000096f8                linear_ramp_init
 .text.linear_ramp_set_defaults
                0x000097ac       0xcc ramp1.o
                0x000097ac                linear_ramp_set_defaults
 .text.calculateRamp
                0x00009878       0x38 ramp1.o
                0x00009878                calculateRamp
 .text.iterate_timer
                0x000098b0       0x28 ramp1.o
                0x000098b0                iterate_timer
 .text.position_func
                0x000098d8       0xe4 ramp1.o
                0x000098d8                position_func
 .text.velocity_func
                0x000099bc       0x48 ramp1.o
                0x000099bc                velocity_func
 .text.computeRamp
                0x00009a04      0x2ce ramp1.o
                0x00009a04                computeRamp
 .text.__vector_13
                0x00009cd2       0x56 ramp1.o
                0x00009cd2                __vector_13
 .text.ramp_pwm_init
                0x00009d28       0x26 ramp1.o
                0x00009d28                ramp_pwm_init
 .text.softspi_clk_low
                0x00009d4e        0x4 Software_SPI.o
                0x00009d4e                softspi_clk_low
 .text.softspi_clk_high
                0x00009d52        0x4 Software_SPI.o
                0x00009d52                softspi_clk_high
 .text.softspi_mosi_low
                0x00009d56        0x4 Software_SPI.o
                0x00009d56                softspi_mosi_low
 .text.softspi_mosi_high
                0x00009d5a        0x4 Software_SPI.o
                0x00009d5a                softspi_mosi_high
 .text.softspi_write_bit
                0x00009d5e       0x2c Software_SPI.o
                0x00009d5e                softspi_write_bit
 .text.softspi_write_uint8
                0x00009d8a       0x36 Software_SPI.o
                0x00009d8a                softspi_write_uint8
 .text.softspi_read_bit
                0x00009dc0       0x3e Software_SPI.o
                0x00009dc0                softspi_read_bit
 .text.softspi_read_uint8
                0x00009dfe       0x58 Software_SPI.o
                0x00009dfe                softspi_read_uint8
 .text.spi_transmit
                0x00009e56        0xa SPI.o
                0x00009e56                spi_transmit
 .text.spi_receive
                0x00009e60        0xe SPI.o
                0x00009e60                spi_receive
 .text.enable_Slave
                0x00009e6e       0x30 SPI.o
                0x00009e6e                enable_Slave
 .text.disable_Slave
                0x00009e9e       0x20 SPI.o
                0x00009e9e                disable_Slave
 .text.SPI_init
                0x00009ebe       0x18 SPI.o
                0x00009ebe                SPI_init
 .text.tmc40bit_writeInt
                0x00009ed6      0x112 tmc4671.o
                0x00009ed6                tmc40bit_writeInt
 .text.tmc4671_writeInt
                0x00009fe8        0x4 tmc4671.o
                0x00009fe8                tmc4671_writeInt
 .text.tmc40bit_readInt
                0x00009fec      0x16e tmc4671.o
                0x00009fec                tmc40bit_readInt
 .text.tmc4671_readInt
                0x0000a15a        0x4 tmc4671.o
                0x0000a15a                tmc4671_readInt
 .text.read_registers_TMC4671
                0x0000a15e       0x42 tmc4671.o
                0x0000a15e                read_registers_TMC4671
 .text.encoder_testdrive
                0x0000a1a0       0xf0 tmc4671.o
                0x0000a1a0                encoder_testdrive
 .text.tmc4671_switchToMotionMode
                0x0000a290       0x2c tmc4671.o
                0x0000a290                tmc4671_switchToMotionMode
 .text.tmc4671_setTargetVelocity
                0x0000a2bc       0x2c tmc4671.o
                0x0000a2bc                tmc4671_setTargetVelocity
 .text.tmc4671_setAbsolutTargetPosition
                0x0000a2e8       0x2c tmc4671.o
                0x0000a2e8                tmc4671_setAbsolutTargetPosition
 .text.initTMC4671_Encoder
                0x0000a314      0x238 tmc4671.o
                0x0000a314                initTMC4671_Encoder
 .text.tmc4671_getActualPosition
                0x0000a54c        0x8 tmc4671.o
                0x0000a54c                tmc4671_getActualPosition
 .text.tmc6200_readInt
                0x0000a554      0x16a TMC6200.o
                0x0000a554                tmc6200_readInt
 .text.tmc6200_writeInt
                0x0000a6be      0x112 TMC6200.o
                0x0000a6be                tmc6200_writeInt
 .text.initTMC6200
                0x0000a7d0       0x66 TMC6200.o
                0x0000a7d0                initTMC6200
 .text.read_registers_TMC6200
                0x0000a836       0x44 TMC6200.o
                0x0000a836                read_registers_TMC6200
 .text.tx_completed
                0x0000a87a        0x6 UART.o
                0x0000a87a                tx_completed
 .text.UART_init
                0x0000a880       0xfa UART.o
                0x0000a880                UART_init
 .text.Uart_Transmit_IT_PC
                0x0000a97a       0x2c UART.o
                0x0000a97a                Uart_Transmit_IT_PC
 .text.Uart_Transmit_IT_Display
                0x0000a9a6       0x2c UART.o
                0x0000a9a6                Uart_Transmit_IT_Display
 .text.Uart_Transmit_IT_ESP
                0x0000a9d2       0x26 UART.o
                0x0000a9d2                Uart_Transmit_IT_ESP
 .text.__vector_25
                0x0000a9f8       0x58 UART.o
                0x0000a9f8                __vector_25
 .text.__vector_36
                0x0000aa50       0x58 UART.o
                0x0000aa50                __vector_36
 .text.__vector_52
                0x0000aaa8       0x7e UART.o
                0x0000aaa8                __vector_52
 .text.__vector_51
                0x0000ab26       0x58 UART.o
                0x0000ab26                __vector_51
 .text.__vector_55
                0x0000ab7e       0x7e UART.o
                0x0000ab7e                __vector_55
 .text.__vector_54
                0x0000abfc       0x58 UART.o
                0x0000abfc                __vector_54
 .text.transmitByte
                0x0000ac54       0x10 UART.o
                0x0000ac54                transmitByte
 .text.transmitString
                0x0000ac64       0x1c UART.o
                0x0000ac64                transmitString
 .text.main     0x0000ac80       0x4a main.o
                0x0000ac80                main
 .text.avr-libc.fplib
                0x0000acca        0xa c:/program files (x86)/atmel/studio/7.0/toolchain/avr8/avr8-gnu-toolchain/bin/../lib/gcc/avr/5.4.0/../../../../avr/lib/avr6\libm.a(addsf3.o)
                0x0000acca                __subsf3
                0x0000accc                __addsf3
 .text.avr-libc.fplib
                0x0000acd4       0xc0 c:/program files (x86)/atmel/studio/7.0/toolchain/avr8/avr8-gnu-toolchain/bin/../lib/gcc/avr/5.4.0/../../../../avr/lib/avr6\libm.a(addsf3x.o)
                0x0000acee                __addsf3x
 .text.avr-libc.fplib
                0x0000ad94        0x8 c:/program files (x86)/atmel/studio/7.0/toolchain/avr8/avr8-gnu-toolchain/bin/../lib/gcc/avr/5.4.0/../../../../avr/lib/avr6\libm.a(cmpsf2.o)
                0x0000ad94                __nesf2
                0x0000ad94                __eqsf2
                0x0000ad94                __cmpsf2
                0x0000ad94                __ltsf2
                0x0000ad94                __lesf2
 .text.avr-libc.fplib
                0x0000ad9c        0x4 c:/program files (x86)/atmel/studio/7.0/toolchain/avr8/avr8-gnu-toolchain/bin/../lib/gcc/avr/5.4.0/../../../../avr/lib/avr6\libm.a(divsf3.o)
                0x0000ad9c                __divsf3
 .text.avr-libc.fplib
                0x0000ada0       0xcc c:/program files (x86)/atmel/studio/7.0/toolchain/avr8/avr8-gnu-toolchain/bin/../lib/gcc/avr/5.4.0/../../../../avr/lib/avr6\libm.a(divsf3x.o)
                0x0000adb6                __divsf3x
                0x0000adba                __divsf3_pse
 .text.avr-libc.fplib
                0x0000ae6c       0x58 c:/program files (x86)/atmel/studio/7.0/toolchain/avr8/avr8-gnu-toolchain/bin/../lib/gcc/avr/5.4.0/../../../../avr/lib/avr6\libm.a(fixunssfsi.o)
                0x0000ae6c                __fixunssfsi
 .text.avr-libc.fplib
                0x0000aec4       0x7a c:/program files (x86)/atmel/studio/7.0/toolchain/avr8/avr8-gnu-toolchain/bin/../lib/gcc/avr/5.4.0/../../../../avr/lib/avr6\libm.a(floatsisf.o)
                0x0000aec4                __floatunsisf
                0x0000aec8                __floatsisf
 .text.avr-libc.fplib
                0x0000af3e       0x48 c:/program files (x86)/atmel/studio/7.0/toolchain/avr8/avr8-gnu-toolchain/bin/../lib/gcc/avr/5.4.0/../../../../avr/lib/avr6\libm.a(fp_cmp.o)
                0x0000af3e                __fp_cmp
 .text.avr-libc.fplib
                0x0000af86        0xc c:/program files (x86)/atmel/studio/7.0/toolchain/avr8/avr8-gnu-toolchain/bin/../lib/gcc/avr/5.4.0/../../../../avr/lib/avr6\libm.a(fp_inf.o)
                0x0000af86                __fp_inf
 .text.avr-libc.fplib
                0x0000af92        0x6 c:/program files (x86)/atmel/studio/7.0/toolchain/avr8/avr8-gnu-toolchain/bin/../lib/gcc/avr/5.4.0/../../../../avr/lib/avr6\libm.a(fp_nan.o)
                0x0000af92                __fp_nan
 .text.avr-libc.fplib
                0x0000af98        0xe c:/program files (x86)/atmel/studio/7.0/toolchain/avr8/avr8-gnu-toolchain/bin/../lib/gcc/avr/5.4.0/../../../../avr/lib/avr6\libm.a(fp_pscA.o)
                0x0000af98                __fp_pscA
 .text.avr-libc.fplib
                0x0000afa6        0xe c:/program files (x86)/atmel/studio/7.0/toolchain/avr8/avr8-gnu-toolchain/bin/../lib/gcc/avr/5.4.0/../../../../avr/lib/avr6\libm.a(fp_pscB.o)
                0x0000afa6                __fp_pscB
 .text.avr-libc.fplib
                0x0000afb4       0x22 c:/program files (x86)/atmel/studio/7.0/toolchain/avr8/avr8-gnu-toolchain/bin/../lib/gcc/avr/5.4.0/../../../../avr/lib/avr6\libm.a(fp_round.o)
                0x0000afb4                __fp_round
 .text.avr-libc.fplib
                0x0000afd6       0x44 c:/program files (x86)/atmel/studio/7.0/toolchain/avr8/avr8-gnu-toolchain/bin/../lib/gcc/avr/5.4.0/../../../../avr/lib/avr6\libm.a(fp_split3.o)
                0x0000afd6                __fp_split3
                0x0000afe6                __fp_splitA
 .text.avr-libc.fplib
                0x0000b01a        0xe c:/program files (x86)/atmel/studio/7.0/toolchain/avr8/avr8-gnu-toolchain/bin/../lib/gcc/avr/5.4.0/../../../../avr/lib/avr6\libm.a(fp_zero.o)
                0x0000b01a                __fp_zero
                0x0000b01c                __fp_szero
 .text.avr-libc.fplib
                0x0000b028        0x8 c:/program files (x86)/atmel/studio/7.0/toolchain/avr8/avr8-gnu-toolchain/bin/../lib/gcc/avr/5.4.0/../../../../avr/lib/avr6\libm.a(gesf2.o)
                0x0000b028                __gesf2
                0x0000b028                __gtsf2
 .text.avr-libc.fplib
                0x0000b030        0x4 c:/program files (x86)/atmel/studio/7.0/toolchain/avr8/avr8-gnu-toolchain/bin/../lib/gcc/avr/5.4.0/../../../../avr/lib/avr6\libm.a(mulsf3.o)
                0x0000b030                __mulsf3
 .text.avr-libc.fplib
                0x0000b034       0xc2 c:/program files (x86)/atmel/studio/7.0/toolchain/avr8/avr8-gnu-toolchain/bin/../lib/gcc/avr/5.4.0/../../../../avr/lib/avr6\libm.a(mulsf3x.o)
                0x0000b048                __mulsf3x
                0x0000b04c                __mulsf3_pse
 .text.avr-libc.fplib
                0x0000b0f6       0x84 c:/program files (x86)/atmel/studio/7.0/toolchain/avr8/avr8-gnu-toolchain/bin/../lib/gcc/avr/5.4.0/../../../../avr/lib/avr6\libm.a(sqrt.o)
                0x0000b0fe                sqrtf
                0x0000b0fe                sqrt
 .text.avr-libc.fplib
                0x0000b17a       0x1c c:/program files (x86)/atmel/studio/7.0/toolchain/avr8/avr8-gnu-toolchain/bin/../lib/gcc/avr/5.4.0/../../../../avr/lib/avr6\libm.a(fp_mpack.o)
                0x0000b17a                __fp_mpack
                0x0000b17e                __fp_mpack_finite
 .text.avr-libc.fplib
                0x0000b196        0xe c:/program files (x86)/atmel/studio/7.0/toolchain/avr8/avr8-gnu-toolchain/bin/../lib/gcc/avr/5.4.0/../../../../avr/lib/avr6\libm.a(fp_norm2.o)
                0x0000b196                __fp_norm2
 .text.libgcc.mul
                0x0000b1a4       0x1e c:/program files (x86)/atmel/studio/7.0/toolchain/avr8/avr8-gnu-toolchain/bin/../lib/gcc/avr/5.4.0/avr6\libgcc.a(_mulsi3.o)
                0x0000b1a4                __mulsi3
 .text.libgcc.div
                0x0000b1c2       0x44 c:/program files (x86)/atmel/studio/7.0/toolchain/avr8/avr8-gnu-toolchain/bin/../lib/gcc/avr/5.4.0/avr6\libgcc.a(_udivmodsi4.o)
                0x0000b1c2                __udivmodsi4
 .text.libgcc.div
                0x0000b206       0x28 c:/program files (x86)/atmel/studio/7.0/toolchain/avr8/avr8-gnu-toolchain/bin/../lib/gcc/avr/5.4.0/avr6\libgcc.a(_divmodsi4.o)
                0x0000b206                __divmodsi4
 .text.libgcc.div
                0x0000b22e       0x10 c:/program files (x86)/atmel/studio/7.0/toolchain/avr8/avr8-gnu-toolchain/bin/../lib/gcc/avr/5.4.0/avr6\libgcc.a(_negsi2.o)
                0x0000b22e                __negsi2
 .text.libgcc   0x0000b23e       0x10 c:/program files (x86)/atmel/studio/7.0/toolchain/avr8/avr8-gnu-toolchain/bin/../lib/gcc/avr/5.4.0/avr6\libgcc.a(_tablejump2.o)
                0x0000b23e                __tablejump2__
 .text.libgcc.mul
                0x0000b24e       0x1e c:/program files (x86)/atmel/studio/7.0/toolchain/avr8/avr8-gnu-toolchain/bin/../lib/gcc/avr/5.4.0/avr6\libgcc.a(_umulhisi3.o)
                0x0000b24e                __umulhisi3
 .text.libgcc.mul
                0x0000b26c       0x14 c:/program files (x86)/atmel/studio/7.0/toolchain/avr8/avr8-gnu-toolchain/bin/../lib/gcc/avr/5.4.0/avr6\libgcc.a(_muluhisi3.o)
                0x0000b26c                __muluhisi3
 .text.libgcc.div
                0x0000b280       0x56 c:/program files (x86)/atmel/studio/7.0/toolchain/avr8/avr8-gnu-toolchain/bin/../lib/gcc/avr/5.4.0/avr6\libgcc.a(_divdi3.o)
                0x0000b280                __moddi3
                0x0000b284                __divdi3
                0x0000b286                __divdi3_moddi3
 .text.libgcc.div
                0x0000b2d6       0x1a c:/program files (x86)/atmel/studio/7.0/toolchain/avr8/avr8-gnu-toolchain/bin/../lib/gcc/avr/5.4.0/avr6\libgcc.a(_udivdi3.o)
                0x0000b2d6                __umoddi3
                0x0000b2da                __udivdi3
                0x0000b2dc                __udivdi3_umoddi3
 .text.libgcc.div
                0x0000b2f0       0xa2 c:/program files (x86)/atmel/studio/7.0/toolchain/avr8/avr8-gnu-toolchain/bin/../lib/gcc/avr/5.4.0/avr6\libgcc.a(_udivmod64.o)
                0x0000b2f0                __udivmod64
 .text.libgcc   0x0000b392       0x20 c:/program files (x86)/atmel/studio/7.0/toolchain/avr8/avr8-gnu-toolchain/bin/../lib/gcc/avr/5.4.0/avr6\libgcc.a(_negdi2.o)
                0x0000b392                __negdi2
 .text.libgcc.prologue
                0x0000b3b2       0x38 c:/program files (x86)/atmel/studio/7.0/toolchain/avr8/avr8-gnu-toolchain/bin/../lib/gcc/avr/5.4.0/avr6\libgcc.a(_prologue.o)
                0x0000b3b2                __prologue_saves__
 .text.libgcc.prologue
                0x0000b3ea       0x36 c:/program files (x86)/atmel/studio/7.0/toolchain/avr8/avr8-gnu-toolchain/bin/../lib/gcc/avr/5.4.0/avr6\libgcc.a(_epilogue.o)
                0x0000b3ea                __epilogue_restores__
 .text.libgcc   0x0000b420       0x18 c:/program files (x86)/atmel/studio/7.0/toolchain/avr8/avr8-gnu-toolchain/bin/../lib/gcc/avr/5.4.0/avr6\libgcc.a(_cmpdi2_s8.o)
                0x0000b420                __cmpdi2_s8
 .text.avr-libc
                0x0000b438       0x34 c:/program files (x86)/atmel/studio/7.0/toolchain/avr8/avr8-gnu-toolchain/bin/../lib/gcc/avr/5.4.0/../../../../avr/lib/avr6\libc.a(calloc.o)
                0x0000b438                calloc
 .text.avr-libc
                0x0000b46c      0x242 c:/program files (x86)/atmel/studio/7.0/toolchain/avr8/avr8-gnu-toolchain/bin/../lib/gcc/avr/5.4.0/../../../../avr/lib/avr6\libc.a(malloc.o)
                0x0000b46c                malloc
                0x0000b59c                free
 .text.avr-libc
                0x0000b6ae       0x3a c:/program files (x86)/atmel/studio/7.0/toolchain/avr8/avr8-gnu-toolchain/bin/../lib/gcc/avr/5.4.0/../../../../avr/lib/avr6\libc.a(atoi.o)
                0x0000b6ae                atoi
 .text.avr-libc
                0x0000b6e8        0x6 c:/program files (x86)/atmel/studio/7.0/toolchain/avr8/avr8-gnu-toolchain/bin/../lib/gcc/avr/5.4.0/../../../../avr/lib/avr6\libc.a(strtok.o)
                0x0000b6e8                strtok
 .text.avr-libc
                0x0000b6ee        0xe c:/program files (x86)/atmel/studio/7.0/toolchain/avr8/avr8-gnu-toolchain/bin/../lib/gcc/avr/5.4.0/../../../../avr/lib/avr6\libc.a(memset.o)
                0x0000b6ee                memset
 .text.avr-libc
                0x0000b6fc       0x16 c:/program files (x86)/atmel/studio/7.0/toolchain/avr8/avr8-gnu-toolchain/bin/../lib/gcc/avr/5.4.0/../../../../avr/lib/avr6\libc.a(strcat.o)
                0x0000b6fc                strcat
 .text.avr-libc
                0x0000b712       0x12 c:/program files (x86)/atmel/studio/7.0/toolchain/avr8/avr8-gnu-toolchain/bin/../lib/gcc/avr/5.4.0/../../../../avr/lib/avr6\libc.a(strcmp.o)
                0x0000b712                strcmp
 .text.avr-libc
                0x0000b724        0xe c:/program files (x86)/atmel/studio/7.0/toolchain/avr8/avr8-gnu-toolchain/bin/../lib/gcc/avr/5.4.0/../../../../avr/lib/avr6\libc.a(strcpy.o)
                0x0000b724                strcpy
 .text.avr-libc
                0x0000b732       0x4e c:/program files (x86)/atmel/studio/7.0/toolchain/avr8/avr8-gnu-toolchain/bin/../lib/gcc/avr/5.4.0/../../../../avr/lib/avr6\libc.a(strtok_r.o)
                0x0000b732                strtok_r
 .text.avr-libc
                0x0000b780       0x14 c:/program files (x86)/atmel/studio/7.0/toolchain/avr8/avr8-gnu-toolchain/bin/../lib/gcc/avr/5.4.0/../../../../avr/lib/avr6\libc.a(itoa_ncheck.o)
                0x0000b780                __itoa_ncheck
 .text.avr-libc
                0x0000b794       0x10 c:/program files (x86)/atmel/studio/7.0/toolchain/avr8/avr8-gnu-toolchain/bin/../lib/gcc/avr/5.4.0/../../../../avr/lib/avr6\libc.a(mul10.o)
                0x0000b794                __mulhi_const_10
 .text.avr-libc
                0x0000b7a4       0x32 c:/program files (x86)/atmel/studio/7.0/toolchain/avr8/avr8-gnu-toolchain/bin/../lib/gcc/avr/5.4.0/../../../../avr/lib/avr6\libc.a(utoa_ncheck.o)
                0x0000b7a4                __utoa_ncheck
                0x0000b7a6                __utoa_common
 .text.avr-libc
                0x0000b7d6       0x20 c:/program files (x86)/atmel/studio/7.0/toolchain/avr8/avr8-gnu-toolchain/bin/../lib/gcc/avr/5.4.0/../../../../avr/lib/avr6\libc.a(strrev.o)
                0x0000b7d6                strrev
 .text.avr-libc
                0x0000b7f6       0x10 C:/Program Files (x86)/Atmel/Studio/7.0/Packs/atmel/ATmega_DFP/1.3.300/gcc/dev/atmega2560/avr6\libatmega2560.a(eerd_byte.o)
                0x0000b7f6                eeprom_read_byte
                0x0000b806                . = ALIGN (0x2)
 *(.fini9)
 .fini9         0x0000b806        0x0 c:/program files (x86)/atmel/studio/7.0/toolchain/avr8/avr8-gnu-toolchain/bin/../lib/gcc/avr/5.4.0/avr6\libgcc.a(_exit.o)
                0x0000b806                _exit
                0x0000b806                exit
 *(.fini9)
 *(.fini8)
 *(.fini8)
 *(.fini7)
 *(.fini7)
 *(.fini6)
 *(.fini6)
 *(.fini5)
 *(.fini5)
 *(.fini4)
 *(.fini4)
 *(.fini3)
 *(.fini3)
 *(.fini2)
 *(.fini2)
 *(.fini1)
 *(.fini1)
 *(.fini0)
 .fini0         0x0000b806        0x4 c:/program files (x86)/atmel/studio/7.0/toolchain/avr8/avr8-gnu-toolchain/bin/../lib/gcc/avr/5.4.0/avr6\libgcc.a(_exit.o)
 *(.fini0)
                0x0000b80a                _etext = .

.data           0x00800200      0x832 load address 0x0000b80a
                0x00800200                PROVIDE (__data_start, .)
 *(.data)
 .data          0x00800200        0x6 c:/program files (x86)/atmel/studio/7.0/toolchain/avr8/avr8-gnu-toolchain/bin/../lib/gcc/avr/5.4.0/../../../../avr/lib/avr6\libc.a(malloc.o)
                0x00800200                __malloc_heap_end
                0x00800202                __malloc_heap_start
                0x00800204                __malloc_margin
 *(.data*)
 *(.gnu.linkonce.d*)
 *(.rodata)
 .rodata        0x00800206       0x30 Cocktail_functions.o
 *(.rodata*)
 .rodata.str1.1
                0x00800236      0x3ff Cocktail_functions.o
                                0x424 (size before relaxing)
 .rodata.str1.1
                0x00800635      0x180 Cocktail_Statemachine.o
                                0x1e0 (size before relaxing)
 .rodata.str1.1
                0x008007b5       0x28 Getraenk.o
                                 0x3d (size before relaxing)
 .rodata.str1.1
                0x008007dd        0x4 TAGS.o
 .rodata.str1.1
                0x008007e1        0x2 Zutaten.o
                                  0xd (size before relaxing)
 .rodata.str1.1
                0x008007e3       0xa3 Main_Func.o
                                 0xb2 (size before relaxing)
 .rodata.str1.1
                0x00800886       0x2f Nextion_Display.o
 .rodata.str1.1
                0x008008b5      0x128 FAT32.o
 .rodata.str1.1
                0x008009dd       0x2c tmc4671.o
                                 0x32 (size before relaxing)
 .rodata.str1.1
                0x00800a09       0x29 TMC6200.o
                                 0x32 (size before relaxing)
 *(.gnu.linkonce.r*)
                0x00800a32                . = ALIGN (0x2)
                0x00800a32                _edata = .
                0x00800a32                PROVIDE (__data_end, .)

.bss            0x00800a32      0xd70
                0x00800a32                PROVIDE (__bss_start, .)
 *(.bss)
 .bss           0x00800a32        0x2 c:/program files (x86)/atmel/studio/7.0/toolchain/avr8/avr8-gnu-toolchain/bin/../lib/gcc/avr/5.4.0/../../../../avr/lib/avr6\libc.a(strtok.o)
 *(.bss*)
 .bss.count.3309
                0x00800a34        0x4 Cocktail_functions.o
 .bss.oldval.3308
                0x00800a38        0x1 Cocktail_functions.o
 .bss.cntrr.2814
                0x00800a39        0x1 Main_Func.o
 .bss.cntr_End_UART_2
                0x00800a3a        0x1 main.o
                0x00800a3a                cntr_End_UART_2
 .bss.cntr_UART_2
                0x00800a3b        0x1 main.o
                0x00800a3b                cntr_UART_2
 .bss.cntr_End_UART_1
                0x00800a3c        0x1 main.o
                0x00800a3c                cntr_End_UART_1
 .bss.cntr_UART_1
                0x00800a3d        0x1 main.o
                0x00800a3d                cntr_UART_1
 .bss.cntr_End_UART_0
                0x00800a3e        0x1 main.o
                0x00800a3e                cntr_End_UART_0
 .bss.cntr_UART_0
                0x00800a3f        0x1 main.o
                0x00800a3f                cntr_UART_0
 *(COMMON)
 COMMON         0x00800a40      0x95c Cocktail_functions.o
                0x00800a40                aktuelles_Zutat_file_ausser_Maschine_mit_KS
                0x00800a42                tail_getraenk_file
                0x00800a44                head_getraenk
                0x00800a46                head_Zutat_file_ausser_Maschine_mit_KS
                0x00800a48                buffer_zut_in_Maschine_ohne_KS
                0x00800a4a                Position
                0x00800a4e                head_zutat_list_node
                0x00800a50                head_getraenk_file_2
                0x00800a52                rainbow_i
                0x00800a54                Liste
                0x00800a55                tail_getraenk
                0x00800a57                head_tag
                0x00800a59                aktuelle_zutat_list_node
                0x00800a5b                head_list_node_file
                0x00800a5d                appendFileLocation
                0x00800a61                aktuelle_zutat
                0x00800a63                tail_zut_in_Maschine_ohne_KS
                0x00800a65                bufferGetraenk_file
                0x00800a67                count_bla
                0x00800a6b                compute
                0x00800a6c                fileName
                0x00800a79                buffer_zutat_file
                0x00800a7b                firstDataSector
                0x00800a7f                tail_list_node_file
                0x00800a81                ptr_tx_completed_1
                0x00800a83                fileSize
                0x00800a87                bytesPerSector
                0x00800a89                i_Liste_test_cnt
                0x00800a8a                totalClusters
                0x00800a8e                option
                0x00800a8f                aktuelles_Zutat_file_in_Maschine_ohne_KS
                0x00800a91                ramp
                0x00800a93                actual_list_node_file
                0x00800a95                tail_getraenk_file_2
                0x00800a97                aktuellesGetraenk_file
                0x00800a99                buffer_zutat_list_node
                0x00800a9b                head_getraenk_file
                0x00800a9d                head_zutatMaschine_list_node
                0x00800a9f                Grossschreib
                0x00800aa0                rootCluster
                0x00800aa4                block_list_runter
                0x00800aa5                state
                0x00800aa7                aktuellesGetraenk_file_2
                0x00800aa9                light
                0x00800aaa                head_zut_in_Maschine_ohne_KS
                0x00800aac                rb_rx_ESP
                0x00800bad                startBlock
                0x00800bb1                aktueller_tag
                0x00800bb3                aktuelle_Zutat_in_Maschine_ohne_KS
                0x00800bb5                i
                0x00800bb7                tail_zutatMaschine_list_node
                0x00800bb9                address_Standardwiederherstellung
                0x00800bbb                rb_rx_Display
                0x00800cbc                tail_tag
                0x00800cbe                buffer
                0x00800ebe                externes_Getraenk_flag
                0x00800ebf                SPI_Slave
                0x00800ec0                sectorPerCluster
                0x00800ec2                ptr_tx_completed_2
                0x00800ec4                states
                0x00800ec5                block_list_hoch
                0x00800ec6                unusedSectors
                0x00800eca                rb_tx_RFID
                0x00800fcb                SDHC_flag
                0x00800fcc                counter
                0x00800fcd                head_Zutat_file_in_Maschine_ohne_KS
                0x00800fcf                totalBlocks
                0x00800fd3                tail_Zutat_file_in_Maschine_ohne_KS
                0x00800fd5                data
                0x00800fd6                buff_name
                0x00800feb                reservedSectorCount
                0x00800fed                head_zut_ausser_Maschine_mit_KS
                0x00800fef                buffer2Getraenk_file
                0x00800ff1                kohlensaeure_mode
                0x00800ff2                tail_zutat_list_node
                0x00800ff4                ptr_tx_completed_3
                0x00800ff6                tail_zut_ausser_Maschine_mit_KS
                0x00800ff8                rb_rx_PC
                0x008010f9                rb_tx_ESP
                0x008011fa                address_getraenk
                0x008011fc                appendStartCluster
                0x00801200                cardType
                0x00801201                error
                0x00801202                aktuelle_Zutat_ausser_Maschine_mit_KS
                0x00801204                buffer_zutatMaschine_list_node
                0x00801206                rb_rx_RFID
                0x00801307                gui_pages
                0x00801308                tail_Zutat_file_ausser_Maschine_mit_KS
                0x0080130a                i_Liste
                0x0080130b                liste_vorher_getraenk_file
                0x0080130d                i_Liste_test
                0x0080133f                freeClusterCountUpdated
                0x00801340                stop
                0x00801341                FAT32_active
                0x00801342                appendFileSector
                0x00801346                aktuellesGetraenk
                0x00801348                liste_start_getraenk_file
                0x0080134a                aRamp
                0x00801393                ptr_tx_completed_0
                0x00801395                buffer_zut_ausser_Maschine_mit_KS
                0x00801397                aktuelle_zutatMaschine_list_node
                0x00801399                SPI_State
                0x0080139a                liste_nacher_getraenk_file
 COMMON         0x0080139c      0x402 main.o
                0x0080139c                INPUT_UART_0
                0x0080149c                INPUT_UART_3
                0x0080159c                INPUT_UART_1
                0x0080169c                ptr_Uart_1
                0x0080169e                INPUT_UART_2
 COMMON         0x0080179e        0x4 c:/program files (x86)/atmel/studio/7.0/toolchain/avr8/avr8-gnu-toolchain/bin/../lib/gcc/avr/5.4.0/../../../../avr/lib/avr6\libc.a(malloc.o)
                0x0080179e                __brkval
                0x008017a0                __flp
                0x008017a2                PROVIDE (__bss_end, .)
                0x0000b80a                __data_load_start = LOADADDR (.data)
                0x0000c03c                __data_load_end = (__data_load_start + SIZEOF (.data))

.noinit         0x008017a2        0x0
                [!provide]                PROVIDE (__noinit_start, .)
 *(.noinit*)
                [!provide]                PROVIDE (__noinit_end, .)
                0x008017a2                _end = .
                0x008017a2                PROVIDE (__heap_start, .)

.eeprom         0x00810000        0x0
 *(.eeprom*)
                0x00810000                __eeprom_end = .

.fuse
 *(.fuse)
 *(.lfuse)
 *(.hfuse)
 *(.efuse)

.lock
 *(.lock*)

.signature
 *(.signature*)

.user_signatures
 *(.user_signatures*)

.stab
 *(.stab)

.stabstr
 *(.stabstr)

.stab.excl
 *(.stab.excl)

.stab.exclstr
 *(.stab.exclstr)

.stab.index
 *(.stab.index)

.stab.indexstr
 *(.stab.indexstr)

.comment        0x00000000       0x30
 *(.comment)
 .comment       0x00000000       0x30 Cocktail_functions.o
                                 0x31 (size before relaxing)
 .comment       0x00000030       0x31 Cocktail_Statemachine.o
 .comment       0x00000030       0x31 Getraenk.o
 .comment       0x00000030       0x31 TAGS.o
 .comment       0x00000030       0x31 Zutaten.o
 .comment       0x00000030       0x31 LED.o
 .comment       0x00000030       0x31 Main_Func.o
 .comment       0x00000030       0x31 Nextion_Display.o
 .comment       0x00000030       0x31 ring_buffer.o
 .comment       0x00000030       0x31 FAT32.o
 .comment       0x00000030       0x31 SD_routines.o
 .comment       0x00000030       0x31 ramp1.o
 .comment       0x00000030       0x31 Software_SPI.o
 .comment       0x00000030       0x31 SPI.o
 .comment       0x00000030       0x31 tmc4671.o
 .comment       0x00000030       0x31 TMC6200.o
 .comment       0x00000030       0x31 UART.o
 .comment       0x00000030       0x31 main.o
 .comment       0x00000030       0x31 c:/program files (x86)/atmel/studio/7.0/toolchain/avr8/avr8-gnu-toolchain/bin/../lib/gcc/avr/5.4.0/../../../../avr/lib/avr6\libc.a(calloc.o)
 .comment       0x00000030       0x31 c:/program files (x86)/atmel/studio/7.0/toolchain/avr8/avr8-gnu-toolchain/bin/../lib/gcc/avr/5.4.0/../../../../avr/lib/avr6\libc.a(malloc.o)
 .comment       0x00000030       0x31 c:/program files (x86)/atmel/studio/7.0/toolchain/avr8/avr8-gnu-toolchain/bin/../lib/gcc/avr/5.4.0/../../../../avr/lib/avr6\libc.a(strtok.o)

.note.gnu.avr.deviceinfo
                0x00000000       0x40
 .note.gnu.avr.deviceinfo
                0x00000000       0x40 C:/Program Files (x86)/Atmel/Studio/7.0/Packs/atmel/ATmega_DFP/1.3.300/gcc/dev/atmega2560/avr6/crtatmega2560.o

.note.gnu.build-id
 *(.note.gnu.build-id)

.debug
 *(.debug)

.line
 *(.line)

.debug_srcinfo
 *(.debug_srcinfo)

.debug_sfnames
 *(.debug_sfnames)

.debug_aranges  0x00000000      0xa50
 *(.debug_aranges)
 .debug_aranges
                0x00000000      0x140 Cocktail_functions.o
 .debug_aranges
                0x00000140       0xf8 Cocktail_Statemachine.o
 .debug_aranges
                0x00000238       0x90 Getraenk.o
 .debug_aranges
                0x000002c8       0x30 TAGS.o
 .debug_aranges
                0x000002f8       0x68 Zutaten.o
 .debug_aranges
                0x00000360       0x88 LED.o
 .debug_aranges
                0x000003e8       0xa8 Main_Func.o
 .debug_aranges
                0x00000490       0x68 Nextion_Display.o
 .debug_aranges
                0x000004f8       0x50 ring_buffer.o
 .debug_aranges
                0x00000548       0x80 FAT32.o
 .debug_aranges
                0x000005c8       0x40 SD_routines.o
 .debug_aranges
                0x00000608       0x90 ramp1.o
 .debug_aranges
                0x00000698       0x70 Software_SPI.o
 .debug_aranges
                0x00000708       0x48 SPI.o
 .debug_aranges
                0x00000750      0x1f8 tmc4671.o
 .debug_aranges
                0x00000948       0x38 TMC6200.o
 .debug_aranges
                0x00000980       0x90 UART.o
 .debug_aranges
                0x00000a10       0x20 main.o
 .debug_aranges
                0x00000a30       0x20 C:/Program Files (x86)/Atmel/Studio/7.0/Packs/atmel/ATmega_DFP/1.3.300/gcc/dev/atmega2560/avr6\libatmega2560.a(eerd_byte.o)

.debug_pubnames
 *(.debug_pubnames)

.debug_info     0x00000000    0x196c3
 *(.debug_info .gnu.linkonce.wi.*)
 .debug_info    0x00000000      0xbbc C:/Program Files (x86)/Atmel/Studio/7.0/Packs/atmel/ATmega_DFP/1.3.300/gcc/dev/atmega2560/avr6/crtatmega2560.o
 .debug_info    0x00000bbc     0x571e Cocktail_functions.o
 .debug_info    0x000062da     0x46b7 Cocktail_Statemachine.o
 .debug_info    0x0000a991     0x1d82 Getraenk.o
 .debug_info    0x0000c713      0x2be TAGS.o
 .debug_info    0x0000c9d1     0x1288 Zutaten.o
 .debug_info    0x0000dc59      0x39b LED.o
 .debug_info    0x0000dff4     0x119d Main_Func.o
 .debug_info    0x0000f191      0xc74 Nextion_Display.o
 .debug_info    0x0000fe05      0x34e ring_buffer.o
 .debug_info    0x00010153     0x19a8 FAT32.o
 .debug_info    0x00011afb      0x7f6 SD_routines.o
 .debug_info    0x000122f1      0xb91 ramp1.o
 .debug_info    0x00012e82      0x548 Software_SPI.o
 .debug_info    0x000133ca      0x261 SPI.o
 .debug_info    0x0001362b     0x3ef1 tmc4671.o
 .debug_info    0x0001751c      0xa6a TMC6200.o
 .debug_info    0x00017f86      0x635 UART.o
 .debug_info    0x000185bb     0x106e main.o
 .debug_info    0x00019629       0x9a C:/Program Files (x86)/Atmel/Studio/7.0/Packs/atmel/ATmega_DFP/1.3.300/gcc/dev/atmega2560/avr6\libatmega2560.a(eerd_byte.o)

.debug_abbrev   0x00000000     0x3482
 *(.debug_abbrev)
 .debug_abbrev  0x00000000      0xb1a C:/Program Files (x86)/Atmel/Studio/7.0/Packs/atmel/ATmega_DFP/1.3.300/gcc/dev/atmega2560/avr6/crtatmega2560.o
 .debug_abbrev  0x00000b1a      0x40b Cocktail_functions.o
 .debug_abbrev  0x00000f25      0x31e Cocktail_Statemachine.o
 .debug_abbrev  0x00001243      0x3c6 Getraenk.o
 .debug_abbrev  0x00001609      0x122 TAGS.o
 .debug_abbrev  0x0000172b      0x2b1 Zutaten.o
 .debug_abbrev  0x000019dc      0x176 LED.o
 .debug_abbrev  0x00001b52      0x358 Main_Func.o
 .debug_abbrev  0x00001eaa      0x231 Nextion_Display.o
 .debug_abbrev  0x000020db      0x12a ring_buffer.o
 .debug_abbrev  0x00002205      0x214 FAT32.o
 .debug_abbrev  0x00002419      0x154 SD_routines.o
 .debug_abbrev  0x0000256d      0x337 ramp1.o
 .debug_abbrev  0x000028a4      0x15b Software_SPI.o
 .debug_abbrev  0x000029ff      0x11c SPI.o
 .debug_abbrev  0x00002b1b      0x3c0 tmc4671.o
 .debug_abbrev  0x00002edb      0x265 TMC6200.o
 .debug_abbrev  0x00003140      0x1fe UART.o
 .debug_abbrev  0x0000333e      0x130 main.o
 .debug_abbrev  0x0000346e       0x14 C:/Program Files (x86)/Atmel/Studio/7.0/Packs/atmel/ATmega_DFP/1.3.300/gcc/dev/atmega2560/avr6\libatmega2560.a(eerd_byte.o)

.debug_line     0x00000000     0xa288
 *(.debug_line .debug_line.* .debug_line_end)
 .debug_line    0x00000000      0x1f9 C:/Program Files (x86)/Atmel/Studio/7.0/Packs/atmel/ATmega_DFP/1.3.300/gcc/dev/atmega2560/avr6/crtatmega2560.o
 .debug_line    0x000001f9     0x23bf Cocktail_functions.o
 .debug_line    0x000025b8     0x20d0 Cocktail_Statemachine.o
 .debug_line    0x00004688      0xaa5 Getraenk.o
 .debug_line    0x0000512d      0x195 TAGS.o
 .debug_line    0x000052c2      0x601 Zutaten.o
 .debug_line    0x000058c3      0x47c LED.o
 .debug_line    0x00005d3f      0x947 Main_Func.o
 .debug_line    0x00006686      0x4c7 Nextion_Display.o
 .debug_line    0x00006b4d      0x21d ring_buffer.o
 .debug_line    0x00006d6a      0xc8f FAT32.o
 .debug_line    0x000079f9      0x481 SD_routines.o
 .debug_line    0x00007e7a      0x686 ramp1.o
 .debug_line    0x00008500      0x2ff Software_SPI.o
 .debug_line    0x000087ff      0x1e8 SPI.o
 .debug_line    0x000089e7      0xcf7 tmc4671.o
 .debug_line    0x000096de      0x3f0 TMC6200.o
 .debug_line    0x00009ace      0x3f3 UART.o
 .debug_line    0x00009ec1      0x34d main.o
 .debug_line    0x0000a20e       0x7a C:/Program Files (x86)/Atmel/Studio/7.0/Packs/atmel/ATmega_DFP/1.3.300/gcc/dev/atmega2560/avr6\libatmega2560.a(eerd_byte.o)

.debug_frame    0x00000000     0x2d60
 *(.debug_frame)
 .debug_frame   0x00000000      0x86c Cocktail_functions.o
 .debug_frame   0x0000086c      0x3f0 Cocktail_Statemachine.o
 .debug_frame   0x00000c5c      0x2dc Getraenk.o
 .debug_frame   0x00000f38       0x78 TAGS.o
 .debug_frame   0x00000fb0      0x18c Zutaten.o
 .debug_frame   0x0000113c      0x19c LED.o
 .debug_frame   0x000012d8      0x29c Main_Func.o
 .debug_frame   0x00001574      0x198 Nextion_Display.o
 .debug_frame   0x0000170c       0xdc ring_buffer.o
 .debug_frame   0x000017e8      0x3b8 FAT32.o
 .debug_frame   0x00001ba0       0xec SD_routines.o
 .debug_frame   0x00001c8c      0x318 ramp1.o
 .debug_frame   0x00001fa4      0x108 Software_SPI.o
 .debug_frame   0x000020ac       0x74 SPI.o
 .debug_frame   0x00002120      0x844 tmc4671.o
 .debug_frame   0x00002964       0xd8 TMC6200.o
 .debug_frame   0x00002a3c      0x300 UART.o
 .debug_frame   0x00002d3c       0x24 main.o

.debug_str      0x00000000     0x3b10
 *(.debug_str)
 .debug_str     0x00000000      0x3e6 C:/Program Files (x86)/Atmel/Studio/7.0/Packs/atmel/ATmega_DFP/1.3.300/gcc/dev/atmega2560/avr6/crtatmega2560.o
 .debug_str     0x000003e6     0x15e5 Cocktail_functions.o
                               0x174c (size before relaxing)
 .debug_str     0x000019cb      0x8c4 Cocktail_Statemachine.o
                               0x1cc8 (size before relaxing)
 .debug_str     0x0000228f      0x171 Getraenk.o
                               0x1107 (size before relaxing)
 .debug_str     0x00002400       0x68 TAGS.o
                                0x263 (size before relaxing)
 .debug_str     0x00002468      0x11d Zutaten.o
                                0xa15 (size before relaxing)
 .debug_str     0x00002585       0xca LED.o
                                0x340 (size before relaxing)
 .debug_str     0x0000264f      0x2b8 Main_Func.o
                                0xa81 (size before relaxing)
 .debug_str     0x00002907       0x52 Nextion_Display.o
                                0x7b1 (size before relaxing)
 .debug_str     0x00002959       0x5a ring_buffer.o
                                0x1fd (size before relaxing)
 .debug_str     0x000029b3      0x533 FAT32.o
                                0x928 (size before relaxing)
 .debug_str     0x00002ee6       0x69 SD_routines.o
                                0x34f (size before relaxing)
 .debug_str     0x00002f4f       0xf0 ramp1.o
                                0x61e (size before relaxing)
 .debug_str     0x0000303f      0x104 Software_SPI.o
                                0x2c6 (size before relaxing)
 .debug_str     0x00003143       0x5d SPI.o
                                0x250 (size before relaxing)
 .debug_str     0x000031a0      0x7f7 tmc4671.o
                                0xc23 (size before relaxing)
 .debug_str     0x00003997       0x40 TMC6200.o
                                0x3d5 (size before relaxing)
 .debug_str     0x000039d7       0x90 UART.o
                                0x36f (size before relaxing)
 .debug_str     0x00003a67       0xa9 main.o
                                0xf8d (size before relaxing)

.debug_loc      0x00000000    0x11396
 *(.debug_loc)
 .debug_loc     0x00000000     0x3708 Cocktail_functions.o
 .debug_loc     0x00003708     0x216a Cocktail_Statemachine.o
 .debug_loc     0x00005872     0x12b2 Getraenk.o
 .debug_loc     0x00006b24      0x1f7 TAGS.o
 .debug_loc     0x00006d1b      0x89a Zutaten.o
 .debug_loc     0x000075b5      0x26f LED.o
 .debug_loc     0x00007824      0xa39 Main_Func.o
 .debug_loc     0x0000825d      0x65a Nextion_Display.o
 .debug_loc     0x000088b7      0x58d ring_buffer.o
 .debug_loc     0x00008e44     0x1e95 FAT32.o
 .debug_loc     0x0000acd9      0x78d SD_routines.o
 .debug_loc     0x0000b466      0xd57 ramp1.o
 .debug_loc     0x0000c1bd      0x357 Software_SPI.o
 .debug_loc     0x0000c514       0x98 SPI.o
 .debug_loc     0x0000c5ac     0x4171 tmc4671.o
 .debug_loc     0x0001071d      0x530 TMC6200.o
 .debug_loc     0x00010c4d      0x749 UART.o

.debug_macinfo
 *(.debug_macinfo)

.debug_weaknames
 *(.debug_weaknames)

.debug_funcnames
 *(.debug_funcnames)

.debug_typenames
 *(.debug_typenames)

.debug_varnames
 *(.debug_varnames)

.debug_pubtypes
 *(.debug_pubtypes)

.debug_ranges   0x00000000      0xb28
 *(.debug_ranges)
 .debug_ranges  0x00000000      0x228 Cocktail_functions.o
 .debug_ranges  0x00000228      0x148 Cocktail_Statemachine.o
 .debug_ranges  0x00000370       0xc0 Getraenk.o
 .debug_ranges  0x00000430       0x20 TAGS.o
 .debug_ranges  0x00000450       0x58 Zutaten.o
 .debug_ranges  0x000004a8       0x78 LED.o
 .debug_ranges  0x00000520       0xf0 Main_Func.o
 .debug_ranges  0x00000610       0x58 Nextion_Display.o
 .debug_ranges  0x00000668       0x40 ring_buffer.o
 .debug_ranges  0x000006a8       0x98 FAT32.o
 .debug_ranges  0x00000740       0x30 SD_routines.o
 .debug_ranges  0x00000770       0x80 ramp1.o
 .debug_ranges  0x000007f0       0x60 Software_SPI.o
 .debug_ranges  0x00000850       0x38 SPI.o
 .debug_ranges  0x00000888      0x1e8 tmc4671.o
 .debug_ranges  0x00000a70       0x28 TMC6200.o
 .debug_ranges  0x00000a98       0x80 UART.o
 .debug_ranges  0x00000b18       0x10 main.o

.debug_macro
 *(.debug_macro)
OUTPUT(Mikrocontroller.elf elf32-avr)
LOAD linker stubs
