Archive member included to satisfy reference by file (symbol)

c:/program files (x86)/atmel/studio/7.0/toolchain/avr8/avr8-gnu-toolchain/bin/../lib/gcc/avr/5.4.0/avr6\libgcc.a(_mulsi3.o)
                              FAT32.o (__mulsi3)
c:/program files (x86)/atmel/studio/7.0/toolchain/avr8/avr8-gnu-toolchain/bin/../lib/gcc/avr/5.4.0/avr6\libgcc.a(_udivmodsi4.o)
                              FAT32.o (__udivmodsi4)
c:/program files (x86)/atmel/studio/7.0/toolchain/avr8/avr8-gnu-toolchain/bin/../lib/gcc/avr/5.4.0/avr6\libgcc.a(_divmodsi4.o)
                              tmc4671.o (__divmodsi4)
c:/program files (x86)/atmel/studio/7.0/toolchain/avr8/avr8-gnu-toolchain/bin/../lib/gcc/avr/5.4.0/avr6\libgcc.a(_negsi2.o)
                              c:/program files (x86)/atmel/studio/7.0/toolchain/avr8/avr8-gnu-toolchain/bin/../lib/gcc/avr/5.4.0/avr6\libgcc.a(_divmodsi4.o) (__negsi2)
c:/program files (x86)/atmel/studio/7.0/toolchain/avr8/avr8-gnu-toolchain/bin/../lib/gcc/avr/5.4.0/avr6\libgcc.a(_exit.o)
                              C:/Program Files (x86)/Atmel/Studio/7.0/Packs/atmel/ATmega_DFP/1.3.300/gcc/dev/atmega2560/avr6/crtatmega2560.o (exit)
c:/program files (x86)/atmel/studio/7.0/toolchain/avr8/avr8-gnu-toolchain/bin/../lib/gcc/avr/5.4.0/avr6\libgcc.a(_tablejump2.o)
                              Cocktail_functions.o (__tablejump2__)
c:/program files (x86)/atmel/studio/7.0/toolchain/avr8/avr8-gnu-toolchain/bin/../lib/gcc/avr/5.4.0/avr6\libgcc.a(_copy_data.o)
                              Cocktail_functions.o (__do_copy_data)
c:/program files (x86)/atmel/studio/7.0/toolchain/avr8/avr8-gnu-toolchain/bin/../lib/gcc/avr/5.4.0/avr6\libgcc.a(_clear_bss.o)
                              Cocktail_functions.o (__do_clear_bss)
c:/program files (x86)/atmel/studio/7.0/toolchain/avr8/avr8-gnu-toolchain/bin/../lib/gcc/avr/5.4.0/avr6\libgcc.a(_umulhisi3.o)
                              FAT32.o (__umulhisi3)
c:/program files (x86)/atmel/studio/7.0/toolchain/avr8/avr8-gnu-toolchain/bin/../lib/gcc/avr/5.4.0/avr6\libgcc.a(_usmulhisi3.o)
                              tmc4671.o (__usmulhisi3)
c:/program files (x86)/atmel/studio/7.0/toolchain/avr8/avr8-gnu-toolchain/bin/../lib/gcc/avr/5.4.0/avr6\libgcc.a(_muluhisi3.o)
                              FAT32.o (__muluhisi3)
c:/program files (x86)/atmel/studio/7.0/toolchain/avr8/avr8-gnu-toolchain/bin/../lib/gcc/avr/5.4.0/../../../../avr/lib/avr6\libc.a(calloc.o)
                              Getraenk.o (calloc)
c:/program files (x86)/atmel/studio/7.0/toolchain/avr8/avr8-gnu-toolchain/bin/../lib/gcc/avr/5.4.0/../../../../avr/lib/avr6\libc.a(malloc.o)
                              c:/program files (x86)/atmel/studio/7.0/toolchain/avr8/avr8-gnu-toolchain/bin/../lib/gcc/avr/5.4.0/../../../../avr/lib/avr6\libc.a(calloc.o) (malloc)
c:/program files (x86)/atmel/studio/7.0/toolchain/avr8/avr8-gnu-toolchain/bin/../lib/gcc/avr/5.4.0/../../../../avr/lib/avr6\libc.a(atoi.o)
                              Cocktail_functions.o (atoi)
c:/program files (x86)/atmel/studio/7.0/toolchain/avr8/avr8-gnu-toolchain/bin/../lib/gcc/avr/5.4.0/../../../../avr/lib/avr6\libc.a(strtok.o)
                              Cocktail_functions.o (strtok)
c:/program files (x86)/atmel/studio/7.0/toolchain/avr8/avr8-gnu-toolchain/bin/../lib/gcc/avr/5.4.0/../../../../avr/lib/avr6\libc.a(memset.o)
                              c:/program files (x86)/atmel/studio/7.0/toolchain/avr8/avr8-gnu-toolchain/bin/../lib/gcc/avr/5.4.0/../../../../avr/lib/avr6\libc.a(calloc.o) (memset)
c:/program files (x86)/atmel/studio/7.0/toolchain/avr8/avr8-gnu-toolchain/bin/../lib/gcc/avr/5.4.0/../../../../avr/lib/avr6\libc.a(strcat.o)
                              Cocktail_functions.o (strcat)
c:/program files (x86)/atmel/studio/7.0/toolchain/avr8/avr8-gnu-toolchain/bin/../lib/gcc/avr/5.4.0/../../../../avr/lib/avr6\libc.a(strcpy.o)
                              Cocktail_functions.o (strcpy)
c:/program files (x86)/atmel/studio/7.0/toolchain/avr8/avr8-gnu-toolchain/bin/../lib/gcc/avr/5.4.0/../../../../avr/lib/avr6\libc.a(strncpy.o)
                              Getraenk.o (strncpy)
c:/program files (x86)/atmel/studio/7.0/toolchain/avr8/avr8-gnu-toolchain/bin/../lib/gcc/avr/5.4.0/../../../../avr/lib/avr6\libc.a(strtok_r.o)
                              c:/program files (x86)/atmel/studio/7.0/toolchain/avr8/avr8-gnu-toolchain/bin/../lib/gcc/avr/5.4.0/../../../../avr/lib/avr6\libc.a(strtok.o) (strtok_r)
c:/program files (x86)/atmel/studio/7.0/toolchain/avr8/avr8-gnu-toolchain/bin/../lib/gcc/avr/5.4.0/../../../../avr/lib/avr6\libc.a(itoa_ncheck.o)
                              Cocktail_functions.o (__itoa_ncheck)
c:/program files (x86)/atmel/studio/7.0/toolchain/avr8/avr8-gnu-toolchain/bin/../lib/gcc/avr/5.4.0/../../../../avr/lib/avr6\libc.a(mul10.o)
                              c:/program files (x86)/atmel/studio/7.0/toolchain/avr8/avr8-gnu-toolchain/bin/../lib/gcc/avr/5.4.0/../../../../avr/lib/avr6\libc.a(atoi.o) (__mulhi_const_10)
c:/program files (x86)/atmel/studio/7.0/toolchain/avr8/avr8-gnu-toolchain/bin/../lib/gcc/avr/5.4.0/../../../../avr/lib/avr6\libc.a(utoa_ncheck.o)
                              c:/program files (x86)/atmel/studio/7.0/toolchain/avr8/avr8-gnu-toolchain/bin/../lib/gcc/avr/5.4.0/../../../../avr/lib/avr6\libc.a(itoa_ncheck.o) (__utoa_common)
c:/program files (x86)/atmel/studio/7.0/toolchain/avr8/avr8-gnu-toolchain/bin/../lib/gcc/avr/5.4.0/../../../../avr/lib/avr6\libc.a(strrev.o)
                              c:/program files (x86)/atmel/studio/7.0/toolchain/avr8/avr8-gnu-toolchain/bin/../lib/gcc/avr/5.4.0/../../../../avr/lib/avr6\libc.a(utoa_ncheck.o) (strrev)
C:/Program Files (x86)/Atmel/Studio/7.0/Packs/atmel/ATmega_DFP/1.3.300/gcc/dev/atmega2560/avr6\libatmega2560.a(eerd_byte.o)
                              Getraenk.o (eeprom_read_byte)
C:/Program Files (x86)/Atmel/Studio/7.0/Packs/atmel/ATmega_DFP/1.3.300/gcc/dev/atmega2560/avr6\libatmega2560.a(eewr_byte.o)
                              Getraenk.o (eeprom_write_byte)

Allocating common symbols
Common symbol       size              file

rb_tx_PC            0x101             Cocktail_functions.o
tail_getraenk_file  0x2               Cocktail_functions.o
head_getraenk       0x2               Cocktail_functions.o
rb_tx_Display       0x101             Cocktail_functions.o
tail_getraenk       0x2               Cocktail_functions.o
appendFileLocation  0x4               Cocktail_functions.o
address_zut         0x2               Cocktail_functions.o
fileName            0xd               Cocktail_functions.o
firstDataSector     0x4               Cocktail_functions.o
INPUT_UART_0        0x100             main.o
ptr_tx_completed_1  0x2               UART.o
fileSize            0x4               Cocktail_functions.o
bytesPerSector      0x2               Cocktail_functions.o
totalClusters       0x4               Cocktail_functions.o
option              0x1               Cocktail_functions.o
aktuellesGetraenk_file
                    0x2               Cocktail_functions.o
head_getraenk_file  0x2               Cocktail_functions.o
head_zut            0x2               Cocktail_functions.o
rootCluster         0x4               Cocktail_functions.o
__brkval            0x2               c:/program files (x86)/atmel/studio/7.0/toolchain/avr8/avr8-gnu-toolchain/bin/../lib/gcc/avr/5.4.0/../../../../avr/lib/avr6\libc.a(malloc.o)
rb_rx_ESP           0x101             Cocktail_functions.o
startBlock          0x4               Cocktail_functions.o
i                   0x2               Cocktail_functions.o
rb_rx_Display       0x101             Cocktail_functions.o
buffer              0x200             Cocktail_functions.o
SPI_Slave           0x1               Cocktail_functions.o
sectorPerCluster    0x2               Cocktail_functions.o
gui_buttons_0       0x1               Cocktail_functions.o
ptr_tx_completed_2  0x2               UART.o
unusedSectors       0x4               Cocktail_functions.o
rb_tx_RFID          0x101             Cocktail_functions.o
SDHC_flag           0x1               Cocktail_functions.o
INPUT_UART_1        0x100             main.o
rb_SPI_r            0x101             Cocktail_functions.o
totalBlocks         0x4               Cocktail_functions.o
data                0x1               Cocktail_functions.o
reservedSectorCount
                    0x2               Cocktail_functions.o
ptr_tx_completed_3  0x2               UART.o
rb_rx_PC            0x101             Cocktail_functions.o
rb_tx_ESP           0x101             Cocktail_functions.o
address_getraenk    0x2               Cocktail_functions.o
appendStartCluster  0x4               Cocktail_functions.o
rb_SPI_w            0x101             Cocktail_functions.o
cardType            0x1               Cocktail_functions.o
error               0x1               Cocktail_functions.o
rb_rx_RFID          0x101             Cocktail_functions.o
gui_pages           0x1               Cocktail_functions.o
tail_zut            0x2               Cocktail_functions.o
__flp               0x2               c:/program files (x86)/atmel/studio/7.0/toolchain/avr8/avr8-gnu-toolchain/bin/../lib/gcc/avr/5.4.0/../../../../avr/lib/avr6\libc.a(malloc.o)
ptr_SPI_w_completed
                    0x2               SPI.o
INPUT_UART_2        0x100             main.o
freeClusterCountUpdated
                    0x1               Cocktail_functions.o
FAT32_active        0x1               Cocktail_functions.o
appendFileSector    0x4               Cocktail_functions.o
aktuellesGetraenk   0x2               Cocktail_functions.o
aktuelleZutat       0x2               Cocktail_functions.o
ptr_tx_completed_0  0x2               UART.o
SPI_State           0x1               Cocktail_functions.o

Discarded input sections

 .data          0x00000000        0x0 C:/Program Files (x86)/Atmel/Studio/7.0/Packs/atmel/ATmega_DFP/1.3.300/gcc/dev/atmega2560/avr6/crtatmega2560.o
 .bss           0x00000000        0x0 C:/Program Files (x86)/Atmel/Studio/7.0/Packs/atmel/ATmega_DFP/1.3.300/gcc/dev/atmega2560/avr6/crtatmega2560.o
 .text          0x00000000        0x0 Cocktail_functions.o
 .data          0x00000000        0x0 Cocktail_functions.o
 .bss           0x00000000        0x0 Cocktail_functions.o
 .text.lese_sensor
                0x00000000       0x74 Cocktail_functions.o
 .progmem.gcc_sw_table.lese_sensor
                0x00000000       0x18 Cocktail_functions.o
 .text.shift_getraenk
                0x00000000       0x46 Cocktail_functions.o
 .text          0x00000000        0x0 Getraenk.o
 .data          0x00000000        0x0 Getraenk.o
 .bss           0x00000000        0x0 Getraenk.o
 .text.showlist
                0x00000000      0x158 Getraenk.o
 .text.printlist
                0x00000000       0x76 Getraenk.o
 .text.length_list
                0x00000000       0x20 Getraenk.o
 .text.find_getraenk
                0x00000000       0x3e Getraenk.o
 .text.insert_after_getraenk
                0x00000000       0x14 Getraenk.o
 .text.add_drink_to_eeprom
                0x00000000      0x19a Getraenk.o
 .text.count_eeprom_drinks
                0x00000000        0x4 Getraenk.o
 .text.read_drink_from_eemprom
                0x00000000      0x1a2 Getraenk.o
 .text.add_EEPROM_drinks_to_list
                0x00000000       0x2e Getraenk.o
 .text.delete_EEPROM
                0x00000000       0x2a Getraenk.o
 .text          0x00000000        0x0 Zutaten.o
 .data          0x00000000        0x0 Zutaten.o
 .bss           0x00000000        0x0 Zutaten.o
 .text          0x00000000        0x0 Main_Func.o
 .data          0x00000000        0x0 Main_Func.o
 .bss           0x00000000        0x0 Main_Func.o
 .text          0x00000000        0x0 Nextion_Display.o
 .data          0x00000000        0x0 Nextion_Display.o
 .bss           0x00000000        0x0 Nextion_Display.o
 .text.nextion_setValue
                0x00000000       0x22 Nextion_Display.o
 .text          0x00000000        0x0 mfrc522.o
 .data          0x00000000        0x0 mfrc522.o
 .bss           0x00000000        0x0 mfrc522.o
 .text.mfrc522_write
                0x00000000       0x32 mfrc522.o
 .text.mfrc522_read
                0x00000000       0x2a mfrc522.o
 .text.mfrc522_reset
                0x00000000        0xa mfrc522.o
 .rodata.str1.1
                0x00000000       0x62 mfrc522.o
 .text.mfrc522_init
                0x00000000       0x88 mfrc522.o
 .text.mfrc522_to_card
                0x00000000      0x25e mfrc522.o
 .text.mfrc522_request
                0x00000000       0x68 mfrc522.o
 .text.mfrc522_get_card_serial
                0x00000000       0x70 mfrc522.o
 .text.check_Communication_Input_MFRC522
                0x00000000       0xee mfrc522.o
 .debug_info    0x00000000      0xc0f mfrc522.o
 .debug_abbrev  0x00000000      0x230 mfrc522.o
 .debug_loc     0x00000000      0x8c5 mfrc522.o
 .debug_aranges
                0x00000000       0x58 mfrc522.o
 .debug_ranges  0x00000000       0x48 mfrc522.o
 .debug_line    0x00000000      0x543 mfrc522.o
 .debug_str     0x00000000      0x434 mfrc522.o
 .comment       0x00000000       0x31 mfrc522.o
 .debug_frame   0x00000000      0x164 mfrc522.o
 .text          0x00000000        0x0 ring_buffer.o
 .data          0x00000000        0x0 ring_buffer.o
 .bss           0x00000000        0x0 ring_buffer.o
 .text.RB_read  0x00000000       0x68 ring_buffer.o
 .text          0x00000000        0x0 FAT32.o
 .data          0x00000000        0x0 FAT32.o
 .bss           0x00000000        0x0 FAT32.o
 .text.searchNextFreeCluster
                0x00000000      0x144 FAT32.o
 .text.memoryStatistics
                0x00000000      0x270 FAT32.o
 .text.deleteFile
                0x00000000       0x1c FAT32.o
 .text.writeFile
                0x00000000      0x81c FAT32.o
 .text          0x00000000        0x0 SD_routines.o
 .data          0x00000000        0x0 SD_routines.o
 .bss           0x00000000        0x0 SD_routines.o
 .text.SD_erase
                0x00000000       0x62 SD_routines.o
 .text          0x00000000        0x0 SPI.o
 .data          0x00000000        0x0 SPI.o
 .bss           0x00000000        0x0 SPI.o
 .text.spi_transmit_IT
                0x00000000       0x1e SPI.o
 .text.enable_Slave
                0x00000000       0x28 SPI.o
 COMMON         0x00000000        0x2 SPI.o
 .text          0x00000000        0x0 tmc4671.o
 .data          0x00000000        0x0 tmc4671.o
 .bss           0x00000000        0x0 tmc4671.o
 .text.tmc40bit_writeInt
                0x00000000       0x4c tmc4671.o
 .text.tmc4671_writeDatagram
                0x00000000       0x2c tmc4671.o
 .text.tmc4671_writeInt
                0x00000000        0x6 tmc4671.o
 .text.tmc40bit_readInt
                0x00000000       0x44 tmc4671.o
 .text.tmc4671_readInt
                0x00000000       0x1e tmc4671.o
 .text.TMC4671_init
                0x00000000       0xd0 tmc4671.o
 .text.initTMC4671_Encoder
                0x00000000       0x88 tmc4671.o
 .text.initTMC4671_Openloop
                0x00000000       0xd4 tmc4671.o
 .text.tmc4671_readRegister16BitValue
                0x00000000       0x30 tmc4671.o
 .text.tmc4671_writeRegister16BitValue
                0x00000000       0x66 tmc4671.o
 .text.tmc4671_switchToMotionMode
                0x00000000       0x34 tmc4671.o
 .text.tmc4671_setTargetTorque_raw
                0x00000000       0x2e tmc4671.o
 .text.tmc4671_getTargetTorque_raw
                0x00000000       0x58 tmc4671.o
 .text.tmc4671_getActualTorque_raw
                0x00000000       0x1a tmc4671.o
 .text.tmc4671_getActualRampTorque_raw
                0x00000000        0x8 tmc4671.o
 .text.tmc4671_setTargetTorque_mA
                0x00000000       0x48 tmc4671.o
 .text.tmc4671_getTargetTorque_mA
                0x00000000       0x3e tmc4671.o
 .text.tmc4671_getActualTorque_mA
                0x00000000       0x3e tmc4671.o
 .text.tmc4671_getTargetTorqueFluxSum_mA
                0x00000000       0xba tmc4671.o
 .text.tmc4671_getActualTorqueFluxSum_mA
                0x00000000       0x5c tmc4671.o
 .text.tmc4671_getActualRampTorque_mA
                0x00000000        0x8 tmc4671.o
 .text.tmc4671_setTargetFlux_raw
                0x00000000        0xc tmc4671.o
 .text.tmc4671_getTargetFlux_raw
                0x00000000       0x5a tmc4671.o
 .text.tmc4671_getActualFlux_raw
                0x00000000       0x12 tmc4671.o
 .text.tmc4671_setTargetFlux_mA
                0x00000000       0x26 tmc4671.o
 .text.tmc4671_getTargetFlux_mA
                0x00000000       0x3e tmc4671.o
 .text.tmc4671_getActualFlux_mA
                0x00000000       0x40 tmc4671.o
 .text.tmc4671_setTorqueFluxLimit_mA
                0x00000000       0x26 tmc4671.o
 .text.tmc4671_getTorqueFluxLimit_mA
                0x00000000       0x40 tmc4671.o
 .text.tmc4671_setTargetVelocity
                0x00000000       0x30 tmc4671.o
 .text.tmc4671_getTargetVelocity
                0x00000000       0x12 tmc4671.o
 .text.tmc4671_getActualVelocity
                0x00000000       0x12 tmc4671.o
 .text.tmc4671_getActualRampVelocity
                0x00000000        0x8 tmc4671.o
 .text.tmc4671_setAbsolutTargetPosition
                0x00000000       0x30 tmc4671.o
 .text.tmc4671_setRelativeTargetPosition
                0x00000000       0x4c tmc4671.o
 .text.tmc4671_getTargetPosition
                0x00000000       0x12 tmc4671.o
 .text.tmc4671_setActualPosition
                0x00000000        0xe tmc4671.o
 .text.tmc4671_getActualPosition
                0x00000000       0x12 tmc4671.o
 .text.tmc4671_getActualRampPosition
                0x00000000        0x8 tmc4671.o
 .text.tmc4671_doEncoderInitializationMode0
                0x00000000      0x12e tmc4671.o
 .text.tmc4671_getS16CircleDifference
                0x00000000        0x6 tmc4671.o
 .text.tmc4671_doEncoderInitializationMode2
                0x00000000      0x112 tmc4671.o
 .text.tmc4671_checkEncderInitialization
                0x00000000       0x96 tmc4671.o
 .text.tmc4671_periodicJob
                0x00000000       0x26 tmc4671.o
 .text.tmc4671_startEncoderInitialization
                0x00000000       0x28 tmc4671.o
 .text.tmc4671_updatePhiSelectionAndInitialize
                0x00000000       0x4e tmc4671.o
 .text.tmc4671_disablePWM
                0x00000000       0x10 tmc4671.o
 .text.tmc4671_getMotorType
                0x00000000       0x14 tmc4671.o
 .text.tmc4671_setMotorType
                0x00000000       0x2c tmc4671.o
 .text.tmc4671_getPolePairs
                0x00000000        0xa tmc4671.o
 .text.tmc4671_setPolePairs
                0x00000000       0x2c tmc4671.o
 .text.tmc4671_getAdcI0Offset
                0x00000000        0xa tmc4671.o
 .text.tmc4671_setAdcI0Offset
                0x00000000       0x2e tmc4671.o
 .text.tmc4671_getAdcI1Offset
                0x00000000        0xa tmc4671.o
 .text.tmc4671_setAdcI1Offset
                0x00000000       0x2e tmc4671.o
 .text.tmc4671_setTorqueFluxPI
                0x00000000       0x50 tmc4671.o
 .text.tmc4671_setVelocityPI
                0x00000000       0x44 tmc4671.o
 .text.tmc4671_setPositionPI
                0x00000000       0x44 tmc4671.o
 .text.tmc4671_readFieldWithDependency
                0x00000000       0x9a tmc4671.o
 .bss.lastSystick.2394
                0x00000000        0x4 tmc4671.o
 .bss.actual_coarse_offset.2377
                0x00000000        0x2 tmc4671.o
 .bss.hall_phi_e_old.2375
                0x00000000        0x2 tmc4671.o
 .bss.last_PHI_E_EXT.2359
                0x00000000        0x2 tmc4671.o
 .bss.last_UQ_UD_EXT.2358
                0x00000000        0x4 tmc4671.o
 .bss.last_Phi_E_Selection.2357
                0x00000000        0x2 tmc4671.o
 .debug_info    0x00000000     0x32e5 tmc4671.o
 .debug_abbrev  0x00000000      0x36f tmc4671.o
 .debug_loc     0x00000000     0x3bb5 tmc4671.o
 .debug_aranges
                0x00000000      0x1f0 tmc4671.o
 .debug_ranges  0x00000000      0x1e0 tmc4671.o
 .debug_line    0x00000000      0xae9 tmc4671.o
 .debug_str     0x00000000      0xb66 tmc4671.o
 .comment       0x00000000       0x31 tmc4671.o
 .debug_frame   0x00000000      0x7b0 tmc4671.o
 .text          0x00000000        0x0 TMC6200.o
 .data          0x00000000        0x0 TMC6200.o
 .bss           0x00000000        0x0 TMC6200.o
 .text.tmc6200_readInt
                0x00000000       0x7a TMC6200.o
 .text.tmc6200_writeInt
                0x00000000       0x42 TMC6200.o
 .text.initTMC6200
                0x00000000       0x2c TMC6200.o
 .debug_info    0x00000000      0x491 TMC6200.o
 .debug_abbrev  0x00000000      0x1d0 TMC6200.o
 .debug_loc     0x00000000      0x1fa TMC6200.o
 .debug_aranges
                0x00000000       0x30 TMC6200.o
 .debug_ranges  0x00000000       0x20 TMC6200.o
 .debug_line    0x00000000      0x25d TMC6200.o
 .debug_str     0x00000000      0x357 TMC6200.o
 .comment       0x00000000       0x31 TMC6200.o
 .debug_frame   0x00000000       0x70 TMC6200.o
 .text          0x00000000        0x0 UART.o
 .data          0x00000000        0x0 UART.o
 .bss           0x00000000        0x0 UART.o
 .text.Uart_Transmit_IT_ESP
                0x00000000       0x26 UART.o
 .text.receiveByte
                0x00000000       0x16 UART.o
 .rodata.str1.1
                0x00000000        0xb UART.o
 .text.transmitHex
                0x00000000       0x92 UART.o
 .text          0x00000000        0x0 main.o
 .data          0x00000000        0x0 main.o
 .bss           0x00000000        0x0 main.o
 .bss.UART_recieved_finished_2
                0x00000000        0x1 main.o
 .bss.UART_recieved_finished_1
                0x00000000        0x1 main.o
 .bss.UART_recieved_finished_0
                0x00000000        0x1 main.o
 .text          0x00000000        0x0 c:/program files (x86)/atmel/studio/7.0/toolchain/avr8/avr8-gnu-toolchain/bin/../lib/gcc/avr/5.4.0/avr6\libgcc.a(_mulsi3.o)
 .data          0x00000000        0x0 c:/program files (x86)/atmel/studio/7.0/toolchain/avr8/avr8-gnu-toolchain/bin/../lib/gcc/avr/5.4.0/avr6\libgcc.a(_mulsi3.o)
 .bss           0x00000000        0x0 c:/program files (x86)/atmel/studio/7.0/toolchain/avr8/avr8-gnu-toolchain/bin/../lib/gcc/avr/5.4.0/avr6\libgcc.a(_mulsi3.o)
 .text.libgcc.mul
                0x00000000       0x20 c:/program files (x86)/atmel/studio/7.0/toolchain/avr8/avr8-gnu-toolchain/bin/../lib/gcc/avr/5.4.0/avr6\libgcc.a(_mulsi3.o)
 .text.libgcc.div
                0x00000000        0x0 c:/program files (x86)/atmel/studio/7.0/toolchain/avr8/avr8-gnu-toolchain/bin/../lib/gcc/avr/5.4.0/avr6\libgcc.a(_mulsi3.o)
 .text.libgcc   0x00000000        0x0 c:/program files (x86)/atmel/studio/7.0/toolchain/avr8/avr8-gnu-toolchain/bin/../lib/gcc/avr/5.4.0/avr6\libgcc.a(_mulsi3.o)
 .text.libgcc.prologue
                0x00000000        0x0 c:/program files (x86)/atmel/studio/7.0/toolchain/avr8/avr8-gnu-toolchain/bin/../lib/gcc/avr/5.4.0/avr6\libgcc.a(_mulsi3.o)
 .text.libgcc.builtins
                0x00000000        0x0 c:/program files (x86)/atmel/studio/7.0/toolchain/avr8/avr8-gnu-toolchain/bin/../lib/gcc/avr/5.4.0/avr6\libgcc.a(_mulsi3.o)
 .text.libgcc.fmul
                0x00000000        0x0 c:/program files (x86)/atmel/studio/7.0/toolchain/avr8/avr8-gnu-toolchain/bin/../lib/gcc/avr/5.4.0/avr6\libgcc.a(_mulsi3.o)
 .text.libgcc.fixed
                0x00000000        0x0 c:/program files (x86)/atmel/studio/7.0/toolchain/avr8/avr8-gnu-toolchain/bin/../lib/gcc/avr/5.4.0/avr6\libgcc.a(_mulsi3.o)
 .text          0x00000000        0x0 c:/program files (x86)/atmel/studio/7.0/toolchain/avr8/avr8-gnu-toolchain/bin/../lib/gcc/avr/5.4.0/avr6\libgcc.a(_udivmodsi4.o)
 .data          0x00000000        0x0 c:/program files (x86)/atmel/studio/7.0/toolchain/avr8/avr8-gnu-toolchain/bin/../lib/gcc/avr/5.4.0/avr6\libgcc.a(_udivmodsi4.o)
 .bss           0x00000000        0x0 c:/program files (x86)/atmel/studio/7.0/toolchain/avr8/avr8-gnu-toolchain/bin/../lib/gcc/avr/5.4.0/avr6\libgcc.a(_udivmodsi4.o)
 .text.libgcc.mul
                0x00000000        0x0 c:/program files (x86)/atmel/studio/7.0/toolchain/avr8/avr8-gnu-toolchain/bin/../lib/gcc/avr/5.4.0/avr6\libgcc.a(_udivmodsi4.o)
 .text.libgcc   0x00000000        0x0 c:/program files (x86)/atmel/studio/7.0/toolchain/avr8/avr8-gnu-toolchain/bin/../lib/gcc/avr/5.4.0/avr6\libgcc.a(_udivmodsi4.o)
 .text.libgcc.prologue
                0x00000000        0x0 c:/program files (x86)/atmel/studio/7.0/toolchain/avr8/avr8-gnu-toolchain/bin/../lib/gcc/avr/5.4.0/avr6\libgcc.a(_udivmodsi4.o)
 .text.libgcc.builtins
                0x00000000        0x0 c:/program files (x86)/atmel/studio/7.0/toolchain/avr8/avr8-gnu-toolchain/bin/../lib/gcc/avr/5.4.0/avr6\libgcc.a(_udivmodsi4.o)
 .text.libgcc.fmul
                0x00000000        0x0 c:/program files (x86)/atmel/studio/7.0/toolchain/avr8/avr8-gnu-toolchain/bin/../lib/gcc/avr/5.4.0/avr6\libgcc.a(_udivmodsi4.o)
 .text.libgcc.fixed
                0x00000000        0x0 c:/program files (x86)/atmel/studio/7.0/toolchain/avr8/avr8-gnu-toolchain/bin/../lib/gcc/avr/5.4.0/avr6\libgcc.a(_udivmodsi4.o)
 .text          0x00000000        0x0 c:/program files (x86)/atmel/studio/7.0/toolchain/avr8/avr8-gnu-toolchain/bin/../lib/gcc/avr/5.4.0/avr6\libgcc.a(_divmodsi4.o)
 .data          0x00000000        0x0 c:/program files (x86)/atmel/studio/7.0/toolchain/avr8/avr8-gnu-toolchain/bin/../lib/gcc/avr/5.4.0/avr6\libgcc.a(_divmodsi4.o)
 .bss           0x00000000        0x0 c:/program files (x86)/atmel/studio/7.0/toolchain/avr8/avr8-gnu-toolchain/bin/../lib/gcc/avr/5.4.0/avr6\libgcc.a(_divmodsi4.o)
 .text.libgcc.mul
                0x00000000        0x0 c:/program files (x86)/atmel/studio/7.0/toolchain/avr8/avr8-gnu-toolchain/bin/../lib/gcc/avr/5.4.0/avr6\libgcc.a(_divmodsi4.o)
 .text.libgcc.div
                0x00000000       0x2e c:/program files (x86)/atmel/studio/7.0/toolchain/avr8/avr8-gnu-toolchain/bin/../lib/gcc/avr/5.4.0/avr6\libgcc.a(_divmodsi4.o)
 .text.libgcc   0x00000000        0x0 c:/program files (x86)/atmel/studio/7.0/toolchain/avr8/avr8-gnu-toolchain/bin/../lib/gcc/avr/5.4.0/avr6\libgcc.a(_divmodsi4.o)
 .text.libgcc.prologue
                0x00000000        0x0 c:/program files (x86)/atmel/studio/7.0/toolchain/avr8/avr8-gnu-toolchain/bin/../lib/gcc/avr/5.4.0/avr6\libgcc.a(_divmodsi4.o)
 .text.libgcc.builtins
                0x00000000        0x0 c:/program files (x86)/atmel/studio/7.0/toolchain/avr8/avr8-gnu-toolchain/bin/../lib/gcc/avr/5.4.0/avr6\libgcc.a(_divmodsi4.o)
 .text.libgcc.fmul
                0x00000000        0x0 c:/program files (x86)/atmel/studio/7.0/toolchain/avr8/avr8-gnu-toolchain/bin/../lib/gcc/avr/5.4.0/avr6\libgcc.a(_divmodsi4.o)
 .text.libgcc.fixed
                0x00000000        0x0 c:/program files (x86)/atmel/studio/7.0/toolchain/avr8/avr8-gnu-toolchain/bin/../lib/gcc/avr/5.4.0/avr6\libgcc.a(_divmodsi4.o)
 .text          0x00000000        0x0 c:/program files (x86)/atmel/studio/7.0/toolchain/avr8/avr8-gnu-toolchain/bin/../lib/gcc/avr/5.4.0/avr6\libgcc.a(_negsi2.o)
 .data          0x00000000        0x0 c:/program files (x86)/atmel/studio/7.0/toolchain/avr8/avr8-gnu-toolchain/bin/../lib/gcc/avr/5.4.0/avr6\libgcc.a(_negsi2.o)
 .bss           0x00000000        0x0 c:/program files (x86)/atmel/studio/7.0/toolchain/avr8/avr8-gnu-toolchain/bin/../lib/gcc/avr/5.4.0/avr6\libgcc.a(_negsi2.o)
 .text.libgcc.mul
                0x00000000        0x0 c:/program files (x86)/atmel/studio/7.0/toolchain/avr8/avr8-gnu-toolchain/bin/../lib/gcc/avr/5.4.0/avr6\libgcc.a(_negsi2.o)
 .text.libgcc.div
                0x00000000       0x10 c:/program files (x86)/atmel/studio/7.0/toolchain/avr8/avr8-gnu-toolchain/bin/../lib/gcc/avr/5.4.0/avr6\libgcc.a(_negsi2.o)
 .text.libgcc   0x00000000        0x0 c:/program files (x86)/atmel/studio/7.0/toolchain/avr8/avr8-gnu-toolchain/bin/../lib/gcc/avr/5.4.0/avr6\libgcc.a(_negsi2.o)
 .text.libgcc.prologue
                0x00000000        0x0 c:/program files (x86)/atmel/studio/7.0/toolchain/avr8/avr8-gnu-toolchain/bin/../lib/gcc/avr/5.4.0/avr6\libgcc.a(_negsi2.o)
 .text.libgcc.builtins
                0x00000000        0x0 c:/program files (x86)/atmel/studio/7.0/toolchain/avr8/avr8-gnu-toolchain/bin/../lib/gcc/avr/5.4.0/avr6\libgcc.a(_negsi2.o)
 .text.libgcc.fmul
                0x00000000        0x0 c:/program files (x86)/atmel/studio/7.0/toolchain/avr8/avr8-gnu-toolchain/bin/../lib/gcc/avr/5.4.0/avr6\libgcc.a(_negsi2.o)
 .text.libgcc.fixed
                0x00000000        0x0 c:/program files (x86)/atmel/studio/7.0/toolchain/avr8/avr8-gnu-toolchain/bin/../lib/gcc/avr/5.4.0/avr6\libgcc.a(_negsi2.o)
 .text          0x00000000        0x0 c:/program files (x86)/atmel/studio/7.0/toolchain/avr8/avr8-gnu-toolchain/bin/../lib/gcc/avr/5.4.0/avr6\libgcc.a(_exit.o)
 .data          0x00000000        0x0 c:/program files (x86)/atmel/studio/7.0/toolchain/avr8/avr8-gnu-toolchain/bin/../lib/gcc/avr/5.4.0/avr6\libgcc.a(_exit.o)
 .bss           0x00000000        0x0 c:/program files (x86)/atmel/studio/7.0/toolchain/avr8/avr8-gnu-toolchain/bin/../lib/gcc/avr/5.4.0/avr6\libgcc.a(_exit.o)
 .text.libgcc.mul
                0x00000000        0x0 c:/program files (x86)/atmel/studio/7.0/toolchain/avr8/avr8-gnu-toolchain/bin/../lib/gcc/avr/5.4.0/avr6\libgcc.a(_exit.o)
 .text.libgcc.div
                0x00000000        0x0 c:/program files (x86)/atmel/studio/7.0/toolchain/avr8/avr8-gnu-toolchain/bin/../lib/gcc/avr/5.4.0/avr6\libgcc.a(_exit.o)
 .text.libgcc   0x00000000        0x0 c:/program files (x86)/atmel/studio/7.0/toolchain/avr8/avr8-gnu-toolchain/bin/../lib/gcc/avr/5.4.0/avr6\libgcc.a(_exit.o)
 .text.libgcc.prologue
                0x00000000        0x0 c:/program files (x86)/atmel/studio/7.0/toolchain/avr8/avr8-gnu-toolchain/bin/../lib/gcc/avr/5.4.0/avr6\libgcc.a(_exit.o)
 .text.libgcc.builtins
                0x00000000        0x0 c:/program files (x86)/atmel/studio/7.0/toolchain/avr8/avr8-gnu-toolchain/bin/../lib/gcc/avr/5.4.0/avr6\libgcc.a(_exit.o)
 .text.libgcc.fmul
                0x00000000        0x0 c:/program files (x86)/atmel/studio/7.0/toolchain/avr8/avr8-gnu-toolchain/bin/../lib/gcc/avr/5.4.0/avr6\libgcc.a(_exit.o)
 .text.libgcc.fixed
                0x00000000        0x0 c:/program files (x86)/atmel/studio/7.0/toolchain/avr8/avr8-gnu-toolchain/bin/../lib/gcc/avr/5.4.0/avr6\libgcc.a(_exit.o)
 .text          0x00000000        0x0 c:/program files (x86)/atmel/studio/7.0/toolchain/avr8/avr8-gnu-toolchain/bin/../lib/gcc/avr/5.4.0/avr6\libgcc.a(_tablejump2.o)
 .data          0x00000000        0x0 c:/program files (x86)/atmel/studio/7.0/toolchain/avr8/avr8-gnu-toolchain/bin/../lib/gcc/avr/5.4.0/avr6\libgcc.a(_tablejump2.o)
 .bss           0x00000000        0x0 c:/program files (x86)/atmel/studio/7.0/toolchain/avr8/avr8-gnu-toolchain/bin/../lib/gcc/avr/5.4.0/avr6\libgcc.a(_tablejump2.o)
 .text.libgcc.mul
                0x00000000        0x0 c:/program files (x86)/atmel/studio/7.0/toolchain/avr8/avr8-gnu-toolchain/bin/../lib/gcc/avr/5.4.0/avr6\libgcc.a(_tablejump2.o)
 .text.libgcc.div
                0x00000000        0x0 c:/program files (x86)/atmel/studio/7.0/toolchain/avr8/avr8-gnu-toolchain/bin/../lib/gcc/avr/5.4.0/avr6\libgcc.a(_tablejump2.o)
 .text.libgcc.prologue
                0x00000000        0x0 c:/program files (x86)/atmel/studio/7.0/toolchain/avr8/avr8-gnu-toolchain/bin/../lib/gcc/avr/5.4.0/avr6\libgcc.a(_tablejump2.o)
 .text.libgcc.builtins
                0x00000000        0x0 c:/program files (x86)/atmel/studio/7.0/toolchain/avr8/avr8-gnu-toolchain/bin/../lib/gcc/avr/5.4.0/avr6\libgcc.a(_tablejump2.o)
 .text.libgcc.fmul
                0x00000000        0x0 c:/program files (x86)/atmel/studio/7.0/toolchain/avr8/avr8-gnu-toolchain/bin/../lib/gcc/avr/5.4.0/avr6\libgcc.a(_tablejump2.o)
 .text.libgcc.fixed
                0x00000000        0x0 c:/program files (x86)/atmel/studio/7.0/toolchain/avr8/avr8-gnu-toolchain/bin/../lib/gcc/avr/5.4.0/avr6\libgcc.a(_tablejump2.o)
 .text          0x00000000        0x0 c:/program files (x86)/atmel/studio/7.0/toolchain/avr8/avr8-gnu-toolchain/bin/../lib/gcc/avr/5.4.0/avr6\libgcc.a(_copy_data.o)
 .data          0x00000000        0x0 c:/program files (x86)/atmel/studio/7.0/toolchain/avr8/avr8-gnu-toolchain/bin/../lib/gcc/avr/5.4.0/avr6\libgcc.a(_copy_data.o)
 .bss           0x00000000        0x0 c:/program files (x86)/atmel/studio/7.0/toolchain/avr8/avr8-gnu-toolchain/bin/../lib/gcc/avr/5.4.0/avr6\libgcc.a(_copy_data.o)
 .text.libgcc.mul
                0x00000000        0x0 c:/program files (x86)/atmel/studio/7.0/toolchain/avr8/avr8-gnu-toolchain/bin/../lib/gcc/avr/5.4.0/avr6\libgcc.a(_copy_data.o)
 .text.libgcc.div
                0x00000000        0x0 c:/program files (x86)/atmel/studio/7.0/toolchain/avr8/avr8-gnu-toolchain/bin/../lib/gcc/avr/5.4.0/avr6\libgcc.a(_copy_data.o)
 .text.libgcc   0x00000000        0x0 c:/program files (x86)/atmel/studio/7.0/toolchain/avr8/avr8-gnu-toolchain/bin/../lib/gcc/avr/5.4.0/avr6\libgcc.a(_copy_data.o)
 .text.libgcc.prologue
                0x00000000        0x0 c:/program files (x86)/atmel/studio/7.0/toolchain/avr8/avr8-gnu-toolchain/bin/../lib/gcc/avr/5.4.0/avr6\libgcc.a(_copy_data.o)
 .text.libgcc.builtins
                0x00000000        0x0 c:/program files (x86)/atmel/studio/7.0/toolchain/avr8/avr8-gnu-toolchain/bin/../lib/gcc/avr/5.4.0/avr6\libgcc.a(_copy_data.o)
 .text.libgcc.fmul
                0x00000000        0x0 c:/program files (x86)/atmel/studio/7.0/toolchain/avr8/avr8-gnu-toolchain/bin/../lib/gcc/avr/5.4.0/avr6\libgcc.a(_copy_data.o)
 .text.libgcc.fixed
                0x00000000        0x0 c:/program files (x86)/atmel/studio/7.0/toolchain/avr8/avr8-gnu-toolchain/bin/../lib/gcc/avr/5.4.0/avr6\libgcc.a(_copy_data.o)
 .text          0x00000000        0x0 c:/program files (x86)/atmel/studio/7.0/toolchain/avr8/avr8-gnu-toolchain/bin/../lib/gcc/avr/5.4.0/avr6\libgcc.a(_clear_bss.o)
 .data          0x00000000        0x0 c:/program files (x86)/atmel/studio/7.0/toolchain/avr8/avr8-gnu-toolchain/bin/../lib/gcc/avr/5.4.0/avr6\libgcc.a(_clear_bss.o)
 .bss           0x00000000        0x0 c:/program files (x86)/atmel/studio/7.0/toolchain/avr8/avr8-gnu-toolchain/bin/../lib/gcc/avr/5.4.0/avr6\libgcc.a(_clear_bss.o)
 .text.libgcc.mul
                0x00000000        0x0 c:/program files (x86)/atmel/studio/7.0/toolchain/avr8/avr8-gnu-toolchain/bin/../lib/gcc/avr/5.4.0/avr6\libgcc.a(_clear_bss.o)
 .text.libgcc.div
                0x00000000        0x0 c:/program files (x86)/atmel/studio/7.0/toolchain/avr8/avr8-gnu-toolchain/bin/../lib/gcc/avr/5.4.0/avr6\libgcc.a(_clear_bss.o)
 .text.libgcc   0x00000000        0x0 c:/program files (x86)/atmel/studio/7.0/toolchain/avr8/avr8-gnu-toolchain/bin/../lib/gcc/avr/5.4.0/avr6\libgcc.a(_clear_bss.o)
 .text.libgcc.prologue
                0x00000000        0x0 c:/program files (x86)/atmel/studio/7.0/toolchain/avr8/avr8-gnu-toolchain/bin/../lib/gcc/avr/5.4.0/avr6\libgcc.a(_clear_bss.o)
 .text.libgcc.builtins
                0x00000000        0x0 c:/program files (x86)/atmel/studio/7.0/toolchain/avr8/avr8-gnu-toolchain/bin/../lib/gcc/avr/5.4.0/avr6\libgcc.a(_clear_bss.o)
 .text.libgcc.fmul
                0x00000000        0x0 c:/program files (x86)/atmel/studio/7.0/toolchain/avr8/avr8-gnu-toolchain/bin/../lib/gcc/avr/5.4.0/avr6\libgcc.a(_clear_bss.o)
 .text.libgcc.fixed
                0x00000000        0x0 c:/program files (x86)/atmel/studio/7.0/toolchain/avr8/avr8-gnu-toolchain/bin/../lib/gcc/avr/5.4.0/avr6\libgcc.a(_clear_bss.o)
 .text          0x00000000        0x0 c:/program files (x86)/atmel/studio/7.0/toolchain/avr8/avr8-gnu-toolchain/bin/../lib/gcc/avr/5.4.0/avr6\libgcc.a(_umulhisi3.o)
 .data          0x00000000        0x0 c:/program files (x86)/atmel/studio/7.0/toolchain/avr8/avr8-gnu-toolchain/bin/../lib/gcc/avr/5.4.0/avr6\libgcc.a(_umulhisi3.o)
 .bss           0x00000000        0x0 c:/program files (x86)/atmel/studio/7.0/toolchain/avr8/avr8-gnu-toolchain/bin/../lib/gcc/avr/5.4.0/avr6\libgcc.a(_umulhisi3.o)
 .text.libgcc.div
                0x00000000        0x0 c:/program files (x86)/atmel/studio/7.0/toolchain/avr8/avr8-gnu-toolchain/bin/../lib/gcc/avr/5.4.0/avr6\libgcc.a(_umulhisi3.o)
 .text.libgcc   0x00000000        0x0 c:/program files (x86)/atmel/studio/7.0/toolchain/avr8/avr8-gnu-toolchain/bin/../lib/gcc/avr/5.4.0/avr6\libgcc.a(_umulhisi3.o)
 .text.libgcc.prologue
                0x00000000        0x0 c:/program files (x86)/atmel/studio/7.0/toolchain/avr8/avr8-gnu-toolchain/bin/../lib/gcc/avr/5.4.0/avr6\libgcc.a(_umulhisi3.o)
 .text.libgcc.builtins
                0x00000000        0x0 c:/program files (x86)/atmel/studio/7.0/toolchain/avr8/avr8-gnu-toolchain/bin/../lib/gcc/avr/5.4.0/avr6\libgcc.a(_umulhisi3.o)
 .text.libgcc.fmul
                0x00000000        0x0 c:/program files (x86)/atmel/studio/7.0/toolchain/avr8/avr8-gnu-toolchain/bin/../lib/gcc/avr/5.4.0/avr6\libgcc.a(_umulhisi3.o)
 .text.libgcc.fixed
                0x00000000        0x0 c:/program files (x86)/atmel/studio/7.0/toolchain/avr8/avr8-gnu-toolchain/bin/../lib/gcc/avr/5.4.0/avr6\libgcc.a(_umulhisi3.o)
 .text          0x00000000        0x0 c:/program files (x86)/atmel/studio/7.0/toolchain/avr8/avr8-gnu-toolchain/bin/../lib/gcc/avr/5.4.0/avr6\libgcc.a(_usmulhisi3.o)
 .data          0x00000000        0x0 c:/program files (x86)/atmel/studio/7.0/toolchain/avr8/avr8-gnu-toolchain/bin/../lib/gcc/avr/5.4.0/avr6\libgcc.a(_usmulhisi3.o)
 .bss           0x00000000        0x0 c:/program files (x86)/atmel/studio/7.0/toolchain/avr8/avr8-gnu-toolchain/bin/../lib/gcc/avr/5.4.0/avr6\libgcc.a(_usmulhisi3.o)
 .text.libgcc.mul
                0x00000000        0xe c:/program files (x86)/atmel/studio/7.0/toolchain/avr8/avr8-gnu-toolchain/bin/../lib/gcc/avr/5.4.0/avr6\libgcc.a(_usmulhisi3.o)
 .text.libgcc.div
                0x00000000        0x0 c:/program files (x86)/atmel/studio/7.0/toolchain/avr8/avr8-gnu-toolchain/bin/../lib/gcc/avr/5.4.0/avr6\libgcc.a(_usmulhisi3.o)
 .text.libgcc   0x00000000        0x0 c:/program files (x86)/atmel/studio/7.0/toolchain/avr8/avr8-gnu-toolchain/bin/../lib/gcc/avr/5.4.0/avr6\libgcc.a(_usmulhisi3.o)
 .text.libgcc.prologue
                0x00000000        0x0 c:/program files (x86)/atmel/studio/7.0/toolchain/avr8/avr8-gnu-toolchain/bin/../lib/gcc/avr/5.4.0/avr6\libgcc.a(_usmulhisi3.o)
 .text.libgcc.builtins
                0x00000000        0x0 c:/program files (x86)/atmel/studio/7.0/toolchain/avr8/avr8-gnu-toolchain/bin/../lib/gcc/avr/5.4.0/avr6\libgcc.a(_usmulhisi3.o)
 .text.libgcc.fmul
                0x00000000        0x0 c:/program files (x86)/atmel/studio/7.0/toolchain/avr8/avr8-gnu-toolchain/bin/../lib/gcc/avr/5.4.0/avr6\libgcc.a(_usmulhisi3.o)
 .text.libgcc.fixed
                0x00000000        0x0 c:/program files (x86)/atmel/studio/7.0/toolchain/avr8/avr8-gnu-toolchain/bin/../lib/gcc/avr/5.4.0/avr6\libgcc.a(_usmulhisi3.o)
 .text          0x00000000        0x0 c:/program files (x86)/atmel/studio/7.0/toolchain/avr8/avr8-gnu-toolchain/bin/../lib/gcc/avr/5.4.0/avr6\libgcc.a(_muluhisi3.o)
 .data          0x00000000        0x0 c:/program files (x86)/atmel/studio/7.0/toolchain/avr8/avr8-gnu-toolchain/bin/../lib/gcc/avr/5.4.0/avr6\libgcc.a(_muluhisi3.o)
 .bss           0x00000000        0x0 c:/program files (x86)/atmel/studio/7.0/toolchain/avr8/avr8-gnu-toolchain/bin/../lib/gcc/avr/5.4.0/avr6\libgcc.a(_muluhisi3.o)
 .text.libgcc.div
                0x00000000        0x0 c:/program files (x86)/atmel/studio/7.0/toolchain/avr8/avr8-gnu-toolchain/bin/../lib/gcc/avr/5.4.0/avr6\libgcc.a(_muluhisi3.o)
 .text.libgcc   0x00000000        0x0 c:/program files (x86)/atmel/studio/7.0/toolchain/avr8/avr8-gnu-toolchain/bin/../lib/gcc/avr/5.4.0/avr6\libgcc.a(_muluhisi3.o)
 .text.libgcc.prologue
                0x00000000        0x0 c:/program files (x86)/atmel/studio/7.0/toolchain/avr8/avr8-gnu-toolchain/bin/../lib/gcc/avr/5.4.0/avr6\libgcc.a(_muluhisi3.o)
 .text.libgcc.builtins
                0x00000000        0x0 c:/program files (x86)/atmel/studio/7.0/toolchain/avr8/avr8-gnu-toolchain/bin/../lib/gcc/avr/5.4.0/avr6\libgcc.a(_muluhisi3.o)
 .text.libgcc.fmul
                0x00000000        0x0 c:/program files (x86)/atmel/studio/7.0/toolchain/avr8/avr8-gnu-toolchain/bin/../lib/gcc/avr/5.4.0/avr6\libgcc.a(_muluhisi3.o)
 .text.libgcc.fixed
                0x00000000        0x0 c:/program files (x86)/atmel/studio/7.0/toolchain/avr8/avr8-gnu-toolchain/bin/../lib/gcc/avr/5.4.0/avr6\libgcc.a(_muluhisi3.o)
 .text          0x00000000        0x0 c:/program files (x86)/atmel/studio/7.0/toolchain/avr8/avr8-gnu-toolchain/bin/../lib/gcc/avr/5.4.0/../../../../avr/lib/avr6\libc.a(calloc.o)
 .data          0x00000000        0x0 c:/program files (x86)/atmel/studio/7.0/toolchain/avr8/avr8-gnu-toolchain/bin/../lib/gcc/avr/5.4.0/../../../../avr/lib/avr6\libc.a(calloc.o)
 .bss           0x00000000        0x0 c:/program files (x86)/atmel/studio/7.0/toolchain/avr8/avr8-gnu-toolchain/bin/../lib/gcc/avr/5.4.0/../../../../avr/lib/avr6\libc.a(calloc.o)
 .text          0x00000000        0x0 c:/program files (x86)/atmel/studio/7.0/toolchain/avr8/avr8-gnu-toolchain/bin/../lib/gcc/avr/5.4.0/../../../../avr/lib/avr6\libc.a(malloc.o)
 .bss           0x00000000        0x0 c:/program files (x86)/atmel/studio/7.0/toolchain/avr8/avr8-gnu-toolchain/bin/../lib/gcc/avr/5.4.0/../../../../avr/lib/avr6\libc.a(malloc.o)
 .text          0x00000000        0x0 c:/program files (x86)/atmel/studio/7.0/toolchain/avr8/avr8-gnu-toolchain/bin/../lib/gcc/avr/5.4.0/../../../../avr/lib/avr6\libc.a(atoi.o)
 .data          0x00000000        0x0 c:/program files (x86)/atmel/studio/7.0/toolchain/avr8/avr8-gnu-toolchain/bin/../lib/gcc/avr/5.4.0/../../../../avr/lib/avr6\libc.a(atoi.o)
 .bss           0x00000000        0x0 c:/program files (x86)/atmel/studio/7.0/toolchain/avr8/avr8-gnu-toolchain/bin/../lib/gcc/avr/5.4.0/../../../../avr/lib/avr6\libc.a(atoi.o)
 .text          0x00000000        0x0 c:/program files (x86)/atmel/studio/7.0/toolchain/avr8/avr8-gnu-toolchain/bin/../lib/gcc/avr/5.4.0/../../../../avr/lib/avr6\libc.a(strtok.o)
 .data          0x00000000        0x0 c:/program files (x86)/atmel/studio/7.0/toolchain/avr8/avr8-gnu-toolchain/bin/../lib/gcc/avr/5.4.0/../../../../avr/lib/avr6\libc.a(strtok.o)
 .text          0x00000000        0x0 c:/program files (x86)/atmel/studio/7.0/toolchain/avr8/avr8-gnu-toolchain/bin/../lib/gcc/avr/5.4.0/../../../../avr/lib/avr6\libc.a(memset.o)
 .data          0x00000000        0x0 c:/program files (x86)/atmel/studio/7.0/toolchain/avr8/avr8-gnu-toolchain/bin/../lib/gcc/avr/5.4.0/../../../../avr/lib/avr6\libc.a(memset.o)
 .bss           0x00000000        0x0 c:/program files (x86)/atmel/studio/7.0/toolchain/avr8/avr8-gnu-toolchain/bin/../lib/gcc/avr/5.4.0/../../../../avr/lib/avr6\libc.a(memset.o)
 .text          0x00000000        0x0 c:/program files (x86)/atmel/studio/7.0/toolchain/avr8/avr8-gnu-toolchain/bin/../lib/gcc/avr/5.4.0/../../../../avr/lib/avr6\libc.a(strcat.o)
 .data          0x00000000        0x0 c:/program files (x86)/atmel/studio/7.0/toolchain/avr8/avr8-gnu-toolchain/bin/../lib/gcc/avr/5.4.0/../../../../avr/lib/avr6\libc.a(strcat.o)
 .bss           0x00000000        0x0 c:/program files (x86)/atmel/studio/7.0/toolchain/avr8/avr8-gnu-toolchain/bin/../lib/gcc/avr/5.4.0/../../../../avr/lib/avr6\libc.a(strcat.o)
 .text          0x00000000        0x0 c:/program files (x86)/atmel/studio/7.0/toolchain/avr8/avr8-gnu-toolchain/bin/../lib/gcc/avr/5.4.0/../../../../avr/lib/avr6\libc.a(strcpy.o)
 .data          0x00000000        0x0 c:/program files (x86)/atmel/studio/7.0/toolchain/avr8/avr8-gnu-toolchain/bin/../lib/gcc/avr/5.4.0/../../../../avr/lib/avr6\libc.a(strcpy.o)
 .bss           0x00000000        0x0 c:/program files (x86)/atmel/studio/7.0/toolchain/avr8/avr8-gnu-toolchain/bin/../lib/gcc/avr/5.4.0/../../../../avr/lib/avr6\libc.a(strcpy.o)
 .text          0x00000000        0x0 c:/program files (x86)/atmel/studio/7.0/toolchain/avr8/avr8-gnu-toolchain/bin/../lib/gcc/avr/5.4.0/../../../../avr/lib/avr6\libc.a(strncpy.o)
 .data          0x00000000        0x0 c:/program files (x86)/atmel/studio/7.0/toolchain/avr8/avr8-gnu-toolchain/bin/../lib/gcc/avr/5.4.0/../../../../avr/lib/avr6\libc.a(strncpy.o)
 .bss           0x00000000        0x0 c:/program files (x86)/atmel/studio/7.0/toolchain/avr8/avr8-gnu-toolchain/bin/../lib/gcc/avr/5.4.0/../../../../avr/lib/avr6\libc.a(strncpy.o)
 .text.avr-libc
                0x00000000       0x1e c:/program files (x86)/atmel/studio/7.0/toolchain/avr8/avr8-gnu-toolchain/bin/../lib/gcc/avr/5.4.0/../../../../avr/lib/avr6\libc.a(strncpy.o)
 .text          0x00000000        0x0 c:/program files (x86)/atmel/studio/7.0/toolchain/avr8/avr8-gnu-toolchain/bin/../lib/gcc/avr/5.4.0/../../../../avr/lib/avr6\libc.a(strtok_r.o)
 .data          0x00000000        0x0 c:/program files (x86)/atmel/studio/7.0/toolchain/avr8/avr8-gnu-toolchain/bin/../lib/gcc/avr/5.4.0/../../../../avr/lib/avr6\libc.a(strtok_r.o)
 .bss           0x00000000        0x0 c:/program files (x86)/atmel/studio/7.0/toolchain/avr8/avr8-gnu-toolchain/bin/../lib/gcc/avr/5.4.0/../../../../avr/lib/avr6\libc.a(strtok_r.o)
 .text          0x00000000        0x0 c:/program files (x86)/atmel/studio/7.0/toolchain/avr8/avr8-gnu-toolchain/bin/../lib/gcc/avr/5.4.0/../../../../avr/lib/avr6\libc.a(itoa_ncheck.o)
 .data          0x00000000        0x0 c:/program files (x86)/atmel/studio/7.0/toolchain/avr8/avr8-gnu-toolchain/bin/../lib/gcc/avr/5.4.0/../../../../avr/lib/avr6\libc.a(itoa_ncheck.o)
 .bss           0x00000000        0x0 c:/program files (x86)/atmel/studio/7.0/toolchain/avr8/avr8-gnu-toolchain/bin/../lib/gcc/avr/5.4.0/../../../../avr/lib/avr6\libc.a(itoa_ncheck.o)
 .text          0x00000000        0x0 c:/program files (x86)/atmel/studio/7.0/toolchain/avr8/avr8-gnu-toolchain/bin/../lib/gcc/avr/5.4.0/../../../../avr/lib/avr6\libc.a(mul10.o)
 .data          0x00000000        0x0 c:/program files (x86)/atmel/studio/7.0/toolchain/avr8/avr8-gnu-toolchain/bin/../lib/gcc/avr/5.4.0/../../../../avr/lib/avr6\libc.a(mul10.o)
 .bss           0x00000000        0x0 c:/program files (x86)/atmel/studio/7.0/toolchain/avr8/avr8-gnu-toolchain/bin/../lib/gcc/avr/5.4.0/../../../../avr/lib/avr6\libc.a(mul10.o)
 .text          0x00000000        0x0 c:/program files (x86)/atmel/studio/7.0/toolchain/avr8/avr8-gnu-toolchain/bin/../lib/gcc/avr/5.4.0/../../../../avr/lib/avr6\libc.a(utoa_ncheck.o)
 .data          0x00000000        0x0 c:/program files (x86)/atmel/studio/7.0/toolchain/avr8/avr8-gnu-toolchain/bin/../lib/gcc/avr/5.4.0/../../../../avr/lib/avr6\libc.a(utoa_ncheck.o)
 .bss           0x00000000        0x0 c:/program files (x86)/atmel/studio/7.0/toolchain/avr8/avr8-gnu-toolchain/bin/../lib/gcc/avr/5.4.0/../../../../avr/lib/avr6\libc.a(utoa_ncheck.o)
 .text          0x00000000        0x0 c:/program files (x86)/atmel/studio/7.0/toolchain/avr8/avr8-gnu-toolchain/bin/../lib/gcc/avr/5.4.0/../../../../avr/lib/avr6\libc.a(strrev.o)
 .data          0x00000000        0x0 c:/program files (x86)/atmel/studio/7.0/toolchain/avr8/avr8-gnu-toolchain/bin/../lib/gcc/avr/5.4.0/../../../../avr/lib/avr6\libc.a(strrev.o)
 .bss           0x00000000        0x0 c:/program files (x86)/atmel/studio/7.0/toolchain/avr8/avr8-gnu-toolchain/bin/../lib/gcc/avr/5.4.0/../../../../avr/lib/avr6\libc.a(strrev.o)
 .text          0x00000000        0x0 C:/Program Files (x86)/Atmel/Studio/7.0/Packs/atmel/ATmega_DFP/1.3.300/gcc/dev/atmega2560/avr6\libatmega2560.a(eerd_byte.o)
 .data          0x00000000        0x0 C:/Program Files (x86)/Atmel/Studio/7.0/Packs/atmel/ATmega_DFP/1.3.300/gcc/dev/atmega2560/avr6\libatmega2560.a(eerd_byte.o)
 .bss           0x00000000        0x0 C:/Program Files (x86)/Atmel/Studio/7.0/Packs/atmel/ATmega_DFP/1.3.300/gcc/dev/atmega2560/avr6\libatmega2560.a(eerd_byte.o)
 .text.avr-libc
                0x00000000       0x10 C:/Program Files (x86)/Atmel/Studio/7.0/Packs/atmel/ATmega_DFP/1.3.300/gcc/dev/atmega2560/avr6\libatmega2560.a(eerd_byte.o)
 .debug_line    0x00000000       0x7a C:/Program Files (x86)/Atmel/Studio/7.0/Packs/atmel/ATmega_DFP/1.3.300/gcc/dev/atmega2560/avr6\libatmega2560.a(eerd_byte.o)
 .debug_info    0x00000000       0x9a C:/Program Files (x86)/Atmel/Studio/7.0/Packs/atmel/ATmega_DFP/1.3.300/gcc/dev/atmega2560/avr6\libatmega2560.a(eerd_byte.o)
 .debug_abbrev  0x00000000       0x14 C:/Program Files (x86)/Atmel/Studio/7.0/Packs/atmel/ATmega_DFP/1.3.300/gcc/dev/atmega2560/avr6\libatmega2560.a(eerd_byte.o)
 .debug_aranges
                0x00000000       0x20 C:/Program Files (x86)/Atmel/Studio/7.0/Packs/atmel/ATmega_DFP/1.3.300/gcc/dev/atmega2560/avr6\libatmega2560.a(eerd_byte.o)
 .text          0x00000000        0x0 C:/Program Files (x86)/Atmel/Studio/7.0/Packs/atmel/ATmega_DFP/1.3.300/gcc/dev/atmega2560/avr6\libatmega2560.a(eewr_byte.o)
 .data          0x00000000        0x0 C:/Program Files (x86)/Atmel/Studio/7.0/Packs/atmel/ATmega_DFP/1.3.300/gcc/dev/atmega2560/avr6\libatmega2560.a(eewr_byte.o)
 .bss           0x00000000        0x0 C:/Program Files (x86)/Atmel/Studio/7.0/Packs/atmel/ATmega_DFP/1.3.300/gcc/dev/atmega2560/avr6\libatmega2560.a(eewr_byte.o)
 .text.avr-libc
                0x00000000       0x1c C:/Program Files (x86)/Atmel/Studio/7.0/Packs/atmel/ATmega_DFP/1.3.300/gcc/dev/atmega2560/avr6\libatmega2560.a(eewr_byte.o)
 .debug_line    0x00000000       0x9e C:/Program Files (x86)/Atmel/Studio/7.0/Packs/atmel/ATmega_DFP/1.3.300/gcc/dev/atmega2560/avr6\libatmega2560.a(eewr_byte.o)
 .debug_info    0x00000000       0x9a C:/Program Files (x86)/Atmel/Studio/7.0/Packs/atmel/ATmega_DFP/1.3.300/gcc/dev/atmega2560/avr6\libatmega2560.a(eewr_byte.o)
 .debug_abbrev  0x00000000       0x14 C:/Program Files (x86)/Atmel/Studio/7.0/Packs/atmel/ATmega_DFP/1.3.300/gcc/dev/atmega2560/avr6\libatmega2560.a(eewr_byte.o)
 .debug_aranges
                0x00000000       0x20 C:/Program Files (x86)/Atmel/Studio/7.0/Packs/atmel/ATmega_DFP/1.3.300/gcc/dev/atmega2560/avr6\libatmega2560.a(eewr_byte.o)

Memory Configuration

Name             Origin             Length             Attributes
text             0x00000000         0x00100000         xr
data             0x00800200         0x0000fe00         rw !x
eeprom           0x00810000         0x00010000         rw !x
fuse             0x00820000         0x00000003         rw !x
lock             0x00830000         0x00000400         rw !x
signature        0x00840000         0x00000400         rw !x
user_signatures  0x00850000         0x00000400         rw !x
*default*        0x00000000         0xffffffff

Linker script and memory map

Address of section .data set to 0x800200
LOAD C:/Program Files (x86)/Atmel/Studio/7.0/Packs/atmel/ATmega_DFP/1.3.300/gcc/dev/atmega2560/avr6/crtatmega2560.o
LOAD Cocktail_functions.o
LOAD Getraenk.o
LOAD Zutaten.o
LOAD Main_Func.o
LOAD Nextion_Display.o
LOAD mfrc522.o
LOAD ring_buffer.o
LOAD FAT32.o
LOAD SD_routines.o
LOAD SPI.o
LOAD tmc4671.o
LOAD TMC6200.o
LOAD UART.o
LOAD main.o
START GROUP
LOAD c:/program files (x86)/atmel/studio/7.0/toolchain/avr8/avr8-gnu-toolchain/bin/../lib/gcc/avr/5.4.0/../../../../avr/lib/avr6\libm.a
END GROUP
START GROUP
LOAD c:/program files (x86)/atmel/studio/7.0/toolchain/avr8/avr8-gnu-toolchain/bin/../lib/gcc/avr/5.4.0/avr6\libgcc.a
LOAD c:/program files (x86)/atmel/studio/7.0/toolchain/avr8/avr8-gnu-toolchain/bin/../lib/gcc/avr/5.4.0/../../../../avr/lib/avr6\libm.a
LOAD c:/program files (x86)/atmel/studio/7.0/toolchain/avr8/avr8-gnu-toolchain/bin/../lib/gcc/avr/5.4.0/../../../../avr/lib/avr6\libc.a
LOAD C:/Program Files (x86)/Atmel/Studio/7.0/Packs/atmel/ATmega_DFP/1.3.300/gcc/dev/atmega2560/avr6\libatmega2560.a
END GROUP
                0x00000000                __TEXT_REGION_ORIGIN__ = DEFINED (__TEXT_REGION_ORIGIN__)?__TEXT_REGION_ORIGIN__:0x0
                0x00800200                __DATA_REGION_ORIGIN__ = DEFINED (__DATA_REGION_ORIGIN__)?__DATA_REGION_ORIGIN__:0x800200
                0x00100000                __TEXT_REGION_LENGTH__ = DEFINED (__TEXT_REGION_LENGTH__)?__TEXT_REGION_LENGTH__:0x100000
                0x0000fe00                __DATA_REGION_LENGTH__ = DEFINED (__DATA_REGION_LENGTH__)?__DATA_REGION_LENGTH__:0xfe00
                0x00010000                __EEPROM_REGION_LENGTH__ = DEFINED (__EEPROM_REGION_LENGTH__)?__EEPROM_REGION_LENGTH__:0x10000
                [0x00000003]                __FUSE_REGION_LENGTH__ = DEFINED (__FUSE_REGION_LENGTH__)?__FUSE_REGION_LENGTH__:0x400
                0x00000400                __LOCK_REGION_LENGTH__ = DEFINED (__LOCK_REGION_LENGTH__)?__LOCK_REGION_LENGTH__:0x400
                0x00000400                __SIGNATURE_REGION_LENGTH__ = DEFINED (__SIGNATURE_REGION_LENGTH__)?__SIGNATURE_REGION_LENGTH__:0x400
                0x00000400                __USER_SIGNATURE_REGION_LENGTH__ = DEFINED (__USER_SIGNATURE_REGION_LENGTH__)?__USER_SIGNATURE_REGION_LENGTH__:0x400

.hash
 *(.hash)

.dynsym
 *(.dynsym)

.dynstr
 *(.dynstr)

.gnu.version
 *(.gnu.version)

.gnu.version_d
 *(.gnu.version_d)

.gnu.version_r
 *(.gnu.version_r)

.rel.init
 *(.rel.init)

.rela.init
 *(.rela.init)

.rel.text
 *(.rel.text)
 *(.rel.text.*)
 *(.rel.gnu.linkonce.t*)

.rela.text
 *(.rela.text)
 *(.rela.text.*)
 *(.rela.gnu.linkonce.t*)

.rel.fini
 *(.rel.fini)

.rela.fini
 *(.rela.fini)

.rel.rodata
 *(.rel.rodata)
 *(.rel.rodata.*)
 *(.rel.gnu.linkonce.r*)

.rela.rodata
 *(.rela.rodata)
 *(.rela.rodata.*)
 *(.rela.gnu.linkonce.r*)

.rel.data
 *(.rel.data)
 *(.rel.data.*)
 *(.rel.gnu.linkonce.d*)

.rela.data
 *(.rela.data)
 *(.rela.data.*)
 *(.rela.gnu.linkonce.d*)

.rel.ctors
 *(.rel.ctors)

.rela.ctors
 *(.rela.ctors)

.rel.dtors
 *(.rel.dtors)

.rela.dtors
 *(.rela.dtors)

.rel.got
 *(.rel.got)

.rela.got
 *(.rela.got)

.rel.bss
 *(.rel.bss)

.rela.bss
 *(.rela.bss)

.rel.plt
 *(.rel.plt)

.rela.plt
 *(.rela.plt)

.text           0x00000000     0x2c88
 *(.vectors)
 .vectors       0x00000000       0xe4 C:/Program Files (x86)/Atmel/Studio/7.0/Packs/atmel/ATmega_DFP/1.3.300/gcc/dev/atmega2560/avr6/crtatmega2560.o
                0x00000000                __vector_default
                0x00000000                __vectors
 *(.vectors)
 *(.progmem.gcc*)
 .progmem.gcc_sw_table.schalte_pumpe_ein
                0x000000e4       0x18 Cocktail_functions.o
 .progmem.gcc_sw_table.schalte_pumpe_aus
                0x000000fc       0x18 Cocktail_functions.o
 .progmem.gcc_sw_table.cocktail_check_command
                0x00000114       0x14 Cocktail_functions.o
                0x00000128                . = ALIGN (0x2)
                0x00000128                __trampolines_start = .
 *(.trampolines)
 .trampolines   0x00000128        0x0 linker stubs
 *(.trampolines*)
                0x00000128                __trampolines_end = .
 *libprintf_flt.a:*(.progmem.data)
 *libc.a:*(.progmem.data)
 *(.progmem*)
                0x00000128                . = ALIGN (0x2)
 *(.jumptables)
 *(.jumptables*)
 *(.lowtext)
 *(.lowtext*)
                0x00000128                __ctors_start = .
 *(.ctors)
                0x00000128                __ctors_end = .
                0x00000128                __dtors_start = .
 *(.dtors)
                0x00000128                __dtors_end = .
 SORT(*)(.ctors)
 SORT(*)(.dtors)
 *(.init0)
 .init0         0x00000128        0x0 C:/Program Files (x86)/Atmel/Studio/7.0/Packs/atmel/ATmega_DFP/1.3.300/gcc/dev/atmega2560/avr6/crtatmega2560.o
                0x00000128                __init
 *(.init0)
 *(.init1)
 *(.init1)
 *(.init2)
 .init2         0x00000128       0x10 C:/Program Files (x86)/Atmel/Studio/7.0/Packs/atmel/ATmega_DFP/1.3.300/gcc/dev/atmega2560/avr6/crtatmega2560.o
 *(.init2)
 *(.init3)
 *(.init3)
 *(.init4)
 .init4         0x00000138       0x1a c:/program files (x86)/atmel/studio/7.0/toolchain/avr8/avr8-gnu-toolchain/bin/../lib/gcc/avr/5.4.0/avr6\libgcc.a(_copy_data.o)
                0x00000138                __do_copy_data
 .init4         0x00000152       0x10 c:/program files (x86)/atmel/studio/7.0/toolchain/avr8/avr8-gnu-toolchain/bin/../lib/gcc/avr/5.4.0/avr6\libgcc.a(_clear_bss.o)
                0x00000152                __do_clear_bss
 *(.init4)
 *(.init5)
 *(.init5)
 *(.init6)
 *(.init6)
 *(.init7)
 *(.init7)
 *(.init8)
 *(.init8)
 *(.init9)
 .init9         0x00000162        0x8 C:/Program Files (x86)/Atmel/Studio/7.0/Packs/atmel/ATmega_DFP/1.3.300/gcc/dev/atmega2560/avr6/crtatmega2560.o
 *(.init9)
 *(.text)
 .text          0x0000016a        0x2 C:/Program Files (x86)/Atmel/Studio/7.0/Packs/atmel/ATmega_DFP/1.3.300/gcc/dev/atmega2560/avr6/crtatmega2560.o
                0x0000016a                __vector_38
                0x0000016a                __vector_22
                0x0000016a                __vector_28
                0x0000016a                __vector_1
                0x0000016a                __vector_32
                0x0000016a                __vector_34
                0x0000016a                __vector_24
                0x0000016a                __vector_12
                0x0000016a                __vector_55
                0x0000016a                __vector_46
                0x0000016a                __bad_interrupt
                0x0000016a                __vector_6
                0x0000016a                __vector_31
                0x0000016a                __vector_35
                0x0000016a                __vector_39
                0x0000016a                __vector_3
                0x0000016a                __vector_23
                0x0000016a                __vector_30
                0x0000016a                __vector_45
                0x0000016a                __vector_11
                0x0000016a                __vector_54
                0x0000016a                __vector_13
                0x0000016a                __vector_17
                0x0000016a                __vector_19
                0x0000016a                __vector_56
                0x0000016a                __vector_7
                0x0000016a                __vector_49
                0x0000016a                __vector_41
                0x0000016a                __vector_43
                0x0000016a                __vector_27
                0x0000016a                __vector_5
                0x0000016a                __vector_33
                0x0000016a                __vector_47
                0x0000016a                __vector_4
                0x0000016a                __vector_44
                0x0000016a                __vector_9
                0x0000016a                __vector_2
                0x0000016a                __vector_21
                0x0000016a                __vector_15
                0x0000016a                __vector_29
                0x0000016a                __vector_40
                0x0000016a                __vector_8
                0x0000016a                __vector_48
                0x0000016a                __vector_14
                0x0000016a                __vector_53
                0x0000016a                __vector_10
                0x0000016a                __vector_50
                0x0000016a                __vector_16
                0x0000016a                __vector_18
                0x0000016a                __vector_20
                0x0000016a                __vector_42
                0x0000016c                . = ALIGN (0x2)
 *(.text.*)
 .text.cocktail_test_command
                0x0000016c        0xe Cocktail_functions.o
                0x0000016c                cocktail_test_command
 .text.schalte_pumpe_ein
                0x0000017a       0x6e Cocktail_functions.o
                0x0000017a                schalte_pumpe_ein
 .text.schalte_pumpe_aus
                0x000001e8       0x6e Cocktail_functions.o
                0x000001e8                schalte_pumpe_aus
 .text.fuelle_getraenk
                0x00000256      0x100 Cocktail_functions.o
                0x00000256                fuelle_getraenk
 .text.init_Getraenke_func
                0x00000356       0x3c Cocktail_functions.o
                0x00000356                init_Getraenke_func
 .text.setze_startanzeige
                0x00000392       0x5c Cocktail_functions.o
                0x00000392                setze_startanzeige
 .text.erstelle_Zutatenliste
                0x000003ee      0x190 Cocktail_functions.o
                0x000003ee                erstelle_Zutatenliste
 .text.compare_string
                0x0000057e       0x40 Cocktail_functions.o
                0x0000057e                compare_string
 .text.pruefe_kopf
                0x000005be        0xc Cocktail_functions.o
                0x000005be                pruefe_kopf
 .text.lese_textfile_in_getraenk
                0x000005ca      0x19c Cocktail_functions.o
                0x000005ca                lese_textfile_in_getraenk
 .text.cocktail_check_command
                0x00000766      0x48c Cocktail_functions.o
                0x00000766                cocktail_check_command
 .text.SD_startup
                0x00000bf2       0xf6 Cocktail_functions.o
                0x00000bf2                SD_startup
 .text.create_new_getraenk
                0x00000ce8       0xe2 Getraenk.o
                0x00000ce8                create_new_getraenk
 .text.insert_at_head
                0x00000dca       0x56 Getraenk.o
                0x00000dca                insert_at_head
 .text.create_new_getraenk_file
                0x00000e20       0x18 Getraenk.o
                0x00000e20                create_new_getraenk_file
 .text.insert_file_at_head
                0x00000e38       0x56 Getraenk.o
                0x00000e38                insert_file_at_head
 .text.cocktails_init
                0x00000e8e       0x8e Getraenk.o
                0x00000e8e                cocktails_init
 .text.create_neue_zutat
                0x00000f1c       0x84 Zutaten.o
                0x00000f1c                create_neue_zutat
 .text.insert_zutat_at_head
                0x00000fa0       0x56 Zutaten.o
                0x00000fa0                insert_zutat_at_head
 .text.zutaten_init
                0x00000ff6       0x88 Zutaten.o
                0x00000ff6                zutaten_init
 .text.IO_init  0x0000107e       0x2e Main_Func.o
                0x0000107e                IO_init
 .text.toggle_LED
                0x000010ac        0xa Main_Func.o
                0x000010ac                toggle_LED
 .text.heartbeat_LED
                0x000010b6       0x16 Main_Func.o
                0x000010b6                heartbeat_LED
 .text.check_Communication_Input_UART_0
                0x000010cc       0x5e Main_Func.o
                0x000010cc                check_Communication_Input_UART_0
 .text.proceed_Communication_Input_UART_0
                0x0000112a       0x3c Main_Func.o
                0x0000112a                proceed_Communication_Input_UART_0
 .text.check_Communication_Input_UART_1
                0x00001166       0xe4 Main_Func.o
                0x00001166                check_Communication_Input_UART_1
 .text.proceed_Communication_INPUT_UART_1
                0x0000124a       0x24 Main_Func.o
                0x0000124a                proceed_Communication_INPUT_UART_1
 .text.check_Communication_Input_UART_2
                0x0000126e       0xe4 Main_Func.o
                0x0000126e                check_Communication_Input_UART_2
 .text.proceed_Communication_Input_UART_2
                0x00001352       0x20 Main_Func.o
                0x00001352                proceed_Communication_Input_UART_2
 .text.check_Communication_Input_UART
                0x00001372       0x14 Main_Func.o
                0x00001372                check_Communication_Input_UART
 .text.endConversation
                0x00001386       0x2c Nextion_Display.o
                0x00001386                endConversation
 .text.nextion_change_page
                0x000013b2       0x3e Nextion_Display.o
                0x000013b2                nextion_change_page
 .text.nextion_setText
                0x000013f0       0x30 Nextion_Display.o
                0x000013f0                nextion_setText
 .text.nextion_setPicture
                0x00001420       0x4c Nextion_Display.o
                0x00001420                nextion_setPicture
 .text.RB_init  0x0000146c        0x8 ring_buffer.o
                0x0000146c                RB_init
 .text.RB_free  0x00001474       0x16 ring_buffer.o
                0x00001474                RB_free
 .text.RB_length
                0x0000148a       0x18 ring_buffer.o
                0x0000148a                RB_length
 .text.RB_readByte
                0x000014a2       0x28 ring_buffer.o
                0x000014a2                RB_readByte
 .text.RB_writeByte
                0x000014ca       0x3a ring_buffer.o
                0x000014ca                RB_writeByte
 .text.RB_write
                0x00001504       0x64 ring_buffer.o
                0x00001504                RB_write
 .text.getFirstSector
                0x00001568       0x42 FAT32.o
                0x00001568                getFirstSector
 .text.getSetNextCluster
                0x000015aa       0xee FAT32.o
                0x000015aa                getSetNextCluster
 .text.getSetFreeCluster
                0x00001698      0x120 FAT32.o
                0x00001698                getSetFreeCluster
 .text.getBootSectorData
                0x000017b8      0x17a FAT32.o
                0x000017b8                getBootSectorData
 .text.convertFileName
                0x00001932      0x11e FAT32.o
                0x00001932                convertFileName
 .text.displayMemory
                0x00001a50       0xbe FAT32.o
                0x00001a50                displayMemory
 .text.freeMemoryUpdate
                0x00001b0e       0xdc FAT32.o
                0x00001b0e                freeMemoryUpdate
 .text.findFiles
                0x00001bea      0x3b6 FAT32.o
                0x00001bea                findFiles
 .text.readFile
                0x00001fa0      0x1b4 FAT32.o
                0x00001fa0                readFile
 .text.SD_sendCommand
                0x00002154       0xb4 SD_routines.o
                0x00002154                SD_sendCommand
 .text.SD_init  0x00002208      0x124 SD_routines.o
                0x00002208                SD_init
 .text.SD_readSingleBlock
                0x0000232c       0x50 SD_routines.o
                0x0000232c                SD_readSingleBlock
 .text.SD_writeSingleBlock
                0x0000237c       0x82 SD_routines.o
                0x0000237c                SD_writeSingleBlock
 .text.spi_transmit
                0x000023fe        0xc SPI.o
                0x000023fe                spi_transmit
 .text.spi_receive
                0x0000240a        0xe SPI.o
                0x0000240a                spi_receive
 .text.disable_Slave
                0x00002418       0x28 SPI.o
                0x00002418                disable_Slave
 .text.SPI_init
                0x00002440       0x20 SPI.o
                0x00002440                SPI_init
 .text.tx_completed
                0x00002460        0x6 UART.o
                0x00002460                tx_completed
 .text.UART_init
                0x00002466       0xc6 UART.o
                0x00002466                UART_init
 .text.Uart_Transmit_IT_PC
                0x0000252c       0x26 UART.o
                0x0000252c                Uart_Transmit_IT_PC
 .text.Uart_Transmit_IT_Display
                0x00002552       0x26 UART.o
                0x00002552                Uart_Transmit_IT_Display
 .text.__vector_26
                0x00002578       0x7e UART.o
                0x00002578                __vector_26
 .text.__vector_25
                0x000025f6       0x58 UART.o
                0x000025f6                __vector_25
 .text.__vector_37
                0x0000264e       0x7e UART.o
                0x0000264e                __vector_37
 .text.__vector_36
                0x000026cc       0x58 UART.o
                0x000026cc                __vector_36
 .text.__vector_52
                0x00002724       0x7e UART.o
                0x00002724                __vector_52
 .text.__vector_51
                0x000027a2       0x58 UART.o
                0x000027a2                __vector_51
 .text.transmitByte
                0x000027fa       0x10 UART.o
                0x000027fa                transmitByte
 .text.transmitString
                0x0000280a       0x1c UART.o
                0x0000280a                transmitString
 .text.main     0x00002826       0x2c main.o
                0x00002826                main
 .text.libgcc.div
                0x00002852       0x44 c:/program files (x86)/atmel/studio/7.0/toolchain/avr8/avr8-gnu-toolchain/bin/../lib/gcc/avr/5.4.0/avr6\libgcc.a(_udivmodsi4.o)
                0x00002852                __udivmodsi4
 .text.libgcc   0x00002896       0x10 c:/program files (x86)/atmel/studio/7.0/toolchain/avr8/avr8-gnu-toolchain/bin/../lib/gcc/avr/5.4.0/avr6\libgcc.a(_tablejump2.o)
                0x00002896                __tablejump2__
 .text.libgcc.mul
                0x000028a6       0x1e c:/program files (x86)/atmel/studio/7.0/toolchain/avr8/avr8-gnu-toolchain/bin/../lib/gcc/avr/5.4.0/avr6\libgcc.a(_umulhisi3.o)
                0x000028a6                __umulhisi3
 .text.libgcc.mul
                0x000028c4       0x14 c:/program files (x86)/atmel/studio/7.0/toolchain/avr8/avr8-gnu-toolchain/bin/../lib/gcc/avr/5.4.0/avr6\libgcc.a(_muluhisi3.o)
                0x000028c4                __muluhisi3
 .text.avr-libc
                0x000028d8       0x34 c:/program files (x86)/atmel/studio/7.0/toolchain/avr8/avr8-gnu-toolchain/bin/../lib/gcc/avr/5.4.0/../../../../avr/lib/avr6\libc.a(calloc.o)
                0x000028d8                calloc
 .text.avr-libc
                0x0000290c      0x242 c:/program files (x86)/atmel/studio/7.0/toolchain/avr8/avr8-gnu-toolchain/bin/../lib/gcc/avr/5.4.0/../../../../avr/lib/avr6\libc.a(malloc.o)
                0x0000290c                malloc
                0x00002a3c                free
 .text.avr-libc
                0x00002b4e       0x3a c:/program files (x86)/atmel/studio/7.0/toolchain/avr8/avr8-gnu-toolchain/bin/../lib/gcc/avr/5.4.0/../../../../avr/lib/avr6\libc.a(atoi.o)
                0x00002b4e                atoi
 .text.avr-libc
                0x00002b88        0x6 c:/program files (x86)/atmel/studio/7.0/toolchain/avr8/avr8-gnu-toolchain/bin/../lib/gcc/avr/5.4.0/../../../../avr/lib/avr6\libc.a(strtok.o)
                0x00002b88                strtok
 .text.avr-libc
                0x00002b8e        0xe c:/program files (x86)/atmel/studio/7.0/toolchain/avr8/avr8-gnu-toolchain/bin/../lib/gcc/avr/5.4.0/../../../../avr/lib/avr6\libc.a(memset.o)
                0x00002b8e                memset
 .text.avr-libc
                0x00002b9c       0x16 c:/program files (x86)/atmel/studio/7.0/toolchain/avr8/avr8-gnu-toolchain/bin/../lib/gcc/avr/5.4.0/../../../../avr/lib/avr6\libc.a(strcat.o)
                0x00002b9c                strcat
 .text.avr-libc
                0x00002bb2        0xe c:/program files (x86)/atmel/studio/7.0/toolchain/avr8/avr8-gnu-toolchain/bin/../lib/gcc/avr/5.4.0/../../../../avr/lib/avr6\libc.a(strcpy.o)
                0x00002bb2                strcpy
 .text.avr-libc
                0x00002bc0       0x4e c:/program files (x86)/atmel/studio/7.0/toolchain/avr8/avr8-gnu-toolchain/bin/../lib/gcc/avr/5.4.0/../../../../avr/lib/avr6\libc.a(strtok_r.o)
                0x00002bc0                strtok_r
 .text.avr-libc
                0x00002c0e       0x14 c:/program files (x86)/atmel/studio/7.0/toolchain/avr8/avr8-gnu-toolchain/bin/../lib/gcc/avr/5.4.0/../../../../avr/lib/avr6\libc.a(itoa_ncheck.o)
                0x00002c0e                __itoa_ncheck
 .text.avr-libc
                0x00002c22       0x10 c:/program files (x86)/atmel/studio/7.0/toolchain/avr8/avr8-gnu-toolchain/bin/../lib/gcc/avr/5.4.0/../../../../avr/lib/avr6\libc.a(mul10.o)
                0x00002c22                __mulhi_const_10
 .text.avr-libc
                0x00002c32       0x32 c:/program files (x86)/atmel/studio/7.0/toolchain/avr8/avr8-gnu-toolchain/bin/../lib/gcc/avr/5.4.0/../../../../avr/lib/avr6\libc.a(utoa_ncheck.o)
                0x00002c32                __utoa_ncheck
                0x00002c34                __utoa_common
 .text.avr-libc
                0x00002c64       0x20 c:/program files (x86)/atmel/studio/7.0/toolchain/avr8/avr8-gnu-toolchain/bin/../lib/gcc/avr/5.4.0/../../../../avr/lib/avr6\libc.a(strrev.o)
                0x00002c64                strrev
                0x00002c84                . = ALIGN (0x2)
 *(.fini9)
 .fini9         0x00002c84        0x0 c:/program files (x86)/atmel/studio/7.0/toolchain/avr8/avr8-gnu-toolchain/bin/../lib/gcc/avr/5.4.0/avr6\libgcc.a(_exit.o)
                0x00002c84                _exit
                0x00002c84                exit
 *(.fini9)
 *(.fini8)
 *(.fini8)
 *(.fini7)
 *(.fini7)
 *(.fini6)
 *(.fini6)
 *(.fini5)
 *(.fini5)
 *(.fini4)
 *(.fini4)
 *(.fini3)
 *(.fini3)
 *(.fini2)
 *(.fini2)
 *(.fini1)
 *(.fini1)
 *(.fini0)
 .fini0         0x00002c84        0x4 c:/program files (x86)/atmel/studio/7.0/toolchain/avr8/avr8-gnu-toolchain/bin/../lib/gcc/avr/5.4.0/avr6\libgcc.a(_exit.o)
 *(.fini0)
                0x00002c88                _etext = .

.data           0x00800200      0x428 load address 0x00002c88
                0x00800200                PROVIDE (__data_start, .)
 *(.data)
 .data          0x00800200        0x6 c:/program files (x86)/atmel/studio/7.0/toolchain/avr8/avr8-gnu-toolchain/bin/../lib/gcc/avr/5.4.0/../../../../avr/lib/avr6\libc.a(malloc.o)
                0x00800200                __malloc_heap_end
                0x00800202                __malloc_heap_start
                0x00800204                __malloc_margin
 *(.data*)
 *(.gnu.linkonce.d*)
 *(.rodata)
 .rodata        0x00800206       0xf0 Zutaten.o
 *(.rodata*)
 .rodata.str1.1
                0x008002f6      0x165 Cocktail_functions.o
                                0x16a (size before relaxing)
 .rodata.str1.1
                0x0080045b       0x44 Getraenk.o
                                 0x47 (size before relaxing)
 .rodata.str1.1
                0x0080049f       0x35 Main_Func.o
                                 0x38 (size before relaxing)
 .rodata.str1.1
                0x008004d4       0x1a Nextion_Display.o
 .rodata.str1.1
                0x008004ee      0x139 FAT32.o
 *(.gnu.linkonce.r*)
                0x00800628                . = ALIGN (0x2)
 *fill*         0x00800627        0x1 
                0x00800628                _edata = .
                0x00800628                PROVIDE (__data_end, .)

.bss            0x00800628      0xf81
                0x00800628                PROVIDE (__bss_start, .)
 *(.bss)
 .bss           0x00800628        0x2 c:/program files (x86)/atmel/studio/7.0/toolchain/avr8/avr8-gnu-toolchain/bin/../lib/gcc/avr/5.4.0/../../../../avr/lib/avr6\libc.a(strtok.o)
 *(.bss*)
 .bss.count.2748
                0x0080062a        0x4 Cocktail_functions.o
 .bss.oldval.2747
                0x0080062e        0x1 Cocktail_functions.o
 .bss.cntr_End_UART_2
                0x0080062f        0x1 main.o
                0x0080062f                cntr_End_UART_2
 .bss.cntr_UART_2
                0x00800630        0x1 main.o
                0x00800630                cntr_UART_2
 .bss.cntr_End_UART_1
                0x00800631        0x1 main.o
                0x00800631                cntr_End_UART_1
 .bss.cntr_UART_1
                0x00800632        0x1 main.o
                0x00800632                cntr_UART_1
 .bss.cntr_End_UART_0
                0x00800633        0x1 main.o
                0x00800633                cntr_End_UART_0
 .bss.cntr_UART_0
                0x00800634        0x1 main.o
                0x00800634                cntr_UART_0
 *(COMMON)
 COMMON         0x00800635      0xc68 Cocktail_functions.o
                0x00800635                rb_tx_PC
                0x00800736                tail_getraenk_file
                0x00800738                head_getraenk
                0x0080073a                rb_tx_Display
                0x0080083b                tail_getraenk
                0x0080083d                appendFileLocation
                0x00800841                address_zut
                0x00800843                fileName
                0x00800850                firstDataSector
                0x00800854                fileSize
                0x00800858                bytesPerSector
                0x0080085a                totalClusters
                0x0080085e                option
                0x0080085f                aktuellesGetraenk_file
                0x00800861                head_getraenk_file
                0x00800863                head_zut
                0x00800865                rootCluster
                0x00800869                rb_rx_ESP
                0x0080096a                startBlock
                0x0080096e                i
                0x00800970                rb_rx_Display
                0x00800a71                buffer
                0x00800c71                SPI_Slave
                0x00800c72                sectorPerCluster
                0x00800c74                gui_buttons_0
                0x00800c75                unusedSectors
                0x00800c79                rb_tx_RFID
                0x00800d7a                SDHC_flag
                0x00800d7b                rb_SPI_r
                0x00800e7c                totalBlocks
                0x00800e80                data
                0x00800e81                reservedSectorCount
                0x00800e83                rb_rx_PC
                0x00800f84                rb_tx_ESP
                0x00801085                address_getraenk
                0x00801087                appendStartCluster
                0x0080108b                rb_SPI_w
                0x0080118c                cardType
                0x0080118d                error
                0x0080118e                rb_rx_RFID
                0x0080128f                gui_pages
                0x00801290                tail_zut
                0x00801292                freeClusterCountUpdated
                0x00801293                FAT32_active
                0x00801294                appendFileSector
                0x00801298                aktuellesGetraenk
                0x0080129a                aktuelleZutat
                0x0080129c                SPI_State
 COMMON         0x0080129d        0x8 UART.o
                0x0080129d                ptr_tx_completed_1
                0x0080129f                ptr_tx_completed_2
                0x008012a1                ptr_tx_completed_3
                0x008012a3                ptr_tx_completed_0
 COMMON         0x008012a5      0x300 main.o
                0x008012a5                INPUT_UART_0
                0x008013a5                INPUT_UART_1
                0x008014a5                INPUT_UART_2
 COMMON         0x008015a5        0x4 c:/program files (x86)/atmel/studio/7.0/toolchain/avr8/avr8-gnu-toolchain/bin/../lib/gcc/avr/5.4.0/../../../../avr/lib/avr6\libc.a(malloc.o)
                0x008015a5                __brkval
                0x008015a7                __flp
                0x008015a9                PROVIDE (__bss_end, .)
                0x00002c88                __data_load_start = LOADADDR (.data)
                0x000030b0                __data_load_end = (__data_load_start + SIZEOF (.data))

.noinit         0x008015a9        0x0
                [!provide]                PROVIDE (__noinit_start, .)
 *(.noinit*)
                [!provide]                PROVIDE (__noinit_end, .)
                0x008015a9                _end = .
                0x008015a9                PROVIDE (__heap_start, .)

.eeprom         0x00810000        0x0
 *(.eeprom*)
                0x00810000                __eeprom_end = .

.fuse
 *(.fuse)
 *(.lfuse)
 *(.hfuse)
 *(.efuse)

.lock
 *(.lock*)

.signature
 *(.signature*)

.user_signatures
 *(.user_signatures*)

.stab
 *(.stab)

.stabstr
 *(.stabstr)

.stab.excl
 *(.stab.excl)

.stab.exclstr
 *(.stab.exclstr)

.stab.index
 *(.stab.index)

.stab.indexstr
 *(.stab.indexstr)

.comment        0x00000000       0x30
 *(.comment)
 .comment       0x00000000       0x30 Cocktail_functions.o
                                 0x31 (size before relaxing)
 .comment       0x00000030       0x31 Getraenk.o
 .comment       0x00000030       0x31 Zutaten.o
 .comment       0x00000030       0x31 Main_Func.o
 .comment       0x00000030       0x31 Nextion_Display.o
 .comment       0x00000030       0x31 ring_buffer.o
 .comment       0x00000030       0x31 FAT32.o
 .comment       0x00000030       0x31 SD_routines.o
 .comment       0x00000030       0x31 SPI.o
 .comment       0x00000030       0x31 UART.o
 .comment       0x00000030       0x31 main.o
 .comment       0x00000030       0x31 c:/program files (x86)/atmel/studio/7.0/toolchain/avr8/avr8-gnu-toolchain/bin/../lib/gcc/avr/5.4.0/../../../../avr/lib/avr6\libc.a(calloc.o)
 .comment       0x00000030       0x31 c:/program files (x86)/atmel/studio/7.0/toolchain/avr8/avr8-gnu-toolchain/bin/../lib/gcc/avr/5.4.0/../../../../avr/lib/avr6\libc.a(malloc.o)
 .comment       0x00000030       0x31 c:/program files (x86)/atmel/studio/7.0/toolchain/avr8/avr8-gnu-toolchain/bin/../lib/gcc/avr/5.4.0/../../../../avr/lib/avr6\libc.a(strtok.o)

.note.gnu.avr.deviceinfo
                0x00000000       0x40
 .note.gnu.avr.deviceinfo
                0x00000000       0x40 C:/Program Files (x86)/Atmel/Studio/7.0/Packs/atmel/ATmega_DFP/1.3.300/gcc/dev/atmega2560/avr6/crtatmega2560.o

.note.gnu.build-id
 *(.note.gnu.build-id)

.debug
 *(.debug)

.line
 *(.line)

.debug_srcinfo
 *(.debug_srcinfo)

.debug_sfnames
 *(.debug_sfnames)

.debug_aranges  0x00000000      0x3f8
 *(.debug_aranges)
 .debug_aranges
                0x00000000       0x88 Cocktail_functions.o
 .debug_aranges
                0x00000088       0x90 Getraenk.o
 .debug_aranges
                0x00000118       0x30 Zutaten.o
 .debug_aranges
                0x00000148       0x68 Main_Func.o
 .debug_aranges
                0x000001b0       0x40 Nextion_Display.o
 .debug_aranges
                0x000001f0       0x50 ring_buffer.o
 .debug_aranges
                0x00000240       0x80 FAT32.o
 .debug_aranges
                0x000002c0       0x40 SD_routines.o
 .debug_aranges
                0x00000300       0x48 SPI.o
 .debug_aranges
                0x00000348       0x90 UART.o
 .debug_aranges
                0x000003d8       0x20 main.o

.debug_pubnames
 *(.debug_pubnames)

.debug_info     0x00000000     0x88b0
 *(.debug_info .gnu.linkonce.wi.*)
 .debug_info    0x00000000      0xbbc C:/Program Files (x86)/Atmel/Studio/7.0/Packs/atmel/ATmega_DFP/1.3.300/gcc/dev/atmega2560/avr6/crtatmega2560.o
 .debug_info    0x00000bbc     0x1b24 Cocktail_functions.o
 .debug_info    0x000026e0     0x12c4 Getraenk.o
 .debug_info    0x000039a4      0x3c9 Zutaten.o
 .debug_info    0x00003d6d      0xb5f Main_Func.o
 .debug_info    0x000048cc      0x6b6 Nextion_Display.o
 .debug_info    0x00004f82      0x396 ring_buffer.o
 .debug_info    0x00005318     0x1a17 FAT32.o
 .debug_info    0x00006d2f      0x877 SD_routines.o
 .debug_info    0x000075a6      0x3a1 SPI.o
 .debug_info    0x00007947      0x706 UART.o
 .debug_info    0x0000804d      0x863 main.o

.debug_abbrev   0x00000000     0x1ff6
 *(.debug_abbrev)
 .debug_abbrev  0x00000000      0xb1a C:/Program Files (x86)/Atmel/Studio/7.0/Packs/atmel/ATmega_DFP/1.3.300/gcc/dev/atmega2560/avr6/crtatmega2560.o
 .debug_abbrev  0x00000b1a      0x345 Cocktail_functions.o
 .debug_abbrev  0x00000e5f      0x381 Getraenk.o
 .debug_abbrev  0x000011e0      0x15d Zutaten.o
 .debug_abbrev  0x0000133d      0x242 Main_Func.o
 .debug_abbrev  0x0000157f      0x1d8 Nextion_Display.o
 .debug_abbrev  0x00001757      0x12a ring_buffer.o
 .debug_abbrev  0x00001881      0x1e1 FAT32.o
 .debug_abbrev  0x00001a62      0x144 SD_routines.o
 .debug_abbrev  0x00001ba6      0x15c SPI.o
 .debug_abbrev  0x00001d02      0x1e4 UART.o
 .debug_abbrev  0x00001ee6      0x110 main.o

.debug_line     0x00000000     0x3dcd
 *(.debug_line .debug_line.* .debug_line_end)
 .debug_line    0x00000000      0x1f9 C:/Program Files (x86)/Atmel/Studio/7.0/Packs/atmel/ATmega_DFP/1.3.300/gcc/dev/atmega2560/avr6/crtatmega2560.o
 .debug_line    0x000001f9      0xc51 Cocktail_functions.o
 .debug_line    0x00000e4a      0x806 Getraenk.o
 .debug_line    0x00001650      0x25a Zutaten.o
 .debug_line    0x000018aa      0x6bf Main_Func.o
 .debug_line    0x00001f69      0x256 Nextion_Display.o
 .debug_line    0x000021bf      0x21d ring_buffer.o
 .debug_line    0x000023dc      0xc06 FAT32.o
 .debug_line    0x00002fe2      0x48c SD_routines.o
 .debug_line    0x0000346e      0x212 SPI.o
 .debug_line    0x00003680      0x3e9 UART.o
 .debug_line    0x00003a69      0x364 main.o

.debug_frame    0x00000000      0xfe8
 *(.debug_frame)
 .debug_frame   0x00000000      0x214 Cocktail_functions.o
 .debug_frame   0x00000214      0x290 Getraenk.o
 .debug_frame   0x000004a4       0x98 Zutaten.o
 .debug_frame   0x0000053c       0xf8 Main_Func.o
 .debug_frame   0x00000634       0xbc Nextion_Display.o
 .debug_frame   0x000006f0       0xdc ring_buffer.o
 .debug_frame   0x000007cc      0x3b8 FAT32.o
 .debug_frame   0x00000b84       0xdc SD_routines.o
 .debug_frame   0x00000c60       0x74 SPI.o
 .debug_frame   0x00000cd4      0x2f0 UART.o
 .debug_frame   0x00000fc4       0x24 main.o

.debug_str      0x00000000     0x18f2
 *(.debug_str)
 .debug_str     0x00000000      0x3e6 C:/Program Files (x86)/Atmel/Studio/7.0/Packs/atmel/ATmega_DFP/1.3.300/gcc/dev/atmega2560/avr6/crtatmega2560.o
 .debug_str     0x000003e6      0x86f Cocktail_functions.o
                                0x8f1 (size before relaxing)
 .debug_str     0x00000c55      0x20e Getraenk.o
                                0x598 (size before relaxing)
 .debug_str     0x00000e63       0x8f Zutaten.o
                                0x2f8 (size before relaxing)
 .debug_str     0x00000ef2      0x1b8 Main_Func.o
                                0x83d (size before relaxing)
 .debug_str     0x000010aa       0x81 Nextion_Display.o
                                0x45c (size before relaxing)
 .debug_str     0x0000112b       0x5a ring_buffer.o
                                0x226 (size before relaxing)
 .debug_str     0x00001185      0x544 FAT32.o
                                0x8b1 (size before relaxing)
 .debug_str     0x000016c9       0x69 SD_routines.o
                                0x339 (size before relaxing)
 .debug_str     0x00001732       0x66 SPI.o
                                0x2e3 (size before relaxing)
 .debug_str     0x00001798       0xfe UART.o
                                0x3ad (size before relaxing)
 .debug_str     0x00001896       0x5c main.o
                                0x74d (size before relaxing)

.debug_loc      0x00000000     0x60d7
 *(.debug_loc)
 .debug_loc     0x00000000     0x1433 Cocktail_functions.o
 .debug_loc     0x00001433     0x1296 Getraenk.o
 .debug_loc     0x000026c9      0x244 Zutaten.o
 .debug_loc     0x0000290d      0x2e1 Main_Func.o
 .debug_loc     0x00002bee      0x322 Nextion_Display.o
 .debug_loc     0x00002f10      0x58d ring_buffer.o
 .debug_loc     0x0000349d     0x1c71 FAT32.o
 .debug_loc     0x0000510e      0x73f SD_routines.o
 .debug_loc     0x0000584d       0xbc SPI.o
 .debug_loc     0x00005909      0x7ce UART.o

.debug_macinfo
 *(.debug_macinfo)

.debug_weaknames
 *(.debug_weaknames)

.debug_funcnames
 *(.debug_funcnames)

.debug_typenames
 *(.debug_typenames)

.debug_varnames
 *(.debug_varnames)

.debug_pubtypes
 *(.debug_pubtypes)

.debug_ranges   0x00000000      0x400
 *(.debug_ranges)
 .debug_ranges  0x00000000       0xd8 Cocktail_functions.o
 .debug_ranges  0x000000d8       0x80 Getraenk.o
 .debug_ranges  0x00000158       0x20 Zutaten.o
 .debug_ranges  0x00000178       0xb0 Main_Func.o
 .debug_ranges  0x00000228       0x30 Nextion_Display.o
 .debug_ranges  0x00000258       0x40 ring_buffer.o
 .debug_ranges  0x00000298       0x70 FAT32.o
 .debug_ranges  0x00000308       0x30 SD_routines.o
 .debug_ranges  0x00000338       0x38 SPI.o
 .debug_ranges  0x00000370       0x80 UART.o
 .debug_ranges  0x000003f0       0x10 main.o

.debug_macro
 *(.debug_macro)
OUTPUT(Mikrocontroller.elf elf32-avr)
LOAD linker stubs
