Archive member included to satisfy reference by file (symbol)

c:/program files (x86)/atmel/studio/7.0/toolchain/avr8/avr8-gnu-toolchain/bin/../lib/gcc/avr/5.4.0/../../../../avr/lib/avr6\libm.a(addsf3.o)
                              LED.o (__subsf3)
c:/program files (x86)/atmel/studio/7.0/toolchain/avr8/avr8-gnu-toolchain/bin/../lib/gcc/avr/5.4.0/../../../../avr/lib/avr6\libm.a(addsf3x.o)
                              c:/program files (x86)/atmel/studio/7.0/toolchain/avr8/avr8-gnu-toolchain/bin/../lib/gcc/avr/5.4.0/../../../../avr/lib/avr6\libm.a(addsf3.o) (__addsf3x)
c:/program files (x86)/atmel/studio/7.0/toolchain/avr8/avr8-gnu-toolchain/bin/../lib/gcc/avr/5.4.0/../../../../avr/lib/avr6\libm.a(cmpsf2.o)
                              ramp1.o (__ltsf2)
c:/program files (x86)/atmel/studio/7.0/toolchain/avr8/avr8-gnu-toolchain/bin/../lib/gcc/avr/5.4.0/../../../../avr/lib/avr6\libm.a(divsf3.o)
                              ramp1.o (__divsf3)
c:/program files (x86)/atmel/studio/7.0/toolchain/avr8/avr8-gnu-toolchain/bin/../lib/gcc/avr/5.4.0/../../../../avr/lib/avr6\libm.a(divsf3x.o)
                              c:/program files (x86)/atmel/studio/7.0/toolchain/avr8/avr8-gnu-toolchain/bin/../lib/gcc/avr/5.4.0/../../../../avr/lib/avr6\libm.a(divsf3.o) (__divsf3x)
c:/program files (x86)/atmel/studio/7.0/toolchain/avr8/avr8-gnu-toolchain/bin/../lib/gcc/avr/5.4.0/../../../../avr/lib/avr6\libm.a(fixsfsi.o)
                              ramp1.o (__fixsfsi)
c:/program files (x86)/atmel/studio/7.0/toolchain/avr8/avr8-gnu-toolchain/bin/../lib/gcc/avr/5.4.0/../../../../avr/lib/avr6\libm.a(fixunssfsi.o)
                              LED.o (__fixunssfsi)
c:/program files (x86)/atmel/studio/7.0/toolchain/avr8/avr8-gnu-toolchain/bin/../lib/gcc/avr/5.4.0/../../../../avr/lib/avr6\libm.a(floatsisf.o)
                              main.o (__floatunsisf)
c:/program files (x86)/atmel/studio/7.0/toolchain/avr8/avr8-gnu-toolchain/bin/../lib/gcc/avr/5.4.0/../../../../avr/lib/avr6\libm.a(fp_cmp.o)
                              c:/program files (x86)/atmel/studio/7.0/toolchain/avr8/avr8-gnu-toolchain/bin/../lib/gcc/avr/5.4.0/../../../../avr/lib/avr6\libm.a(cmpsf2.o) (__fp_cmp)
c:/program files (x86)/atmel/studio/7.0/toolchain/avr8/avr8-gnu-toolchain/bin/../lib/gcc/avr/5.4.0/../../../../avr/lib/avr6\libm.a(fp_inf.o)
                              c:/program files (x86)/atmel/studio/7.0/toolchain/avr8/avr8-gnu-toolchain/bin/../lib/gcc/avr/5.4.0/../../../../avr/lib/avr6\libm.a(addsf3x.o) (__fp_inf)
c:/program files (x86)/atmel/studio/7.0/toolchain/avr8/avr8-gnu-toolchain/bin/../lib/gcc/avr/5.4.0/../../../../avr/lib/avr6\libm.a(fp_nan.o)
                              c:/program files (x86)/atmel/studio/7.0/toolchain/avr8/avr8-gnu-toolchain/bin/../lib/gcc/avr/5.4.0/../../../../avr/lib/avr6\libm.a(addsf3x.o) (__fp_nan)
c:/program files (x86)/atmel/studio/7.0/toolchain/avr8/avr8-gnu-toolchain/bin/../lib/gcc/avr/5.4.0/../../../../avr/lib/avr6\libm.a(fp_pscA.o)
                              c:/program files (x86)/atmel/studio/7.0/toolchain/avr8/avr8-gnu-toolchain/bin/../lib/gcc/avr/5.4.0/../../../../avr/lib/avr6\libm.a(addsf3x.o) (__fp_pscA)
c:/program files (x86)/atmel/studio/7.0/toolchain/avr8/avr8-gnu-toolchain/bin/../lib/gcc/avr/5.4.0/../../../../avr/lib/avr6\libm.a(fp_pscB.o)
                              c:/program files (x86)/atmel/studio/7.0/toolchain/avr8/avr8-gnu-toolchain/bin/../lib/gcc/avr/5.4.0/../../../../avr/lib/avr6\libm.a(addsf3x.o) (__fp_pscB)
c:/program files (x86)/atmel/studio/7.0/toolchain/avr8/avr8-gnu-toolchain/bin/../lib/gcc/avr/5.4.0/../../../../avr/lib/avr6\libm.a(fp_round.o)
                              c:/program files (x86)/atmel/studio/7.0/toolchain/avr8/avr8-gnu-toolchain/bin/../lib/gcc/avr/5.4.0/../../../../avr/lib/avr6\libm.a(addsf3.o) (__fp_round)
c:/program files (x86)/atmel/studio/7.0/toolchain/avr8/avr8-gnu-toolchain/bin/../lib/gcc/avr/5.4.0/../../../../avr/lib/avr6\libm.a(fp_split3.o)
                              c:/program files (x86)/atmel/studio/7.0/toolchain/avr8/avr8-gnu-toolchain/bin/../lib/gcc/avr/5.4.0/../../../../avr/lib/avr6\libm.a(addsf3x.o) (__fp_split3)
c:/program files (x86)/atmel/studio/7.0/toolchain/avr8/avr8-gnu-toolchain/bin/../lib/gcc/avr/5.4.0/../../../../avr/lib/avr6\libm.a(fp_zero.o)
                              c:/program files (x86)/atmel/studio/7.0/toolchain/avr8/avr8-gnu-toolchain/bin/../lib/gcc/avr/5.4.0/../../../../avr/lib/avr6\libm.a(addsf3x.o) (__fp_zero)
c:/program files (x86)/atmel/studio/7.0/toolchain/avr8/avr8-gnu-toolchain/bin/../lib/gcc/avr/5.4.0/../../../../avr/lib/avr6\libm.a(gesf2.o)
                              ramp1.o (__gesf2)
c:/program files (x86)/atmel/studio/7.0/toolchain/avr8/avr8-gnu-toolchain/bin/../lib/gcc/avr/5.4.0/../../../../avr/lib/avr6\libm.a(mulsf3.o)
                              LED.o (__mulsf3)
c:/program files (x86)/atmel/studio/7.0/toolchain/avr8/avr8-gnu-toolchain/bin/../lib/gcc/avr/5.4.0/../../../../avr/lib/avr6\libm.a(mulsf3x.o)
[...]
Memory Configuration

Name             Origin             Length             Attributes
text             0x00000000         0x00100000         xr
data             0x00800200         0x0000fe00         rw !x
eeprom           0x00810000         0x00010000         rw !x
fuse             0x00820000         0x00000003         rw !x
lock             0x00830000         0x00000400         rw !x
signature        0x00840000         0x00000400         rw !x
user_signatures  0x00850000         0x00000400         rw !x
*default*        0x00000000         0xffffffff

Linker script and memory map

Address of section .data set to 0x800200
LOAD C:/Program Files (x86)/Atmel/Studio/7.0/Packs/atmel/ATmega_DFP/1.3.300/gcc/dev/atmega2560/avr6/crtatmega2560.o
LOAD Cocktail_functions.o
LOAD Cocktail_Statemachine.o
LOAD Getraenk.o
LOAD TAGS.o
LOAD Zutaten.o
LOAD LED.o
LOAD Main_Func.o
LOAD Nextion_Display.o
LOAD ring_buffer.o
LOAD FAT32.o
LOAD SD_routines.o
LOAD ramp1.o
LOAD Software_SPI.o
LOAD SPI.o
LOAD tmc4671.o
LOAD TMC6200.o
LOAD UART.o
LOAD main.o
START GROUP
LOAD c:/program files (x86)/atmel/studio/7.0/toolchain/avr8/avr8-gnu-toolchain/bin/../lib/gcc/avr/5.4.0/../../../../avr/lib/avr6\libm.a
END GROUP
START GROUP
LOAD c:/program files (x86)/atmel/studio/7.0/toolchain/avr8/avr8-gnu-toolchain/bin/../lib/gcc/avr/5.4.0/avr6\libgcc.a
LOAD c:/program files (x86)/atmel/studio/7.0/toolchain/avr8/avr8-gnu-toolchain/bin/../lib/gcc/avr/5.4.0/../../../../avr/lib/avr6\libm.a
LOAD c:/program files (x86)/atmel/studio/7.0/toolchain/avr8/avr8-gnu-toolchain/bin/../lib/gcc/avr/5.4.0/../../../../avr/lib/avr6\libc.a
LOAD C:/Program Files (x86)/Atmel/Studio/7.0/Packs/atmel/ATmega_DFP/1.3.300/gcc/dev/atmega2560/avr6\libatmega2560.a
END GROUP
                0x00000000                __TEXT_REGION_ORIGIN__ = DEFINED (__TEXT_REGION_ORIGIN__)?__TEXT_REGION_ORIGIN__:0x0
                0x00800200                __DATA_REGION_ORIGIN__ = DEFINED (__DATA_REGION_ORIGIN__)?__DATA_REGION_ORIGIN__:0x800200
                0x00100000                __TEXT_REGION_LENGTH__ = DEFINED (__TEXT_REGION_LENGTH__)?__TEXT_REGION_LENGTH__:0x100000
                0x0000fe00                __DATA_REGION_LENGTH__ = DEFINED (__DATA_REGION_LENGTH__)?__DATA_REGION_LENGTH__:0xfe00
                0x00010000                __EEPROM_REGION_LENGTH__ = DEFINED (__EEPROM_REGION_LENGTH__)?__EEPROM_REGION_LENGTH__:0x10000
                [0x00000003]                __FUSE_REGION_LENGTH__ = DEFINED (__FUSE_REGION_LENGTH__)?__FUSE_REGION_LENGTH__:0x400
                0x00000400                __LOCK_REGION_LENGTH__ = DEFINED (__LOCK_REGION_LENGTH__)?__LOCK_REGION_LENGTH__:0x400
                0x00000400                __SIGNATURE_REGION_LENGTH__ = DEFINED (__SIGNATURE_REGION_LENGTH__)?__SIGNATURE_REGION_LENGTH__:0x400
                0x00000400                __USER_SIGNATURE_REGION_LENGTH__ = DEFINED (__USER_SIGNATURE_REGION_LENGTH__)?__USER_SIGNATURE_REGION_LENGTH__:0x400

.hash
 *(.hash)

.dynsym
 *(.dynsym)

.dynstr
 *(.dynstr)

.gnu.version
 *(.gnu.version)

.gnu.version_d
 *(.gnu.version_d)

.gnu.version_r
 *(.gnu.version_r)

.rel.init
 *(.rel.init)

.rela.init
 *(.rela.init)

.rel.text
 *(.rel.text)
 *(.rel.text.*)
 *(.rel.gnu.linkonce.t*)

.rela.text
 *(.rela.text)
 *(.rela.text.*)
 *(.rela.gnu.linkonce.t*)

.rel.fini
 *(.rel.fini)

.rela.fini
 *(.rela.fini)

.rel.rodata
 *(.rel.rodata)
 *(.rel.rodata.*)
 *(.rel.gnu.linkonce.r*)

.rela.rodata
 *(.rela.rodata)
 *(.rela.rodata.*)
 *(.rela.gnu.linkonce.r*)

.rel.data
 *(.rel.data)
 *(.rel.data.*)
 *(.rel.gnu.linkonce.d*)

.rela.data
 *(.rela.data)
 *(.rela.data.*)
 *(.rela.gnu.linkonce.d*)

.rel.ctors
 *(.rel.ctors)

.rela.ctors
 *(.rela.ctors)

.rel.dtors
 *(.rel.dtors)

.rela.dtors
 *(.rela.dtors)

.rel.got
 *(.rel.got)

.rela.got
 *(.rela.got)

.rel.bss
 *(.rel.bss)

.rela.bss
 *(.rela.bss)

.rel.plt
 *(.rel.plt)

.rela.plt
 *(.rela.plt)

.text           0x00000000     0x962c
 *(.vectors)
 .vectors       0x00000000       0xe4 C:/Program Files (x86)/Atmel/Studio/7.0/Packs/atmel/ATmega_DFP/1.3.300/gcc/dev/atmega2560/avr6/crtatmega2560.o
                0x00000000                __vector_default
                0x00000000                __vectors
 *(.vectors)
 *(.progmem.gcc*)
 .progmem.gcc_sw_table.schalte_pumpe_ein
                0x000000e4       0x18 Cocktail_functions.o
 .progmem.gcc_sw_table.schalte_pumpe_aus
                0x000000fc       0x18 Cocktail_functions.o
 .progmem.gcc_sw_table.lese_sensor
                0x00000114       0x18 Cocktail_functions.o
 .progmem.gcc_sw_table.check_startseite
                0x0000012c       0x10 Cocktail_Statemachine.o
 .progmem.gcc_sw_table.check_listenanzeige
                0x0000013c       0x12 Cocktail_Statemachine.o
 .progmem.gcc_sw_table.check_menuanzeige
                0x0000014e       0x10 Cocktail_Statemachine.o
 .progmem.gcc_sw_table.check_bearbeitungsanzeige
                0x0000015e       0x12 Cocktail_Statemachine.o
 .progmem.gcc_sw_table.check_ceinstanzeige
                0x00000170       0x14 Cocktail_Statemachine.o
 .progmem.gcc_sw_table.check_erstanzeige1
                0x00000184       0x3e Cocktail_Statemachine.o
 .progmem.gcc_sw_table.check_posanzeige
                0x000001c2       0x1a Cocktail_Statemachine.o
 .progmem.gcc_sw_table.check_fluessanzeige1
                0x000001dc       0x16 Cocktail_Statemachine.o
 .progmem.gcc_sw_table.check_RFIDAnzeige1
                0x000001f2       0x12 Cocktail_Statemachine.o
 .progmem.gcc_sw_table.check_RFIDAnzeige2
                0x00000204       0x12 Cocktail_Statemachine.o
 .progmem.gcc_sw_table.check_LED
                0x00000216       0x10 Cocktail_Statemachine.o
 .progmem.gcc_sw_table.cocktail_check_command
                0x00000226       0x38 Cocktail_Statemachine.o
                0x0000025e                . = ALIGN (0x2)
                0x0000025e                __trampolines_start = .
 *(.trampolines)
 .trampolines   0x0000025e        0x0 linker stubs
 *(.trampolines*)
                0x0000025e                __trampolines_end = .
 *libprintf_flt.a:*(.progmem.data)
 *libc.a:*(.progmem.data)
 *(.progmem*)
                0x0000025e                . = ALIGN (0x2)
 *(.jumptables)
 *(.jumptables*)
 *(.lowtext)
 *(.lowtext*)
                0x0000025e                __ctors_start = .
 *(.ctors)
                0x0000025e                __ctors_end = .
                0x0000025e                __dtors_start = .
 *(.dtors)
                0x0000025e                __dtors_end = .
 SORT(*)(.ctors)
 SORT(*)(.dtors)
 *(.init0)
 .init0         0x0000025e        0x0 C:/Program Files (x86)/Atmel/Studio/7.0/Packs/atmel/ATmega_DFP/1.3.300/gcc/dev/atmega2560/avr6/crtatmega2560.o
                0x0000025e                __init
 *(.init0)
 *(.init1)
 *(.init1)
 *(.init2)
 .init2         0x0000025e       0x10 C:/Program Files (x86)/Atmel/Studio/7.0/Packs/atmel/ATmega_DFP/1.3.300/gcc/dev/atmega2560/avr6/crtatmega2560.o
 *(.init2)
 *(.init3)
 *(.init3)
 *(.init4)
 .init4         0x0000026e       0x1a c:/program files (x86)/atmel/studio/7.0/toolchain/avr8/avr8-gnu-toolchain/bin/../lib/gcc/avr/5.4.0/avr6\libgcc.a(_copy_data.o)
                0x0000026e                __do_copy_data
 .init4         0x00000288       0x10 c:/program files (x86)/atmel/studio/7.0/toolchain/avr8/avr8-gnu-toolchain/bin/../lib/gcc/avr/5.4.0/avr6\libgcc.a(_clear_bss.o)
                0x00000288                __do_clear_bss
 *(.init4)
 *(.init5)
 *(.init5)
 *(.init6)
 *(.init6)
 *(.init7)
 *(.init7)
 *(.init8)
 *(.init8)
 *(.init9)
 .init9         0x00000298        0x8 C:/Program Files (x86)/Atmel/Studio/7.0/Packs/atmel/ATmega_DFP/1.3.300/gcc/dev/atmega2560/avr6/crtatmega2560.o
 *(.init9)
 *(.text)
 .text          0x000002a0        0x2 C:/Program Files (x86)/Atmel/Studio/7.0/Packs/atmel/ATmega_DFP/1.3.300/gcc/dev/atmega2560/avr6/crtatmega2560.o
                0x000002a0                __vector_38
                0x000002a0                __vector_22
                0x000002a0                __vector_28
                0x000002a0                __vector_1
                0x000002a0                __vector_34
                0x000002a0                __vector_24
                0x000002a0                __vector_12
                0x000002a0                __vector_46
                0x000002a0                __bad_interrupt
                0x000002a0                __vector_6
                0x000002a0                __vector_31
                0x000002a0                __vector_35
                0x000002a0                __vector_39
                0x000002a0                __vector_3
                0x000002a0                __vector_23
                0x000002a0                __vector_30
                0x000002a0                __vector_45
                0x000002a0                __vector_11
                0x000002a0                __vector_13
                0x000002a0                __vector_19
                0x000002a0                __vector_56
                0x000002a0                __vector_7
                0x000002a0                __vector_49
                0x000002a0                __vector_41
                0x000002a0                __vector_27
                0x000002a0                __vector_5
                0x000002a0                __vector_37
                0x000002a0                __vector_4
                0x000002a0                __vector_44
                0x000002a0                __vector_9
                0x000002a0                __vector_2
                0x000002a0                __vector_15
                0x000002a0                __vector_29
                0x000002a0                __vector_40
                0x000002a0                __vector_8
                0x000002a0                __vector_14
                0x000002a0                __vector_53
                0x000002a0                __vector_10
                0x000002a0                __vector_50
                0x000002a0                __vector_16
                0x000002a0                __vector_20
                0x000002a2                . = ALIGN (0x2)
 *(.text.*)
 .text.schreibe_Menge_in_Getraenk
                0x000002a2      0x1cc Cocktail_functions.o
                0x000002a2                schreibe_Menge_in_Getraenk
 .text.schalte_pumpe_ein
                0x0000046e       0x6e Cocktail_functions.o
                0x0000046e                schalte_pumpe_ein
 .text.schalte_pumpe_aus
                0x000004dc       0x6e Cocktail_functions.o
                0x000004dc                schalte_pumpe_aus
 .text.lese_sensor
                0x0000054a       0x74 Cocktail_functions.o
                0x0000054a                lese_sensor
 .text.erstelle_Liste_zutat
                0x000005be      0x25a Cocktail_functions.o
                0x000005be                erstelle_Liste_zutat
 .text.setze_startanzeige
                0x00000818       0xae Cocktail_functions.o
                0x00000818                setze_startanzeige
 .text.fuelle_getraenk
                0x000008c6      0x2d8 Cocktail_functions.o
                0x000008c6                fuelle_getraenk
 .text.zubereitung_getraenk
                0x00000b9e       0x68 Cocktail_functions.o
                0x00000b9e                zubereitung_getraenk
 .text.erstelle_Zutatenliste
                0x00000c06      0x1a8 Cocktail_functions.o
                0x00000c06                erstelle_Zutatenliste
 .text.lese_textfile_in_getraenk
                0x00000dae      0x27e Cocktail_functions.o
                0x00000dae                lese_textfile_in_getraenk
 .text.choose_aktuellesGetraenk
                0x0000102c       0x6e Cocktail_functions.o
                0x0000102c                choose_aktuellesGetraenk
 .text.bearbeite_Cocktail
                0x0000109a       0x14 Cocktail_functions.o
                0x0000109a                bearbeite_Cocktail
 .text.erstelle_Liste_name
                0x000010ae      0x1e0 Cocktail_functions.o
                0x000010ae                erstelle_Liste_name
 .text.schiebe_file_next
                0x0000128e       0x62 Cocktail_functions.o
                0x0000128e                schiebe_file_next
 .text.schiebe_file_prev
                0x000012f0       0x62 Cocktail_functions.o
                0x000012f0                schiebe_file_prev
 .text.SD_startup
                0x00001352       0xd0 Cocktail_functions.o
                0x00001352                SD_startup
 .text.erstelle_File
                0x00001422      0x2d8 Cocktail_functions.o
                0x00001422                erstelle_File
 .text.loesche_FIle
                0x000016fa       0x66 Cocktail_functions.o
                0x000016fa                loesche_FIle
 .text.lese_textfile_in_zutat
                0x00001760      0x128 Cocktail_functions.o
                0x00001760                lese_textfile_in_zutat
 .text.erstelle_Liste_Zutat_Pos
                0x00001888      0x1f4 Cocktail_functions.o
                0x00001888                erstelle_Liste_Zutat_Pos
 .text.setze_Posanzeige_Rot_Gruen
                0x00001a7c      0x10c Cocktail_functions.o
                0x00001a7c                setze_Posanzeige_Rot_Gruen
 .text.setze_aktuelle_Zutat_in_Maschine_prev
                0x00001b88       0x36 Cocktail_functions.o
                0x00001b88                setze_aktuelle_Zutat_in_Maschine_prev
 .text.setze_Fluessgkeit_in_Position
                0x00001bbe      0x412 Cocktail_functions.o
                0x00001bbe                setze_Fluessgkeit_in_Position
 .text.send_List_Getraenke
                0x00001fd0      0x1a4 Cocktail_functions.o
                0x00001fd0                send_List_Getraenke
 .text.send_List_Zutaten
                0x00002174      0x16a Cocktail_functions.o
                0x00002174                send_List_Zutaten
 .text.ESP_Getraenk
                0x000022de       0xee Cocktail_functions.o
                0x000022de                ESP_Getraenk
 .text.Getraenk_erstellt
                0x000023cc      0x398 Cocktail_functions.o
                0x000023cc                Getraenk_erstellt
 .text.check_startseite
                0x00002764      0x1f0 Cocktail_Statemachine.o
                0x00002764                check_startseite
 .text.check_zutatenanzeige
                0x00002954       0x2c Cocktail_Statemachine.o
                0x00002954                check_zutatenanzeige
 .text.check_listenanzeige
                0x00002980      0x138 Cocktail_Statemachine.o
                0x00002980                check_listenanzeige
 .text.check_zubabfrage
                0x00002ab8       0x36 Cocktail_Statemachine.o
                0x00002ab8                check_zubabfrage
 .text.check_zubbildschirm
                0x00002aee        0xa Cocktail_Statemachine.o
                0x00002aee                check_zubbildschirm
 .text.check_menuanzeige
                0x00002af8      0x1ba Cocktail_Statemachine.o
                0x00002af8                check_menuanzeige
 .text.check_bearbeitungsanzeige
                0x00002cb2       0xaa Cocktail_Statemachine.o
                0x00002cb2                check_bearbeitungsanzeige
 .text.check_ceinstanzeige
                0x00002d5c      0x150 Cocktail_Statemachine.o
                0x00002d5c                check_ceinstanzeige
 .text.check_reinanzeige1
                0x00002eac       0x1a Cocktail_Statemachine.o
                0x00002eac                check_reinanzeige1
 .text.check_reinanzeige2
                0x00002ec6       0x8c Cocktail_Statemachine.o
                0x00002ec6                check_reinanzeige2
 .text.check_reinanzeige3
                0x00002f52       0x12 Cocktail_Statemachine.o
                0x00002f52                check_reinanzeige3
 .text.check_infoanzeige
                0x00002f64        0xc Cocktail_Statemachine.o
                0x00002f64                check_infoanzeige
 .text.check_erstanzeige1
                0x00002f70      0x6a6 Cocktail_Statemachine.o
                0x00002f70                check_erstanzeige1
 .text.check_erstanzeige2
                0x00003616      0x1de Cocktail_Statemachine.o
                0x00003616                check_erstanzeige2
 .text.check_loeschanzeige
                0x000037f4      0x112 Cocktail_Statemachine.o
                0x000037f4                check_loeschanzeige
 .text.check_posanzeige
                0x00003906      0x1c8 Cocktail_Statemachine.o
                0x00003906                check_posanzeige
 .text.check_fluessanzeige1
                0x00003ace       0xc4 Cocktail_Statemachine.o
                0x00003ace                check_fluessanzeige1
 .text.check_fluessanzeige2
                0x00003b92       0x60 Cocktail_Statemachine.o
                0x00003b92                check_fluessanzeige2
 .text.check_fluessanzeige3
                0x00003bf2      0x23a Cocktail_Statemachine.o
                0x00003bf2                check_fluessanzeige3
 .text.check_fluessanzeige4
                0x00003e2c       0x46 Cocktail_Statemachine.o
                0x00003e2c                check_fluessanzeige4
 .text.check_RFIDAnzeige1
                0x00003e72      0x60c Cocktail_Statemachine.o
                0x00003e72                check_RFIDAnzeige1
 .text.schreibe_Getraenk_in_tag
                0x0000447e      0x1d2 Cocktail_Statemachine.o
                0x0000447e                schreibe_Getraenk_in_tag
 .text.check_RFIDAnzeige2
                0x00004650       0x92 Cocktail_Statemachine.o
                0x00004650                check_RFIDAnzeige2
 .text.check_RFIDFehler
                0x000046e2       0x12 Cocktail_Statemachine.o
                0x000046e2                check_RFIDFehler
 .text.check_ESP32
                0x000046f4       0x2e Cocktail_Statemachine.o
                0x000046f4                check_ESP32
 .text.check_LED
                0x00004722      0x1cc Cocktail_Statemachine.o
                0x00004722                check_LED
 .text.cocktail_check_command
                0x000048ee       0xf6 Cocktail_Statemachine.o
                0x000048ee                cocktail_check_command
 .text.check_existence
                0x000049e4      0x1a0 Getraenk.o
                0x000049e4                check_existence
 .text.create_new_getraenk_file
                0x00004b84       0x18 Getraenk.o
                0x00004b84                create_new_getraenk_file
 .text.insert_file_at_head
                0x00004b9c       0x56 Getraenk.o
                0x00004b9c                insert_file_at_head
 .text.create_new_zutat_file
                0x00004bf2       0x18 Zutaten.o
                0x00004bf2                create_new_zutat_file
 .text.insert_zutat_file_at_head
                0x00004c0a       0x56 Zutaten.o
                0x00004c0a                insert_zutat_file_at_head
 .text.milliS_timer
                0x00004c60       0x42 LED.o
                0x00004c60                milliS_timer
 .text.PWM_init
                0x00004ca2       0x9e LED.o
                0x00004ca2                PWM_init
 .text.init_LED
                0x00004d40       0x1a LED.o
                0x00004d40                init_LED
 .text.__vector_17
                0x00004d5a       0x16 LED.o
                0x00004d5a                __vector_17
 .text.__vector_18
                0x00004d70       0x16 LED.o
                0x00004d70                __vector_18
 .text.__vector_32
                0x00004d86       0x16 LED.o
                0x00004d86                __vector_32
 .text.__vector_33
                0x00004d9c       0x16 LED.o
                0x00004d9c                __vector_33
 .text.__vector_42
                0x00004db2       0x16 LED.o
                0x00004db2                __vector_42
 .text.__vector_43
                0x00004dc8       0x16 LED.o
                0x00004dc8                __vector_43
 .text.__vector_47
                0x00004dde       0x16 LED.o
                0x00004dde                __vector_47
 .text.__vector_48
                0x00004df4       0x16 LED.o
                0x00004df4                __vector_48
 .text.rainbow  0x00004e0a      0x1c0 LED.o
                0x00004e0a                rainbow
 .text.__vector_21
                0x00004fca      0x17a LED.o
                0x00004fca                __vector_21
 .text.IO_init  0x00005144       0x4c Main_Func.o
                0x00005144                IO_init
 .text.interfaces_init
                0x00005190        0xc Main_Func.o
                0x00005190                interfaces_init
 .text.devices_init
                0x0000519c       0x2e Main_Func.o
                0x0000519c                devices_init
 .text.my_itoa  0x000051ca      0x184 Main_Func.o
                0x000051ca                my_itoa
 .text.read_Position_TMC4671
                0x0000534e       0xb2 Main_Func.o
                0x0000534e                read_Position_TMC4671
 .text.check_Communication_Input_UART_0
                0x00005400       0x5a Main_Func.o
                0x00005400                check_Communication_Input_UART_0
 .text.proceed_Communication_Input_UART_0
                0x0000545a      0x1e8 Main_Func.o
                0x0000545a                proceed_Communication_Input_UART_0
 .text.check_Communication_Input_UART_1
                0x00005642      0x112 Main_Func.o
                0x00005642                check_Communication_Input_UART_1
 .text.proceed_Communication_INPUT_UART_1
                0x00005754       0x24 Main_Func.o
                0x00005754                proceed_Communication_INPUT_UART_1
 .text.check_Communication_Input_UART_2
                0x00005778       0xde Main_Func.o
                0x00005778                check_Communication_Input_UART_2
 .text.proceed_Communication_Input_UART_2
                0x00005856       0x24 Main_Func.o
                0x00005856                proceed_Communication_Input_UART_2
 .text.check_Communication_Input_UART
                0x0000587a       0x14 Main_Func.o
                0x0000587a                check_Communication_Input_UART
 .text.endConversation
                0x0000588e       0x2c Nextion_Display.o
                0x0000588e                endConversation
 .text.nextion_change_page
                0x000058ba       0x3e Nextion_Display.o
                0x000058ba                nextion_change_page
 .text.nextion_setText
                0x000058f8       0x30 Nextion_Display.o
                0x000058f8                nextion_setText
 .text.nextion_setValue
                0x00005928       0x20 Nextion_Display.o
                0x00005928                nextion_setValue
 .text.nextion_setPicture
                0x00005948       0x4c Nextion_Display.o
                0x00005948                nextion_setPicture
 .text.nextion_getSliderValue
                0x00005994       0xb6 Nextion_Display.o
                0x00005994                nextion_getSliderValue
 .text.nextion_disableButton
                0x00005a4a       0x72 Nextion_Display.o
                0x00005a4a                nextion_disableButton
 .text.nextion_enableButton
                0x00005abc       0x72 Nextion_Display.o
                0x00005abc                nextion_enableButton
 .text.nextion_visible_off
                0x00005b2e       0x72 Nextion_Display.o
                0x00005b2e                nextion_visible_off
 .text.nextion_visible_on
                0x00005ba0       0x72 Nextion_Display.o
                0x00005ba0                nextion_visible_on
 .text.RB_init  0x00005c12        0x8 ring_buffer.o
                0x00005c12                RB_init
 .text.RB_free  0x00005c1a       0x16 ring_buffer.o
                0x00005c1a                RB_free
 .text.RB_length
                0x00005c30       0x18 ring_buffer.o
                0x00005c30                RB_length
 .text.RB_readByte
                0x00005c48       0x28 ring_buffer.o
                0x00005c48                RB_readByte
 .text.RB_writeByte
                0x00005c70       0x3a ring_buffer.o
                0x00005c70                RB_writeByte
 .text.RB_write
                0x00005caa       0x64 ring_buffer.o
                0x00005caa                RB_write
 .text.getFirstSector
                0x00005d0e       0x42 FAT32.o
                0x00005d0e                getFirstSector
 .text.getSetNextCluster
                0x00005d50       0xf2 FAT32.o
                0x00005d50                getSetNextCluster
 .text.getSetFreeCluster
                0x00005e42      0x124 FAT32.o
                0x00005e42                getSetFreeCluster
 .text.getBootSectorData
                0x00005f66      0x180 FAT32.o
                0x00005f66                getBootSectorData
 .text.convertFileName
                0x000060e6      0x120 FAT32.o
                0x000060e6                convertFileName
 .text.searchNextFreeCluster
                0x00006206      0x144 FAT32.o
                0x00006206                searchNextFreeCluster
 .text.displayMemory
                0x0000634a       0xc2 FAT32.o
                0x0000634a                displayMemory
 .text.freeMemoryUpdate
                0x0000640c       0xdc FAT32.o
                0x0000640c                freeMemoryUpdate
 .text.findFiles
                0x000064e8      0x3fc FAT32.o
                0x000064e8                findFiles
 .text.readFile
                0x000068e4      0x19e FAT32.o
                0x000068e4                readFile
 .text.deleteFile
                0x00006a82       0x18 FAT32.o
                0x00006a82                deleteFile
 .text.writeFile
                0x00006a9a      0x82a FAT32.o
                0x00006a9a                writeFile
 .text.SD_sendCommand
                0x000072c4       0xb4 SD_routines.o
                0x000072c4                SD_sendCommand
 .text.SD_init  0x00007378      0x112 SD_routines.o
                0x00007378                SD_init
 .text.SD_readSingleBlock
                0x0000748a       0x50 SD_routines.o
                0x0000748a                SD_readSingleBlock
 .text.SD_writeSingleBlock
                0x000074da       0x82 SD_routines.o
                0x000074da                SD_writeSingleBlock
 .text.linear_ramp_init
                0x0000755c       0xa8 ramp1.o
                0x0000755c                linear_ramp_init
 .text.linear_ramp_set_defaults
                0x00007604       0xcc ramp1.o
                0x00007604                linear_ramp_set_defaults
 .text.calculateRamp
                0x000076d0       0x38 ramp1.o
                0x000076d0                calculateRamp
 .text.iterate_timer
                0x00007708       0x30 ramp1.o
                0x00007708                iterate_timer
 .text.computeRamp
                0x00007738      0x516 ramp1.o
                0x00007738                computeRamp
 .text.softspi_clk_low
                0x00007c4e        0xc Software_SPI.o
                0x00007c4e                softspi_clk_low
 .text.softspi_clk_high
                0x00007c5a        0xc Software_SPI.o
                0x00007c5a                softspi_clk_high
 .text.softspi_mosi_low
                0x00007c66        0xc Software_SPI.o
                0x00007c66                softspi_mosi_low
 .text.softspi_mosi_high
                0x00007c72        0xc Software_SPI.o
                0x00007c72                softspi_mosi_high
 .text.softspi_write_bit
                0x00007c7e       0x2c Software_SPI.o
                0x00007c7e                softspi_write_bit
 .text.softspi_write_uint8
                0x00007caa       0x36 Software_SPI.o
                0x00007caa                softspi_write_uint8
 .text.softspi_read_bit
                0x00007ce0       0x42 Software_SPI.o
                0x00007ce0                softspi_read_bit
 .text.softspi_read_uint8
                0x00007d22       0x60 Software_SPI.o
                0x00007d22                softspi_read_uint8
 .text.spi_transmit
                0x00007d82        0xa SPI.o
                0x00007d82                spi_transmit
 .text.spi_receive
                0x00007d8c        0xe SPI.o
                0x00007d8c                spi_receive
 .text.enable_Slave
                0x00007d9a       0x38 SPI.o
                0x00007d9a                enable_Slave
 .text.disable_Slave
                0x00007dd2       0x28 SPI.o
                0x00007dd2                disable_Slave
 .text.SPI_init
                0x00007dfa       0x18 SPI.o
                0x00007dfa                SPI_init
 .text.tmc40bit_writeInt
                0x00007e12      0x112 tmc4671.o
                0x00007e12                tmc40bit_writeInt
 .text.tmc4671_writeInt
                0x00007f24        0x4 tmc4671.o
                0x00007f24                tmc4671_writeInt
 .text.tmc40bit_readInt
                0x00007f28      0x16e tmc4671.o
                0x00007f28                tmc40bit_readInt
 .text.tmc4671_readInt
                0x00008096        0x4 tmc4671.o
                0x00008096                tmc4671_readInt
 .text.encoder_testdrive
                0x0000809a       0xac tmc4671.o
                0x0000809a                encoder_testdrive
 .text.tmc4671_switchToMotionMode
                0x00008146       0x2c tmc4671.o
                0x00008146                tmc4671_switchToMotionMode
 .text.tmc4671_setAbsolutTargetPosition
                0x00008172       0x2c tmc4671.o
                0x00008172                tmc4671_setAbsolutTargetPosition
 .text.initTMC4671_Encoder
                0x0000819e      0x238 tmc4671.o
                0x0000819e                initTMC4671_Encoder
 .text.tmc4671_getActualPosition
                0x000083d6        0x8 tmc4671.o
                0x000083d6                tmc4671_getActualPosition
 .text.tmc6200_writeInt
                0x000083de      0x112 TMC6200.o
                0x000083de                tmc6200_writeInt
 .text.initTMC6200
                0x000084f0       0x9e TMC6200.o
                0x000084f0                initTMC6200
 .text.tx_completed
                0x0000858e        0x6 UART.o
                0x0000858e                tx_completed
 .text.UART_init
                0x00008594      0x102 UART.o
                0x00008594                UART_init
 .text.Uart_Transmit_IT_PC
                0x00008696       0x26 UART.o
                0x00008696                Uart_Transmit_IT_PC
 .text.Uart_Transmit_IT_Display
                0x000086bc       0x2c UART.o
                0x000086bc                Uart_Transmit_IT_Display
 .text.Uart_Transmit_IT_ESP
                0x000086e8       0x26 UART.o
                0x000086e8                Uart_Transmit_IT_ESP
 .text.__vector_26
                0x0000870e       0x7e UART.o
                0x0000870e                __vector_26
 .text.__vector_25
                0x0000878c       0x58 UART.o
                0x0000878c                __vector_25
 .text.__vector_36
                0x000087e4       0x58 UART.o
                0x000087e4                __vector_36
 .text.__vector_52
                0x0000883c       0x7e UART.o
                0x0000883c                __vector_52
 .text.__vector_51
                0x000088ba       0x58 UART.o
                0x000088ba                __vector_51
 .text.__vector_55
                0x00008912       0x7e UART.o
                0x00008912                __vector_55
 .text.__vector_54
                0x00008990       0x58 UART.o
                0x00008990                __vector_54
 .text.transmitByte
                0x000089e8       0x10 UART.o
                0x000089e8                transmitByte
 .text.transmitString
                0x000089f8       0x1c UART.o
                0x000089f8                transmitString
 .text.main     0x00008a14      0x120 main.o
                0x00008a14                main
 .text.avr-libc.fplib
                0x00008b34        0xa c:/program files (x86)/atmel/studio/7.0/toolchain/avr8/avr8-gnu-toolchain/bin/../lib/gcc/avr/5.4.0/../../../../avr/lib/avr6\libm.a(addsf3.o)
                0x00008b34                __subsf3
                0x00008b36                __addsf3
 .text.avr-libc.fplib
                0x00008b3e       0xc0 c:/program files (x86)/atmel/studio/7.0/toolchain/avr8/avr8-gnu-toolchain/bin/../lib/gcc/avr/5.4.0/../../../../avr/lib/avr6\libm.a(addsf3x.o)
                0x00008b58                __addsf3x
 .text.avr-libc.fplib
                0x00008bfe        0x8 c:/program files (x86)/atmel/studio/7.0/toolchain/avr8/avr8-gnu-toolchain/bin/../lib/gcc/avr/5.4.0/../../../../avr/lib/avr6\libm.a(cmpsf2.o)
                0x00008bfe                __nesf2
                0x00008bfe                __eqsf2
                0x00008bfe                __cmpsf2
                0x00008bfe                __ltsf2
                0x00008bfe                __lesf2
 .text.avr-libc.fplib
                0x00008c06        0x4 c:/program files (x86)/atmel/studio/7.0/toolchain/avr8/avr8-gnu-toolchain/bin/../lib/gcc/avr/5.4.0/../../../../avr/lib/avr6\libm.a(divsf3.o)
                0x00008c06                __divsf3
 .text.avr-libc.fplib
                0x00008c0a       0xcc c:/program files (x86)/atmel/studio/7.0/toolchain/avr8/avr8-gnu-toolchain/bin/../lib/gcc/avr/5.4.0/../../../../avr/lib/avr6\libm.a(divsf3x.o)
                0x00008c20                __divsf3x
                0x00008c24                __divsf3_pse
 .text.avr-libc.fplib
                0x00008cd6       0x58 c:/program files (x86)/atmel/studio/7.0/toolchain/avr8/avr8-gnu-toolchain/bin/../lib/gcc/avr/5.4.0/../../../../avr/lib/avr6\libm.a(fixunssfsi.o)
                0x00008cd6                __fixunssfsi
 .text.avr-libc.fplib
                0x00008d2e       0x7a c:/program files (x86)/atmel/studio/7.0/toolchain/avr8/avr8-gnu-toolchain/bin/../lib/gcc/avr/5.4.0/../../../../avr/lib/avr6\libm.a(floatsisf.o)
                0x00008d2e                __floatunsisf
                0x00008d32                __floatsisf
 .text.avr-libc.fplib
                0x00008da8       0x48 c:/program files (x86)/atmel/studio/7.0/toolchain/avr8/avr8-gnu-toolchain/bin/../lib/gcc/avr/5.4.0/../../../../avr/lib/avr6\libm.a(fp_cmp.o)
                0x00008da8                __fp_cmp
 .text.avr-libc.fplib
                0x00008df0        0xc c:/program files (x86)/atmel/studio/7.0/toolchain/avr8/avr8-gnu-toolchain/bin/../lib/gcc/avr/5.4.0/../../../../avr/lib/avr6\libm.a(fp_inf.o)
                0x00008df0                __fp_inf
 .text.avr-libc.fplib
                0x00008dfc        0x6 c:/program files (x86)/atmel/studio/7.0/toolchain/avr8/avr8-gnu-toolchain/bin/../lib/gcc/avr/5.4.0/../../../../avr/lib/avr6\libm.a(fp_nan.o)
                0x00008dfc                __fp_nan
 .text.avr-libc.fplib
                0x00008e02        0xe c:/program files (x86)/atmel/studio/7.0/toolchain/avr8/avr8-gnu-toolchain/bin/../lib/gcc/avr/5.4.0/../../../../avr/lib/avr6\libm.a(fp_pscA.o)
                0x00008e02                __fp_pscA
 .text.avr-libc.fplib
                0x00008e10        0xe c:/program files (x86)/atmel/studio/7.0/toolchain/avr8/avr8-gnu-toolchain/bin/../lib/gcc/avr/5.4.0/../../../../avr/lib/avr6\libm.a(fp_pscB.o)
                0x00008e10                __fp_pscB
 .text.avr-libc.fplib
                0x00008e1e       0x22 c:/program files (x86)/atmel/studio/7.0/toolchain/avr8/avr8-gnu-toolchain/bin/../lib/gcc/avr/5.4.0/../../../../avr/lib/avr6\libm.a(fp_round.o)
                0x00008e1e                __fp_round
 .text.avr-libc.fplib
                0x00008e40       0x44 c:/program files (x86)/atmel/studio/7.0/toolchain/avr8/avr8-gnu-toolchain/bin/../lib/gcc/avr/5.4.0/../../../../avr/lib/avr6\libm.a(fp_split3.o)
                0x00008e40                __fp_split3
                0x00008e50                __fp_splitA
 .text.avr-libc.fplib
                0x00008e84        0xe c:/program files (x86)/atmel/studio/7.0/toolchain/avr8/avr8-gnu-toolchain/bin/../lib/gcc/avr/5.4.0/../../../../avr/lib/avr6\libm.a(fp_zero.o)
                0x00008e84                __fp_zero
                0x00008e86                __fp_szero
 .text.avr-libc.fplib
                0x00008e92        0x8 c:/program files (x86)/atmel/studio/7.0/toolchain/avr8/avr8-gnu-toolchain/bin/../lib/gcc/avr/5.4.0/../../../../avr/lib/avr6\libm.a(gesf2.o)
                0x00008e92                __gesf2
                0x00008e92                __gtsf2
 .text.avr-libc.fplib
                0x00008e9a        0x4 c:/program files (x86)/atmel/studio/7.0/toolchain/avr8/avr8-gnu-toolchain/bin/../lib/gcc/avr/5.4.0/../../../../avr/lib/avr6\libm.a(mulsf3.o)
                0x00008e9a                __mulsf3
 .text.avr-libc.fplib
                0x00008e9e       0xc2 c:/program files (x86)/atmel/studio/7.0/toolchain/avr8/avr8-gnu-toolchain/bin/../lib/gcc/avr/5.4.0/../../../../avr/lib/avr6\libm.a(mulsf3x.o)
                0x00008eb2                __mulsf3x
                0x00008eb6                __mulsf3_pse
 .text.avr-libc.fplib
                0x00008f60       0x84 c:/program files (x86)/atmel/studio/7.0/toolchain/avr8/avr8-gnu-toolchain/bin/../lib/gcc/avr/5.4.0/../../../../avr/lib/avr6\libm.a(sqrt.o)
                0x00008f68                sqrtf
                0x00008f68                sqrt
 .text.avr-libc.fplib
                0x00008fe4       0x1c c:/program files (x86)/atmel/studio/7.0/toolchain/avr8/avr8-gnu-toolchain/bin/../lib/gcc/avr/5.4.0/../../../../avr/lib/avr6\libm.a(fp_mpack.o)
                0x00008fe4                __fp_mpack
                0x00008fe8                __fp_mpack_finite
 .text.avr-libc.fplib
                0x00009000        0xe c:/program files (x86)/atmel/studio/7.0/toolchain/avr8/avr8-gnu-toolchain/bin/../lib/gcc/avr/5.4.0/../../../../avr/lib/avr6\libm.a(fp_norm2.o)
                0x00009000                __fp_norm2
 .text.libgcc.mul
                0x0000900e       0x1e c:/program files (x86)/atmel/studio/7.0/toolchain/avr8/avr8-gnu-toolchain/bin/../lib/gcc/avr/5.4.0/avr6\libgcc.a(_mulsi3.o)
                0x0000900e                __mulsi3
 .text.libgcc.div
                0x0000902c       0x44 c:/program files (x86)/atmel/studio/7.0/toolchain/avr8/avr8-gnu-toolchain/bin/../lib/gcc/avr/5.4.0/avr6\libgcc.a(_udivmodsi4.o)
                0x0000902c                __udivmodsi4
 .text.libgcc   0x00009070       0x10 c:/program files (x86)/atmel/studio/7.0/toolchain/avr8/avr8-gnu-toolchain/bin/../lib/gcc/avr/5.4.0/avr6\libgcc.a(_tablejump2.o)
                0x00009070                __tablejump2__
 .text.libgcc.mul
                0x00009080       0x1e c:/program files (x86)/atmel/studio/7.0/toolchain/avr8/avr8-gnu-toolchain/bin/../lib/gcc/avr/5.4.0/avr6\libgcc.a(_umulhisi3.o)
                0x00009080                __umulhisi3
 .text.libgcc.mul
                0x0000909e       0x14 c:/program files (x86)/atmel/studio/7.0/toolchain/avr8/avr8-gnu-toolchain/bin/../lib/gcc/avr/5.4.0/avr6\libgcc.a(_muluhisi3.o)
                0x0000909e                __muluhisi3
 .text.libgcc.div
                0x000090b2       0x56 c:/program files (x86)/atmel/studio/7.0/toolchain/avr8/avr8-gnu-toolchain/bin/../lib/gcc/avr/5.4.0/avr6\libgcc.a(_divdi3.o)
                0x000090b2                __moddi3
                0x000090b6                __divdi3
                0x000090b8                __divdi3_moddi3
 .text.libgcc.div
                0x00009108       0x1a c:/program files (x86)/atmel/studio/7.0/toolchain/avr8/avr8-gnu-toolchain/bin/../lib/gcc/avr/5.4.0/avr6\libgcc.a(_udivdi3.o)
                0x00009108                __umoddi3
                0x0000910c                __udivdi3
                0x0000910e                __udivdi3_umoddi3
 .text.libgcc.div
                0x00009122       0xa2 c:/program files (x86)/atmel/studio/7.0/toolchain/avr8/avr8-gnu-toolchain/bin/../lib/gcc/avr/5.4.0/avr6\libgcc.a(_udivmod64.o)
                0x00009122                __udivmod64
 .text.libgcc   0x000091c4       0x20 c:/program files (x86)/atmel/studio/7.0/toolchain/avr8/avr8-gnu-toolchain/bin/../lib/gcc/avr/5.4.0/avr6\libgcc.a(_negdi2.o)
                0x000091c4                __negdi2
 .text.libgcc.prologue
                0x000091e4       0x38 c:/program files (x86)/atmel/studio/7.0/toolchain/avr8/avr8-gnu-toolchain/bin/../lib/gcc/avr/5.4.0/avr6\libgcc.a(_prologue.o)
                0x000091e4                __prologue_saves__
 .text.libgcc.prologue
                0x0000921c       0x36 c:/program files (x86)/atmel/studio/7.0/toolchain/avr8/avr8-gnu-toolchain/bin/../lib/gcc/avr/5.4.0/avr6\libgcc.a(_epilogue.o)
                0x0000921c                __epilogue_restores__
 .text.libgcc   0x00009252       0x18 c:/program files (x86)/atmel/studio/7.0/toolchain/avr8/avr8-gnu-toolchain/bin/../lib/gcc/avr/5.4.0/avr6\libgcc.a(_cmpdi2_s8.o)
                0x00009252                __cmpdi2_s8
 .text.avr-libc
                0x0000926a       0x34 c:/program files (x86)/atmel/studio/7.0/toolchain/avr8/avr8-gnu-toolchain/bin/../lib/gcc/avr/5.4.0/../../../../avr/lib/avr6\libc.a(calloc.o)
                0x0000926a                calloc
 .text.avr-libc
                0x0000929e      0x242 c:/program files (x86)/atmel/studio/7.0/toolchain/avr8/avr8-gnu-toolchain/bin/../lib/gcc/avr/5.4.0/../../../../avr/lib/avr6\libc.a(malloc.o)
                0x0000929e                malloc
                0x000093ce                free
 .text.avr-libc
                0x000094e0       0x3a c:/program files (x86)/atmel/studio/7.0/toolchain/avr8/avr8-gnu-toolchain/bin/../lib/gcc/avr/5.4.0/../../../../avr/lib/avr6\libc.a(atoi.o)
                0x000094e0                atoi
 .text.avr-libc
                0x0000951a        0x6 c:/program files (x86)/atmel/studio/7.0/toolchain/avr8/avr8-gnu-toolchain/bin/../lib/gcc/avr/5.4.0/../../../../avr/lib/avr6\libc.a(strtok.o)
                0x0000951a                strtok
 .text.avr-libc
                0x00009520        0xe c:/program files (x86)/atmel/studio/7.0/toolchain/avr8/avr8-gnu-toolchain/bin/../lib/gcc/avr/5.4.0/../../../../avr/lib/avr6\libc.a(memset.o)
                0x00009520                memset
 .text.avr-libc
                0x0000952e       0x16 c:/program files (x86)/atmel/studio/7.0/toolchain/avr8/avr8-gnu-toolchain/bin/../lib/gcc/avr/5.4.0/../../../../avr/lib/avr6\libc.a(strcat.o)
                0x0000952e                strcat
 .text.avr-libc
                0x00009544       0x12 c:/program files (x86)/atmel/studio/7.0/toolchain/avr8/avr8-gnu-toolchain/bin/../lib/gcc/avr/5.4.0/../../../../avr/lib/avr6\libc.a(strcmp.o)
                0x00009544                strcmp
 .text.avr-libc
                0x00009556        0xe c:/program files (x86)/atmel/studio/7.0/toolchain/avr8/avr8-gnu-toolchain/bin/../lib/gcc/avr/5.4.0/../../../../avr/lib/avr6\libc.a(strcpy.o)
                0x00009556                strcpy
 .text.avr-libc
                0x00009564       0x4e c:/program files (x86)/atmel/studio/7.0/toolchain/avr8/avr8-gnu-toolchain/bin/../lib/gcc/avr/5.4.0/../../../../avr/lib/avr6\libc.a(strtok_r.o)
                0x00009564                strtok_r
 .text.avr-libc
                0x000095b2       0x14 c:/program files (x86)/atmel/studio/7.0/toolchain/avr8/avr8-gnu-toolchain/bin/../lib/gcc/avr/5.4.0/../../../../avr/lib/avr6\libc.a(itoa_ncheck.o)
                0x000095b2                __itoa_ncheck
 .text.avr-libc
                0x000095c6       0x10 c:/program files (x86)/atmel/studio/7.0/toolchain/avr8/avr8-gnu-toolchain/bin/../lib/gcc/avr/5.4.0/../../../../avr/lib/avr6\libc.a(mul10.o)
                0x000095c6                __mulhi_const_10
 .text.avr-libc
                0x000095d6       0x32 c:/program files (x86)/atmel/studio/7.0/toolchain/avr8/avr8-gnu-toolchain/bin/../lib/gcc/avr/5.4.0/../../../../avr/lib/avr6\libc.a(utoa_ncheck.o)
                0x000095d6                __utoa_ncheck
                0x000095d8                __utoa_common
 .text.avr-libc
                0x00009608       0x20 c:/program files (x86)/atmel/studio/7.0/toolchain/avr8/avr8-gnu-toolchain/bin/../lib/gcc/avr/5.4.0/../../../../avr/lib/avr6\libc.a(strrev.o)
                0x00009608                strrev
                0x00009628                . = ALIGN (0x2)
 *(.fini9)
 .fini9         0x00009628        0x0 c:/program files (x86)/atmel/studio/7.0/toolchain/avr8/avr8-gnu-toolchain/bin/../lib/gcc/avr/5.4.0/avr6\libgcc.a(_exit.o)
                0x00009628                _exit
                0x00009628                exit
 *(.fini9)
 *(.fini8)
 *(.fini8)
 *(.fini7)
 *(.fini7)
 *(.fini6)
 *(.fini6)
 *(.fini5)
 *(.fini5)
 *(.fini4)
 *(.fini4)
 *(.fini3)
 *(.fini3)
 *(.fini2)
 *(.fini2)
 *(.fini1)
 *(.fini1)
 *(.fini0)
 .fini0         0x00009628        0x4 c:/program files (x86)/atmel/studio/7.0/toolchain/avr8/avr8-gnu-toolchain/bin/../lib/gcc/avr/5.4.0/avr6\libgcc.a(_exit.o)
 *(.fini0)
                0x0000962c                _etext = .

.data           0x00800200      0x726 load address 0x0000962c
                0x00800200                PROVIDE (__data_start, .)
 *(.data)
 .data          0x00800200        0x6 c:/program files (x86)/atmel/studio/7.0/toolchain/avr8/avr8-gnu-toolchain/bin/../lib/gcc/avr/5.4.0/../../../../avr/lib/avr6\libc.a(malloc.o)
                0x00800200                __malloc_heap_end
                0x00800202                __malloc_heap_start
                0x00800204                __malloc_margin
 *(.data*)
 *(.gnu.linkonce.d*)
 *(.rodata)
 .rodata        0x00800206       0x30 Cocktail_functions.o
 *(.rodata*)
 .rodata.str1.1
                0x00800236      0x311 Cocktail_functions.o
                                0x32a (size before relaxing)
 .rodata.str1.1
                0x00800547      0x169 Cocktail_Statemachine.o
                                0x1af (size before relaxing)
 .rodata.str1.1
                0x008006b0       0x15 Getraenk.o
                                 0x28 (size before relaxing)
 .rodata.str1.1
                0x008006c5       0xb4 Main_Func.o
                                 0xc3 (size before relaxing)
 .rodata.str1.1
                0x00800779       0x2f Nextion_Display.o
                                 0x31 (size before relaxing)
 .rodata.str1.1
                0x008007a8      0x128 FAT32.o
 .rodata.str1.1
                0x008008d0       0x2c tmc4671.o
                                 0x32 (size before relaxing)
 .rodata.str1.1
                0x008008fc       0x29 TMC6200.o
                                 0x32 (size before relaxing)
 *(.gnu.linkonce.r*)
                0x00800926                . = ALIGN (0x2)
 *fill*         0x00800925        0x1 
                0x00800926                _edata = .
                0x00800926                PROVIDE (__data_end, .)

.bss            0x00800926      0xe3f
                0x00800926                PROVIDE (__bss_start, .)
 *(.bss)
 .bss           0x00800926        0x2 c:/program files (x86)/atmel/studio/7.0/toolchain/avr8/avr8-gnu-toolchain/bin/../lib/gcc/avr/5.4.0/../../../../avr/lib/avr6\libc.a(strtok.o)
 *(.bss*)
 .bss.count.3224
                0x00800928        0x4 Cocktail_functions.o
 .bss.oldval.3223
                0x0080092c        0x1 Cocktail_functions.o
 .bss.cntrr.2823
                0x0080092d        0x1 Main_Func.o
 .bss.cntr_End_UART_2
                0x0080092e        0x1 main.o
                0x0080092e                cntr_End_UART_2
 .bss.cntr_UART_2
                0x0080092f        0x1 main.o
                0x0080092f                cntr_UART_2
 .bss.cntr_End_UART_1
                0x00800930        0x1 main.o
                0x00800930                cntr_End_UART_1
 .bss.cntr_UART_1
                0x00800931        0x1 main.o
                0x00800931                cntr_UART_1
 .bss.cntr_End_UART_0
                0x00800932        0x1 main.o
                0x00800932                cntr_End_UART_0
 .bss.cntr_UART_0
                0x00800933        0x1 main.o
                0x00800933                cntr_UART_0
 *(COMMON)
 COMMON         0x00800934      0xa2b Cocktail_functions.o
                0x00800934                head_zutat_file
                0x00800936                rb_tx_PC
                0x00800a37                tail_getraenk_file
                0x00800a39                head_zut_in_Maschine
                0x00800a3b                head_getraenk
                0x00800a3d                Position
                0x00800a41                head_getraenk_file_2
                0x00800a43                rainbow_i
                0x00800a45                Liste
                0x00800a46                aktuelleZutatInMaschine
                0x00800a48                tail_getraenk
                0x00800a4a                head_tag
                0x00800a4c                Ramp
                0x00800a95                appendFileLocation
                0x00800a99                aktuelle_zutat
                0x00800a9b                bufferGetraenk_file
                0x00800a9d                tail_zutat_file
                0x00800a9f                count_bla
                0x00800aa3                fileName
                0x00800ab0                firstDataSector
                0x00800ab4                ptr_tx_completed_1
                0x00800ab6                fileSize
                0x00800aba                bytesPerSector
                0x00800abc                i_Liste_test_cnt
                0x00800abd                totalClusters
                0x00800ac1                option
                0x00800ac2                ramp
                0x00800ac4                tail_getraenk_file_2
                0x00800ac6                aktuellesGetraenk_file
                0x00800ac8                head_getraenk_file
                0x00800aca                Grossschreib
                0x00800acb                rootCluster
                0x00800acf                block_list_runter
                0x00800ad0                state
                0x00800ad2                aktuellesGetraenk_file_2
                0x00800ad4                light
                0x00800ad5                rb_rx_ESP
                0x00800bd6                startBlock
                0x00800bda                aktueller_tag
                0x00800bdc                i
                0x00800bde                address_Standardwiederherstellung
                0x00800be0                rb_rx_Display
                0x00800ce1                tail_tag
                0x00800ce3                buffer
                0x00800ee3                externes_Getraenk_flag
                0x00800ee4                SPI_Slave
                0x00800ee5                sectorPerCluster
                0x00800ee7                ptr_tx_completed_2
                0x00800ee9                states
                0x00800eea                block_list_hoch
                0x00800eeb                unusedSectors
                0x00800eef                rb_tx_RFID
                0x00800ff0                SDHC_flag
                0x00800ff1                counter
                0x00800ff2                totalBlocks
                0x00800ff6                tail_zut_in_Maschine
                0x00800ff8                data
                0x00800ff9                buff_name
                0x0080100e                reservedSectorCount
                0x00801010                ptr_tx_completed_3
                0x00801012                aktuelles_zutat_file
                0x00801014                rb_rx_PC
                0x00801115                rb_tx_ESP
                0x00801216                address_getraenk
                0x00801218                appendStartCluster
                0x0080121c                cardType
                0x0080121d                error
                0x0080121e                rb_rx_RFID
                0x0080131f                gui_pages
                0x00801320                i_Liste
                0x00801321                i_Liste_test
                0x00801353                freeClusterCountUpdated
                0x00801354                stop
                0x00801355                FAT32_active
                0x00801356                appendFileSector
                0x0080135a                aktuellesGetraenk
                0x0080135c                ptr_tx_completed_0
                0x0080135e                SPI_State
 COMMON         0x0080135f      0x402 main.o
                0x0080135f                INPUT_UART_0
                0x0080145f                INPUT_UART_3
                0x0080155f                INPUT_UART_1
                0x0080165f                ptr_Uart_1
                0x00801661                INPUT_UART_2
 COMMON         0x00801761        0x4 c:/program files (x86)/atmel/studio/7.0/toolchain/avr8/avr8-gnu-toolchain/bin/../lib/gcc/avr/5.4.0/../../../../avr/lib/avr6\libc.a(malloc.o)
                0x00801761                __brkval
                0x00801763                __flp
                0x00801765                PROVIDE (__bss_end, .)
                0x0000962c                __data_load_start = LOADADDR (.data)
                0x00009d52                __data_load_end = (__data_load_start + SIZEOF (.data))

.noinit         0x00801765        0x0
                [!provide]                PROVIDE (__noinit_start, .)
 *(.noinit*)
                [!provide]                PROVIDE (__noinit_end, .)
                0x00801765                _end = .
                0x00801765                PROVIDE (__heap_start, .)

.eeprom         0x00810000        0x0
 *(.eeprom*)
                0x00810000                __eeprom_end = .

.fuse
 *(.fuse)
 *(.lfuse)
 *(.hfuse)
 *(.efuse)

.lock
 *(.lock*)

.signature
 *(.signature*)

.user_signatures
 *(.user_signatures*)

.stab
 *(.stab)

.stabstr
 *(.stabstr)

.stab.excl
 *(.stab.excl)

.stab.exclstr
 *(.stab.exclstr)

.stab.index
 *(.stab.index)

.stab.indexstr
 *(.stab.indexstr)

.comment        0x00000000       0x30
 *(.comment)
 .comment       0x00000000       0x30 Cocktail_functions.o
                                 0x31 (size before relaxing)
 .comment       0x00000030       0x31 Cocktail_Statemachine.o
 .comment       0x00000030       0x31 Getraenk.o
 .comment       0x00000030       0x31 Zutaten.o
 .comment       0x00000030       0x31 LED.o
 .comment       0x00000030       0x31 Main_Func.o
 .comment       0x00000030       0x31 Nextion_Display.o
 .comment       0x00000030       0x31 ring_buffer.o
 .comment       0x00000030       0x31 FAT32.o
 .comment       0x00000030       0x31 SD_routines.o
 .comment       0x00000030       0x31 ramp1.o
 .comment       0x00000030       0x31 Software_SPI.o
 .comment       0x00000030       0x31 SPI.o
 .comment       0x00000030       0x31 tmc4671.o
 .comment       0x00000030       0x31 TMC6200.o
 .comment       0x00000030       0x31 UART.o
 .comment       0x00000030       0x31 main.o
 .comment       0x00000030       0x31 c:/program files (x86)/atmel/studio/7.0/toolchain/avr8/avr8-gnu-toolchain/bin/../lib/gcc/avr/5.4.0/../../../../avr/lib/avr6\libc.a(calloc.o)
 .comment       0x00000030       0x31 c:/program files (x86)/atmel/studio/7.0/toolchain/avr8/avr8-gnu-toolchain/bin/../lib/gcc/avr/5.4.0/../../../../avr/lib/avr6\libc.a(malloc.o)
 .comment       0x00000030       0x31 c:/program files (x86)/atmel/studio/7.0/toolchain/avr8/avr8-gnu-toolchain/bin/../lib/gcc/avr/5.4.0/../../../../avr/lib/avr6\libc.a(strtok.o)

.note.gnu.avr.deviceinfo
                0x00000000       0x40
 .note.gnu.avr.deviceinfo
                0x00000000       0x40 C:/Program Files (x86)/Atmel/Studio/7.0/Packs/atmel/ATmega_DFP/1.3.300/gcc/dev/atmega2560/avr6/crtatmega2560.o

.note.gnu.build-id
 *(.note.gnu.build-id)

.debug
 *(.debug)

.line
 *(.line)

.debug_srcinfo
 *(.debug_srcinfo)

.debug_sfnames
 *(.debug_sfnames)

.debug_aranges  0x00000000      0x988
 *(.debug_aranges)
 .debug_aranges
                0x00000000      0x100 Cocktail_functions.o
 .debug_aranges
                0x00000100      0x100 Cocktail_Statemachine.o
 .debug_aranges
                0x00000200       0x78 Getraenk.o
 .debug_aranges
                0x00000278       0x48 Zutaten.o
 .debug_aranges
                0x000002c0       0x88 LED.o
 .debug_aranges
                0x00000348       0xa0 Main_Func.o
 .debug_aranges
                0x000003e8       0x68 Nextion_Display.o
 .debug_aranges
                0x00000450       0x50 ring_buffer.o
 .debug_aranges
                0x000004a0       0x80 FAT32.o
 .debug_aranges
                0x00000520       0x40 SD_routines.o
 .debug_aranges
                0x00000560       0x80 ramp1.o
 .debug_aranges
                0x000005e0       0x70 Software_SPI.o
 .debug_aranges
                0x00000650       0x48 SPI.o
 .debug_aranges
                0x00000698      0x1f8 tmc4671.o
 .debug_aranges
                0x00000890       0x38 TMC6200.o
 .debug_aranges
                0x000008c8       0x98 UART.o
 .debug_aranges
                0x00000960       0x28 main.o

.debug_pubnames
 *(.debug_pubnames)

.debug_info     0x00000000    0x170c9
 *(.debug_info .gnu.linkonce.wi.*)
 .debug_info    0x00000000      0xbbc C:/Program Files (x86)/Atmel/Studio/7.0/Packs/atmel/ATmega_DFP/1.3.300/gcc/dev/atmega2560/avr6/crtatmega2560.o
 .debug_info    0x00000bbc     0x40f8 Cocktail_functions.o
 .debug_info    0x00004cb4     0x4140 Cocktail_Statemachine.o
 .debug_info    0x00008df4     0x1980 Getraenk.o
 .debug_info    0x0000a774      0xd02 Zutaten.o
 .debug_info    0x0000b476      0x3ad LED.o
 .debug_info    0x0000b823     0x10ca Main_Func.o
 .debug_info    0x0000c8ed      0xd19 Nextion_Display.o
 .debug_info    0x0000d606      0x360 ring_buffer.o
 .debug_info    0x0000d966     0x19c0 FAT32.o
 .debug_info    0x0000f326      0x812 SD_routines.o
 .debug_info    0x0000fb38      0xca0 ramp1.o
 .debug_info    0x000107d8      0x548 Software_SPI.o
 .debug_info    0x00010d20      0x263 SPI.o
 .debug_info    0x00010f83     0x4040 tmc4671.o
 .debug_info    0x00014fc3      0xaf2 TMC6200.o
 .debug_info    0x00015ab5      0x6d7 UART.o
 .debug_info    0x0001618c      0xf3d main.o

.debug_abbrev   0x00000000     0x3357
 *(.debug_abbrev)
 .debug_abbrev  0x00000000      0xb1a C:/Program Files (x86)/Atmel/Studio/7.0/Packs/atmel/ATmega_DFP/1.3.300/gcc/dev/atmega2560/avr6/crtatmega2560.o
 .debug_abbrev  0x00000b1a      0x3ce Cocktail_functions.o
 .debug_abbrev  0x00000ee8      0x337 Cocktail_Statemachine.o
 .debug_abbrev  0x0000121f      0x3c6 Getraenk.o
 .debug_abbrev  0x000015e5      0x2b5 Zutaten.o
 .debug_abbrev  0x0000189a      0x176 LED.o
 .debug_abbrev  0x00001a10      0x36e Main_Func.o
 .debug_abbrev  0x00001d7e      0x231 Nextion_Display.o
 .debug_abbrev  0x00001faf      0x12a ring_buffer.o
 .debug_abbrev  0x000020d9      0x214 FAT32.o
 .debug_abbrev  0x000022ed      0x154 SD_routines.o
 .debug_abbrev  0x00002441      0x316 ramp1.o
 .debug_abbrev  0x00002757      0x15b Software_SPI.o
 .debug_abbrev  0x000028b2      0x11c SPI.o
 .debug_abbrev  0x000029ce      0x3cf tmc4671.o
 .debug_abbrev  0x00002d9d      0x265 TMC6200.o
 .debug_abbrev  0x00003002      0x1fe UART.o
 .debug_abbrev  0x00003200      0x157 main.o

.debug_line     0x00000000     0x9176
 *(.debug_line .debug_line.* .debug_line_end)
 .debug_line    0x00000000      0x1f9 C:/Program Files (x86)/Atmel/Studio/7.0/Packs/atmel/ATmega_DFP/1.3.300/gcc/dev/atmega2560/avr6/crtatmega2560.o
 .debug_line    0x000001f9     0x196e Cocktail_functions.o
 .debug_line    0x00001b67     0x1db1 Cocktail_Statemachine.o
 .debug_line    0x00003918      0x9a6 Getraenk.o
 .debug_line    0x000042be      0x48a Zutaten.o
 .debug_line    0x00004748      0x47c LED.o
 .debug_line    0x00004bc4      0x91e Main_Func.o
 .debug_line    0x000054e2      0x4e5 Nextion_Display.o
 .debug_line    0x000059c7      0x21d ring_buffer.o
 .debug_line    0x00005be4      0xc8f FAT32.o
 .debug_line    0x00006873      0x48d SD_routines.o
 .debug_line    0x00006d00      0x682 ramp1.o
 .debug_line    0x00007382      0x305 Software_SPI.o
 .debug_line    0x00007687      0x1e8 SPI.o
 .debug_line    0x0000786f      0xd0a tmc4671.o
 .debug_line    0x00008579      0x410 TMC6200.o
 .debug_line    0x00008989      0x412 UART.o
 .debug_line    0x00008d9b      0x3db main.o

.debug_frame    0x00000000     0x28e8
 *(.debug_frame)
 .debug_frame   0x00000000      0x62c Cocktail_functions.o
 .debug_frame   0x0000062c      0x338 Cocktail_Statemachine.o
 .debug_frame   0x00000964      0x264 Getraenk.o
 .debug_frame   0x00000bc8      0x124 Zutaten.o
 .debug_frame   0x00000cec      0x19c LED.o
 .debug_frame   0x00000e88      0x274 Main_Func.o
 .debug_frame   0x000010fc      0x198 Nextion_Display.o
 .debug_frame   0x00001294       0xdc ring_buffer.o
 .debug_frame   0x00001370      0x3b8 FAT32.o
 .debug_frame   0x00001728       0xdc SD_routines.o
 .debug_frame   0x00001804      0x2bc ramp1.o
 .debug_frame   0x00001ac0      0x108 Software_SPI.o
 .debug_frame   0x00001bc8       0x74 SPI.o
 .debug_frame   0x00001c3c      0x844 tmc4671.o
 .debug_frame   0x00002480       0xd8 TMC6200.o
 .debug_frame   0x00002558      0x34c UART.o
 .debug_frame   0x000028a4       0x44 main.o

.debug_str      0x00000000     0x3473
 *(.debug_str)
 .debug_str     0x00000000      0x3e6 C:/Program Files (x86)/Atmel/Studio/7.0/Packs/atmel/ATmega_DFP/1.3.300/gcc/dev/atmega2560/avr6/crtatmega2560.o
 .debug_str     0x000003e6      0xfc4 Cocktail_functions.o
                               0x10e0 (size before relaxing)
 .debug_str     0x000013aa      0x864 Cocktail_Statemachine.o
                               0x1747 (size before relaxing)
 .debug_str     0x00001c0e      0x180 Getraenk.o
                                0xd02 (size before relaxing)
 .debug_str     0x00001d8e      0x11c Zutaten.o
                                0x6a8 (size before relaxing)
 .debug_str     0x00001eaa       0xca LED.o
                                0x349 (size before relaxing)
 .debug_str     0x00001f74      0x26c Main_Func.o
                                0xa39 (size before relaxing)
 .debug_str     0x000021e0       0x52 Nextion_Display.o
                                0x7c5 (size before relaxing)
 .debug_str     0x00002232       0x5a ring_buffer.o
                                0x206 (size before relaxing)
 .debug_str     0x0000228c      0x533 FAT32.o
                                0x931 (size before relaxing)
 .debug_str     0x000027bf       0x69 SD_routines.o
                                0x358 (size before relaxing)
 .debug_str     0x00002828       0xf0 ramp1.o
                                0x60c (size before relaxing)
 .debug_str     0x00002918      0x104 Software_SPI.o
                                0x2c6 (size before relaxing)
 .debug_str     0x00002a1c       0x5d SPI.o
                                0x250 (size before relaxing)
 .debug_str     0x00002a79      0x850 tmc4671.o
                                0xc2c (size before relaxing)
 .debug_str     0x000032c9       0x57 TMC6200.o
                                0x3de (size before relaxing)
 .debug_str     0x00003320       0x9c UART.o
                                0x384 (size before relaxing)
 .debug_str     0x000033bc       0xb7 main.o
                                0xc7b (size before relaxing)

.debug_loc      0x00000000     0xf9d8
 *(.debug_loc)
 .debug_loc     0x00000000     0x26ad Cocktail_functions.o
 .debug_loc     0x000026ad     0x18d2 Cocktail_Statemachine.o
 .debug_loc     0x00003f7f     0x10e3 Getraenk.o
 .debug_loc     0x00005062      0x69d Zutaten.o
 .debug_loc     0x000056ff      0x26f LED.o
 .debug_loc     0x0000596e      0x9a8 Main_Func.o
 .debug_loc     0x00006316      0x6a6 Nextion_Display.o
 .debug_loc     0x000069bc      0x58d ring_buffer.o
 .debug_loc     0x00006f49     0x1e44 FAT32.o
 .debug_loc     0x00008d8d      0x729 SD_routines.o
 .debug_loc     0x000094b6     0x10c4 ramp1.o
 .debug_loc     0x0000a57a      0x357 Software_SPI.o
 .debug_loc     0x0000a8d1       0xc4 SPI.o
 .debug_loc     0x0000a995     0x4242 tmc4671.o
 .debug_loc     0x0000ebd7      0x5c0 TMC6200.o
 .debug_loc     0x0000f197      0x7f9 UART.o
 .debug_loc     0x0000f990       0x48 main.o

.debug_macinfo
 *(.debug_macinfo)

.debug_weaknames
 *(.debug_weaknames)

.debug_funcnames
 *(.debug_funcnames)

.debug_typenames
 *(.debug_typenames)

.debug_varnames
 *(.debug_varnames)

.debug_pubtypes
 *(.debug_pubtypes)

.debug_ranges   0x00000000      0xa60
 *(.debug_ranges)
 .debug_ranges  0x00000000      0x218 Cocktail_functions.o
 .debug_ranges  0x00000218       0xf0 Cocktail_Statemachine.o
 .debug_ranges  0x00000308       0xa8 Getraenk.o
 .debug_ranges  0x000003b0       0x38 Zutaten.o
 .debug_ranges  0x000003e8       0x78 LED.o
 .debug_ranges  0x00000460       0xe8 Main_Func.o
 .debug_ranges  0x00000548       0x58 Nextion_Display.o
 .debug_ranges  0x000005a0       0x40 ring_buffer.o
 .debug_ranges  0x000005e0       0x98 FAT32.o
 .debug_ranges  0x00000678       0x30 SD_routines.o
 .debug_ranges  0x000006a8       0x70 ramp1.o
 .debug_ranges  0x00000718       0x60 Software_SPI.o
 .debug_ranges  0x00000778       0x38 SPI.o
 .debug_ranges  0x000007b0      0x1e8 tmc4671.o
 .debug_ranges  0x00000998       0x28 TMC6200.o
 .debug_ranges  0x000009c0       0x88 UART.o
 .debug_ranges  0x00000a48       0x18 main.o

.debug_macro
 *(.debug_macro)
OUTPUT(Mikrocontroller.elf elf32-avr)
LOAD linker stubs
