Archive member included to satisfy reference by file (symbol)

c:/program files (x86)/atmel/studio/7.0/toolchain/avr8/avr8-gnu-toolchain/bin/../lib/gcc/avr/5.4.0/avr6\libgcc.a(_mulsi3.o)
                              Cocktail_functions.o (__mulsi3)
c:/program files (x86)/atmel/studio/7.0/toolchain/avr8/avr8-gnu-toolchain/bin/../lib/gcc/avr/5.4.0/avr6\libgcc.a(_udivmodsi4.o)
                              Cocktail_functions.o (__udivmodsi4)
c:/program files (x86)/atmel/studio/7.0/toolchain/avr8/avr8-gnu-toolchain/bin/../lib/gcc/avr/5.4.0/avr6\libgcc.a(_divmodsi4.o)
                              tmc4671.o (__divmodsi4)
c:/program files (x86)/atmel/studio/7.0/toolchain/avr8/avr8-gnu-toolchain/bin/../lib/gcc/avr/5.4.0/avr6\libgcc.a(_negsi2.o)
                              c:/program files (x86)/atmel/studio/7.0/toolchain/avr8/avr8-gnu-toolchain/bin/../lib/gcc/avr/5.4.0/avr6\libgcc.a(_divmodsi4.o) (__negsi2)
c:/program files (x86)/atmel/studio/7.0/toolchain/avr8/avr8-gnu-toolchain/bin/../lib/gcc/avr/5.4.0/avr6\libgcc.a(_exit.o)
                              C:/Program Files (x86)/Atmel/Studio/7.0/Packs/atmel/ATmega_DFP/1.3.300/gcc/dev/atmega2560/avr6/crtatmega2560.o (exit)
c:/program files (x86)/atmel/studio/7.0/toolchain/avr8/avr8-gnu-toolchain/bin/../lib/gcc/avr/5.4.0/avr6\libgcc.a(_tablejump2.o)
                              Cocktail_functions.o (__tablejump2__)
c:/program files (x86)/atmel/studio/7.0/toolchain/avr8/avr8-gnu-toolchain/bin/../lib/gcc/avr/5.4.0/avr6\libgcc.a(_copy_data.o)
                              Cocktail_functions.o (__do_copy_data)
c:/program files (x86)/atmel/studio/7.0/toolchain/avr8/avr8-gnu-toolchain/bin/../lib/gcc/avr/5.4.0/avr6\libgcc.a(_clear_bss.o)
                              Cocktail_functions.o (__do_clear_bss)
c:/program files (x86)/atmel/studio/7.0/toolchain/avr8/avr8-gnu-toolchain/bin/../lib/gcc/avr/5.4.0/avr6\libgcc.a(_umulhisi3.o)
                              FAT32.o (__umulhisi3)
c:/program files (x86)/atmel/studio/7.0/toolchain/avr8/avr8-gnu-toolchain/bin/../lib/gcc/avr/5.4.0/avr6\libgcc.a(_usmulhisi3.o)
                              tmc4671.o (__usmulhisi3)
c:/program files (x86)/atmel/studio/7.0/toolchain/avr8/avr8-gnu-toolchain/bin/../lib/gcc/avr/5.4.0/avr6\libgcc.a(_muluhisi3.o)
                              Cocktail_functions.o (__muluhisi3)
c:/program files (x86)/atmel/studio/7.0/toolchain/avr8/avr8-gnu-toolchain/bin/../lib/gcc/avr/5.4.0/../../../../avr/lib/avr6\libc.a(calloc.o)
                              Getraenk.o (calloc)
c:/program files (x86)/atmel/studio/7.0/toolchain/avr8/avr8-gnu-toolchain/bin/../lib/gcc/avr/5.4.0/../../../../avr/lib/avr6\libc.a(malloc.o)
                              c:/program files (x86)/atmel/studio/7.0/toolchain/avr8/avr8-gnu-toolchain/bin/../lib/gcc/avr/5.4.0/../../../../avr/lib/avr6\libc.a(calloc.o) (malloc)
c:/program files (x86)/atmel/studio/7.0/toolchain/avr8/avr8-gnu-toolchain/bin/../lib/gcc/avr/5.4.0/../../../../avr/lib/avr6\libc.a(atoi.o)
                              Cocktail_functions.o (atoi)
c:/program files (x86)/atmel/studio/7.0/toolchain/avr8/avr8-gnu-toolchain/bin/../lib/gcc/avr/5.4.0/../../../../avr/lib/avr6\libc.a(strtok.o)
                              Cocktail_functions.o (strtok)
c:/program files (x86)/atmel/studio/7.0/toolchain/avr8/avr8-gnu-toolchain/bin/../lib/gcc/avr/5.4.0/../../../../avr/lib/avr6\libc.a(memset.o)
                              c:/program files (x86)/atmel/studio/7.0/toolchain/avr8/avr8-gnu-toolchain/bin/../lib/gcc/avr/5.4.0/../../../../avr/lib/avr6\libc.a(calloc.o) (memset)
c:/program files (x86)/atmel/studio/7.0/toolchain/avr8/avr8-gnu-toolchain/bin/../lib/gcc/avr/5.4.0/../../../../avr/lib/avr6\libc.a(strcat.o)
                              Cocktail_functions.o (strcat)
c:/program files (x86)/atmel/studio/7.0/toolchain/avr8/avr8-gnu-toolchain/bin/../lib/gcc/avr/5.4.0/../../../../avr/lib/avr6\libc.a(strcpy.o)
                              Cocktail_functions.o (strcpy)
c:/program files (x86)/atmel/studio/7.0/toolchain/avr8/avr8-gnu-toolchain/bin/../lib/gcc/avr/5.4.0/../../../../avr/lib/avr6\libc.a(strncpy.o)
                              Getraenk.o (strncpy)
c:/program files (x86)/atmel/studio/7.0/toolchain/avr8/avr8-gnu-toolchain/bin/../lib/gcc/avr/5.4.0/../../../../avr/lib/avr6\libc.a(strtok_r.o)
                              c:/program files (x86)/atmel/studio/7.0/toolchain/avr8/avr8-gnu-toolchain/bin/../lib/gcc/avr/5.4.0/../../../../avr/lib/avr6\libc.a(strtok.o) (strtok_r)
c:/program files (x86)/atmel/studio/7.0/toolchain/avr8/avr8-gnu-toolchain/bin/../lib/gcc/avr/5.4.0/../../../../avr/lib/avr6\libc.a(itoa_ncheck.o)
                              Cocktail_functions.o (__itoa_ncheck)
c:/program files (x86)/atmel/studio/7.0/toolchain/avr8/avr8-gnu-toolchain/bin/../lib/gcc/avr/5.4.0/../../../../avr/lib/avr6\libc.a(mul10.o)
[...]
Memory Configuration

Name             Origin             Length             Attributes
text             0x00000000         0x00100000         xr
data             0x00800200         0x0000fe00         rw !x
eeprom           0x00810000         0x00010000         rw !x
fuse             0x00820000         0x00000003         rw !x
lock             0x00830000         0x00000400         rw !x
signature        0x00840000         0x00000400         rw !x
user_signatures  0x00850000         0x00000400         rw !x
*default*        0x00000000         0xffffffff

Linker script and memory map

Address of section .data set to 0x800200
LOAD C:/Program Files (x86)/Atmel/Studio/7.0/Packs/atmel/ATmega_DFP/1.3.300/gcc/dev/atmega2560/avr6/crtatmega2560.o
LOAD Cocktail_functions.o
LOAD Cocktail_Statemachine.o
LOAD Getraenk.o
LOAD Zutaten.o
LOAD Main_Func.o
LOAD Nextion_Display.o
LOAD mfrc522.o
LOAD ring_buffer.o
LOAD FAT32.o
LOAD SD_routines.o
LOAD Software_SPI.o
LOAD SPI.o
LOAD TAGS.o
LOAD tmc4671.o
LOAD TMC6200.o
LOAD UART.o
LOAD main.o
START GROUP
LOAD c:/program files (x86)/atmel/studio/7.0/toolchain/avr8/avr8-gnu-toolchain/bin/../lib/gcc/avr/5.4.0/../../../../avr/lib/avr6\libm.a
END GROUP
START GROUP
LOAD c:/program files (x86)/atmel/studio/7.0/toolchain/avr8/avr8-gnu-toolchain/bin/../lib/gcc/avr/5.4.0/avr6\libgcc.a
LOAD c:/program files (x86)/atmel/studio/7.0/toolchain/avr8/avr8-gnu-toolchain/bin/../lib/gcc/avr/5.4.0/../../../../avr/lib/avr6\libm.a
LOAD c:/program files (x86)/atmel/studio/7.0/toolchain/avr8/avr8-gnu-toolchain/bin/../lib/gcc/avr/5.4.0/../../../../avr/lib/avr6\libc.a
LOAD C:/Program Files (x86)/Atmel/Studio/7.0/Packs/atmel/ATmega_DFP/1.3.300/gcc/dev/atmega2560/avr6\libatmega2560.a
END GROUP
                0x00000000                __TEXT_REGION_ORIGIN__ = DEFINED (__TEXT_REGION_ORIGIN__)?__TEXT_REGION_ORIGIN__:0x0
                0x00800200                __DATA_REGION_ORIGIN__ = DEFINED (__DATA_REGION_ORIGIN__)?__DATA_REGION_ORIGIN__:0x800200
                0x00100000                __TEXT_REGION_LENGTH__ = DEFINED (__TEXT_REGION_LENGTH__)?__TEXT_REGION_LENGTH__:0x100000
                0x0000fe00                __DATA_REGION_LENGTH__ = DEFINED (__DATA_REGION_LENGTH__)?__DATA_REGION_LENGTH__:0xfe00
                0x00010000                __EEPROM_REGION_LENGTH__ = DEFINED (__EEPROM_REGION_LENGTH__)?__EEPROM_REGION_LENGTH__:0x10000
                [0x00000003]                __FUSE_REGION_LENGTH__ = DEFINED (__FUSE_REGION_LENGTH__)?__FUSE_REGION_LENGTH__:0x400
                0x00000400                __LOCK_REGION_LENGTH__ = DEFINED (__LOCK_REGION_LENGTH__)?__LOCK_REGION_LENGTH__:0x400
                0x00000400                __SIGNATURE_REGION_LENGTH__ = DEFINED (__SIGNATURE_REGION_LENGTH__)?__SIGNATURE_REGION_LENGTH__:0x400
                0x00000400                __USER_SIGNATURE_REGION_LENGTH__ = DEFINED (__USER_SIGNATURE_REGION_LENGTH__)?__USER_SIGNATURE_REGION_LENGTH__:0x400

.hash
 *(.hash)

.dynsym
 *(.dynsym)

.dynstr
 *(.dynstr)

.gnu.version
 *(.gnu.version)

.gnu.version_d
 *(.gnu.version_d)

.gnu.version_r
 *(.gnu.version_r)

.rel.init
 *(.rel.init)

.rela.init
 *(.rela.init)

.rel.text
 *(.rel.text)
 *(.rel.text.*)
 *(.rel.gnu.linkonce.t*)

.rela.text
 *(.rela.text)
 *(.rela.text.*)
 *(.rela.gnu.linkonce.t*)

.rel.fini
 *(.rel.fini)

.rela.fini
 *(.rela.fini)

.rel.rodata
 *(.rel.rodata)
 *(.rel.rodata.*)
 *(.rel.gnu.linkonce.r*)

.rela.rodata
 *(.rela.rodata)
 *(.rela.rodata.*)
 *(.rela.gnu.linkonce.r*)

.rel.data
 *(.rel.data)
 *(.rel.data.*)
 *(.rel.gnu.linkonce.d*)

.rela.data
 *(.rela.data)
 *(.rela.data.*)
 *(.rela.gnu.linkonce.d*)

.rel.ctors
 *(.rel.ctors)

.rela.ctors
 *(.rela.ctors)

.rel.dtors
 *(.rel.dtors)

.rela.dtors
 *(.rela.dtors)

.rel.got
 *(.rel.got)

.rela.got
 *(.rela.got)

.rel.bss
 *(.rel.bss)

.rela.bss
 *(.rela.bss)

.rel.plt
 *(.rel.plt)

.rela.plt
 *(.rela.plt)

.text           0x00000000     0x6a74
 *(.vectors)
 .vectors       0x00000000       0xe4 C:/Program Files (x86)/Atmel/Studio/7.0/Packs/atmel/ATmega_DFP/1.3.300/gcc/dev/atmega2560/avr6/crtatmega2560.o
                0x00000000                __vector_default
                0x00000000                __vectors
 *(.vectors)
 *(.progmem.gcc*)
 .progmem.gcc_sw_table.schalte_pumpe_ein
                0x000000e4       0x18 Cocktail_functions.o
 .progmem.gcc_sw_table.schalte_pumpe_aus
                0x000000fc       0x18 Cocktail_functions.o
 .progmem.gcc_sw_table.lese_sensor
                0x00000114       0x18 Cocktail_functions.o
 .progmem.gcc_sw_table.check_startseite
                0x0000012c       0x10 Cocktail_Statemachine.o
 .progmem.gcc_sw_table.check_listenanzeige
                0x0000013c       0x14 Cocktail_Statemachine.o
 .progmem.gcc_sw_table.check_menuanzeige
                0x00000150        0xe Cocktail_Statemachine.o
 .progmem.gcc_sw_table.check_bearbeitungsanzeige
                0x0000015e       0x14 Cocktail_Statemachine.o
 .progmem.gcc_sw_table.check_ceinstanzeige
                0x00000172       0x10 Cocktail_Statemachine.o
 .progmem.gcc_sw_table.check_erstanzeige1
                0x00000182       0x3e Cocktail_Statemachine.o
 .progmem.gcc_sw_table.check_posanzeige
                0x000001c0       0x1a Cocktail_Statemachine.o
 .progmem.gcc_sw_table.check_fluessanzeige1
                0x000001da       0x16 Cocktail_Statemachine.o
 .progmem.gcc_sw_table.check_RFIDAnzeige1
                0x000001f0       0x12 Cocktail_Statemachine.o
 .progmem.gcc_sw_table.check_RFIDAnzeige2
                0x00000202       0x14 Cocktail_Statemachine.o
 .progmem.gcc_sw_table.cocktail_check_command
                0x00000216       0x34 Cocktail_Statemachine.o
                0x0000024a                . = ALIGN (0x2)
                0x0000024a                __trampolines_start = .
 *(.trampolines)
 .trampolines   0x0000024a        0x0 linker stubs
 *(.trampolines*)
                0x0000024a                __trampolines_end = .
 *libprintf_flt.a:*(.progmem.data)
 *libc.a:*(.progmem.data)
 *(.progmem*)
                0x0000024a                . = ALIGN (0x2)
 *(.jumptables)
 *(.jumptables*)
 *(.lowtext)
 *(.lowtext*)
                0x0000024a                __ctors_start = .
 *(.ctors)
                0x0000024a                __ctors_end = .
                0x0000024a                __dtors_start = .
 *(.dtors)
                0x0000024a                __dtors_end = .
 SORT(*)(.ctors)
 SORT(*)(.dtors)
 *(.init0)
 .init0         0x0000024a        0x0 C:/Program Files (x86)/Atmel/Studio/7.0/Packs/atmel/ATmega_DFP/1.3.300/gcc/dev/atmega2560/avr6/crtatmega2560.o
                0x0000024a                __init
 *(.init0)
 *(.init1)
 *(.init1)
 *(.init2)
 .init2         0x0000024a       0x10 C:/Program Files (x86)/Atmel/Studio/7.0/Packs/atmel/ATmega_DFP/1.3.300/gcc/dev/atmega2560/avr6/crtatmega2560.o
 *(.init2)
 *(.init3)
 *(.init3)
 *(.init4)
 .init4         0x0000025a       0x1a c:/program files (x86)/atmel/studio/7.0/toolchain/avr8/avr8-gnu-toolchain/bin/../lib/gcc/avr/5.4.0/avr6\libgcc.a(_copy_data.o)
                0x0000025a                __do_copy_data
 .init4         0x00000274       0x10 c:/program files (x86)/atmel/studio/7.0/toolchain/avr8/avr8-gnu-toolchain/bin/../lib/gcc/avr/5.4.0/avr6\libgcc.a(_clear_bss.o)
                0x00000274                __do_clear_bss
 *(.init4)
 *(.init5)
 *(.init5)
 *(.init6)
 *(.init6)
 *(.init7)
 *(.init7)
 *(.init8)
 *(.init8)
 *(.init9)
 .init9         0x00000284        0x8 C:/Program Files (x86)/Atmel/Studio/7.0/Packs/atmel/ATmega_DFP/1.3.300/gcc/dev/atmega2560/avr6/crtatmega2560.o
 *(.init9)
 *(.text)
 .text          0x0000028c        0x2 C:/Program Files (x86)/Atmel/Studio/7.0/Packs/atmel/ATmega_DFP/1.3.300/gcc/dev/atmega2560/avr6/crtatmega2560.o
                0x0000028c                __vector_38
                0x0000028c                __vector_22
                0x0000028c                __vector_28
                0x0000028c                __vector_1
                0x0000028c                __vector_32
                0x0000028c                __vector_34
                0x0000028c                __vector_24
                0x0000028c                __vector_12
                0x0000028c                __vector_46
                0x0000028c                __bad_interrupt
                0x0000028c                __vector_6
                0x0000028c                __vector_31
                0x0000028c                __vector_35
                0x0000028c                __vector_39
                0x0000028c                __vector_3
                0x0000028c                __vector_23
                0x0000028c                __vector_30
                0x0000028c                __vector_45
                0x0000028c                __vector_11
                0x0000028c                __vector_13
                0x0000028c                __vector_17
                0x0000028c                __vector_19
                0x0000028c                __vector_56
                0x0000028c                __vector_7
                0x0000028c                __vector_49
                0x0000028c                __vector_41
                0x0000028c                __vector_43
                0x0000028c                __vector_27
                0x0000028c                __vector_5
                0x0000028c                __vector_33
                0x0000028c                __vector_47
                0x0000028c                __vector_37
                0x0000028c                __vector_4
                0x0000028c                __vector_44
                0x0000028c                __vector_9
                0x0000028c                __vector_2
                0x0000028c                __vector_21
                0x0000028c                __vector_15
                0x0000028c                __vector_29
                0x0000028c                __vector_40
                0x0000028c                __vector_8
                0x0000028c                __vector_48
                0x0000028c                __vector_14
                0x0000028c                __vector_53
                0x0000028c                __vector_10
                0x0000028c                __vector_50
                0x0000028c                __vector_16
                0x0000028c                __vector_18
                0x0000028c                __vector_20
                0x0000028c                __vector_42
                0x0000028e                . = ALIGN (0x2)
 *(.text.*)
 .text.cocktail_test_command
                0x0000028e       0x22 Cocktail_functions.o
                0x0000028e                cocktail_test_command
 .text.schreibe_Menge_in_Getraenk
                0x000002b0      0x198 Cocktail_functions.o
                0x000002b0                schreibe_Menge_in_Getraenk
 .text.schalte_pumpe_ein
                0x00000448       0x6e Cocktail_functions.o
                0x00000448                schalte_pumpe_ein
 .text.schalte_pumpe_aus
                0x000004b6       0x6e Cocktail_functions.o
                0x000004b6                schalte_pumpe_aus
 .text.lese_sensor
                0x00000524       0x74 Cocktail_functions.o
                0x00000524                lese_sensor
 .text.erstelle_Liste_zutat
                0x00000598      0x25a Cocktail_functions.o
                0x00000598                erstelle_Liste_zutat
 .text.setze_startanzeige
                0x000007f2       0x94 Cocktail_functions.o
                0x000007f2                setze_startanzeige
 .text.fuelle_getraenk
                0x00000886      0x206 Cocktail_functions.o
                0x00000886                fuelle_getraenk
 .text.zubereitung_getraenk
                0x00000a8c       0x68 Cocktail_functions.o
                0x00000a8c                zubereitung_getraenk
 .text.erstelle_Zutatenliste
                0x00000af4      0x1a8 Cocktail_functions.o
                0x00000af4                erstelle_Zutatenliste
 .text.compare_string
                0x00000c9c       0x40 Cocktail_functions.o
                0x00000c9c                compare_string
 .text.pruefe_kopf
                0x00000cdc        0xc Cocktail_functions.o
                0x00000cdc                pruefe_kopf
 .text.lese_textfile_in_getraenk
                0x00000ce8      0x23a Cocktail_functions.o
                0x00000ce8                lese_textfile_in_getraenk
 .text.choose_aktuellesGetraenk
                0x00000f22       0x6e Cocktail_functions.o
                0x00000f22                choose_aktuellesGetraenk
 .text.bearbeite_Cocktail
                0x00000f90       0x14 Cocktail_functions.o
                0x00000f90                bearbeite_Cocktail
 .text.schiebe_file_next
                0x00000fa4       0x7a Cocktail_functions.o
                0x00000fa4                schiebe_file_next
 .text.schiebe_file_prev
                0x0000101e       0x7a Cocktail_functions.o
                0x0000101e                schiebe_file_prev
 .text.erstelle_Liste_name
                0x00001098      0x2d0 Cocktail_functions.o
                0x00001098                erstelle_Liste_name
 .text.SD_startup
                0x00001368       0xd0 Cocktail_functions.o
                0x00001368                SD_startup
 .text.erstelle_File
                0x00001438      0x28a Cocktail_functions.o
                0x00001438                erstelle_File
 .text.loesche_FIle
                0x000016c2       0x66 Cocktail_functions.o
                0x000016c2                loesche_FIle
 .text.lese_textfile_in_zutat
                0x00001728      0x124 Cocktail_functions.o
                0x00001728                lese_textfile_in_zutat
 .text.erstelle_Liste_Zutat_Pos
                0x0000184c      0x1f2 Cocktail_functions.o
                0x0000184c                erstelle_Liste_Zutat_Pos
 .text.setze_Posanzeige_Rot_Gruen
                0x00001a3e      0x10c Cocktail_functions.o
                0x00001a3e                setze_Posanzeige_Rot_Gruen
 .text.setze_aktuelle_Zutat_in_Maschine_prev
                0x00001b4a       0x36 Cocktail_functions.o
                0x00001b4a                setze_aktuelle_Zutat_in_Maschine_prev
 .text.setze_Fluessgkeit_in_Position
                0x00001b80      0x384 Cocktail_functions.o
                0x00001b80                setze_Fluessgkeit_in_Position
 .text.check_startseite
                0x00001f04      0x1ca Cocktail_Statemachine.o
                0x00001f04                check_startseite
 .text.check_zutatenanzeige
                0x000020ce       0x26 Cocktail_Statemachine.o
                0x000020ce                check_zutatenanzeige
 .text.check_listenanzeige
                0x000020f4       0xfa Cocktail_Statemachine.o
                0x000020f4                check_listenanzeige
 .text.check_zubabfrage
                0x000021ee       0x36 Cocktail_Statemachine.o
                0x000021ee                check_zubabfrage
 .text.check_zubbildschirm
                0x00002224        0xa Cocktail_Statemachine.o
                0x00002224                check_zubbildschirm
 .text.check_menuanzeige
                0x0000222e      0x170 Cocktail_Statemachine.o
                0x0000222e                check_menuanzeige
 .text.check_bearbeitungsanzeige
                0x0000239e       0x9a Cocktail_Statemachine.o
                0x0000239e                check_bearbeitungsanzeige
 .text.check_ceinstanzeige
                0x00002438       0xcc Cocktail_Statemachine.o
                0x00002438                check_ceinstanzeige
 .text.check_reinanzeige1
                0x00002504       0x1a Cocktail_Statemachine.o
                0x00002504                check_reinanzeige1
 .text.check_reinanzeige2
                0x0000251e       0x8c Cocktail_Statemachine.o
                0x0000251e                check_reinanzeige2
 .text.check_reinanzeige3
                0x000025aa       0x12 Cocktail_Statemachine.o
                0x000025aa                check_reinanzeige3
 .text.check_infoanzeige
                0x000025bc        0xc Cocktail_Statemachine.o
                0x000025bc                check_infoanzeige
 .text.check_erstanzeige1
                0x000025c8      0x5ea Cocktail_Statemachine.o
                0x000025c8                check_erstanzeige1
 .text.check_erstanzeige2
                0x00002bb2      0x174 Cocktail_Statemachine.o
                0x00002bb2                check_erstanzeige2
 .text.check_loeschanzeige
                0x00002d26      0x106 Cocktail_Statemachine.o
                0x00002d26                check_loeschanzeige
 .text.check_posanzeige
                0x00002e2c      0x12e Cocktail_Statemachine.o
                0x00002e2c                check_posanzeige
 .text.check_fluessanzeige1
                0x00002f5a       0xbc Cocktail_Statemachine.o
                0x00002f5a                check_fluessanzeige1
 .text.check_fluessanzeige2
                0x00003016       0x4e Cocktail_Statemachine.o
                0x00003016                check_fluessanzeige2
 .text.check_fluessanzeige3
                0x00003064      0x220 Cocktail_Statemachine.o
                0x00003064                check_fluessanzeige3
 .text.check_RFIDAnzeige1
                0x00003284      0x3c0 Cocktail_Statemachine.o
                0x00003284                check_RFIDAnzeige1
 .text.schreibe_Getraenk_in_tag
                0x00003644       0x74 Cocktail_Statemachine.o
                0x00003644                schreibe_Getraenk_in_tag
 .text.check_RFIDAnzeige2
                0x000036b8       0x8a Cocktail_Statemachine.o
                0x000036b8                check_RFIDAnzeige2
 .text.check_RFIDFehler
                0x00003742       0x12 Cocktail_Statemachine.o
                0x00003742                check_RFIDFehler
 .text.check_ESP32
                0x00003754      0x116 Cocktail_Statemachine.o
                0x00003754                check_ESP32
 .text.cocktail_check_command
                0x0000386a       0xc6 Cocktail_Statemachine.o
                0x0000386a                cocktail_check_command
 .text.check_existence
                0x00003930      0x1a0 Getraenk.o
                0x00003930                check_existence
 .text.create_new_getraenk
                0x00003ad0       0xda Getraenk.o
                0x00003ad0                create_new_getraenk
 .text.create_new_getraenk_file
                0x00003baa       0x18 Getraenk.o
                0x00003baa                create_new_getraenk_file
 .text.insert_file_at_head
                0x00003bc2       0x56 Getraenk.o
                0x00003bc2                insert_file_at_head
 .text.cocktails_init
                0x00003c18       0xe2 Getraenk.o
                0x00003c18                cocktails_init
 .text.create_zutat
                0x00003cfa       0x42 Zutaten.o
                0x00003cfa                create_zutat
 .text.create_neue_zutat_Maschine
                0x00003d3c       0x72 Zutaten.o
                0x00003d3c                create_neue_zutat_Maschine
 .text.insert_zutat_Maschine_at_head
                0x00003dae       0x50 Zutaten.o
                0x00003dae                insert_zutat_Maschine_at_head
 .text.create_new_zutat_file
                0x00003dfe       0x18 Zutaten.o
                0x00003dfe                create_new_zutat_file
 .text.insert_zutat_file_at_head
                0x00003e16       0x56 Zutaten.o
                0x00003e16                insert_zutat_file_at_head
 .text.zutaten_init
                0x00003e6c      0x236 Zutaten.o
                0x00003e6c                zutaten_init
 .text.IO_init  0x000040a2       0x2a Main_Func.o
                0x000040a2                IO_init
 .text.check_Communication_Input_UART_0
                0x000040cc       0x5a Main_Func.o
                0x000040cc                check_Communication_Input_UART_0
 .text.proceed_Communication_Input_UART_0
                0x00004126       0x10 Main_Func.o
                0x00004126                proceed_Communication_Input_UART_0
 .text.check_Communication_Input_UART_1
                0x00004136      0x112 Main_Func.o
                0x00004136                check_Communication_Input_UART_1
 .text.proceed_Communication_INPUT_UART_1
                0x00004248       0x24 Main_Func.o
                0x00004248                proceed_Communication_INPUT_UART_1
 .text.check_Communication_Input_UART_2
                0x0000426c       0xde Main_Func.o
                0x0000426c                check_Communication_Input_UART_2
 .text.proceed_Communication_Input_UART_2
                0x0000434a       0x24 Main_Func.o
                0x0000434a                proceed_Communication_Input_UART_2
 .text.check_Communication_Input_UART
                0x0000436e       0x14 Main_Func.o
                0x0000436e                check_Communication_Input_UART
 .text.endConversation
                0x00004382       0x2c Nextion_Display.o
                0x00004382                endConversation
 .text.nextion_change_page
                0x000043ae       0x3e Nextion_Display.o
                0x000043ae                nextion_change_page
 .text.nextion_setText
                0x000043ec       0x30 Nextion_Display.o
                0x000043ec                nextion_setText
 .text.nextion_setValue
                0x0000441c       0x20 Nextion_Display.o
                0x0000441c                nextion_setValue
 .text.nextion_setPicture
                0x0000443c       0x4c Nextion_Display.o
                0x0000443c                nextion_setPicture
 .text.nextion_getSliderValue
                0x00004488       0x96 Nextion_Display.o
                0x00004488                nextion_getSliderValue
 .text.nextion_disableButton
                0x0000451e       0x72 Nextion_Display.o
                0x0000451e                nextion_disableButton
 .text.RB_init  0x00004590        0x8 ring_buffer.o
                0x00004590                RB_init
 .text.RB_free  0x00004598       0x16 ring_buffer.o
                0x00004598                RB_free
 .text.RB_length
                0x000045ae       0x18 ring_buffer.o
                0x000045ae                RB_length
 .text.RB_readByte
                0x000045c6       0x28 ring_buffer.o
                0x000045c6                RB_readByte
 .text.RB_writeByte
                0x000045ee       0x3a ring_buffer.o
                0x000045ee                RB_writeByte
 .text.RB_write
                0x00004628       0x64 ring_buffer.o
                0x00004628                RB_write
 .text.getFirstSector
                0x0000468c       0x42 FAT32.o
                0x0000468c                getFirstSector
 .text.getSetNextCluster
                0x000046ce       0xf2 FAT32.o
                0x000046ce                getSetNextCluster
 .text.getSetFreeCluster
                0x000047c0      0x124 FAT32.o
                0x000047c0                getSetFreeCluster
 .text.getBootSectorData
                0x000048e4      0x180 FAT32.o
                0x000048e4                getBootSectorData
 .text.convertFileName
                0x00004a64      0x120 FAT32.o
                0x00004a64                convertFileName
 .text.searchNextFreeCluster
                0x00004b84      0x144 FAT32.o
                0x00004b84                searchNextFreeCluster
 .text.displayMemory
                0x00004cc8       0xc2 FAT32.o
                0x00004cc8                displayMemory
 .text.freeMemoryUpdate
                0x00004d8a       0xdc FAT32.o
                0x00004d8a                freeMemoryUpdate
 .text.findFiles
                0x00004e66      0x3f0 FAT32.o
                0x00004e66                findFiles
 .text.readFile
                0x00005256      0x19c FAT32.o
                0x00005256                readFile
 .text.deleteFile
                0x000053f2       0x18 FAT32.o
                0x000053f2                deleteFile
 .text.writeFile
                0x0000540a      0x7ec FAT32.o
                0x0000540a                writeFile
 .text.SD_sendCommand
                0x00005bf6       0xb4 SD_routines.o
                0x00005bf6                SD_sendCommand
 .text.SD_init  0x00005caa      0x112 SD_routines.o
                0x00005caa                SD_init
 .text.SD_readSingleBlock
                0x00005dbc       0x50 SD_routines.o
                0x00005dbc                SD_readSingleBlock
 .text.SD_writeSingleBlock
                0x00005e0c       0x82 SD_routines.o
                0x00005e0c                SD_writeSingleBlock
 .text.spi_transmit
                0x00005e8e        0xa SPI.o
                0x00005e8e                spi_transmit
 .text.spi_receive
                0x00005e98        0xe SPI.o
                0x00005e98                spi_receive
 .text.disable_Slave
                0x00005ea6       0x28 SPI.o
                0x00005ea6                disable_Slave
 .text.SPI_init
                0x00005ece       0x18 SPI.o
                0x00005ece                SPI_init
 .text.create_new_tag
                0x00005ee6       0x4c TAGS.o
                0x00005ee6                create_new_tag
 .text.insert_tag_at_head
                0x00005f32       0x56 TAGS.o
                0x00005f32                insert_tag_at_head
 .text.RFID_init
                0x00005f88       0x3a TAGS.o
                0x00005f88                RFID_init
 .text.tx_completed
                0x00005fc2        0x6 UART.o
                0x00005fc2                tx_completed
 .text.UART_init
                0x00005fc8       0xfe UART.o
                0x00005fc8                UART_init
 .text.Uart_Transmit_IT_PC
                0x000060c6       0x26 UART.o
                0x000060c6                Uart_Transmit_IT_PC
 .text.Uart_Transmit_IT_Display
                0x000060ec       0x2c UART.o
                0x000060ec                Uart_Transmit_IT_Display
 .text.Uart_Transmit_IT_ESP
                0x00006118       0x26 UART.o
                0x00006118                Uart_Transmit_IT_ESP
 .text.__vector_26
                0x0000613e       0x7e UART.o
                0x0000613e                __vector_26
 .text.__vector_25
                0x000061bc       0x58 UART.o
                0x000061bc                __vector_25
 .text.__vector_36
                0x00006214       0x58 UART.o
                0x00006214                __vector_36
 .text.__vector_52
                0x0000626c       0x7e UART.o
                0x0000626c                __vector_52
 .text.__vector_51
                0x000062ea       0x58 UART.o
                0x000062ea                __vector_51
 .text.__vector_55
                0x00006342       0x7e UART.o
                0x00006342                __vector_55
 .text.__vector_54
                0x000063c0       0x58 UART.o
                0x000063c0                __vector_54
 .text.transmitByte
                0x00006418       0x10 UART.o
                0x00006418                transmitByte
 .text.transmitString
                0x00006428       0x1c UART.o
                0x00006428                transmitString
 .text.send_List
                0x00006444      0x10a main.o
                0x00006444                send_List
 .text.main     0x0000654e       0xd2 main.o
                0x0000654e                main
 .text.libgcc.mul
                0x00006620       0x1e c:/program files (x86)/atmel/studio/7.0/toolchain/avr8/avr8-gnu-toolchain/bin/../lib/gcc/avr/5.4.0/avr6\libgcc.a(_mulsi3.o)
                0x00006620                __mulsi3
 .text.libgcc.div
                0x0000663e       0x44 c:/program files (x86)/atmel/studio/7.0/toolchain/avr8/avr8-gnu-toolchain/bin/../lib/gcc/avr/5.4.0/avr6\libgcc.a(_udivmodsi4.o)
                0x0000663e                __udivmodsi4
 .text.libgcc   0x00006682       0x10 c:/program files (x86)/atmel/studio/7.0/toolchain/avr8/avr8-gnu-toolchain/bin/../lib/gcc/avr/5.4.0/avr6\libgcc.a(_tablejump2.o)
                0x00006682                __tablejump2__
 .text.libgcc.mul
                0x00006692       0x1e c:/program files (x86)/atmel/studio/7.0/toolchain/avr8/avr8-gnu-toolchain/bin/../lib/gcc/avr/5.4.0/avr6\libgcc.a(_umulhisi3.o)
                0x00006692                __umulhisi3
 .text.libgcc.mul
                0x000066b0       0x14 c:/program files (x86)/atmel/studio/7.0/toolchain/avr8/avr8-gnu-toolchain/bin/../lib/gcc/avr/5.4.0/avr6\libgcc.a(_muluhisi3.o)
                0x000066b0                __muluhisi3
 .text.avr-libc
                0x000066c4       0x34 c:/program files (x86)/atmel/studio/7.0/toolchain/avr8/avr8-gnu-toolchain/bin/../lib/gcc/avr/5.4.0/../../../../avr/lib/avr6\libc.a(calloc.o)
                0x000066c4                calloc
 .text.avr-libc
                0x000066f8      0x242 c:/program files (x86)/atmel/studio/7.0/toolchain/avr8/avr8-gnu-toolchain/bin/../lib/gcc/avr/5.4.0/../../../../avr/lib/avr6\libc.a(malloc.o)
                0x000066f8                malloc
                0x00006828                free
 .text.avr-libc
                0x0000693a       0x3a c:/program files (x86)/atmel/studio/7.0/toolchain/avr8/avr8-gnu-toolchain/bin/../lib/gcc/avr/5.4.0/../../../../avr/lib/avr6\libc.a(atoi.o)
                0x0000693a                atoi
 .text.avr-libc
                0x00006974        0x6 c:/program files (x86)/atmel/studio/7.0/toolchain/avr8/avr8-gnu-toolchain/bin/../lib/gcc/avr/5.4.0/../../../../avr/lib/avr6\libc.a(strtok.o)
                0x00006974                strtok
 .text.avr-libc
                0x0000697a        0xe c:/program files (x86)/atmel/studio/7.0/toolchain/avr8/avr8-gnu-toolchain/bin/../lib/gcc/avr/5.4.0/../../../../avr/lib/avr6\libc.a(memset.o)
                0x0000697a                memset
 .text.avr-libc
                0x00006988       0x16 c:/program files (x86)/atmel/studio/7.0/toolchain/avr8/avr8-gnu-toolchain/bin/../lib/gcc/avr/5.4.0/../../../../avr/lib/avr6\libc.a(strcat.o)
                0x00006988                strcat
 .text.avr-libc
                0x0000699e        0xe c:/program files (x86)/atmel/studio/7.0/toolchain/avr8/avr8-gnu-toolchain/bin/../lib/gcc/avr/5.4.0/../../../../avr/lib/avr6\libc.a(strcpy.o)
                0x0000699e                strcpy
 .text.avr-libc
                0x000069ac       0x4e c:/program files (x86)/atmel/studio/7.0/toolchain/avr8/avr8-gnu-toolchain/bin/../lib/gcc/avr/5.4.0/../../../../avr/lib/avr6\libc.a(strtok_r.o)
                0x000069ac                strtok_r
 .text.avr-libc
                0x000069fa       0x14 c:/program files (x86)/atmel/studio/7.0/toolchain/avr8/avr8-gnu-toolchain/bin/../lib/gcc/avr/5.4.0/../../../../avr/lib/avr6\libc.a(itoa_ncheck.o)
                0x000069fa                __itoa_ncheck
 .text.avr-libc
                0x00006a0e       0x10 c:/program files (x86)/atmel/studio/7.0/toolchain/avr8/avr8-gnu-toolchain/bin/../lib/gcc/avr/5.4.0/../../../../avr/lib/avr6\libc.a(mul10.o)
                0x00006a0e                __mulhi_const_10
 .text.avr-libc
                0x00006a1e       0x32 c:/program files (x86)/atmel/studio/7.0/toolchain/avr8/avr8-gnu-toolchain/bin/../lib/gcc/avr/5.4.0/../../../../avr/lib/avr6\libc.a(utoa_ncheck.o)
                0x00006a1e                __utoa_ncheck
                0x00006a20                __utoa_common
 .text.avr-libc
                0x00006a50       0x20 c:/program files (x86)/atmel/studio/7.0/toolchain/avr8/avr8-gnu-toolchain/bin/../lib/gcc/avr/5.4.0/../../../../avr/lib/avr6\libc.a(strrev.o)
                0x00006a50                strrev
                0x00006a70                . = ALIGN (0x2)
 *(.fini9)
 .fini9         0x00006a70        0x0 c:/program files (x86)/atmel/studio/7.0/toolchain/avr8/avr8-gnu-toolchain/bin/../lib/gcc/avr/5.4.0/avr6\libgcc.a(_exit.o)
                0x00006a70                _exit
                0x00006a70                exit
 *(.fini9)
 *(.fini8)
 *(.fini8)
 *(.fini7)
 *(.fini7)
 *(.fini6)
 *(.fini6)
 *(.fini5)
 *(.fini5)
 *(.fini4)
 *(.fini4)
 *(.fini3)
 *(.fini3)
 *(.fini2)
 *(.fini2)
 *(.fini1)
 *(.fini1)
 *(.fini0)
 .fini0         0x00006a70        0x4 c:/program files (x86)/atmel/studio/7.0/toolchain/avr8/avr8-gnu-toolchain/bin/../lib/gcc/avr/5.4.0/avr6\libgcc.a(_exit.o)
 *(.fini0)
                0x00006a74                _etext = .

.data           0x00800200      0x50a load address 0x00006a74
                0x00800200                PROVIDE (__data_start, .)
 *(.data)
 .data          0x00800200        0x6 c:/program files (x86)/atmel/studio/7.0/toolchain/avr8/avr8-gnu-toolchain/bin/../lib/gcc/avr/5.4.0/../../../../avr/lib/avr6\libc.a(malloc.o)
                0x00800200                __malloc_heap_end
                0x00800202                __malloc_heap_start
                0x00800204                __malloc_margin
 *(.data*)
 *(.gnu.linkonce.d*)
 *(.rodata)
 .rodata        0x00800206       0x30 Cocktail_functions.o
 *(.rodata*)
 .rodata.str1.1
                0x00800236      0x2a2 Cocktail_functions.o
                                0x2b8 (size before relaxing)
 .rodata.str1.1
                0x008004d8       0x28 Cocktail_Statemachine.o
                                 0x53 (size before relaxing)
 .rodata.str1.1
                0x00800500       0x15 Getraenk.o
                                 0x28 (size before relaxing)
 .rodata.str1.1
                0x00800515        0xb Zutaten.o
 .rodata.str1.1
                0x00800515       0x22 Main_Func.o
                                 0x27 (size before relaxing)
 .rodata.str1.1
                0x00800537       0x2a Nextion_Display.o
 .rodata.str1.1
                0x00800561      0x128 FAT32.o
 .rodata.str1.1
                0x00800689        0x4 TAGS.o
 .rodata.str1.1
                0x0080068d       0x7c main.o
                                 0x88 (size before relaxing)
 *(.gnu.linkonce.r*)
                0x0080070a                . = ALIGN (0x2)
 *fill*         0x00800709        0x1 
                0x0080070a                _edata = .
                0x0080070a                PROVIDE (__data_end, .)

.bss            0x0080070a      0xddd
                0x0080070a                PROVIDE (__bss_start, .)
 *(.bss)
 .bss           0x0080070a        0x2 c:/program files (x86)/atmel/studio/7.0/toolchain/avr8/avr8-gnu-toolchain/bin/../lib/gcc/avr/5.4.0/../../../../avr/lib/avr6\libc.a(strtok.o)
 *(.bss*)
 .bss.count.3117
                0x0080070c        0x4 Cocktail_functions.o
 .bss.oldval.3116
                0x00800710        0x1 Cocktail_functions.o
 .bss.cntr_End_UART_2
                0x00800711        0x1 main.o
                0x00800711                cntr_End_UART_2
 .bss.cntr_UART_2
                0x00800712        0x1 main.o
                0x00800712                cntr_UART_2
 .bss.cntr_End_UART_1
                0x00800713        0x1 main.o
                0x00800713                cntr_End_UART_1
 .bss.cntr_UART_1
                0x00800714        0x1 main.o
                0x00800714                cntr_UART_1
 .bss.cntr_End_UART_0
                0x00800715        0x1 main.o
                0x00800715                cntr_End_UART_0
 .bss.cntr_UART_0
                0x00800716        0x1 main.o
                0x00800716                cntr_UART_0
 *(COMMON)
 COMMON         0x00800717      0x9ca Cocktail_functions.o
                0x00800717                head_zutat_file
                0x00800719                rb_tx_PC
                0x0080081a                tail_getraenk_file
                0x0080081c                head_zut_in_Maschine
                0x0080081e                head_getraenk
                0x00800820                Liste
                0x00800821                aktuelleZutatInMaschine
                0x00800823                head_tag
                0x00800825                tail_getraenk
                0x00800827                appendFileLocation
                0x0080082b                aktuelle_zutat
                0x0080082d                tail_zutat_file
                0x0080082f                fileName
                0x0080083c                firstDataSector
                0x00800840                ptr_tx_completed_1
                0x00800842                fileSize
                0x00800846                bytesPerSector
                0x00800848                i_Liste_test_cnt
                0x00800849                totalClusters
                0x0080084d                option
                0x0080084e                aktuellesGetraenk_file
                0x00800850                head_getraenk_file
                0x00800852                Grossschreib
                0x00800853                rootCluster
                0x00800857                block_list_runter
                0x00800858                rb_rx_ESP
                0x00800959                startBlock
                0x0080095d                aktueller_tag
                0x0080095f                i
                0x00800961                address_Standardwiederherstellung
                0x00800963                rb_rx_Display
                0x00800a64                tail_tag
                0x00800a66                buffer
                0x00800c66                SPI_Slave
                0x00800c67                sectorPerCluster
                0x00800c69                ptr_tx_completed_2
                0x00800c6b                block_list_hoch
                0x00800c6c                unusedSectors
                0x00800c70                rb_tx_RFID
                0x00800d71                SDHC_flag
                0x00800d72                counter
                0x00800d73                totalBlocks
                0x00800d77                tail_zut_in_Maschine
                0x00800d79                data
                0x00800d7a                buff_name
                0x00800d8f                reservedSectorCount
                0x00800d91                ptr_tx_completed_3
                0x00800d93                aktuelles_zutat_file
                0x00800d95                rb_rx_PC
                0x00800e96                rb_tx_ESP
                0x00800f97                address_getraenk
                0x00800f99                appendStartCluster
                0x00800f9d                test2
                0x00800f9e                cardType
                0x00800f9f                error
                0x00800fa0                rb_rx_RFID
                0x008010a1                gui_pages
                0x008010a2                i_Liste
                0x008010a3                i_Liste_test
                0x008010d5                freeClusterCountUpdated
                0x008010d6                stop
                0x008010d7                FAT32_active
                0x008010d8                appendFileSector
                0x008010dc                aktuellesGetraenk
                0x008010de                ptr_tx_completed_0
                0x008010e0                SPI_State
 COMMON         0x008010e1      0x402 main.o
                0x008010e1                INPUT_UART_0
                0x008011e1                INPUT_UART_3
                0x008012e1                INPUT_UART_1
                0x008013e1                ptr_Uart_1
                0x008013e3                INPUT_UART_2
 COMMON         0x008014e3        0x4 c:/program files (x86)/atmel/studio/7.0/toolchain/avr8/avr8-gnu-toolchain/bin/../lib/gcc/avr/5.4.0/../../../../avr/lib/avr6\libc.a(malloc.o)
                0x008014e3                __brkval
                0x008014e5                __flp
                0x008014e7                PROVIDE (__bss_end, .)
                0x00006a74                __data_load_start = LOADADDR (.data)
                0x00006f7e                __data_load_end = (__data_load_start + SIZEOF (.data))

.noinit         0x008014e7        0x0
                [!provide]                PROVIDE (__noinit_start, .)
 *(.noinit*)
                [!provide]                PROVIDE (__noinit_end, .)
                0x008014e7                _end = .
                0x008014e7                PROVIDE (__heap_start, .)

.eeprom         0x00810000        0x0
 *(.eeprom*)
                0x00810000                __eeprom_end = .

.fuse
 *(.fuse)
 *(.lfuse)
 *(.hfuse)
 *(.efuse)

.lock
 *(.lock*)

.signature
 *(.signature*)

.user_signatures
 *(.user_signatures*)

.stab
 *(.stab)

.stabstr
 *(.stabstr)

.stab.excl
 *(.stab.excl)

.stab.exclstr
 *(.stab.exclstr)

.stab.index
 *(.stab.index)

.stab.indexstr
 *(.stab.indexstr)

.comment        0x00000000       0x30
 *(.comment)
 .comment       0x00000000       0x30 Cocktail_functions.o
                                 0x31 (size before relaxing)
 .comment       0x00000030       0x31 Cocktail_Statemachine.o
 .comment       0x00000030       0x31 Getraenk.o
 .comment       0x00000030       0x31 Zutaten.o
 .comment       0x00000030       0x31 Main_Func.o
 .comment       0x00000030       0x31 Nextion_Display.o
 .comment       0x00000030       0x31 ring_buffer.o
 .comment       0x00000030       0x31 FAT32.o
 .comment       0x00000030       0x31 SD_routines.o
 .comment       0x00000030       0x31 SPI.o
 .comment       0x00000030       0x31 TAGS.o
 .comment       0x00000030       0x31 UART.o
 .comment       0x00000030       0x31 main.o
 .comment       0x00000030       0x31 c:/program files (x86)/atmel/studio/7.0/toolchain/avr8/avr8-gnu-toolchain/bin/../lib/gcc/avr/5.4.0/../../../../avr/lib/avr6\libc.a(calloc.o)
 .comment       0x00000030       0x31 c:/program files (x86)/atmel/studio/7.0/toolchain/avr8/avr8-gnu-toolchain/bin/../lib/gcc/avr/5.4.0/../../../../avr/lib/avr6\libc.a(malloc.o)
 .comment       0x00000030       0x31 c:/program files (x86)/atmel/studio/7.0/toolchain/avr8/avr8-gnu-toolchain/bin/../lib/gcc/avr/5.4.0/../../../../avr/lib/avr6\libc.a(strtok.o)

.note.gnu.avr.deviceinfo
                0x00000000       0x40
 .note.gnu.avr.deviceinfo
                0x00000000       0x40 C:/Program Files (x86)/Atmel/Studio/7.0/Packs/atmel/ATmega_DFP/1.3.300/gcc/dev/atmega2560/avr6/crtatmega2560.o

.note.gnu.build-id
 *(.note.gnu.build-id)

.debug
 *(.debug)

.line
 *(.line)

.debug_srcinfo
 *(.debug_srcinfo)

.debug_sfnames
 *(.debug_sfnames)

.debug_aranges  0x00000000      0x590
 *(.debug_aranges)
 .debug_aranges
                0x00000000       0xf0 Cocktail_functions.o
 .debug_aranges
                0x000000f0       0xf0 Cocktail_Statemachine.o
 .debug_aranges
                0x000001e0       0x68 Getraenk.o
 .debug_aranges
                0x00000248       0x48 Zutaten.o
 .debug_aranges
                0x00000290       0x68 Main_Func.o
 .debug_aranges
                0x000002f8       0x50 Nextion_Display.o
 .debug_aranges
                0x00000348       0x50 ring_buffer.o
 .debug_aranges
                0x00000398       0x80 FAT32.o
 .debug_aranges
                0x00000418       0x40 SD_routines.o
 .debug_aranges
                0x00000458       0x48 SPI.o
 .debug_aranges
                0x000004a0       0x30 TAGS.o
 .debug_aranges
                0x000004d0       0x98 UART.o
 .debug_aranges
                0x00000568       0x28 main.o

.debug_pubnames
 *(.debug_pubnames)

.debug_info     0x00000000     0xec49
 *(.debug_info .gnu.linkonce.wi.*)
 .debug_info    0x00000000      0xbbc C:/Program Files (x86)/Atmel/Studio/7.0/Packs/atmel/ATmega_DFP/1.3.300/gcc/dev/atmega2560/avr6/crtatmega2560.o
 .debug_info    0x00000bbc     0x347f Cocktail_functions.o
 .debug_info    0x0000403b     0x2eed Cocktail_Statemachine.o
 .debug_info    0x00006f28     0x1546 Getraenk.o
 .debug_info    0x0000846e      0xc0a Zutaten.o
 .debug_info    0x00009078      0xd32 Main_Func.o
 .debug_info    0x00009daa      0xf1b Nextion_Display.o
 .debug_info    0x0000acc5      0x360 ring_buffer.o
 .debug_info    0x0000b025     0x19c0 FAT32.o
 .debug_info    0x0000c9e5      0x812 SD_routines.o
 .debug_info    0x0000d1f7      0x263 SPI.o
 .debug_info    0x0000d45a      0x2bf TAGS.o
 .debug_info    0x0000d719      0x6d5 UART.o
 .debug_info    0x0000ddee      0xe5b main.o

.debug_abbrev   0x00000000     0x275b
 *(.debug_abbrev)
 .debug_abbrev  0x00000000      0xb1a C:/Program Files (x86)/Atmel/Studio/7.0/Packs/atmel/ATmega_DFP/1.3.300/gcc/dev/atmega2560/avr6/crtatmega2560.o
 .debug_abbrev  0x00000b1a      0x3d4 Cocktail_functions.o
 .debug_abbrev  0x00000eee      0x2fe Cocktail_Statemachine.o
 .debug_abbrev  0x000011ec      0x3b7 Getraenk.o
 .debug_abbrev  0x000015a3      0x2a6 Zutaten.o
 .debug_abbrev  0x00001849      0x1fb Main_Func.o
 .debug_abbrev  0x00001a44      0x24b Nextion_Display.o
 .debug_abbrev  0x00001c8f      0x12a ring_buffer.o
 .debug_abbrev  0x00001db9      0x214 FAT32.o
 .debug_abbrev  0x00001fcd      0x154 SD_routines.o
 .debug_abbrev  0x00002121      0x11c SPI.o
 .debug_abbrev  0x0000223d      0x122 TAGS.o
 .debug_abbrev  0x0000235f      0x1fe UART.o
 .debug_abbrev  0x0000255d      0x1fe main.o

.debug_line     0x00000000     0x682b
 *(.debug_line .debug_line.* .debug_line_end)
 .debug_line    0x00000000      0x1f9 C:/Program Files (x86)/Atmel/Studio/7.0/Packs/atmel/ATmega_DFP/1.3.300/gcc/dev/atmega2560/avr6/crtatmega2560.o
 .debug_line    0x000001f9     0x1517 Cocktail_functions.o
 .debug_line    0x00001710     0x17ea Cocktail_Statemachine.o
 .debug_line    0x00002efa      0x86c Getraenk.o
 .debug_line    0x00003766      0x460 Zutaten.o
 .debug_line    0x00003bc6      0x724 Main_Func.o
 .debug_line    0x000042ea      0x543 Nextion_Display.o
 .debug_line    0x0000482d      0x21d ring_buffer.o
 .debug_line    0x00004a4a      0xc84 FAT32.o
 .debug_line    0x000056ce      0x48d SD_routines.o
 .debug_line    0x00005b5b      0x1d7 SPI.o
 .debug_line    0x00005d32      0x187 TAGS.o
 .debug_line    0x00005eb9      0x412 UART.o
 .debug_line    0x000062cb      0x560 main.o

.debug_frame    0x00000000     0x1768
 *(.debug_frame)
 .debug_frame   0x00000000      0x540 Cocktail_functions.o
 .debug_frame   0x00000540      0x2f4 Cocktail_Statemachine.o
 .debug_frame   0x00000834      0x22c Getraenk.o
 .debug_frame   0x00000a60       0xf4 Zutaten.o
 .debug_frame   0x00000b54       0xfc Main_Func.o
 .debug_frame   0x00000c50      0x114 Nextion_Display.o
 .debug_frame   0x00000d64       0xdc ring_buffer.o
 .debug_frame   0x00000e40      0x3b8 FAT32.o
 .debug_frame   0x000011f8       0xdc SD_routines.o
 .debug_frame   0x000012d4       0x74 SPI.o
 .debug_frame   0x00001348       0x78 TAGS.o
 .debug_frame   0x000013c0      0x34c UART.o
 .debug_frame   0x0000170c       0x5c main.o

.debug_str      0x00000000     0x246d
 *(.debug_str)
 .debug_str     0x00000000      0x3e6 C:/Program Files (x86)/Atmel/Studio/7.0/Packs/atmel/ATmega_DFP/1.3.300/gcc/dev/atmega2560/avr6/crtatmega2560.o
 .debug_str     0x000003e6      0xc9a Cocktail_functions.o
                                0xd75 (size before relaxing)
 .debug_str     0x00001080      0x7be Cocktail_Statemachine.o
                               0x12ed (size before relaxing)
 .debug_str     0x0000183e      0x15a Getraenk.o
                                0xa49 (size before relaxing)
 .debug_str     0x00001998      0x100 Zutaten.o
                                0x660 (size before relaxing)
 .debug_str     0x00001a98      0x174 Main_Func.o
                                0xa12 (size before relaxing)
 .debug_str     0x00001c0c       0x52 Nextion_Display.o
                                0x962 (size before relaxing)
 .debug_str     0x00001c5e       0x5a ring_buffer.o
                                0x206 (size before relaxing)
 .debug_str     0x00001cb8      0x533 FAT32.o
                                0x931 (size before relaxing)
 .debug_str     0x000021eb       0x69 SD_routines.o
                                0x358 (size before relaxing)
 .debug_str     0x00002254       0x66 SPI.o
                                0x250 (size before relaxing)
 .debug_str     0x000022ba       0x5a TAGS.o
                                0x255 (size before relaxing)
 .debug_str     0x00002314       0xa6 UART.o
                                0x384 (size before relaxing)
 .debug_str     0x000023ba       0xb3 main.o
                                0xa24 (size before relaxing)

.debug_loc      0x00000000     0x86c6
 *(.debug_loc)
 .debug_loc     0x00000000     0x21cc Cocktail_functions.o
 .debug_loc     0x000021cc     0x1226 Cocktail_Statemachine.o
 .debug_loc     0x000033f2      0xf7e Getraenk.o
 .debug_loc     0x00004370      0x59a Zutaten.o
 .debug_loc     0x0000490a      0x294 Main_Func.o
 .debug_loc     0x00004b9e      0x495 Nextion_Display.o
 .debug_loc     0x00005033      0x58d ring_buffer.o
 .debug_loc     0x000055c0     0x1e44 FAT32.o
 .debug_loc     0x00007404      0x729 SD_routines.o
 .debug_loc     0x00007b2d       0x9d SPI.o
 .debug_loc     0x00007bca      0x1f7 TAGS.o
 .debug_loc     0x00007dc1      0x7f9 UART.o
 .debug_loc     0x000085ba      0x10c main.o

.debug_macinfo
 *(.debug_macinfo)

.debug_weaknames
 *(.debug_weaknames)

.debug_funcnames
 *(.debug_funcnames)

.debug_typenames
 *(.debug_typenames)

.debug_varnames
 *(.debug_varnames)

.debug_pubtypes
 *(.debug_pubtypes)

.debug_ranges   0x00000000      0x6f0
 *(.debug_ranges)
 .debug_ranges  0x00000000      0x220 Cocktail_functions.o
 .debug_ranges  0x00000220      0x110 Cocktail_Statemachine.o
 .debug_ranges  0x00000330       0x98 Getraenk.o
 .debug_ranges  0x000003c8       0x38 Zutaten.o
 .debug_ranges  0x00000400       0xb0 Main_Func.o
 .debug_ranges  0x000004b0       0x40 Nextion_Display.o
 .debug_ranges  0x000004f0       0x40 ring_buffer.o
 .debug_ranges  0x00000530       0x98 FAT32.o
 .debug_ranges  0x000005c8       0x30 SD_routines.o
 .debug_ranges  0x000005f8       0x38 SPI.o
 .debug_ranges  0x00000630       0x20 TAGS.o
 .debug_ranges  0x00000650       0x88 UART.o
 .debug_ranges  0x000006d8       0x18 main.o

.debug_macro
 *(.debug_macro)
OUTPUT(Mikrocontroller.elf elf32-avr)
LOAD linker stubs
