Archive member included to satisfy reference by file (symbol)

c:/program files (x86)/atmel/studio/7.0/toolchain/avr8/avr8-gnu-toolchain/bin/../lib/gcc/avr/5.4.0/avr6\libgcc.a(_mulsi3.o)
                              Cocktail_functions.o (__mulsi3)
c:/program files (x86)/atmel/studio/7.0/toolchain/avr8/avr8-gnu-toolchain/bin/../lib/gcc/avr/5.4.0/avr6\libgcc.a(_udivmodsi4.o)
                              Cocktail_functions.o (__udivmodsi4)
c:/program files (x86)/atmel/studio/7.0/toolchain/avr8/avr8-gnu-toolchain/bin/../lib/gcc/avr/5.4.0/avr6\libgcc.a(_divmodsi4.o)
                              tmc4671.o (__divmodsi4)
c:/program files (x86)/atmel/studio/7.0/toolchain/avr8/avr8-gnu-toolchain/bin/../lib/gcc/avr/5.4.0/avr6\libgcc.a(_negsi2.o)
                              c:/program files (x86)/atmel/studio/7.0/toolchain/avr8/avr8-gnu-toolchain/bin/../lib/gcc/avr/5.4.0/avr6\libgcc.a(_divmodsi4.o) (__negsi2)
c:/program files (x86)/atmel/studio/7.0/toolchain/avr8/avr8-gnu-toolchain/bin/../lib/gcc/avr/5.4.0/avr6\libgcc.a(_exit.o)
                              C:/Program Files (x86)/Atmel/Studio/7.0/Packs/atmel/ATmega_DFP/1.3.300/gcc/dev/atmega2560/avr6/crtatmega2560.o (exit)
c:/program files (x86)/atmel/studio/7.0/toolchain/avr8/avr8-gnu-toolchain/bin/../lib/gcc/avr/5.4.0/avr6\libgcc.a(_tablejump2.o)
                              Cocktail_functions.o (__tablejump2__)
c:/program files (x86)/atmel/studio/7.0/toolchain/avr8/avr8-gnu-toolchain/bin/../lib/gcc/avr/5.4.0/avr6\libgcc.a(_copy_data.o)
                              Cocktail_functions.o (__do_copy_data)
c:/program files (x86)/atmel/studio/7.0/toolchain/avr8/avr8-gnu-toolchain/bin/../lib/gcc/avr/5.4.0/avr6\libgcc.a(_clear_bss.o)
                              Cocktail_functions.o (__do_clear_bss)
c:/program files (x86)/atmel/studio/7.0/toolchain/avr8/avr8-gnu-toolchain/bin/../lib/gcc/avr/5.4.0/avr6\libgcc.a(_umulhisi3.o)
                              FAT32.o (__umulhisi3)
c:/program files (x86)/atmel/studio/7.0/toolchain/avr8/avr8-gnu-toolchain/bin/../lib/gcc/avr/5.4.0/avr6\libgcc.a(_usmulhisi3.o)
                              tmc4671.o (__usmulhisi3)
c:/program files (x86)/atmel/studio/7.0/toolchain/avr8/avr8-gnu-toolchain/bin/../lib/gcc/avr/5.4.0/avr6\libgcc.a(_muluhisi3.o)
                              Cocktail_functions.o (__muluhisi3)
c:/program files (x86)/atmel/studio/7.0/toolchain/avr8/avr8-gnu-toolchain/bin/../lib/gcc/avr/5.4.0/../../../../avr/lib/avr6\libc.a(calloc.o)
                              Getraenk.o (calloc)
c:/program files (x86)/atmel/studio/7.0/toolchain/avr8/avr8-gnu-toolchain/bin/../lib/gcc/avr/5.4.0/../../../../avr/lib/avr6\libc.a(malloc.o)
                              c:/program files (x86)/atmel/studio/7.0/toolchain/avr8/avr8-gnu-toolchain/bin/../lib/gcc/avr/5.4.0/../../../../avr/lib/avr6\libc.a(calloc.o) (malloc)
c:/program files (x86)/atmel/studio/7.0/toolchain/avr8/avr8-gnu-toolchain/bin/../lib/gcc/avr/5.4.0/../../../../avr/lib/avr6\libc.a(atoi.o)
                              Cocktail_functions.o (atoi)
c:/program files (x86)/atmel/studio/7.0/toolchain/avr8/avr8-gnu-toolchain/bin/../lib/gcc/avr/5.4.0/../../../../avr/lib/avr6\libc.a(strtok.o)
                              Cocktail_functions.o (strtok)
c:/program files (x86)/atmel/studio/7.0/toolchain/avr8/avr8-gnu-toolchain/bin/../lib/gcc/avr/5.4.0/../../../../avr/lib/avr6\libc.a(memset.o)
                              c:/program files (x86)/atmel/studio/7.0/toolchain/avr8/avr8-gnu-toolchain/bin/../lib/gcc/avr/5.4.0/../../../../avr/lib/avr6\libc.a(calloc.o) (memset)
c:/program files (x86)/atmel/studio/7.0/toolchain/avr8/avr8-gnu-toolchain/bin/../lib/gcc/avr/5.4.0/../../../../avr/lib/avr6\libc.a(strcat.o)
                              Cocktail_functions.o (strcat)
c:/program files (x86)/atmel/studio/7.0/toolchain/avr8/avr8-gnu-toolchain/bin/../lib/gcc/avr/5.4.0/../../../../avr/lib/avr6\libc.a(strcpy.o)
                              Cocktail_functions.o (strcpy)
c:/program files (x86)/atmel/studio/7.0/toolchain/avr8/avr8-gnu-toolchain/bin/../lib/gcc/avr/5.4.0/../../../../avr/lib/avr6\libc.a(strncpy.o)
                              Getraenk.o (strncpy)
c:/program files (x86)/atmel/studio/7.0/toolchain/avr8/avr8-gnu-toolchain/bin/../lib/gcc/avr/5.4.0/../../../../avr/lib/avr6\libc.a(strtok_r.o)
                              c:/program files (x86)/atmel/studio/7.0/toolchain/avr8/avr8-gnu-toolchain/bin/../lib/gcc/avr/5.4.0/../../../../avr/lib/avr6\libc.a(strtok.o) (strtok_r)
c:/program files (x86)/atmel/studio/7.0/toolchain/avr8/avr8-gnu-toolchain/bin/../lib/gcc/avr/5.4.0/../../../../avr/lib/avr6\libc.a(itoa_ncheck.o)
                              Cocktail_functions.o (__itoa_ncheck)
c:/program files (x86)/atmel/studio/7.0/toolchain/avr8/avr8-gnu-toolchain/bin/../lib/gcc/avr/5.4.0/../../../../avr/lib/avr6\libc.a(mul10.o)
[...]
Memory Configuration

Name             Origin             Length             Attributes
text             0x00000000         0x00100000         xr
data             0x00800200         0x0000fe00         rw !x
eeprom           0x00810000         0x00010000         rw !x
fuse             0x00820000         0x00000003         rw !x
lock             0x00830000         0x00000400         rw !x
signature        0x00840000         0x00000400         rw !x
user_signatures  0x00850000         0x00000400         rw !x
*default*        0x00000000         0xffffffff

Linker script and memory map

Address of section .data set to 0x800200
LOAD C:/Program Files (x86)/Atmel/Studio/7.0/Packs/atmel/ATmega_DFP/1.3.300/gcc/dev/atmega2560/avr6/crtatmega2560.o
LOAD Cocktail_functions.o
LOAD Cocktail_Statemachine.o
LOAD Getraenk.o
LOAD Zutaten.o
LOAD Main_Func.o
LOAD Nextion_Display.o
LOAD mfrc522.o
LOAD ring_buffer.o
LOAD FAT32.o
LOAD SD_routines.o
LOAD Software_SPI.o
LOAD SPI.o
LOAD TAGS.o
LOAD tmc4671.o
LOAD TMC6200.o
LOAD UART.o
LOAD main.o
START GROUP
LOAD c:/program files (x86)/atmel/studio/7.0/toolchain/avr8/avr8-gnu-toolchain/bin/../lib/gcc/avr/5.4.0/../../../../avr/lib/avr6\libm.a
END GROUP
START GROUP
LOAD c:/program files (x86)/atmel/studio/7.0/toolchain/avr8/avr8-gnu-toolchain/bin/../lib/gcc/avr/5.4.0/avr6\libgcc.a
LOAD c:/program files (x86)/atmel/studio/7.0/toolchain/avr8/avr8-gnu-toolchain/bin/../lib/gcc/avr/5.4.0/../../../../avr/lib/avr6\libm.a
LOAD c:/program files (x86)/atmel/studio/7.0/toolchain/avr8/avr8-gnu-toolchain/bin/../lib/gcc/avr/5.4.0/../../../../avr/lib/avr6\libc.a
LOAD C:/Program Files (x86)/Atmel/Studio/7.0/Packs/atmel/ATmega_DFP/1.3.300/gcc/dev/atmega2560/avr6\libatmega2560.a
END GROUP
                0x00000000                __TEXT_REGION_ORIGIN__ = DEFINED (__TEXT_REGION_ORIGIN__)?__TEXT_REGION_ORIGIN__:0x0
                0x00800200                __DATA_REGION_ORIGIN__ = DEFINED (__DATA_REGION_ORIGIN__)?__DATA_REGION_ORIGIN__:0x800200
                0x00100000                __TEXT_REGION_LENGTH__ = DEFINED (__TEXT_REGION_LENGTH__)?__TEXT_REGION_LENGTH__:0x100000
                0x0000fe00                __DATA_REGION_LENGTH__ = DEFINED (__DATA_REGION_LENGTH__)?__DATA_REGION_LENGTH__:0xfe00
                0x00010000                __EEPROM_REGION_LENGTH__ = DEFINED (__EEPROM_REGION_LENGTH__)?__EEPROM_REGION_LENGTH__:0x10000
                [0x00000003]                __FUSE_REGION_LENGTH__ = DEFINED (__FUSE_REGION_LENGTH__)?__FUSE_REGION_LENGTH__:0x400
                0x00000400                __LOCK_REGION_LENGTH__ = DEFINED (__LOCK_REGION_LENGTH__)?__LOCK_REGION_LENGTH__:0x400
                0x00000400                __SIGNATURE_REGION_LENGTH__ = DEFINED (__SIGNATURE_REGION_LENGTH__)?__SIGNATURE_REGION_LENGTH__:0x400
                0x00000400                __USER_SIGNATURE_REGION_LENGTH__ = DEFINED (__USER_SIGNATURE_REGION_LENGTH__)?__USER_SIGNATURE_REGION_LENGTH__:0x400

.hash
 *(.hash)

.dynsym
 *(.dynsym)

.dynstr
 *(.dynstr)

.gnu.version
 *(.gnu.version)

.gnu.version_d
 *(.gnu.version_d)

.gnu.version_r
 *(.gnu.version_r)

.rel.init
 *(.rel.init)

.rela.init
 *(.rela.init)

.rel.text
 *(.rel.text)
 *(.rel.text.*)
 *(.rel.gnu.linkonce.t*)

.rela.text
 *(.rela.text)
 *(.rela.text.*)
 *(.rela.gnu.linkonce.t*)

.rel.fini
 *(.rel.fini)

.rela.fini
 *(.rela.fini)

.rel.rodata
 *(.rel.rodata)
 *(.rel.rodata.*)
 *(.rel.gnu.linkonce.r*)

.rela.rodata
 *(.rela.rodata)
 *(.rela.rodata.*)
 *(.rela.gnu.linkonce.r*)

.rel.data
 *(.rel.data)
 *(.rel.data.*)
 *(.rel.gnu.linkonce.d*)

.rela.data
 *(.rela.data)
 *(.rela.data.*)
 *(.rela.gnu.linkonce.d*)

.rel.ctors
 *(.rel.ctors)

.rela.ctors
 *(.rela.ctors)

.rel.dtors
 *(.rel.dtors)

.rela.dtors
 *(.rela.dtors)

.rel.got
 *(.rel.got)

.rela.got
 *(.rela.got)

.rel.bss
 *(.rel.bss)

.rela.bss
 *(.rela.bss)

.rel.plt
 *(.rel.plt)

.rela.plt
 *(.rela.plt)

.text           0x00000000     0x6bd8
 *(.vectors)
 .vectors       0x00000000       0xe4 C:/Program Files (x86)/Atmel/Studio/7.0/Packs/atmel/ATmega_DFP/1.3.300/gcc/dev/atmega2560/avr6/crtatmega2560.o
                0x00000000                __vector_default
                0x00000000                __vectors
 *(.vectors)
 *(.progmem.gcc*)
 .progmem.gcc_sw_table.schalte_pumpe_ein
                0x000000e4       0x18 Cocktail_functions.o
 .progmem.gcc_sw_table.schalte_pumpe_aus
                0x000000fc       0x18 Cocktail_functions.o
 .progmem.gcc_sw_table.lese_sensor
                0x00000114       0x18 Cocktail_functions.o
 .progmem.gcc_sw_table.check_startseite
                0x0000012c       0x10 Cocktail_Statemachine.o
 .progmem.gcc_sw_table.check_listenanzeige
                0x0000013c       0x14 Cocktail_Statemachine.o
 .progmem.gcc_sw_table.check_menuanzeige
                0x00000150        0xe Cocktail_Statemachine.o
 .progmem.gcc_sw_table.check_bearbeitungsanzeige
                0x0000015e       0x14 Cocktail_Statemachine.o
 .progmem.gcc_sw_table.check_ceinstanzeige
                0x00000172       0x10 Cocktail_Statemachine.o
 .progmem.gcc_sw_table.check_erstanzeige1
                0x00000182       0x3e Cocktail_Statemachine.o
 .progmem.gcc_sw_table.check_posanzeige
                0x000001c0       0x1a Cocktail_Statemachine.o
 .progmem.gcc_sw_table.check_fluessanzeige1
                0x000001da       0x16 Cocktail_Statemachine.o
 .progmem.gcc_sw_table.check_RFIDAnzeige1
                0x000001f0       0x12 Cocktail_Statemachine.o
 .progmem.gcc_sw_table.check_RFIDAnzeige2
                0x00000202       0x14 Cocktail_Statemachine.o
 .progmem.gcc_sw_table.cocktail_check_command
                0x00000216       0x34 Cocktail_Statemachine.o
                0x0000024a                . = ALIGN (0x2)
                0x0000024a                __trampolines_start = .
 *(.trampolines)
 .trampolines   0x0000024a        0x0 linker stubs
 *(.trampolines*)
                0x0000024a                __trampolines_end = .
 *libprintf_flt.a:*(.progmem.data)
 *libc.a:*(.progmem.data)
 *(.progmem*)
                0x0000024a                . = ALIGN (0x2)
 *(.jumptables)
 *(.jumptables*)
 *(.lowtext)
 *(.lowtext*)
                0x0000024a                __ctors_start = .
 *(.ctors)
                0x0000024a                __ctors_end = .
                0x0000024a                __dtors_start = .
 *(.dtors)
                0x0000024a                __dtors_end = .
 SORT(*)(.ctors)
 SORT(*)(.dtors)
 *(.init0)
 .init0         0x0000024a        0x0 C:/Program Files (x86)/Atmel/Studio/7.0/Packs/atmel/ATmega_DFP/1.3.300/gcc/dev/atmega2560/avr6/crtatmega2560.o
                0x0000024a                __init
 *(.init0)
 *(.init1)
 *(.init1)
 *(.init2)
 .init2         0x0000024a       0x10 C:/Program Files (x86)/Atmel/Studio/7.0/Packs/atmel/ATmega_DFP/1.3.300/gcc/dev/atmega2560/avr6/crtatmega2560.o
 *(.init2)
 *(.init3)
 *(.init3)
 *(.init4)
 .init4         0x0000025a       0x1a c:/program files (x86)/atmel/studio/7.0/toolchain/avr8/avr8-gnu-toolchain/bin/../lib/gcc/avr/5.4.0/avr6\libgcc.a(_copy_data.o)
                0x0000025a                __do_copy_data
 .init4         0x00000274       0x10 c:/program files (x86)/atmel/studio/7.0/toolchain/avr8/avr8-gnu-toolchain/bin/../lib/gcc/avr/5.4.0/avr6\libgcc.a(_clear_bss.o)
                0x00000274                __do_clear_bss
 *(.init4)
 *(.init5)
 *(.init5)
 *(.init6)
 *(.init6)
 *(.init7)
 *(.init7)
 *(.init8)
 *(.init8)
 *(.init9)
 .init9         0x00000284        0x8 C:/Program Files (x86)/Atmel/Studio/7.0/Packs/atmel/ATmega_DFP/1.3.300/gcc/dev/atmega2560/avr6/crtatmega2560.o
 *(.init9)
 *(.text)
 .text          0x0000028c        0x2 C:/Program Files (x86)/Atmel/Studio/7.0/Packs/atmel/ATmega_DFP/1.3.300/gcc/dev/atmega2560/avr6/crtatmega2560.o
                0x0000028c                __vector_38
                0x0000028c                __vector_22
                0x0000028c                __vector_28
                0x0000028c                __vector_1
                0x0000028c                __vector_32
                0x0000028c                __vector_34
                0x0000028c                __vector_24
                0x0000028c                __vector_12
                0x0000028c                __vector_46
                0x0000028c                __bad_interrupt
                0x0000028c                __vector_6
                0x0000028c                __vector_31
                0x0000028c                __vector_35
                0x0000028c                __vector_39
                0x0000028c                __vector_3
                0x0000028c                __vector_23
                0x0000028c                __vector_30
                0x0000028c                __vector_45
                0x0000028c                __vector_11
                0x0000028c                __vector_13
                0x0000028c                __vector_17
                0x0000028c                __vector_19
                0x0000028c                __vector_56
                0x0000028c                __vector_7
                0x0000028c                __vector_49
                0x0000028c                __vector_41
                0x0000028c                __vector_43
                0x0000028c                __vector_27
                0x0000028c                __vector_5
                0x0000028c                __vector_33
                0x0000028c                __vector_47
                0x0000028c                __vector_37
                0x0000028c                __vector_4
                0x0000028c                __vector_44
                0x0000028c                __vector_9
                0x0000028c                __vector_2
                0x0000028c                __vector_21
                0x0000028c                __vector_15
                0x0000028c                __vector_29
                0x0000028c                __vector_40
                0x0000028c                __vector_8
                0x0000028c                __vector_48
                0x0000028c                __vector_14
                0x0000028c                __vector_53
                0x0000028c                __vector_10
                0x0000028c                __vector_50
                0x0000028c                __vector_16
                0x0000028c                __vector_18
                0x0000028c                __vector_20
                0x0000028c                __vector_42
                0x0000028e                . = ALIGN (0x2)
 *(.text.*)
 .text.cocktail_test_command
                0x0000028e       0x22 Cocktail_functions.o
                0x0000028e                cocktail_test_command
 .text.schreibe_Menge_in_Getraenk
                0x000002b0      0x198 Cocktail_functions.o
                0x000002b0                schreibe_Menge_in_Getraenk
 .text.schalte_pumpe_ein
                0x00000448       0x6e Cocktail_functions.o
                0x00000448                schalte_pumpe_ein
 .text.schalte_pumpe_aus
                0x000004b6       0x6e Cocktail_functions.o
                0x000004b6                schalte_pumpe_aus
 .text.lese_sensor
                0x00000524       0x74 Cocktail_functions.o
                0x00000524                lese_sensor
 .text.erstelle_Liste_zutat
                0x00000598      0x25a Cocktail_functions.o
                0x00000598                erstelle_Liste_zutat
 .text.setze_startanzeige
                0x000007f2       0x94 Cocktail_functions.o
                0x000007f2                setze_startanzeige
 .text.fuelle_getraenk
                0x00000886      0x206 Cocktail_functions.o
                0x00000886                fuelle_getraenk
 .text.zubereitung_getraenk
                0x00000a8c       0x68 Cocktail_functions.o
                0x00000a8c                zubereitung_getraenk
 .text.erstelle_Zutatenliste
                0x00000af4      0x1a8 Cocktail_functions.o
                0x00000af4                erstelle_Zutatenliste
 .text.compare_string
                0x00000c9c       0x40 Cocktail_functions.o
                0x00000c9c                compare_string
 .text.pruefe_kopf
                0x00000cdc        0xc Cocktail_functions.o
                0x00000cdc                pruefe_kopf
 .text.lese_textfile_in_getraenk
                0x00000ce8      0x23a Cocktail_functions.o
                0x00000ce8                lese_textfile_in_getraenk
 .text.choose_aktuellesGetraenk
                0x00000f22       0x6e Cocktail_functions.o
                0x00000f22                choose_aktuellesGetraenk
 .text.bearbeite_Cocktail
                0x00000f90       0x14 Cocktail_functions.o
                0x00000f90                bearbeite_Cocktail
 .text.schiebe_file_next
                0x00000fa4       0x7a Cocktail_functions.o
                0x00000fa4                schiebe_file_next
 .text.schiebe_file_prev
                0x0000101e       0x7a Cocktail_functions.o
                0x0000101e                schiebe_file_prev
 .text.erstelle_Liste_name
                0x00001098      0x2d0 Cocktail_functions.o
                0x00001098                erstelle_Liste_name
 .text.SD_startup
                0x00001368       0xd0 Cocktail_functions.o
                0x00001368                SD_startup
 .text.erstelle_File
                0x00001438      0x28a Cocktail_functions.o
                0x00001438                erstelle_File
 .text.loesche_FIle
                0x000016c2       0x66 Cocktail_functions.o
                0x000016c2                loesche_FIle
 .text.lese_textfile_in_zutat
                0x00001728      0x124 Cocktail_functions.o
                0x00001728                lese_textfile_in_zutat
 .text.erstelle_Liste_Zutat_Pos
                0x0000184c      0x1f2 Cocktail_functions.o
                0x0000184c                erstelle_Liste_Zutat_Pos
 .text.setze_Posanzeige_Rot_Gruen
                0x00001a3e      0x10c Cocktail_functions.o
                0x00001a3e                setze_Posanzeige_Rot_Gruen
 .text.setze_aktuelle_Zutat_in_Maschine_prev
                0x00001b4a       0x36 Cocktail_functions.o
                0x00001b4a                setze_aktuelle_Zutat_in_Maschine_prev
 .text.setze_Fluessgkeit_in_Position
                0x00001b80      0x384 Cocktail_functions.o
                0x00001b80                setze_Fluessgkeit_in_Position
 .text.send_List_Getraenke
                0x00001f04      0x11e Cocktail_functions.o
                0x00001f04                send_List_Getraenke
 .text.send_List_RFID
                0x00002022      0x144 Cocktail_functions.o
                0x00002022                send_List_RFID
 .text.send_List_Zutaten
                0x00002166      0x10c Cocktail_functions.o
                0x00002166                send_List_Zutaten
 .text.check_startseite
                0x00002272      0x1e0 Cocktail_Statemachine.o
                0x00002272                check_startseite
 .text.check_zutatenanzeige
                0x00002452       0x26 Cocktail_Statemachine.o
                0x00002452                check_zutatenanzeige
 .text.check_listenanzeige
                0x00002478       0xfa Cocktail_Statemachine.o
                0x00002478                check_listenanzeige
 .text.check_zubabfrage
                0x00002572       0x36 Cocktail_Statemachine.o
                0x00002572                check_zubabfrage
 .text.check_zubbildschirm
                0x000025a8        0xa Cocktail_Statemachine.o
                0x000025a8                check_zubbildschirm
 .text.check_menuanzeige
                0x000025b2      0x170 Cocktail_Statemachine.o
                0x000025b2                check_menuanzeige
 .text.check_bearbeitungsanzeige
                0x00002722       0x9a Cocktail_Statemachine.o
                0x00002722                check_bearbeitungsanzeige
 .text.check_ceinstanzeige
                0x000027bc       0xce Cocktail_Statemachine.o
                0x000027bc                check_ceinstanzeige
 .text.check_reinanzeige1
                0x0000288a       0x1a Cocktail_Statemachine.o
                0x0000288a                check_reinanzeige1
 .text.check_reinanzeige2
                0x000028a4       0x8c Cocktail_Statemachine.o
                0x000028a4                check_reinanzeige2
 .text.check_reinanzeige3
                0x00002930       0x12 Cocktail_Statemachine.o
                0x00002930                check_reinanzeige3
 .text.check_infoanzeige
                0x00002942        0xc Cocktail_Statemachine.o
                0x00002942                check_infoanzeige
 .text.check_erstanzeige1
                0x0000294e      0x5ea Cocktail_Statemachine.o
                0x0000294e                check_erstanzeige1
 .text.check_erstanzeige2
                0x00002f38      0x174 Cocktail_Statemachine.o
                0x00002f38                check_erstanzeige2
 .text.check_loeschanzeige
                0x000030ac      0x106 Cocktail_Statemachine.o
                0x000030ac                check_loeschanzeige
 .text.check_posanzeige
                0x000031b2      0x12e Cocktail_Statemachine.o
                0x000031b2                check_posanzeige
 .text.check_fluessanzeige1
                0x000032e0       0xbc Cocktail_Statemachine.o
                0x000032e0                check_fluessanzeige1
 .text.check_fluessanzeige2
                0x0000339c       0x4e Cocktail_Statemachine.o
                0x0000339c                check_fluessanzeige2
 .text.check_fluessanzeige3
                0x000033ea      0x220 Cocktail_Statemachine.o
                0x000033ea                check_fluessanzeige3
 .text.check_RFIDAnzeige1
                0x0000360a      0x3bc Cocktail_Statemachine.o
                0x0000360a                check_RFIDAnzeige1
 .text.schreibe_Getraenk_in_tag
                0x000039c6       0x74 Cocktail_Statemachine.o
                0x000039c6                schreibe_Getraenk_in_tag
 .text.check_RFIDAnzeige2
                0x00003a3a       0x8a Cocktail_Statemachine.o
                0x00003a3a                check_RFIDAnzeige2
 .text.check_RFIDFehler
                0x00003ac4       0x12 Cocktail_Statemachine.o
                0x00003ac4                check_RFIDFehler
 .text.check_ESP32
                0x00003ad6       0x1e Cocktail_Statemachine.o
                0x00003ad6                check_ESP32
 .text.cocktail_check_command
                0x00003af4       0xc6 Cocktail_Statemachine.o
                0x00003af4                cocktail_check_command
 .text.check_existence
                0x00003bba      0x1a0 Getraenk.o
                0x00003bba                check_existence
 .text.create_new_getraenk
                0x00003d5a       0xda Getraenk.o
                0x00003d5a                create_new_getraenk
 .text.create_new_getraenk_file
                0x00003e34       0x18 Getraenk.o
                0x00003e34                create_new_getraenk_file
 .text.insert_file_at_head
                0x00003e4c       0x56 Getraenk.o
                0x00003e4c                insert_file_at_head
 .text.cocktails_init
                0x00003ea2       0xe2 Getraenk.o
                0x00003ea2                cocktails_init
 .text.create_zutat
                0x00003f84       0x42 Zutaten.o
                0x00003f84                create_zutat
 .text.create_neue_zutat_Maschine
                0x00003fc6       0x72 Zutaten.o
                0x00003fc6                create_neue_zutat_Maschine
 .text.insert_zutat_Maschine_at_head
                0x00004038       0x50 Zutaten.o
                0x00004038                insert_zutat_Maschine_at_head
 .text.create_new_zutat_file
                0x00004088       0x18 Zutaten.o
                0x00004088                create_new_zutat_file
 .text.insert_zutat_file_at_head
                0x000040a0       0x56 Zutaten.o
                0x000040a0                insert_zutat_file_at_head
 .text.zutaten_init
                0x000040f6      0x236 Zutaten.o
                0x000040f6                zutaten_init
 .text.IO_init  0x0000432c       0x2a Main_Func.o
                0x0000432c                IO_init
 .text.interfaces_init
                0x00004356        0xc Main_Func.o
                0x00004356                interfaces_init
 .text.devices_init
                0x00004362       0x38 Main_Func.o
                0x00004362                devices_init
 .text.speicher_init
                0x0000439a       0x50 Main_Func.o
                0x0000439a                speicher_init
 .text.check_Communication_Input_UART_0
                0x000043ea       0x5a Main_Func.o
                0x000043ea                check_Communication_Input_UART_0
 .text.proceed_Communication_Input_UART_0
                0x00004444       0x10 Main_Func.o
                0x00004444                proceed_Communication_Input_UART_0
 .text.check_Communication_Input_UART_1
                0x00004454      0x112 Main_Func.o
                0x00004454                check_Communication_Input_UART_1
 .text.proceed_Communication_INPUT_UART_1
                0x00004566       0x24 Main_Func.o
                0x00004566                proceed_Communication_INPUT_UART_1
 .text.check_Communication_Input_UART_2
                0x0000458a       0xde Main_Func.o
                0x0000458a                check_Communication_Input_UART_2
 .text.proceed_Communication_Input_UART_2
                0x00004668       0x24 Main_Func.o
                0x00004668                proceed_Communication_Input_UART_2
 .text.check_Communication_Input_UART
                0x0000468c       0x14 Main_Func.o
                0x0000468c                check_Communication_Input_UART
 .text.endConversation
                0x000046a0       0x2c Nextion_Display.o
                0x000046a0                endConversation
 .text.nextion_change_page
                0x000046cc       0x3e Nextion_Display.o
                0x000046cc                nextion_change_page
 .text.nextion_setText
                0x0000470a       0x30 Nextion_Display.o
                0x0000470a                nextion_setText
 .text.nextion_setValue
                0x0000473a       0x20 Nextion_Display.o
                0x0000473a                nextion_setValue
 .text.nextion_setPicture
                0x0000475a       0x4c Nextion_Display.o
                0x0000475a                nextion_setPicture
 .text.nextion_getSliderValue
                0x000047a6       0x96 Nextion_Display.o
                0x000047a6                nextion_getSliderValue
 .text.nextion_disableButton
                0x0000483c       0x72 Nextion_Display.o
                0x0000483c                nextion_disableButton
 .text.RB_init  0x000048ae        0x8 ring_buffer.o
                0x000048ae                RB_init
 .text.RB_free  0x000048b6       0x16 ring_buffer.o
                0x000048b6                RB_free
 .text.RB_length
                0x000048cc       0x18 ring_buffer.o
                0x000048cc                RB_length
 .text.RB_readByte
                0x000048e4       0x28 ring_buffer.o
                0x000048e4                RB_readByte
 .text.RB_writeByte
                0x0000490c       0x3a ring_buffer.o
                0x0000490c                RB_writeByte
 .text.RB_write
                0x00004946       0x64 ring_buffer.o
                0x00004946                RB_write
 .text.getFirstSector
                0x000049aa       0x42 FAT32.o
                0x000049aa                getFirstSector
 .text.getSetNextCluster
                0x000049ec       0xf2 FAT32.o
                0x000049ec                getSetNextCluster
 .text.getSetFreeCluster
                0x00004ade      0x124 FAT32.o
                0x00004ade                getSetFreeCluster
 .text.getBootSectorData
                0x00004c02      0x180 FAT32.o
                0x00004c02                getBootSectorData
 .text.convertFileName
                0x00004d82      0x120 FAT32.o
                0x00004d82                convertFileName
 .text.searchNextFreeCluster
                0x00004ea2      0x144 FAT32.o
                0x00004ea2                searchNextFreeCluster
 .text.displayMemory
                0x00004fe6       0xc2 FAT32.o
                0x00004fe6                displayMemory
 .text.freeMemoryUpdate
                0x000050a8       0xdc FAT32.o
                0x000050a8                freeMemoryUpdate
 .text.findFiles
                0x00005184      0x3f0 FAT32.o
                0x00005184                findFiles
 .text.readFile
                0x00005574      0x19c FAT32.o
                0x00005574                readFile
 .text.deleteFile
                0x00005710       0x18 FAT32.o
                0x00005710                deleteFile
 .text.writeFile
                0x00005728      0x7e6 FAT32.o
                0x00005728                writeFile
 .text.SD_sendCommand
                0x00005f0e       0xb4 SD_routines.o
                0x00005f0e                SD_sendCommand
 .text.SD_init  0x00005fc2      0x112 SD_routines.o
                0x00005fc2                SD_init
 .text.SD_readSingleBlock
                0x000060d4       0x50 SD_routines.o
                0x000060d4                SD_readSingleBlock
 .text.SD_writeSingleBlock
                0x00006124       0x82 SD_routines.o
                0x00006124                SD_writeSingleBlock
 .text.spi_transmit
                0x000061a6        0xa SPI.o
                0x000061a6                spi_transmit
 .text.spi_receive
                0x000061b0        0xe SPI.o
                0x000061b0                spi_receive
 .text.disable_Slave
                0x000061be       0x28 SPI.o
                0x000061be                disable_Slave
 .text.SPI_init
                0x000061e6       0x18 SPI.o
                0x000061e6                SPI_init
 .text.create_new_tag
                0x000061fe       0x4c TAGS.o
                0x000061fe                create_new_tag
 .text.insert_tag_at_head
                0x0000624a       0x56 TAGS.o
                0x0000624a                insert_tag_at_head
 .text.RFID_init
                0x000062a0       0x3a TAGS.o
                0x000062a0                RFID_init
 .text.tx_completed
                0x000062da        0x6 UART.o
                0x000062da                tx_completed
 .text.UART_init
                0x000062e0       0xfe UART.o
                0x000062e0                UART_init
 .text.Uart_Transmit_IT_PC
                0x000063de       0x26 UART.o
                0x000063de                Uart_Transmit_IT_PC
 .text.Uart_Transmit_IT_Display
                0x00006404       0x2c UART.o
                0x00006404                Uart_Transmit_IT_Display
 .text.Uart_Transmit_IT_ESP
                0x00006430       0x26 UART.o
                0x00006430                Uart_Transmit_IT_ESP
 .text.__vector_26
                0x00006456       0x7e UART.o
                0x00006456                __vector_26
 .text.__vector_25
                0x000064d4       0x58 UART.o
                0x000064d4                __vector_25
 .text.__vector_36
                0x0000652c       0x58 UART.o
                0x0000652c                __vector_36
 .text.__vector_52
                0x00006584       0x7e UART.o
                0x00006584                __vector_52
 .text.__vector_51
                0x00006602       0x58 UART.o
                0x00006602                __vector_51
 .text.__vector_55
                0x0000665a       0x7e UART.o
                0x0000665a                __vector_55
 .text.__vector_54
                0x000066d8       0x58 UART.o
                0x000066d8                __vector_54
 .text.transmitByte
                0x00006730       0x10 UART.o
                0x00006730                transmitByte
 .text.transmitString
                0x00006740       0x1c UART.o
                0x00006740                transmitString
 .text.main     0x0000675c       0x28 main.o
                0x0000675c                main
 .text.libgcc.mul
                0x00006784       0x1e c:/program files (x86)/atmel/studio/7.0/toolchain/avr8/avr8-gnu-toolchain/bin/../lib/gcc/avr/5.4.0/avr6\libgcc.a(_mulsi3.o)
                0x00006784                __mulsi3
 .text.libgcc.div
                0x000067a2       0x44 c:/program files (x86)/atmel/studio/7.0/toolchain/avr8/avr8-gnu-toolchain/bin/../lib/gcc/avr/5.4.0/avr6\libgcc.a(_udivmodsi4.o)
                0x000067a2                __udivmodsi4
 .text.libgcc   0x000067e6       0x10 c:/program files (x86)/atmel/studio/7.0/toolchain/avr8/avr8-gnu-toolchain/bin/../lib/gcc/avr/5.4.0/avr6\libgcc.a(_tablejump2.o)
                0x000067e6                __tablejump2__
 .text.libgcc.mul
                0x000067f6       0x1e c:/program files (x86)/atmel/studio/7.0/toolchain/avr8/avr8-gnu-toolchain/bin/../lib/gcc/avr/5.4.0/avr6\libgcc.a(_umulhisi3.o)
                0x000067f6                __umulhisi3
 .text.libgcc.mul
                0x00006814       0x14 c:/program files (x86)/atmel/studio/7.0/toolchain/avr8/avr8-gnu-toolchain/bin/../lib/gcc/avr/5.4.0/avr6\libgcc.a(_muluhisi3.o)
                0x00006814                __muluhisi3
 .text.avr-libc
                0x00006828       0x34 c:/program files (x86)/atmel/studio/7.0/toolchain/avr8/avr8-gnu-toolchain/bin/../lib/gcc/avr/5.4.0/../../../../avr/lib/avr6\libc.a(calloc.o)
                0x00006828                calloc
 .text.avr-libc
                0x0000685c      0x242 c:/program files (x86)/atmel/studio/7.0/toolchain/avr8/avr8-gnu-toolchain/bin/../lib/gcc/avr/5.4.0/../../../../avr/lib/avr6\libc.a(malloc.o)
                0x0000685c                malloc
                0x0000698c                free
 .text.avr-libc
                0x00006a9e       0x3a c:/program files (x86)/atmel/studio/7.0/toolchain/avr8/avr8-gnu-toolchain/bin/../lib/gcc/avr/5.4.0/../../../../avr/lib/avr6\libc.a(atoi.o)
                0x00006a9e                atoi
 .text.avr-libc
                0x00006ad8        0x6 c:/program files (x86)/atmel/studio/7.0/toolchain/avr8/avr8-gnu-toolchain/bin/../lib/gcc/avr/5.4.0/../../../../avr/lib/avr6\libc.a(strtok.o)
                0x00006ad8                strtok
 .text.avr-libc
                0x00006ade        0xe c:/program files (x86)/atmel/studio/7.0/toolchain/avr8/avr8-gnu-toolchain/bin/../lib/gcc/avr/5.4.0/../../../../avr/lib/avr6\libc.a(memset.o)
                0x00006ade                memset
 .text.avr-libc
                0x00006aec       0x16 c:/program files (x86)/atmel/studio/7.0/toolchain/avr8/avr8-gnu-toolchain/bin/../lib/gcc/avr/5.4.0/../../../../avr/lib/avr6\libc.a(strcat.o)
                0x00006aec                strcat
 .text.avr-libc
                0x00006b02        0xe c:/program files (x86)/atmel/studio/7.0/toolchain/avr8/avr8-gnu-toolchain/bin/../lib/gcc/avr/5.4.0/../../../../avr/lib/avr6\libc.a(strcpy.o)
                0x00006b02                strcpy
 .text.avr-libc
                0x00006b10       0x4e c:/program files (x86)/atmel/studio/7.0/toolchain/avr8/avr8-gnu-toolchain/bin/../lib/gcc/avr/5.4.0/../../../../avr/lib/avr6\libc.a(strtok_r.o)
                0x00006b10                strtok_r
 .text.avr-libc
                0x00006b5e       0x14 c:/program files (x86)/atmel/studio/7.0/toolchain/avr8/avr8-gnu-toolchain/bin/../lib/gcc/avr/5.4.0/../../../../avr/lib/avr6\libc.a(itoa_ncheck.o)
                0x00006b5e                __itoa_ncheck
 .text.avr-libc
                0x00006b72       0x10 c:/program files (x86)/atmel/studio/7.0/toolchain/avr8/avr8-gnu-toolchain/bin/../lib/gcc/avr/5.4.0/../../../../avr/lib/avr6\libc.a(mul10.o)
                0x00006b72                __mulhi_const_10
 .text.avr-libc
                0x00006b82       0x32 c:/program files (x86)/atmel/studio/7.0/toolchain/avr8/avr8-gnu-toolchain/bin/../lib/gcc/avr/5.4.0/../../../../avr/lib/avr6\libc.a(utoa_ncheck.o)
                0x00006b82                __utoa_ncheck
                0x00006b84                __utoa_common
 .text.avr-libc
                0x00006bb4       0x20 c:/program files (x86)/atmel/studio/7.0/toolchain/avr8/avr8-gnu-toolchain/bin/../lib/gcc/avr/5.4.0/../../../../avr/lib/avr6\libc.a(strrev.o)
                0x00006bb4                strrev
                0x00006bd4                . = ALIGN (0x2)
 *(.fini9)
 .fini9         0x00006bd4        0x0 c:/program files (x86)/atmel/studio/7.0/toolchain/avr8/avr8-gnu-toolchain/bin/../lib/gcc/avr/5.4.0/avr6\libgcc.a(_exit.o)
                0x00006bd4                _exit
                0x00006bd4                exit
 *(.fini9)
 *(.fini8)
 *(.fini8)
 *(.fini7)
 *(.fini7)
 *(.fini6)
 *(.fini6)
 *(.fini5)
 *(.fini5)
 *(.fini4)
 *(.fini4)
 *(.fini3)
 *(.fini3)
 *(.fini2)
 *(.fini2)
 *(.fini1)
 *(.fini1)
 *(.fini0)
 .fini0         0x00006bd4        0x4 c:/program files (x86)/atmel/studio/7.0/toolchain/avr8/avr8-gnu-toolchain/bin/../lib/gcc/avr/5.4.0/avr6\libgcc.a(_exit.o)
 *(.fini0)
                0x00006bd8                _etext = .

.data           0x00800200      0x538 load address 0x00006bd8
                0x00800200                PROVIDE (__data_start, .)
 *(.data)
 .data          0x00800200        0x6 c:/program files (x86)/atmel/studio/7.0/toolchain/avr8/avr8-gnu-toolchain/bin/../lib/gcc/avr/5.4.0/../../../../avr/lib/avr6\libc.a(malloc.o)
                0x00800200                __malloc_heap_end
                0x00800202                __malloc_heap_start
                0x00800204                __malloc_margin
 *(.data*)
 *(.gnu.linkonce.d*)
 *(.rodata)
 .rodata        0x00800206       0x30 Cocktail_functions.o
 *(.rodata*)
 .rodata.str1.1
                0x00800236      0x2c6 Cocktail_functions.o
                                0x2dc (size before relaxing)
 .rodata.str1.1
                0x008004fc       0x26 Cocktail_Statemachine.o
                                 0x4d (size before relaxing)
 .rodata.str1.1
                0x00800522       0x15 Getraenk.o
                                 0x28 (size before relaxing)
 .rodata.str1.1
                0x00800537        0xb Zutaten.o
 .rodata.str1.1
                0x00800537       0xaa Main_Func.o
                                 0xb9 (size before relaxing)
 .rodata.str1.1
                0x008005e1       0x2a Nextion_Display.o
 .rodata.str1.1
                0x0080060b      0x128 FAT32.o
 .rodata.str1.1
                0x00800733        0x4 TAGS.o
 *(.gnu.linkonce.r*)
                0x00800738                . = ALIGN (0x2)
 *fill*         0x00800737        0x1 
                0x00800738                _edata = .
                0x00800738                PROVIDE (__data_end, .)

.bss            0x00800738      0xddd
                0x00800738                PROVIDE (__bss_start, .)
 *(.bss)
 .bss           0x00800738        0x2 c:/program files (x86)/atmel/studio/7.0/toolchain/avr8/avr8-gnu-toolchain/bin/../lib/gcc/avr/5.4.0/../../../../avr/lib/avr6\libc.a(strtok.o)
 *(.bss*)
 .bss.count.3130
                0x0080073a        0x4 Cocktail_functions.o
 .bss.oldval.3129
                0x0080073e        0x1 Cocktail_functions.o
 .bss.cntr_End_UART_2
                0x0080073f        0x1 main.o
                0x0080073f                cntr_End_UART_2
 .bss.cntr_UART_2
                0x00800740        0x1 main.o
                0x00800740                cntr_UART_2
 .bss.cntr_End_UART_1
                0x00800741        0x1 main.o
                0x00800741                cntr_End_UART_1
 .bss.cntr_UART_1
                0x00800742        0x1 main.o
                0x00800742                cntr_UART_1
 .bss.cntr_End_UART_0
                0x00800743        0x1 main.o
                0x00800743                cntr_End_UART_0
 .bss.cntr_UART_0
                0x00800744        0x1 main.o
                0x00800744                cntr_UART_0
 *(COMMON)
 COMMON         0x00800745      0x9ca Cocktail_functions.o
                0x00800745                head_zutat_file
                0x00800747                rb_tx_PC
                0x00800848                tail_getraenk_file
                0x0080084a                head_zut_in_Maschine
                0x0080084c                head_getraenk
                0x0080084e                Liste
                0x0080084f                aktuelleZutatInMaschine
                0x00800851                head_tag
                0x00800853                tail_getraenk
                0x00800855                appendFileLocation
                0x00800859                aktuelle_zutat
                0x0080085b                tail_zutat_file
                0x0080085d                fileName
                0x0080086a                firstDataSector
                0x0080086e                ptr_tx_completed_1
                0x00800870                fileSize
                0x00800874                bytesPerSector
                0x00800876                i_Liste_test_cnt
                0x00800877                totalClusters
                0x0080087b                option
                0x0080087c                aktuellesGetraenk_file
                0x0080087e                head_getraenk_file
                0x00800880                Grossschreib
                0x00800881                rootCluster
                0x00800885                block_list_runter
                0x00800886                rb_rx_ESP
                0x00800987                startBlock
                0x0080098b                aktueller_tag
                0x0080098d                i
                0x0080098f                address_Standardwiederherstellung
                0x00800991                rb_rx_Display
                0x00800a92                tail_tag
                0x00800a94                buffer
                0x00800c94                SPI_Slave
                0x00800c95                sectorPerCluster
                0x00800c97                ptr_tx_completed_2
                0x00800c99                block_list_hoch
                0x00800c9a                unusedSectors
                0x00800c9e                rb_tx_RFID
                0x00800d9f                SDHC_flag
                0x00800da0                counter
                0x00800da1                totalBlocks
                0x00800da5                tail_zut_in_Maschine
                0x00800da7                data
                0x00800da8                buff_name
                0x00800dbd                reservedSectorCount
                0x00800dbf                ptr_tx_completed_3
                0x00800dc1                aktuelles_zutat_file
                0x00800dc3                rb_rx_PC
                0x00800ec4                rb_tx_ESP
                0x00800fc5                address_getraenk
                0x00800fc7                appendStartCluster
                0x00800fcb                test2
                0x00800fcc                cardType
                0x00800fcd                error
                0x00800fce                rb_rx_RFID
                0x008010cf                gui_pages
                0x008010d0                i_Liste
                0x008010d1                i_Liste_test
                0x00801103                freeClusterCountUpdated
                0x00801104                stop
                0x00801105                FAT32_active
                0x00801106                appendFileSector
                0x0080110a                aktuellesGetraenk
                0x0080110c                ptr_tx_completed_0
                0x0080110e                SPI_State
 COMMON         0x0080110f      0x402 main.o
                0x0080110f                INPUT_UART_0
                0x0080120f                INPUT_UART_3
                0x0080130f                INPUT_UART_1
                0x0080140f                ptr_Uart_1
                0x00801411                INPUT_UART_2
 COMMON         0x00801511        0x4 c:/program files (x86)/atmel/studio/7.0/toolchain/avr8/avr8-gnu-toolchain/bin/../lib/gcc/avr/5.4.0/../../../../avr/lib/avr6\libc.a(malloc.o)
                0x00801511                __brkval
                0x00801513                __flp
                0x00801515                PROVIDE (__bss_end, .)
                0x00006bd8                __data_load_start = LOADADDR (.data)
                0x00007110                __data_load_end = (__data_load_start + SIZEOF (.data))

.noinit         0x00801515        0x0
                [!provide]                PROVIDE (__noinit_start, .)
 *(.noinit*)
                [!provide]                PROVIDE (__noinit_end, .)
                0x00801515                _end = .
                0x00801515                PROVIDE (__heap_start, .)

.eeprom         0x00810000        0x0
 *(.eeprom*)
                0x00810000                __eeprom_end = .

.fuse
 *(.fuse)
 *(.lfuse)
 *(.hfuse)
 *(.efuse)

.lock
 *(.lock*)

.signature
 *(.signature*)

.user_signatures
 *(.user_signatures*)

.stab
 *(.stab)

.stabstr
 *(.stabstr)

.stab.excl
 *(.stab.excl)

.stab.exclstr
 *(.stab.exclstr)

.stab.index
 *(.stab.index)

.stab.indexstr
 *(.stab.indexstr)

.comment        0x00000000       0x30
 *(.comment)
 .comment       0x00000000       0x30 Cocktail_functions.o
                                 0x31 (size before relaxing)
 .comment       0x00000030       0x31 Cocktail_Statemachine.o
 .comment       0x00000030       0x31 Getraenk.o
 .comment       0x00000030       0x31 Zutaten.o
 .comment       0x00000030       0x31 Main_Func.o
 .comment       0x00000030       0x31 Nextion_Display.o
 .comment       0x00000030       0x31 ring_buffer.o
 .comment       0x00000030       0x31 FAT32.o
 .comment       0x00000030       0x31 SD_routines.o
 .comment       0x00000030       0x31 SPI.o
 .comment       0x00000030       0x31 TAGS.o
 .comment       0x00000030       0x31 UART.o
 .comment       0x00000030       0x31 main.o
 .comment       0x00000030       0x31 c:/program files (x86)/atmel/studio/7.0/toolchain/avr8/avr8-gnu-toolchain/bin/../lib/gcc/avr/5.4.0/../../../../avr/lib/avr6\libc.a(calloc.o)
 .comment       0x00000030       0x31 c:/program files (x86)/atmel/studio/7.0/toolchain/avr8/avr8-gnu-toolchain/bin/../lib/gcc/avr/5.4.0/../../../../avr/lib/avr6\libc.a(malloc.o)
 .comment       0x00000030       0x31 c:/program files (x86)/atmel/studio/7.0/toolchain/avr8/avr8-gnu-toolchain/bin/../lib/gcc/avr/5.4.0/../../../../avr/lib/avr6\libc.a(strtok.o)

.note.gnu.avr.deviceinfo
                0x00000000       0x40
 .note.gnu.avr.deviceinfo
                0x00000000       0x40 C:/Program Files (x86)/Atmel/Studio/7.0/Packs/atmel/ATmega_DFP/1.3.300/gcc/dev/atmega2560/avr6/crtatmega2560.o

.note.gnu.build-id
 *(.note.gnu.build-id)

.debug
 *(.debug)

.line
 *(.line)

.debug_srcinfo
 *(.debug_srcinfo)

.debug_sfnames
 *(.debug_sfnames)

.debug_aranges  0x00000000      0x5c0
 *(.debug_aranges)
 .debug_aranges
                0x00000000      0x108 Cocktail_functions.o
 .debug_aranges
                0x00000108       0xf0 Cocktail_Statemachine.o
 .debug_aranges
                0x000001f8       0x68 Getraenk.o
 .debug_aranges
                0x00000260       0x48 Zutaten.o
 .debug_aranges
                0x000002a8       0x88 Main_Func.o
 .debug_aranges
                0x00000330       0x50 Nextion_Display.o
 .debug_aranges
                0x00000380       0x50 ring_buffer.o
 .debug_aranges
                0x000003d0       0x80 FAT32.o
 .debug_aranges
                0x00000450       0x40 SD_routines.o
 .debug_aranges
                0x00000490       0x48 SPI.o
 .debug_aranges
                0x000004d8       0x30 TAGS.o
 .debug_aranges
                0x00000508       0x98 UART.o
 .debug_aranges
                0x000005a0       0x20 main.o

.debug_pubnames
 *(.debug_pubnames)

.debug_info     0x00000000     0xed6d
 *(.debug_info .gnu.linkonce.wi.*)
 .debug_info    0x00000000      0xbbc C:/Program Files (x86)/Atmel/Studio/7.0/Packs/atmel/ATmega_DFP/1.3.300/gcc/dev/atmega2560/avr6/crtatmega2560.o
 .debug_info    0x00000bbc     0x373a Cocktail_functions.o
 .debug_info    0x000042f6     0x2e1d Cocktail_Statemachine.o
 .debug_info    0x00007113     0x1546 Getraenk.o
 .debug_info    0x00008659      0xc0a Zutaten.o
 .debug_info    0x00009263     0x1013 Main_Func.o
 .debug_info    0x0000a276      0xf1b Nextion_Display.o
 .debug_info    0x0000b191      0x360 ring_buffer.o
 .debug_info    0x0000b4f1     0x19c0 FAT32.o
 .debug_info    0x0000ceb1      0x812 SD_routines.o
 .debug_info    0x0000d6c3      0x263 SPI.o
 .debug_info    0x0000d926      0x2bf TAGS.o
 .debug_info    0x0000dbe5      0x6d5 UART.o
 .debug_info    0x0000e2ba      0xab3 main.o

.debug_abbrev   0x00000000     0x269f
 *(.debug_abbrev)
 .debug_abbrev  0x00000000      0xb1a C:/Program Files (x86)/Atmel/Studio/7.0/Packs/atmel/ATmega_DFP/1.3.300/gcc/dev/atmega2560/avr6/crtatmega2560.o
 .debug_abbrev  0x00000b1a      0x3d4 Cocktail_functions.o
 .debug_abbrev  0x00000eee      0x2f7 Cocktail_Statemachine.o
 .debug_abbrev  0x000011e5      0x3b7 Getraenk.o
 .debug_abbrev  0x0000159c      0x2a6 Zutaten.o
 .debug_abbrev  0x00001842      0x22d Main_Func.o
 .debug_abbrev  0x00001a6f      0x24b Nextion_Display.o
 .debug_abbrev  0x00001cba      0x12a ring_buffer.o
 .debug_abbrev  0x00001de4      0x214 FAT32.o
 .debug_abbrev  0x00001ff8      0x154 SD_routines.o
 .debug_abbrev  0x0000214c      0x11c SPI.o
 .debug_abbrev  0x00002268      0x122 TAGS.o
 .debug_abbrev  0x0000238a      0x1fe UART.o
 .debug_abbrev  0x00002588      0x117 main.o

.debug_line     0x00000000     0x68a5
 *(.debug_line .debug_line.* .debug_line_end)
 .debug_line    0x00000000      0x1f9 C:/Program Files (x86)/Atmel/Studio/7.0/Packs/atmel/ATmega_DFP/1.3.300/gcc/dev/atmega2560/avr6/crtatmega2560.o
 .debug_line    0x000001f9     0x16b8 Cocktail_functions.o
 .debug_line    0x000018b1     0x177a Cocktail_Statemachine.o
 .debug_line    0x0000302b      0x86c Getraenk.o
 .debug_line    0x00003897      0x460 Zutaten.o
 .debug_line    0x00003cf7      0x80e Main_Func.o
 .debug_line    0x00004505      0x543 Nextion_Display.o
 .debug_line    0x00004a48      0x21d ring_buffer.o
 .debug_line    0x00004c65      0xc84 FAT32.o
 .debug_line    0x000058e9      0x48d SD_routines.o
 .debug_line    0x00005d76      0x1d7 SPI.o
 .debug_line    0x00005f4d      0x187 TAGS.o
 .debug_line    0x000060d4      0x412 UART.o
 .debug_line    0x000064e6      0x3bf main.o

.debug_frame    0x00000000     0x1814
 *(.debug_frame)
 .debug_frame   0x00000000      0x5fc Cocktail_functions.o
 .debug_frame   0x000005fc      0x2dc Cocktail_Statemachine.o
 .debug_frame   0x000008d8      0x22c Getraenk.o
 .debug_frame   0x00000b04       0xf4 Zutaten.o
 .debug_frame   0x00000bf8      0x13c Main_Func.o
 .debug_frame   0x00000d34      0x114 Nextion_Display.o
 .debug_frame   0x00000e48       0xdc ring_buffer.o
 .debug_frame   0x00000f24      0x3b8 FAT32.o
 .debug_frame   0x000012dc       0xdc SD_routines.o
 .debug_frame   0x000013b8       0x74 SPI.o
 .debug_frame   0x0000142c       0x78 TAGS.o
 .debug_frame   0x000014a4      0x34c UART.o
 .debug_frame   0x000017f0       0x24 main.o

.debug_str      0x00000000     0x24e3
 *(.debug_str)
 .debug_str     0x00000000      0x3e6 C:/Program Files (x86)/Atmel/Studio/7.0/Packs/atmel/ATmega_DFP/1.3.300/gcc/dev/atmega2560/avr6/crtatmega2560.o
 .debug_str     0x000003e6      0xce9 Cocktail_functions.o
                                0xdc4 (size before relaxing)
 .debug_str     0x000010cf      0x7b7 Cocktail_Statemachine.o
                               0x131b (size before relaxing)
 .debug_str     0x00001886      0x15a Getraenk.o
                                0xa49 (size before relaxing)
 .debug_str     0x000019e0      0x100 Zutaten.o
                                0x660 (size before relaxing)
 .debug_str     0x00001ae0      0x1c9 Main_Func.o
                                0xac5 (size before relaxing)
 .debug_str     0x00001ca9       0x52 Nextion_Display.o
                                0x962 (size before relaxing)
 .debug_str     0x00001cfb       0x5a ring_buffer.o
                                0x206 (size before relaxing)
 .debug_str     0x00001d55      0x533 FAT32.o
                                0x931 (size before relaxing)
 .debug_str     0x00002288       0x69 SD_routines.o
                                0x358 (size before relaxing)
 .debug_str     0x000022f1       0x5d SPI.o
                                0x250 (size before relaxing)
 .debug_str     0x0000234e       0x50 TAGS.o
                                0x255 (size before relaxing)
 .debug_str     0x0000239e       0x9c UART.o
                                0x384 (size before relaxing)
 .debug_str     0x0000243a       0xa9 main.o
                                0x942 (size before relaxing)

.debug_loc      0x00000000     0x8794
 *(.debug_loc)
 .debug_loc     0x00000000     0x240a Cocktail_functions.o
 .debug_loc     0x0000240a     0x1132 Cocktail_Statemachine.o
 .debug_loc     0x0000353c      0xf7e Getraenk.o
 .debug_loc     0x000044ba      0x59a Zutaten.o
 .debug_loc     0x00004a54      0x324 Main_Func.o
 .debug_loc     0x00004d78      0x495 Nextion_Display.o
 .debug_loc     0x0000520d      0x58d ring_buffer.o
 .debug_loc     0x0000579a     0x1e44 FAT32.o
 .debug_loc     0x000075de      0x729 SD_routines.o
 .debug_loc     0x00007d07       0x9d SPI.o
 .debug_loc     0x00007da4      0x1f7 TAGS.o
 .debug_loc     0x00007f9b      0x7f9 UART.o

.debug_macinfo
 *(.debug_macinfo)

.debug_weaknames
 *(.debug_weaknames)

.debug_funcnames
 *(.debug_funcnames)

.debug_typenames
 *(.debug_typenames)

.debug_varnames
 *(.debug_varnames)

.debug_pubtypes
 *(.debug_pubtypes)

.debug_ranges   0x00000000      0x708
 *(.debug_ranges)
 .debug_ranges  0x00000000      0x238 Cocktail_functions.o
 .debug_ranges  0x00000238       0xf8 Cocktail_Statemachine.o
 .debug_ranges  0x00000330       0x98 Getraenk.o
 .debug_ranges  0x000003c8       0x38 Zutaten.o
 .debug_ranges  0x00000400       0xd0 Main_Func.o
 .debug_ranges  0x000004d0       0x40 Nextion_Display.o
 .debug_ranges  0x00000510       0x40 ring_buffer.o
 .debug_ranges  0x00000550       0x98 FAT32.o
 .debug_ranges  0x000005e8       0x30 SD_routines.o
 .debug_ranges  0x00000618       0x38 SPI.o
 .debug_ranges  0x00000650       0x20 TAGS.o
 .debug_ranges  0x00000670       0x88 UART.o
 .debug_ranges  0x000006f8       0x10 main.o

.debug_macro
 *(.debug_macro)
OUTPUT(Mikrocontroller.elf elf32-avr)
LOAD linker stubs
