Archive member included to satisfy reference by file (symbol)

c:/program files (x86)/atmel/studio/7.0/toolchain/avr8/avr8-gnu-toolchain/bin/../lib/gcc/avr/5.4.0/avr6\libgcc.a(_mulsi3.o)
                              Cocktail_functions.o (__mulsi3)
c:/program files (x86)/atmel/studio/7.0/toolchain/avr8/avr8-gnu-toolchain/bin/../lib/gcc/avr/5.4.0/avr6\libgcc.a(_udivmodsi4.o)
                              Cocktail_functions.o (__udivmodsi4)
c:/program files (x86)/atmel/studio/7.0/toolchain/avr8/avr8-gnu-toolchain/bin/../lib/gcc/avr/5.4.0/avr6\libgcc.a(_divmodsi4.o)
                              tmc4671.o (__divmodsi4)
c:/program files (x86)/atmel/studio/7.0/toolchain/avr8/avr8-gnu-toolchain/bin/../lib/gcc/avr/5.4.0/avr6\libgcc.a(_negsi2.o)
                              c:/program files (x86)/atmel/studio/7.0/toolchain/avr8/avr8-gnu-toolchain/bin/../lib/gcc/avr/5.4.0/avr6\libgcc.a(_divmodsi4.o) (__negsi2)
c:/program files (x86)/atmel/studio/7.0/toolchain/avr8/avr8-gnu-toolchain/bin/../lib/gcc/avr/5.4.0/avr6\libgcc.a(_exit.o)
                              C:/Program Files (x86)/Atmel/Studio/7.0/Packs/atmel/ATmega_DFP/1.3.300/gcc/dev/atmega2560/avr6/crtatmega2560.o (exit)
c:/program files (x86)/atmel/studio/7.0/toolchain/avr8/avr8-gnu-toolchain/bin/../lib/gcc/avr/5.4.0/avr6\libgcc.a(_tablejump2.o)
                              Cocktail_functions.o (__tablejump2__)
c:/program files (x86)/atmel/studio/7.0/toolchain/avr8/avr8-gnu-toolchain/bin/../lib/gcc/avr/5.4.0/avr6\libgcc.a(_copy_data.o)
                              Cocktail_functions.o (__do_copy_data)
c:/program files (x86)/atmel/studio/7.0/toolchain/avr8/avr8-gnu-toolchain/bin/../lib/gcc/avr/5.4.0/avr6\libgcc.a(_clear_bss.o)
                              Cocktail_functions.o (__do_clear_bss)
c:/program files (x86)/atmel/studio/7.0/toolchain/avr8/avr8-gnu-toolchain/bin/../lib/gcc/avr/5.4.0/avr6\libgcc.a(_umulhisi3.o)
                              FAT32.o (__umulhisi3)
c:/program files (x86)/atmel/studio/7.0/toolchain/avr8/avr8-gnu-toolchain/bin/../lib/gcc/avr/5.4.0/avr6\libgcc.a(_usmulhisi3.o)
                              tmc4671.o (__usmulhisi3)
c:/program files (x86)/atmel/studio/7.0/toolchain/avr8/avr8-gnu-toolchain/bin/../lib/gcc/avr/5.4.0/avr6\libgcc.a(_muluhisi3.o)
                              Cocktail_functions.o (__muluhisi3)
c:/program files (x86)/atmel/studio/7.0/toolchain/avr8/avr8-gnu-toolchain/bin/../lib/gcc/avr/5.4.0/../../../../avr/lib/avr6\libc.a(calloc.o)
                              Getraenk.o (calloc)
c:/program files (x86)/atmel/studio/7.0/toolchain/avr8/avr8-gnu-toolchain/bin/../lib/gcc/avr/5.4.0/../../../../avr/lib/avr6\libc.a(malloc.o)
                              c:/program files (x86)/atmel/studio/7.0/toolchain/avr8/avr8-gnu-toolchain/bin/../lib/gcc/avr/5.4.0/../../../../avr/lib/avr6\libc.a(calloc.o) (malloc)
c:/program files (x86)/atmel/studio/7.0/toolchain/avr8/avr8-gnu-toolchain/bin/../lib/gcc/avr/5.4.0/../../../../avr/lib/avr6\libc.a(atoi.o)
                              Cocktail_functions.o (atoi)
c:/program files (x86)/atmel/studio/7.0/toolchain/avr8/avr8-gnu-toolchain/bin/../lib/gcc/avr/5.4.0/../../../../avr/lib/avr6\libc.a(strtok.o)
                              Cocktail_functions.o (strtok)
c:/program files (x86)/atmel/studio/7.0/toolchain/avr8/avr8-gnu-toolchain/bin/../lib/gcc/avr/5.4.0/../../../../avr/lib/avr6\libc.a(memset.o)
                              c:/program files (x86)/atmel/studio/7.0/toolchain/avr8/avr8-gnu-toolchain/bin/../lib/gcc/avr/5.4.0/../../../../avr/lib/avr6\libc.a(calloc.o) (memset)
c:/program files (x86)/atmel/studio/7.0/toolchain/avr8/avr8-gnu-toolchain/bin/../lib/gcc/avr/5.4.0/../../../../avr/lib/avr6\libc.a(strcat.o)
                              Cocktail_functions.o (strcat)
c:/program files (x86)/atmel/studio/7.0/toolchain/avr8/avr8-gnu-toolchain/bin/../lib/gcc/avr/5.4.0/../../../../avr/lib/avr6\libc.a(strcpy.o)
                              Cocktail_functions.o (strcpy)
c:/program files (x86)/atmel/studio/7.0/toolchain/avr8/avr8-gnu-toolchain/bin/../lib/gcc/avr/5.4.0/../../../../avr/lib/avr6\libc.a(strncpy.o)
                              Getraenk.o (strncpy)
c:/program files (x86)/atmel/studio/7.0/toolchain/avr8/avr8-gnu-toolchain/bin/../lib/gcc/avr/5.4.0/../../../../avr/lib/avr6\libc.a(strtok_r.o)
                              c:/program files (x86)/atmel/studio/7.0/toolchain/avr8/avr8-gnu-toolchain/bin/../lib/gcc/avr/5.4.0/../../../../avr/lib/avr6\libc.a(strtok.o) (strtok_r)
c:/program files (x86)/atmel/studio/7.0/toolchain/avr8/avr8-gnu-toolchain/bin/../lib/gcc/avr/5.4.0/../../../../avr/lib/avr6\libc.a(itoa_ncheck.o)
                              Cocktail_functions.o (__itoa_ncheck)
c:/program files (x86)/atmel/studio/7.0/toolchain/avr8/avr8-gnu-toolchain/bin/../lib/gcc/avr/5.4.0/../../../../avr/lib/avr6\libc.a(mul10.o)
[...]
Memory Configuration

Name             Origin             Length             Attributes
text             0x00000000         0x00100000         xr
data             0x00800200         0x0000fe00         rw !x
eeprom           0x00810000         0x00010000         rw !x
fuse             0x00820000         0x00000003         rw !x
lock             0x00830000         0x00000400         rw !x
signature        0x00840000         0x00000400         rw !x
user_signatures  0x00850000         0x00000400         rw !x
*default*        0x00000000         0xffffffff

Linker script and memory map

Address of section .data set to 0x800200
LOAD C:/Program Files (x86)/Atmel/Studio/7.0/Packs/atmel/ATmega_DFP/1.3.300/gcc/dev/atmega2560/avr6/crtatmega2560.o
LOAD Cocktail_functions.o
LOAD Cocktail_Statemachine.o
LOAD Getraenk.o
LOAD Zutaten.o
LOAD Main_Func.o
LOAD Nextion_Display.o
LOAD mfrc522.o
LOAD ring_buffer.o
LOAD FAT32.o
LOAD SD_routines.o
LOAD SPI.o
LOAD tmc4671.o
LOAD TMC6200.o
LOAD UART.o
LOAD main.o
START GROUP
LOAD c:/program files (x86)/atmel/studio/7.0/toolchain/avr8/avr8-gnu-toolchain/bin/../lib/gcc/avr/5.4.0/../../../../avr/lib/avr6\libm.a
END GROUP
START GROUP
LOAD c:/program files (x86)/atmel/studio/7.0/toolchain/avr8/avr8-gnu-toolchain/bin/../lib/gcc/avr/5.4.0/avr6\libgcc.a
LOAD c:/program files (x86)/atmel/studio/7.0/toolchain/avr8/avr8-gnu-toolchain/bin/../lib/gcc/avr/5.4.0/../../../../avr/lib/avr6\libm.a
LOAD c:/program files (x86)/atmel/studio/7.0/toolchain/avr8/avr8-gnu-toolchain/bin/../lib/gcc/avr/5.4.0/../../../../avr/lib/avr6\libc.a
LOAD C:/Program Files (x86)/Atmel/Studio/7.0/Packs/atmel/ATmega_DFP/1.3.300/gcc/dev/atmega2560/avr6\libatmega2560.a
END GROUP
                0x00000000                __TEXT_REGION_ORIGIN__ = DEFINED (__TEXT_REGION_ORIGIN__)?__TEXT_REGION_ORIGIN__:0x0
                0x00800200                __DATA_REGION_ORIGIN__ = DEFINED (__DATA_REGION_ORIGIN__)?__DATA_REGION_ORIGIN__:0x800200
                0x00100000                __TEXT_REGION_LENGTH__ = DEFINED (__TEXT_REGION_LENGTH__)?__TEXT_REGION_LENGTH__:0x100000
                0x0000fe00                __DATA_REGION_LENGTH__ = DEFINED (__DATA_REGION_LENGTH__)?__DATA_REGION_LENGTH__:0xfe00
                0x00010000                __EEPROM_REGION_LENGTH__ = DEFINED (__EEPROM_REGION_LENGTH__)?__EEPROM_REGION_LENGTH__:0x10000
                [0x00000003]                __FUSE_REGION_LENGTH__ = DEFINED (__FUSE_REGION_LENGTH__)?__FUSE_REGION_LENGTH__:0x400
                0x00000400                __LOCK_REGION_LENGTH__ = DEFINED (__LOCK_REGION_LENGTH__)?__LOCK_REGION_LENGTH__:0x400
                0x00000400                __SIGNATURE_REGION_LENGTH__ = DEFINED (__SIGNATURE_REGION_LENGTH__)?__SIGNATURE_REGION_LENGTH__:0x400
                0x00000400                __USER_SIGNATURE_REGION_LENGTH__ = DEFINED (__USER_SIGNATURE_REGION_LENGTH__)?__USER_SIGNATURE_REGION_LENGTH__:0x400

.hash
 *(.hash)

.dynsym
 *(.dynsym)

.dynstr
 *(.dynstr)

.gnu.version
 *(.gnu.version)

.gnu.version_d
 *(.gnu.version_d)

.gnu.version_r
 *(.gnu.version_r)

.rel.init
 *(.rel.init)

.rela.init
 *(.rela.init)

.rel.text
 *(.rel.text)
 *(.rel.text.*)
 *(.rel.gnu.linkonce.t*)

.rela.text
 *(.rela.text)
 *(.rela.text.*)
 *(.rela.gnu.linkonce.t*)

.rel.fini
 *(.rel.fini)

.rela.fini
 *(.rela.fini)

.rel.rodata
 *(.rel.rodata)
 *(.rel.rodata.*)
 *(.rel.gnu.linkonce.r*)

.rela.rodata
 *(.rela.rodata)
 *(.rela.rodata.*)
 *(.rela.gnu.linkonce.r*)

.rel.data
 *(.rel.data)
 *(.rel.data.*)
 *(.rel.gnu.linkonce.d*)

.rela.data
 *(.rela.data)
 *(.rela.data.*)
 *(.rela.gnu.linkonce.d*)

.rel.ctors
 *(.rel.ctors)

.rela.ctors
 *(.rela.ctors)

.rel.dtors
 *(.rel.dtors)

.rela.dtors
 *(.rela.dtors)

.rel.got
 *(.rel.got)

.rela.got
 *(.rela.got)

.rel.bss
 *(.rel.bss)

.rela.bss
 *(.rela.bss)

.rel.plt
 *(.rel.plt)

.rela.plt
 *(.rela.plt)

.text           0x00000000     0x5d58
 *(.vectors)
 .vectors       0x00000000       0xe4 C:/Program Files (x86)/Atmel/Studio/7.0/Packs/atmel/ATmega_DFP/1.3.300/gcc/dev/atmega2560/avr6/crtatmega2560.o
                0x00000000                __vector_default
                0x00000000                __vectors
 *(.vectors)
 *(.progmem.gcc*)
 .progmem.gcc_sw_table.schalte_pumpe_ein
                0x000000e4       0x18 Cocktail_functions.o
 .progmem.gcc_sw_table.schalte_pumpe_aus
                0x000000fc       0x18 Cocktail_functions.o
 .progmem.gcc_sw_table.lese_sensor
                0x00000114       0x18 Cocktail_functions.o
 .progmem.gcc_sw_table.check_startseite
                0x0000012c       0x10 Cocktail_Statemachine.o
 .progmem.gcc_sw_table.check_listenanzeige
                0x0000013c       0x14 Cocktail_Statemachine.o
 .progmem.gcc_sw_table.check_menuanzeige
                0x00000150        0xe Cocktail_Statemachine.o
 .progmem.gcc_sw_table.check_bearbeitungsanzeige
                0x0000015e       0x14 Cocktail_Statemachine.o
 .progmem.gcc_sw_table.check_ceinstanzeige
                0x00000172       0x10 Cocktail_Statemachine.o
 .progmem.gcc_sw_table.check_erstanzeige1
                0x00000182       0x3e Cocktail_Statemachine.o
 .progmem.gcc_sw_table.check_posanzeige
                0x000001c0       0x1a Cocktail_Statemachine.o
 .progmem.gcc_sw_table.check_fluessanzeige1
                0x000001da       0x14 Cocktail_Statemachine.o
 .progmem.gcc_sw_table.check_RFIDAnzeige1
                0x000001ee       0x12 Cocktail_Statemachine.o
 .progmem.gcc_sw_table.cocktail_check_command
                0x00000200       0x30 Cocktail_Statemachine.o
                0x00000230                . = ALIGN (0x2)
                0x00000230                __trampolines_start = .
 *(.trampolines)
 .trampolines   0x00000230        0x0 linker stubs
 *(.trampolines*)
                0x00000230                __trampolines_end = .
 *libprintf_flt.a:*(.progmem.data)
 *libc.a:*(.progmem.data)
 *(.progmem*)
                0x00000230                . = ALIGN (0x2)
 *(.jumptables)
 *(.jumptables*)
 *(.lowtext)
 *(.lowtext*)
                0x00000230                __ctors_start = .
 *(.ctors)
                0x00000230                __ctors_end = .
                0x00000230                __dtors_start = .
 *(.dtors)
                0x00000230                __dtors_end = .
 SORT(*)(.ctors)
 SORT(*)(.dtors)
 *(.init0)
 .init0         0x00000230        0x0 C:/Program Files (x86)/Atmel/Studio/7.0/Packs/atmel/ATmega_DFP/1.3.300/gcc/dev/atmega2560/avr6/crtatmega2560.o
                0x00000230                __init
 *(.init0)
 *(.init1)
 *(.init1)
 *(.init2)
 .init2         0x00000230       0x10 C:/Program Files (x86)/Atmel/Studio/7.0/Packs/atmel/ATmega_DFP/1.3.300/gcc/dev/atmega2560/avr6/crtatmega2560.o
 *(.init2)
 *(.init3)
 *(.init3)
 *(.init4)
 .init4         0x00000240       0x1a c:/program files (x86)/atmel/studio/7.0/toolchain/avr8/avr8-gnu-toolchain/bin/../lib/gcc/avr/5.4.0/avr6\libgcc.a(_copy_data.o)
                0x00000240                __do_copy_data
 .init4         0x0000025a       0x10 c:/program files (x86)/atmel/studio/7.0/toolchain/avr8/avr8-gnu-toolchain/bin/../lib/gcc/avr/5.4.0/avr6\libgcc.a(_clear_bss.o)
                0x0000025a                __do_clear_bss
 *(.init4)
 *(.init5)
 *(.init5)
 *(.init6)
 *(.init6)
 *(.init7)
 *(.init7)
 *(.init8)
 *(.init8)
 *(.init9)
 .init9         0x0000026a        0x8 C:/Program Files (x86)/Atmel/Studio/7.0/Packs/atmel/ATmega_DFP/1.3.300/gcc/dev/atmega2560/avr6/crtatmega2560.o
 *(.init9)
 *(.text)
 .text          0x00000272        0x2 C:/Program Files (x86)/Atmel/Studio/7.0/Packs/atmel/ATmega_DFP/1.3.300/gcc/dev/atmega2560/avr6/crtatmega2560.o
                0x00000272                __vector_38
                0x00000272                __vector_22
                0x00000272                __vector_28
                0x00000272                __vector_1
                0x00000272                __vector_32
                0x00000272                __vector_34
                0x00000272                __vector_24
                0x00000272                __vector_12
                0x00000272                __vector_46
                0x00000272                __bad_interrupt
                0x00000272                __vector_6
                0x00000272                __vector_31
                0x00000272                __vector_35
                0x00000272                __vector_39
                0x00000272                __vector_3
                0x00000272                __vector_23
                0x00000272                __vector_30
                0x00000272                __vector_45
                0x00000272                __vector_11
                0x00000272                __vector_13
                0x00000272                __vector_17
                0x00000272                __vector_19
                0x00000272                __vector_56
                0x00000272                __vector_7
                0x00000272                __vector_49
                0x00000272                __vector_41
                0x00000272                __vector_43
                0x00000272                __vector_27
                0x00000272                __vector_5
                0x00000272                __vector_33
                0x00000272                __vector_47
                0x00000272                __vector_4
                0x00000272                __vector_44
                0x00000272                __vector_9
                0x00000272                __vector_2
                0x00000272                __vector_21
                0x00000272                __vector_15
                0x00000272                __vector_29
                0x00000272                __vector_40
                0x00000272                __vector_8
                0x00000272                __vector_48
                0x00000272                __vector_14
                0x00000272                __vector_53
                0x00000272                __vector_10
                0x00000272                __vector_50
                0x00000272                __vector_16
                0x00000272                __vector_18
                0x00000272                __vector_20
                0x00000272                __vector_42
                0x00000274                . = ALIGN (0x2)
 *(.text.*)
 .text.cocktail_test_command
                0x00000274        0xe Cocktail_functions.o
                0x00000274                cocktail_test_command
 .text.schreibe_Menge_in_Getraenk
                0x00000282      0x1ce Cocktail_functions.o
                0x00000282                schreibe_Menge_in_Getraenk
 .text.schalte_pumpe_ein
                0x00000450       0x6e Cocktail_functions.o
                0x00000450                schalte_pumpe_ein
 .text.schalte_pumpe_aus
                0x000004be       0x6e Cocktail_functions.o
                0x000004be                schalte_pumpe_aus
 .text.lese_sensor
                0x0000052c       0x74 Cocktail_functions.o
                0x0000052c                lese_sensor
 .text.erstelle_Liste_zutat
                0x000005a0      0x25c Cocktail_functions.o
                0x000005a0                erstelle_Liste_zutat
 .text.setze_startanzeige
                0x000007fc       0x94 Cocktail_functions.o
                0x000007fc                setze_startanzeige
 .text.fuelle_getraenk
                0x00000890      0x2f0 Cocktail_functions.o
                0x00000890                fuelle_getraenk
 .text.zubereitung_getraenk
                0x00000b80       0x68 Cocktail_functions.o
                0x00000b80                zubereitung_getraenk
 .text.compare_string
                0x00000be8       0x40 Cocktail_functions.o
                0x00000be8                compare_string
 .text.pruefe_kopf
                0x00000c28        0xc Cocktail_functions.o
                0x00000c28                pruefe_kopf
 .text.lese_textfile_in_getraenk
                0x00000c34      0x18a Cocktail_functions.o
                0x00000c34                lese_textfile_in_getraenk
 .text.choose_aktuellesGetraenk
                0x00000dbe       0x56 Cocktail_functions.o
                0x00000dbe                choose_aktuellesGetraenk
 .text.bearbeite_Cocktail
                0x00000e14       0x24 Cocktail_functions.o
                0x00000e14                bearbeite_Cocktail
 .text.erstelle_Liste_name
                0x00000e38      0x1d4 Cocktail_functions.o
                0x00000e38                erstelle_Liste_name
 .text.schiebe_file_next
                0x0000100c       0x1c Cocktail_functions.o
                0x0000100c                schiebe_file_next
 .text.schiebe_file_prev
                0x00001028       0x1c Cocktail_functions.o
                0x00001028                schiebe_file_prev
 .text.SD_startup
                0x00001044       0xfc Cocktail_functions.o
                0x00001044                SD_startup
 .text.erstelle_File
                0x00001140      0x22c Cocktail_functions.o
                0x00001140                erstelle_File
 .text.loesche_FIle
                0x0000136c       0x66 Cocktail_functions.o
                0x0000136c                loesche_FIle
 .text.erstelle_Liste_Zutat_Pos
                0x000013d2      0x1d0 Cocktail_functions.o
                0x000013d2                erstelle_Liste_Zutat_Pos
 .text.lese_textfile_in_zutat
                0x000015a2      0x124 Cocktail_functions.o
                0x000015a2                lese_textfile_in_zutat
 .text.erstelle_Zutatenliste
                0x000016c6      0x1b8 Cocktail_functions.o
                0x000016c6                erstelle_Zutatenliste
 .text.setze_Posanzeige_Rot_Gruen
                0x0000187e      0x10c Cocktail_functions.o
                0x0000187e                setze_Posanzeige_Rot_Gruen
 .text.init_Getraenke_func
                0x0000198a       0x18 Cocktail_Statemachine.o
                0x0000198a                init_Getraenke_func
 .text.check_startseite
                0x000019a2      0x1c0 Cocktail_Statemachine.o
                0x000019a2                check_startseite
 .text.check_zutatenanzeige
                0x00001b62       0x26 Cocktail_Statemachine.o
                0x00001b62                check_zutatenanzeige
 .text.check_listenanzeige
                0x00001b88       0xe6 Cocktail_Statemachine.o
                0x00001b88                check_listenanzeige
 .text.check_zubabfrage
                0x00001c6e       0xc2 Cocktail_Statemachine.o
                0x00001c6e                check_zubabfrage
 .text.check_zubbildschirm
                0x00001d30        0xa Cocktail_Statemachine.o
                0x00001d30                check_zubbildschirm
 .text.check_menuanzeige
                0x00001d3a       0x9e Cocktail_Statemachine.o
                0x00001d3a                check_menuanzeige
 .text.check_bearbeitungsanzeige
                0x00001dd8       0x8e Cocktail_Statemachine.o
                0x00001dd8                check_bearbeitungsanzeige
 .text.check_ceinstanzeige
                0x00001e66       0xd0 Cocktail_Statemachine.o
                0x00001e66                check_ceinstanzeige
 .text.check_reinanzeige1
                0x00001f36       0x1a Cocktail_Statemachine.o
                0x00001f36                check_reinanzeige1
 .text.check_reinanzeige2
                0x00001f50       0x8c Cocktail_Statemachine.o
                0x00001f50                check_reinanzeige2
 .text.check_reinanzeige3
                0x00001fdc       0x12 Cocktail_Statemachine.o
                0x00001fdc                check_reinanzeige3
 .text.check_infoanzeige
                0x00001fee        0xc Cocktail_Statemachine.o
                0x00001fee                check_infoanzeige
 .text.check_erstanzeige1
                0x00001ffa      0x5f0 Cocktail_Statemachine.o
                0x00001ffa                check_erstanzeige1
 .text.check_erstanzeige2
                0x000025ea      0x122 Cocktail_Statemachine.o
                0x000025ea                check_erstanzeige2
 .text.check_loeschanzeige
                0x0000270c      0x138 Cocktail_Statemachine.o
                0x0000270c                check_loeschanzeige
 .text.check_posanzeige
                0x00002844       0xf8 Cocktail_Statemachine.o
                0x00002844                check_posanzeige
 .text.check_fluessanzeige1
                0x0000293c       0xc2 Cocktail_Statemachine.o
                0x0000293c                check_fluessanzeige1
 .text.check_fluessanzeige2
                0x000029fe       0x64 Cocktail_Statemachine.o
                0x000029fe                check_fluessanzeige2
 .text.check_RFIDAnzeige1
                0x00002a62       0xd0 Cocktail_Statemachine.o
                0x00002a62                check_RFIDAnzeige1
 .text.check_RFIDAnzeige2
                0x00002b32       0x62 Cocktail_Statemachine.o
                0x00002b32                check_RFIDAnzeige2
 .text.check_RFIDFehler
                0x00002b94       0x12 Cocktail_Statemachine.o
                0x00002b94                check_RFIDFehler
 .text.cocktail_check_command
                0x00002ba6       0xa6 Cocktail_Statemachine.o
                0x00002ba6                cocktail_check_command
 .text.create_new_getraenk
                0x00002c4c       0xe2 Getraenk.o
                0x00002c4c                create_new_getraenk
 .text.insert_at_head
                0x00002d2e       0x56 Getraenk.o
                0x00002d2e                insert_at_head
 .text.create_new_getraenk_file
                0x00002d84       0x18 Getraenk.o
                0x00002d84                create_new_getraenk_file
 .text.insert_file_at_head
                0x00002d9c       0x56 Getraenk.o
                0x00002d9c                insert_file_at_head
 .text.cocktails_init
                0x00002df2       0xec Getraenk.o
                0x00002df2                cocktails_init
 .text.create_neue_zutat
                0x00002ede       0x7a Zutaten.o
                0x00002ede                create_neue_zutat
 .text.insert_zutat_at_head
                0x00002f58       0x56 Zutaten.o
                0x00002f58                insert_zutat_at_head
 .text.create_neue_zutat_test
                0x00002fae       0x7a Zutaten.o
                0x00002fae                create_neue_zutat_test
 .text.insert_zutat_at_head_test
                0x00003028       0x50 Zutaten.o
                0x00003028                insert_zutat_at_head_test
 .text.create_neue_zutat_Maschine
                0x00003078       0x8c Zutaten.o
                0x00003078                create_neue_zutat_Maschine
 .text.insert_zutat_Maschine_at_head
                0x00003104       0x50 Zutaten.o
                0x00003104                insert_zutat_Maschine_at_head
 .text.create_new_zutat_file
                0x00003154       0x18 Zutaten.o
                0x00003154                create_new_zutat_file
 .text.insert_zutat_file_at_head
                0x0000316c       0x56 Zutaten.o
                0x0000316c                insert_zutat_file_at_head
 .text.zutaten_init
                0x000031c2      0x304 Zutaten.o
                0x000031c2                zutaten_init
 .text.IO_init  0x000034c6       0x2e Main_Func.o
                0x000034c6                IO_init
 .text.toggle_LED
                0x000034f4        0xa Main_Func.o
                0x000034f4                toggle_LED
 .text.heartbeat_LED
                0x000034fe       0x16 Main_Func.o
                0x000034fe                heartbeat_LED
 .text.check_Communication_Input_UART_0
                0x00003514       0x5a Main_Func.o
                0x00003514                check_Communication_Input_UART_0
 .text.proceed_Communication_Input_UART_0
                0x0000356e        0xa Main_Func.o
                0x0000356e                proceed_Communication_Input_UART_0
 .text.check_Communication_Input_UART_1
                0x00003578      0x112 Main_Func.o
                0x00003578                check_Communication_Input_UART_1
 .text.proceed_Communication_INPUT_UART_1
                0x0000368a       0x24 Main_Func.o
                0x0000368a                proceed_Communication_INPUT_UART_1
 .text.check_Communication_Input_UART_2
                0x000036ae       0xde Main_Func.o
                0x000036ae                check_Communication_Input_UART_2
 .text.proceed_Communication_Input_UART_2
                0x0000378c       0x20 Main_Func.o
                0x0000378c                proceed_Communication_Input_UART_2
 .text.check_Communication_Input_UART
                0x000037ac       0x14 Main_Func.o
                0x000037ac                check_Communication_Input_UART
 .text.endConversation
                0x000037c0       0x2c Nextion_Display.o
                0x000037c0                endConversation
 .text.nextion_change_page
                0x000037ec       0x3e Nextion_Display.o
                0x000037ec                nextion_change_page
 .text.nextion_setText
                0x0000382a       0x30 Nextion_Display.o
                0x0000382a                nextion_setText
 .text.nextion_setValue
                0x0000385a       0x20 Nextion_Display.o
                0x0000385a                nextion_setValue
 .text.nextion_setPicture
                0x0000387a       0x4c Nextion_Display.o
                0x0000387a                nextion_setPicture
 .text.nextion_getSliderValue
                0x000038c6       0x9c Nextion_Display.o
                0x000038c6                nextion_getSliderValue
 .text.nextion_disableButton
                0x00003962       0x72 Nextion_Display.o
                0x00003962                nextion_disableButton
 .text.mfrc522_write
                0x000039d4       0x2a mfrc522.o
                0x000039d4                mfrc522_write
 .text.mfrc522_read
                0x000039fe       0x66 mfrc522.o
                0x000039fe                mfrc522_read
 .text.RB_init  0x00003a64        0x8 ring_buffer.o
                0x00003a64                RB_init
 .text.RB_free  0x00003a6c       0x16 ring_buffer.o
                0x00003a6c                RB_free
 .text.RB_length
                0x00003a82       0x18 ring_buffer.o
                0x00003a82                RB_length
 .text.RB_readByte
                0x00003a9a       0x28 ring_buffer.o
                0x00003a9a                RB_readByte
 .text.RB_writeByte
                0x00003ac2       0x3a ring_buffer.o
                0x00003ac2                RB_writeByte
 .text.RB_write
                0x00003afc       0x64 ring_buffer.o
                0x00003afc                RB_write
 .text.getFirstSector
                0x00003b60       0x42 FAT32.o
                0x00003b60                getFirstSector
 .text.getSetNextCluster
                0x00003ba2       0xf2 FAT32.o
                0x00003ba2                getSetNextCluster
 .text.getSetFreeCluster
                0x00003c94      0x124 FAT32.o
                0x00003c94                getSetFreeCluster
 .text.getBootSectorData
                0x00003db8      0x180 FAT32.o
                0x00003db8                getBootSectorData
 .text.convertFileName
                0x00003f38      0x120 FAT32.o
                0x00003f38                convertFileName
 .text.searchNextFreeCluster
                0x00004058      0x144 FAT32.o
                0x00004058                searchNextFreeCluster
 .text.displayMemory
                0x0000419c       0xc2 FAT32.o
                0x0000419c                displayMemory
 .text.freeMemoryUpdate
                0x0000425e       0xdc FAT32.o
                0x0000425e                freeMemoryUpdate
 .text.findFiles
                0x0000433a      0x3ce FAT32.o
                0x0000433a                findFiles
 .text.readFile
                0x00004708      0x1bc FAT32.o
                0x00004708                readFile
 .text.deleteFile
                0x000048c4       0x18 FAT32.o
                0x000048c4                deleteFile
 .text.writeFile
                0x000048dc      0x7e4 FAT32.o
                0x000048dc                writeFile
 .text.SD_sendCommand
                0x000050c0       0xb4 SD_routines.o
                0x000050c0                SD_sendCommand
 .text.SD_init  0x00005174      0x124 SD_routines.o
                0x00005174                SD_init
 .text.SD_readSingleBlock
                0x00005298       0x50 SD_routines.o
                0x00005298                SD_readSingleBlock
 .text.SD_writeSingleBlock
                0x000052e8       0x82 SD_routines.o
                0x000052e8                SD_writeSingleBlock
 .text.spi_transmit
                0x0000536a        0xc SPI.o
                0x0000536a                spi_transmit
 .text.spi_receive
                0x00005376        0xe SPI.o
                0x00005376                spi_receive
 .text.enable_Slave
                0x00005384       0x28 SPI.o
                0x00005384                enable_Slave
 .text.disable_Slave
                0x000053ac       0x28 SPI.o
                0x000053ac                disable_Slave
 .text.SPI_init
                0x000053d4       0x14 SPI.o
                0x000053d4                SPI_init
 .text.tx_completed
                0x000053e8        0x6 UART.o
                0x000053e8                tx_completed
 .text.UART_init
                0x000053ee       0xfa UART.o
                0x000053ee                UART_init
 .text.Uart_Transmit_IT_PC
                0x000054e8       0x26 UART.o
                0x000054e8                Uart_Transmit_IT_PC
 .text.Uart_Transmit_IT_Display
                0x0000550e       0x2c UART.o
                0x0000550e                Uart_Transmit_IT_Display
 .text.__vector_26
                0x0000553a       0x7e UART.o
                0x0000553a                __vector_26
 .text.__vector_25
                0x000055b8       0x58 UART.o
                0x000055b8                __vector_25
 .text.__vector_37
                0x00005610       0x7e UART.o
                0x00005610                __vector_37
 .text.__vector_36
                0x0000568e       0x58 UART.o
                0x0000568e                __vector_36
 .text.__vector_52
                0x000056e6       0x7e UART.o
                0x000056e6                __vector_52
 .text.__vector_51
                0x00005764       0x58 UART.o
                0x00005764                __vector_51
 .text.__vector_55
                0x000057bc       0x7e UART.o
                0x000057bc                __vector_55
 .text.__vector_54
                0x0000583a       0x58 UART.o
                0x0000583a                __vector_54
 .text.transmitByte
                0x00005892       0x10 UART.o
                0x00005892                transmitByte
 .text.transmitString
                0x000058a2       0x1c UART.o
                0x000058a2                transmitString
 .text.main     0x000058be       0x46 main.o
                0x000058be                main
 .text.libgcc.mul
                0x00005904       0x1e c:/program files (x86)/atmel/studio/7.0/toolchain/avr8/avr8-gnu-toolchain/bin/../lib/gcc/avr/5.4.0/avr6\libgcc.a(_mulsi3.o)
                0x00005904                __mulsi3
 .text.libgcc.div
                0x00005922       0x44 c:/program files (x86)/atmel/studio/7.0/toolchain/avr8/avr8-gnu-toolchain/bin/../lib/gcc/avr/5.4.0/avr6\libgcc.a(_udivmodsi4.o)
                0x00005922                __udivmodsi4
 .text.libgcc   0x00005966       0x10 c:/program files (x86)/atmel/studio/7.0/toolchain/avr8/avr8-gnu-toolchain/bin/../lib/gcc/avr/5.4.0/avr6\libgcc.a(_tablejump2.o)
                0x00005966                __tablejump2__
 .text.libgcc.mul
                0x00005976       0x1e c:/program files (x86)/atmel/studio/7.0/toolchain/avr8/avr8-gnu-toolchain/bin/../lib/gcc/avr/5.4.0/avr6\libgcc.a(_umulhisi3.o)
                0x00005976                __umulhisi3
 .text.libgcc.mul
                0x00005994       0x14 c:/program files (x86)/atmel/studio/7.0/toolchain/avr8/avr8-gnu-toolchain/bin/../lib/gcc/avr/5.4.0/avr6\libgcc.a(_muluhisi3.o)
                0x00005994                __muluhisi3
 .text.avr-libc
                0x000059a8       0x34 c:/program files (x86)/atmel/studio/7.0/toolchain/avr8/avr8-gnu-toolchain/bin/../lib/gcc/avr/5.4.0/../../../../avr/lib/avr6\libc.a(calloc.o)
                0x000059a8                calloc
 .text.avr-libc
                0x000059dc      0x242 c:/program files (x86)/atmel/studio/7.0/toolchain/avr8/avr8-gnu-toolchain/bin/../lib/gcc/avr/5.4.0/../../../../avr/lib/avr6\libc.a(malloc.o)
                0x000059dc                malloc
                0x00005b0c                free
 .text.avr-libc
                0x00005c1e       0x3a c:/program files (x86)/atmel/studio/7.0/toolchain/avr8/avr8-gnu-toolchain/bin/../lib/gcc/avr/5.4.0/../../../../avr/lib/avr6\libc.a(atoi.o)
                0x00005c1e                atoi
 .text.avr-libc
                0x00005c58        0x6 c:/program files (x86)/atmel/studio/7.0/toolchain/avr8/avr8-gnu-toolchain/bin/../lib/gcc/avr/5.4.0/../../../../avr/lib/avr6\libc.a(strtok.o)
                0x00005c58                strtok
 .text.avr-libc
                0x00005c5e        0xe c:/program files (x86)/atmel/studio/7.0/toolchain/avr8/avr8-gnu-toolchain/bin/../lib/gcc/avr/5.4.0/../../../../avr/lib/avr6\libc.a(memset.o)
                0x00005c5e                memset
 .text.avr-libc
                0x00005c6c       0x16 c:/program files (x86)/atmel/studio/7.0/toolchain/avr8/avr8-gnu-toolchain/bin/../lib/gcc/avr/5.4.0/../../../../avr/lib/avr6\libc.a(strcat.o)
                0x00005c6c                strcat
 .text.avr-libc
                0x00005c82        0xe c:/program files (x86)/atmel/studio/7.0/toolchain/avr8/avr8-gnu-toolchain/bin/../lib/gcc/avr/5.4.0/../../../../avr/lib/avr6\libc.a(strcpy.o)
                0x00005c82                strcpy
 .text.avr-libc
                0x00005c90       0x4e c:/program files (x86)/atmel/studio/7.0/toolchain/avr8/avr8-gnu-toolchain/bin/../lib/gcc/avr/5.4.0/../../../../avr/lib/avr6\libc.a(strtok_r.o)
                0x00005c90                strtok_r
 .text.avr-libc
                0x00005cde       0x14 c:/program files (x86)/atmel/studio/7.0/toolchain/avr8/avr8-gnu-toolchain/bin/../lib/gcc/avr/5.4.0/../../../../avr/lib/avr6\libc.a(itoa_ncheck.o)
                0x00005cde                __itoa_ncheck
 .text.avr-libc
                0x00005cf2       0x10 c:/program files (x86)/atmel/studio/7.0/toolchain/avr8/avr8-gnu-toolchain/bin/../lib/gcc/avr/5.4.0/../../../../avr/lib/avr6\libc.a(mul10.o)
                0x00005cf2                __mulhi_const_10
 .text.avr-libc
                0x00005d02       0x32 c:/program files (x86)/atmel/studio/7.0/toolchain/avr8/avr8-gnu-toolchain/bin/../lib/gcc/avr/5.4.0/../../../../avr/lib/avr6\libc.a(utoa_ncheck.o)
                0x00005d02                __utoa_ncheck
                0x00005d04                __utoa_common
 .text.avr-libc
                0x00005d34       0x20 c:/program files (x86)/atmel/studio/7.0/toolchain/avr8/avr8-gnu-toolchain/bin/../lib/gcc/avr/5.4.0/../../../../avr/lib/avr6\libc.a(strrev.o)
                0x00005d34                strrev
                0x00005d54                . = ALIGN (0x2)
 *(.fini9)
 .fini9         0x00005d54        0x0 c:/program files (x86)/atmel/studio/7.0/toolchain/avr8/avr8-gnu-toolchain/bin/../lib/gcc/avr/5.4.0/avr6\libgcc.a(_exit.o)
                0x00005d54                _exit
                0x00005d54                exit
 *(.fini9)
 *(.fini8)
 *(.fini8)
 *(.fini7)
 *(.fini7)
 *(.fini6)
 *(.fini6)
 *(.fini5)
 *(.fini5)
 *(.fini4)
 *(.fini4)
 *(.fini3)
 *(.fini3)
 *(.fini2)
 *(.fini2)
 *(.fini1)
 *(.fini1)
 *(.fini0)
 .fini0         0x00005d54        0x4 c:/program files (x86)/atmel/studio/7.0/toolchain/avr8/avr8-gnu-toolchain/bin/../lib/gcc/avr/5.4.0/avr6\libgcc.a(_exit.o)
 *(.fini0)
                0x00005d58                _etext = .

.data           0x00800200      0x5cc load address 0x00005d58
                0x00800200                PROVIDE (__data_start, .)
 *(.data)
 .data          0x00800200        0x6 c:/program files (x86)/atmel/studio/7.0/toolchain/avr8/avr8-gnu-toolchain/bin/../lib/gcc/avr/5.4.0/../../../../avr/lib/avr6\libc.a(malloc.o)
                0x00800200                __malloc_heap_end
                0x00800202                __malloc_heap_start
                0x00800204                __malloc_margin
 *(.data*)
 *(.gnu.linkonce.d*)
 *(.rodata)
 .rodata        0x00800206       0x30 Cocktail_functions.o
 .rodata        0x00800236       0xf0 Zutaten.o
 *(.rodata*)
 .rodata.str1.1
                0x00800326      0x24f Cocktail_functions.o
                                0x25c (size before relaxing)
 .rodata.str1.1
                0x00800575       0x2f Cocktail_Statemachine.o
                                 0x50 (size before relaxing)
 .rodata.str1.1
                0x008005a4       0x46 Getraenk.o
                                 0x4e (size before relaxing)
 .rodata.str1.1
                0x008005ea        0xd Zutaten.o
                                 0x29 (size before relaxing)
 .rodata.str1.1
                0x008005f7       0x22 Main_Func.o
                                 0x27 (size before relaxing)
 .rodata.str1.1
                0x00800619       0x2a Nextion_Display.o
 .rodata.str1.1
                0x00800643       0x5f mfrc522.o
                                 0x64 (size before relaxing)
 .rodata.str1.1
                0x008006a2      0x129 FAT32.o
 *(.gnu.linkonce.r*)
                0x008007cc                . = ALIGN (0x2)
 *fill*         0x008007cb        0x1 
                0x008007cc                _edata = .
                0x008007cc                PROVIDE (__data_end, .)

.bss            0x008007cc      0xeb0
                0x008007cc                PROVIDE (__bss_start, .)
 *(.bss)
 .bss           0x008007cc        0x2 c:/program files (x86)/atmel/studio/7.0/toolchain/avr8/avr8-gnu-toolchain/bin/../lib/gcc/avr/5.4.0/../../../../avr/lib/avr6\libc.a(strtok.o)
 *(.bss*)
 .bss.count.3223
                0x008007ce        0x4 Cocktail_functions.o
 .bss.oldval.3222
                0x008007d2        0x1 Cocktail_functions.o
 .bss.cntr_End_UART_2
                0x008007d3        0x1 main.o
                0x008007d3                cntr_End_UART_2
 .bss.cntr_UART_2
                0x008007d4        0x1 main.o
                0x008007d4                cntr_UART_2
 .bss.cntr_End_UART_1
                0x008007d5        0x1 main.o
                0x008007d5                cntr_End_UART_1
 .bss.cntr_UART_1
                0x008007d6        0x1 main.o
                0x008007d6                cntr_UART_1
 .bss.cntr_End_UART_0
                0x008007d7        0x1 main.o
                0x008007d7                cntr_End_UART_0
 .bss.cntr_UART_0
                0x008007d8        0x1 main.o
                0x008007d8                cntr_UART_0
 *(COMMON)
 COMMON         0x008007d9      0xa95 Cocktail_functions.o
                0x008007d9                head_zutat_file
                0x008007db                rb_tx_PC
                0x008008dc                tail_getraenk_file
                0x008008de                head_zut_in_Maschine
                0x008008e0                head_getraenk
                0x008008e2                rb_tx_Display
                0x008009e3                Liste
                0x008009e4                aktuelleZutatInMaschine
                0x008009e6                tail_getraenk
                0x008009e8                head_zutat_test
                0x008009ea                appendFileLocation
                0x008009ee                address_zut
                0x008009f0                tail_zutat_file
                0x008009f2                fileName
                0x008009ff                firstDataSector
                0x00800a03                fileSize
                0x00800a07                bytesPerSector
                0x00800a09                totalClusters
                0x00800a0d                option
                0x00800a0e                aktuellesGetraenk_file
                0x00800a10                head_getraenk_file
                0x00800a12                Grossschreib
                0x00800a13                head_zut
                0x00800a15                rootCluster
                0x00800a19                block_list_runter
                0x00800a1a                rb_rx_ESP
                0x00800b1b                startBlock
                0x00800b1f                i
                0x00800b21                rb_rx_Display
                0x00800c22                buffer
                0x00800e22                SPI_Slave
                0x00800e23                sectorPerCluster
                0x00800e25                gui_buttons_0
                0x00800e26                block_list_hoch
                0x00800e27                unusedSectors
                0x00800e2b                rb_tx_RFID
                0x00800f2c                SDHC_flag
                0x00800f2d                counter
                0x00800f2e                totalBlocks
                0x00800f32                tail_zut_in_Maschine
                0x00800f34                data
                0x00800f35                buff_name
                0x00800f4a                reservedSectorCount
                0x00800f4c                aktuelles_zutat_file
                0x00800f4e                rb_rx_PC
                0x0080104f                rb_tx_ESP
                0x00801150                address_getraenk
                0x00801152                appendStartCluster
                0x00801156                test2
                0x00801157                cardType
                0x00801158                error
                0x00801159                aktuelle_zutat_test
                0x0080115b                rb_rx_RFID
                0x0080125c                gui_pages
                0x0080125d                tail_zut
                0x0080125f                tail_zutat_test
                0x00801261                i_Liste
                0x00801262                freeClusterCountUpdated
                0x00801263                stop
                0x00801264                FAT32_active
                0x00801265                appendFileSector
                0x00801269                aktuellesGetraenk
                0x0080126b                aktuelleZutat
                0x0080126d                SPI_State
 COMMON         0x0080126e        0x8 UART.o
                0x0080126e                ptr_tx_completed_1
                0x00801270                ptr_tx_completed_2
                0x00801272                ptr_tx_completed_3
                0x00801274                ptr_tx_completed_0
 COMMON         0x00801276      0x402 main.o
                0x00801276                INPUT_UART_0
                0x00801376                INPUT_UART_3
                0x00801476                INPUT_UART_1
                0x00801576                ptr_Uart_1
                0x00801578                INPUT_UART_2
 COMMON         0x00801678        0x4 c:/program files (x86)/atmel/studio/7.0/toolchain/avr8/avr8-gnu-toolchain/bin/../lib/gcc/avr/5.4.0/../../../../avr/lib/avr6\libc.a(malloc.o)
                0x00801678                __brkval
                0x0080167a                __flp
                0x0080167c                PROVIDE (__bss_end, .)
                0x00005d58                __data_load_start = LOADADDR (.data)
                0x00006324                __data_load_end = (__data_load_start + SIZEOF (.data))

.noinit         0x0080167c        0x0
                [!provide]                PROVIDE (__noinit_start, .)
 *(.noinit*)
                [!provide]                PROVIDE (__noinit_end, .)
                0x0080167c                _end = .
                0x0080167c                PROVIDE (__heap_start, .)

.eeprom         0x00810000        0x0
 *(.eeprom*)
                0x00810000                __eeprom_end = .

.fuse
 *(.fuse)
 *(.lfuse)
 *(.hfuse)
 *(.efuse)

.lock
 *(.lock*)

.signature
 *(.signature*)

.user_signatures
 *(.user_signatures*)

.stab
 *(.stab)

.stabstr
 *(.stabstr)

.stab.excl
 *(.stab.excl)

.stab.exclstr
 *(.stab.exclstr)

.stab.index
 *(.stab.index)

.stab.indexstr
 *(.stab.indexstr)

.comment        0x00000000       0x30
 *(.comment)
 .comment       0x00000000       0x30 Cocktail_functions.o
                                 0x31 (size before relaxing)
 .comment       0x00000030       0x31 Cocktail_Statemachine.o
 .comment       0x00000030       0x31 Getraenk.o
 .comment       0x00000030       0x31 Zutaten.o
 .comment       0x00000030       0x31 Main_Func.o
 .comment       0x00000030       0x31 Nextion_Display.o
 .comment       0x00000030       0x31 mfrc522.o
 .comment       0x00000030       0x31 ring_buffer.o
 .comment       0x00000030       0x31 FAT32.o
 .comment       0x00000030       0x31 SD_routines.o
 .comment       0x00000030       0x31 SPI.o
 .comment       0x00000030       0x31 UART.o
 .comment       0x00000030       0x31 main.o
 .comment       0x00000030       0x31 c:/program files (x86)/atmel/studio/7.0/toolchain/avr8/avr8-gnu-toolchain/bin/../lib/gcc/avr/5.4.0/../../../../avr/lib/avr6\libc.a(calloc.o)
 .comment       0x00000030       0x31 c:/program files (x86)/atmel/studio/7.0/toolchain/avr8/avr8-gnu-toolchain/bin/../lib/gcc/avr/5.4.0/../../../../avr/lib/avr6\libc.a(malloc.o)
 .comment       0x00000030       0x31 c:/program files (x86)/atmel/studio/7.0/toolchain/avr8/avr8-gnu-toolchain/bin/../lib/gcc/avr/5.4.0/../../../../avr/lib/avr6\libc.a(strtok.o)

.note.gnu.avr.deviceinfo
                0x00000000       0x40
 .note.gnu.avr.deviceinfo
                0x00000000       0x40 C:/Program Files (x86)/Atmel/Studio/7.0/Packs/atmel/ATmega_DFP/1.3.300/gcc/dev/atmega2560/avr6/crtatmega2560.o

.note.gnu.build-id
 *(.note.gnu.build-id)

.debug
 *(.debug)

.line
 *(.line)

.debug_srcinfo
 *(.debug_srcinfo)

.debug_sfnames
 *(.debug_sfnames)

.debug_aranges  0x00000000      0x5d8
 *(.debug_aranges)
 .debug_aranges
                0x00000000       0xe0 Cocktail_functions.o
 .debug_aranges
                0x000000e0       0xd8 Cocktail_Statemachine.o
 .debug_aranges
                0x000001b8       0x90 Getraenk.o
 .debug_aranges
                0x00000248       0x60 Zutaten.o
 .debug_aranges
                0x000002a8       0x68 Main_Func.o
 .debug_aranges
                0x00000310       0x50 Nextion_Display.o
 .debug_aranges
                0x00000360       0x58 mfrc522.o
 .debug_aranges
                0x000003b8       0x50 ring_buffer.o
 .debug_aranges
                0x00000408       0x80 FAT32.o
 .debug_aranges
                0x00000488       0x40 SD_routines.o
 .debug_aranges
                0x000004c8       0x48 SPI.o
 .debug_aranges
                0x00000510       0xa8 UART.o
 .debug_aranges
                0x000005b8       0x20 main.o

.debug_pubnames
 *(.debug_pubnames)

.debug_info     0x00000000     0xf347
 *(.debug_info .gnu.linkonce.wi.*)
 .debug_info    0x00000000      0xbbc C:/Program Files (x86)/Atmel/Studio/7.0/Packs/atmel/ATmega_DFP/1.3.300/gcc/dev/atmega2560/avr6/crtatmega2560.o
 .debug_info    0x00000bbc     0x3154 Cocktail_functions.o
 .debug_info    0x00003d10     0x2391 Cocktail_Statemachine.o
 .debug_info    0x000060a1     0x19ef Getraenk.o
 .debug_info    0x00007a90     0x1337 Zutaten.o
 .debug_info    0x00008dc7      0xd64 Main_Func.o
 .debug_info    0x00009b2b      0xf1a Nextion_Display.o
 .debug_info    0x0000aa45      0xc98 mfrc522.o
 .debug_info    0x0000b6dd      0x372 ring_buffer.o
 .debug_info    0x0000ba4f     0x1a19 FAT32.o
 .debug_info    0x0000d468      0x853 SD_routines.o
 .debug_info    0x0000dcbb      0x338 SPI.o
 .debug_info    0x0000dff3      0x7ac UART.o
 .debug_info    0x0000e79f      0xba8 main.o

.debug_abbrev   0x00000000     0x2766
 *(.debug_abbrev)
 .debug_abbrev  0x00000000      0xb1a C:/Program Files (x86)/Atmel/Studio/7.0/Packs/atmel/ATmega_DFP/1.3.300/gcc/dev/atmega2560/avr6/crtatmega2560.o
 .debug_abbrev  0x00000b1a      0x382 Cocktail_functions.o
 .debug_abbrev  0x00000e9c      0x2ec Cocktail_Statemachine.o
 .debug_abbrev  0x00001188      0x3d4 Getraenk.o
 .debug_abbrev  0x0000155c      0x2b4 Zutaten.o
 .debug_abbrev  0x00001810      0x203 Main_Func.o
 .debug_abbrev  0x00001a13      0x242 Nextion_Display.o
 .debug_abbrev  0x00001c55      0x253 mfrc522.o
 .debug_abbrev  0x00001ea8      0x12a ring_buffer.o
 .debug_abbrev  0x00001fd2      0x1ea FAT32.o
 .debug_abbrev  0x000021bc      0x144 SD_routines.o
 .debug_abbrev  0x00002300      0x14a SPI.o
 .debug_abbrev  0x0000244a      0x1e4 UART.o
 .debug_abbrev  0x0000262e      0x138 main.o

.debug_line     0x00000000     0x65ae
 *(.debug_line .debug_line.* .debug_line_end)
 .debug_line    0x00000000      0x1f9 C:/Program Files (x86)/Atmel/Studio/7.0/Packs/atmel/ATmega_DFP/1.3.300/gcc/dev/atmega2560/avr6/crtatmega2560.o
 .debug_line    0x000001f9     0x120d Cocktail_functions.o
 .debug_line    0x00001406     0x12ae Cocktail_Statemachine.o
 .debug_line    0x000026b4      0xa10 Getraenk.o
 .debug_line    0x000030c4      0x73d Zutaten.o
 .debug_line    0x00003801      0x6be Main_Func.o
 .debug_line    0x00003ebf      0x49e Nextion_Display.o
 .debug_line    0x0000435d      0x4e9 mfrc522.o
 .debug_line    0x00004846      0x21d ring_buffer.o
 .debug_line    0x00004a63      0xc56 FAT32.o
 .debug_line    0x000056b9      0x48c SD_routines.o
 .debug_line    0x00005b45      0x206 SPI.o
 .debug_line    0x00005d4b      0x4aa UART.o
 .debug_line    0x000061f5      0x3b9 main.o

.debug_frame    0x00000000     0x1814
 *(.debug_frame)
 .debug_frame   0x00000000      0x494 Cocktail_functions.o
 .debug_frame   0x00000494      0x1f4 Cocktail_Statemachine.o
 .debug_frame   0x00000688      0x2a0 Getraenk.o
 .debug_frame   0x00000928      0x194 Zutaten.o
 .debug_frame   0x00000abc       0xfc Main_Func.o
 .debug_frame   0x00000bb8      0x11c Nextion_Display.o
 .debug_frame   0x00000cd4      0x174 mfrc522.o
 .debug_frame   0x00000e48       0xdc ring_buffer.o
 .debug_frame   0x00000f24      0x3b8 FAT32.o
 .debug_frame   0x000012dc       0xdc SD_routines.o
 .debug_frame   0x000013b8       0x74 SPI.o
 .debug_frame   0x0000142c      0x3c4 UART.o
 .debug_frame   0x000017f0       0x24 main.o

.debug_str      0x00000000     0x24bb
 *(.debug_str)
 .debug_str     0x00000000      0x3e6 C:/Program Files (x86)/Atmel/Studio/7.0/Packs/atmel/ATmega_DFP/1.3.300/gcc/dev/atmega2560/avr6/crtatmega2560.o
 .debug_str     0x000003e6      0xc05 Cocktail_functions.o
                                0xcfd (size before relaxing)
 .debug_str     0x00000feb      0x656 Cocktail_Statemachine.o
                               0x10f8 (size before relaxing)
 .debug_str     0x00001641      0x1dc Getraenk.o
                                0xa9c (size before relaxing)
 .debug_str     0x0000181d      0x167 Zutaten.o
                                0xa0e (size before relaxing)
 .debug_str     0x00001984      0x174 Main_Func.o
                                0x9f4 (size before relaxing)
 .debug_str     0x00001af8       0x52 Nextion_Display.o
                                0x924 (size before relaxing)
 .debug_str     0x00001b4a      0x169 mfrc522.o
                                0x40d (size before relaxing)
 .debug_str     0x00001cb3       0x5a ring_buffer.o
                                0x214 (size before relaxing)
 .debug_str     0x00001d0d      0x526 FAT32.o
                                0x8aa (size before relaxing)
 .debug_str     0x00002233       0x5c SD_routines.o
                                0x327 (size before relaxing)
 .debug_str     0x0000228f       0x4b SPI.o
                                0x2c9 (size before relaxing)
 .debug_str     0x000022da      0x138 UART.o
                                0x3c9 (size before relaxing)
 .debug_str     0x00002412       0xa9 main.o
                                0x96c (size before relaxing)

.debug_loc      0x00000000     0x878d
 *(.debug_loc)
 .debug_loc     0x00000000     0x1c8c Cocktail_functions.o
 .debug_loc     0x00001c8c      0x9a6 Cocktail_Statemachine.o
 .debug_loc     0x00002632     0x130c Getraenk.o
 .debug_loc     0x0000393e      0x933 Zutaten.o
 .debug_loc     0x00004271      0x294 Main_Func.o
 .debug_loc     0x00004505      0x4c1 Nextion_Display.o
 .debug_loc     0x000049c6      0x8e9 mfrc522.o
 .debug_loc     0x000052af      0x58d ring_buffer.o
 .debug_loc     0x0000583c     0x1d61 FAT32.o
 .debug_loc     0x0000759d      0x73f SD_routines.o
 .debug_loc     0x00007cdc       0xbc SPI.o
 .debug_loc     0x00007d98      0x9f5 UART.o

.debug_macinfo
 *(.debug_macinfo)

.debug_weaknames
 *(.debug_weaknames)

.debug_funcnames
 *(.debug_funcnames)

.debug_typenames
 *(.debug_typenames)

.debug_varnames
 *(.debug_varnames)

.debug_pubtypes
 *(.debug_pubtypes)

.debug_ranges   0x00000000      0x660
 *(.debug_ranges)
 .debug_ranges  0x00000000      0x190 Cocktail_functions.o
 .debug_ranges  0x00000190       0xe0 Cocktail_Statemachine.o
 .debug_ranges  0x00000270       0x80 Getraenk.o
 .debug_ranges  0x000002f0       0x50 Zutaten.o
 .debug_ranges  0x00000340       0xb0 Main_Func.o
 .debug_ranges  0x000003f0       0x40 Nextion_Display.o
 .debug_ranges  0x00000430       0x48 mfrc522.o
 .debug_ranges  0x00000478       0x40 ring_buffer.o
 .debug_ranges  0x000004b8       0x98 FAT32.o
 .debug_ranges  0x00000550       0x30 SD_routines.o
 .debug_ranges  0x00000580       0x38 SPI.o
 .debug_ranges  0x000005b8       0x98 UART.o
 .debug_ranges  0x00000650       0x10 main.o

.debug_macro
 *(.debug_macro)
OUTPUT(Mikrocontroller.elf elf32-avr)
LOAD linker stubs
