Archive member included to satisfy reference by file (symbol)

c:/program files (x86)/atmel/studio/7.0/toolchain/avr8/avr8-gnu-toolchain/bin/../lib/gcc/avr/5.4.0/avr6\libgcc.a(_mulsi3.o)
                              Cocktail_functions.o (__mulsi3)
c:/program files (x86)/atmel/studio/7.0/toolchain/avr8/avr8-gnu-toolchain/bin/../lib/gcc/avr/5.4.0/avr6\libgcc.a(_udivmodsi4.o)
                              Cocktail_functions.o (__udivmodsi4)
c:/program files (x86)/atmel/studio/7.0/toolchain/avr8/avr8-gnu-toolchain/bin/../lib/gcc/avr/5.4.0/avr6\libgcc.a(_divmodsi4.o)
                              tmc4671.o (__divmodsi4)
c:/program files (x86)/atmel/studio/7.0/toolchain/avr8/avr8-gnu-toolchain/bin/../lib/gcc/avr/5.4.0/avr6\libgcc.a(_negsi2.o)
                              c:/program files (x86)/atmel/studio/7.0/toolchain/avr8/avr8-gnu-toolchain/bin/../lib/gcc/avr/5.4.0/avr6\libgcc.a(_divmodsi4.o) (__negsi2)
c:/program files (x86)/atmel/studio/7.0/toolchain/avr8/avr8-gnu-toolchain/bin/../lib/gcc/avr/5.4.0/avr6\libgcc.a(_exit.o)
                              C:/Program Files (x86)/Atmel/Studio/7.0/Packs/atmel/ATmega_DFP/1.3.300/gcc/dev/atmega2560/avr6/crtatmega2560.o (exit)
c:/program files (x86)/atmel/studio/7.0/toolchain/avr8/avr8-gnu-toolchain/bin/../lib/gcc/avr/5.4.0/avr6\libgcc.a(_tablejump2.o)
                              Cocktail_functions.o (__tablejump2__)
c:/program files (x86)/atmel/studio/7.0/toolchain/avr8/avr8-gnu-toolchain/bin/../lib/gcc/avr/5.4.0/avr6\libgcc.a(_copy_data.o)
                              Cocktail_functions.o (__do_copy_data)
c:/program files (x86)/atmel/studio/7.0/toolchain/avr8/avr8-gnu-toolchain/bin/../lib/gcc/avr/5.4.0/avr6\libgcc.a(_clear_bss.o)
                              Cocktail_functions.o (__do_clear_bss)
c:/program files (x86)/atmel/studio/7.0/toolchain/avr8/avr8-gnu-toolchain/bin/../lib/gcc/avr/5.4.0/avr6\libgcc.a(_umulhisi3.o)
                              FAT32.o (__umulhisi3)
c:/program files (x86)/atmel/studio/7.0/toolchain/avr8/avr8-gnu-toolchain/bin/../lib/gcc/avr/5.4.0/avr6\libgcc.a(_usmulhisi3.o)
                              tmc4671.o (__usmulhisi3)
c:/program files (x86)/atmel/studio/7.0/toolchain/avr8/avr8-gnu-toolchain/bin/../lib/gcc/avr/5.4.0/avr6\libgcc.a(_muluhisi3.o)
                              Cocktail_functions.o (__muluhisi3)
c:/program files (x86)/atmel/studio/7.0/toolchain/avr8/avr8-gnu-toolchain/bin/../lib/gcc/avr/5.4.0/../../../../avr/lib/avr6\libc.a(calloc.o)
                              Getraenk.o (calloc)
c:/program files (x86)/atmel/studio/7.0/toolchain/avr8/avr8-gnu-toolchain/bin/../lib/gcc/avr/5.4.0/../../../../avr/lib/avr6\libc.a(malloc.o)
                              c:/program files (x86)/atmel/studio/7.0/toolchain/avr8/avr8-gnu-toolchain/bin/../lib/gcc/avr/5.4.0/../../../../avr/lib/avr6\libc.a(calloc.o) (malloc)
c:/program files (x86)/atmel/studio/7.0/toolchain/avr8/avr8-gnu-toolchain/bin/../lib/gcc/avr/5.4.0/../../../../avr/lib/avr6\libc.a(atoi.o)
                              Cocktail_functions.o (atoi)
c:/program files (x86)/atmel/studio/7.0/toolchain/avr8/avr8-gnu-toolchain/bin/../lib/gcc/avr/5.4.0/../../../../avr/lib/avr6\libc.a(strtok.o)
                              Cocktail_functions.o (strtok)
c:/program files (x86)/atmel/studio/7.0/toolchain/avr8/avr8-gnu-toolchain/bin/../lib/gcc/avr/5.4.0/../../../../avr/lib/avr6\libc.a(memset.o)
                              c:/program files (x86)/atmel/studio/7.0/toolchain/avr8/avr8-gnu-toolchain/bin/../lib/gcc/avr/5.4.0/../../../../avr/lib/avr6\libc.a(calloc.o) (memset)
c:/program files (x86)/atmel/studio/7.0/toolchain/avr8/avr8-gnu-toolchain/bin/../lib/gcc/avr/5.4.0/../../../../avr/lib/avr6\libc.a(strcat.o)
                              Cocktail_functions.o (strcat)
c:/program files (x86)/atmel/studio/7.0/toolchain/avr8/avr8-gnu-toolchain/bin/../lib/gcc/avr/5.4.0/../../../../avr/lib/avr6\libc.a(strcpy.o)
                              Cocktail_functions.o (strcpy)
c:/program files (x86)/atmel/studio/7.0/toolchain/avr8/avr8-gnu-toolchain/bin/../lib/gcc/avr/5.4.0/../../../../avr/lib/avr6\libc.a(strncpy.o)
                              Getraenk.o (strncpy)
c:/program files (x86)/atmel/studio/7.0/toolchain/avr8/avr8-gnu-toolchain/bin/../lib/gcc/avr/5.4.0/../../../../avr/lib/avr6\libc.a(strtok_r.o)
                              c:/program files (x86)/atmel/studio/7.0/toolchain/avr8/avr8-gnu-toolchain/bin/../lib/gcc/avr/5.4.0/../../../../avr/lib/avr6\libc.a(strtok.o) (strtok_r)
c:/program files (x86)/atmel/studio/7.0/toolchain/avr8/avr8-gnu-toolchain/bin/../lib/gcc/avr/5.4.0/../../../../avr/lib/avr6\libc.a(itoa_ncheck.o)
                              Cocktail_functions.o (__itoa_ncheck)
c:/program files (x86)/atmel/studio/7.0/toolchain/avr8/avr8-gnu-toolchain/bin/../lib/gcc/avr/5.4.0/../../../../avr/lib/avr6\libc.a(mul10.o)
                              c:/program files (x86)/atmel/studio/7.0/toolchain/avr8/avr8-gnu-toolchain/bin/../lib/gcc/avr/5.4.0/../../../../avr/lib/avr6\libc.a(atoi.o) (__mulhi_const_10)
c:/program files (x86)/atmel/studio/7.0/toolchain/avr8/avr8-gnu-toolchain/bin/../lib/gcc/avr/5.4.0/../../../../avr/lib/avr6\libc.a(utoa_ncheck.o)
                              c:/program files (x86)/atmel/studio/7.0/toolchain/avr8/avr8-gnu-toolchain/bin/../lib/gcc/avr/5.4.0/../../../../avr/lib/avr6\libc.a(itoa_ncheck.o) (__utoa_common)
c:/program files (x86)/atmel/studio/7.0/toolchain/avr8/avr8-gnu-toolchain/bin/../lib/gcc/avr/5.4.0/../../../../avr/lib/avr6\libc.a(strrev.o)
                              c:/program files (x86)/atmel/studio/7.0/toolchain/avr8/avr8-gnu-toolchain/bin/../lib/gcc/avr/5.4.0/../../../../avr/lib/avr6\libc.a(utoa_ncheck.o) (strrev)
C:/Program Files (x86)/Atmel/Studio/7.0/Packs/atmel/ATmega_DFP/1.3.300/gcc/dev/atmega2560/avr6\libatmega2560.a(eerd_byte.o)
                              Getraenk.o (eeprom_read_byte)
C:/Program Files (x86)/Atmel/Studio/7.0/Packs/atmel/ATmega_DFP/1.3.300/gcc/dev/atmega2560/avr6\libatmega2560.a(eewr_byte.o)
                              Getraenk.o (eeprom_write_byte)

Allocating common symbols
Common symbol       size              file

rb_tx_PC            0x101             Cocktail_functions.o
tail_getraenk_file  0x2               Cocktail_functions.o
head_getraenk       0x2               Cocktail_functions.o
rb_tx_Display       0x101             Cocktail_functions.o
Liste               0x1               Cocktail_functions.o
tail_getraenk       0x2               Cocktail_functions.o
appendFileLocation  0x4               Cocktail_functions.o
address_zut         0x2               Cocktail_functions.o
fileName            0xd               Cocktail_functions.o
firstDataSector     0x4               Cocktail_functions.o
INPUT_UART_0        0x100             main.o
ptr_tx_completed_1  0x2               UART.o
fileSize            0x4               Cocktail_functions.o
bytesPerSector      0x2               Cocktail_functions.o
totalClusters       0x4               Cocktail_functions.o
option              0x1               Cocktail_functions.o
INPUT_UART_3        0x100             main.o
aktuellesGetraenk_file
                    0x2               Cocktail_functions.o
head_getraenk_file  0x2               Cocktail_functions.o
Grossschreib        0x1               Cocktail_functions.o
head_zut            0x2               Cocktail_functions.o
rootCluster         0x4               Cocktail_functions.o
__brkval            0x2               c:/program files (x86)/atmel/studio/7.0/toolchain/avr8/avr8-gnu-toolchain/bin/../lib/gcc/avr/5.4.0/../../../../avr/lib/avr6\libc.a(malloc.o)
block_list_runter   0x1               Cocktail_functions.o
rb_rx_ESP           0x101             Cocktail_functions.o
startBlock          0x4               Cocktail_functions.o
i                   0x2               Cocktail_functions.o
rb_rx_Display       0x101             Cocktail_functions.o
buffer              0x200             Cocktail_functions.o
SPI_Slave           0x1               Cocktail_functions.o
sectorPerCluster    0x2               Cocktail_functions.o
gui_buttons_0       0x1               Cocktail_functions.o
ptr_tx_completed_2  0x2               UART.o
block_list_hoch     0x1               Cocktail_functions.o
unusedSectors       0x4               Cocktail_functions.o
rb_tx_RFID          0x101             Cocktail_functions.o
SDHC_flag           0x1               Cocktail_functions.o
INPUT_UART_1        0x100             main.o
counter             0x1               Cocktail_functions.o
totalBlocks         0x4               Cocktail_functions.o
data                0x1               Cocktail_functions.o
buff_name           0x15              Cocktail_functions.o
reservedSectorCount
                    0x2               Cocktail_functions.o
ptr_Uart_1          0x2               main.o
ptr_tx_completed_3  0x2               UART.o
rb_rx_PC            0x101             Cocktail_functions.o
rb_tx_ESP           0x101             Cocktail_functions.o
address_getraenk    0x2               Cocktail_functions.o
appendStartCluster  0x4               Cocktail_functions.o
test2               0x1               Cocktail_functions.o
cardType            0x1               Cocktail_functions.o
error               0x1               Cocktail_functions.o
rb_rx_RFID          0x101             Cocktail_functions.o
gui_pages           0x1               Cocktail_functions.o
tail_zut            0x2               Cocktail_functions.o
i_Liste             0x1               Cocktail_functions.o
__flp               0x2               c:/program files (x86)/atmel/studio/7.0/toolchain/avr8/avr8-gnu-toolchain/bin/../lib/gcc/avr/5.4.0/../../../../avr/lib/avr6\libc.a(malloc.o)
ptr_SPI_w_completed
                    0x2               SPI.o
INPUT_UART_2        0x100             main.o
freeClusterCountUpdated
                    0x1               Cocktail_functions.o
stop                0x1               Cocktail_functions.o
FAT32_active        0x1               Cocktail_functions.o
appendFileSector    0x4               Cocktail_functions.o
aktuellesGetraenk   0x2               Cocktail_functions.o
aktuelleZutat       0x2               Cocktail_functions.o
ptr_tx_completed_0  0x2               UART.o
SPI_State           0x1               Cocktail_functions.o

Discarded input sections

 .data          0x00000000        0x0 C:/Program Files (x86)/Atmel/Studio/7.0/Packs/atmel/ATmega_DFP/1.3.300/gcc/dev/atmega2560/avr6/crtatmega2560.o
 .bss           0x00000000        0x0 C:/Program Files (x86)/Atmel/Studio/7.0/Packs/atmel/ATmega_DFP/1.3.300/gcc/dev/atmega2560/avr6/crtatmega2560.o
 .text          0x00000000        0x0 Cocktail_functions.o
 .data          0x00000000        0x0 Cocktail_functions.o
 .bss           0x00000000        0x0 Cocktail_functions.o
 .text.erstelle_bearb_Cocktailliste
                0x00000000      0x144 Cocktail_functions.o
 .text          0x00000000        0x0 Cocktail_Statemachine.o
 .data          0x00000000        0x0 Cocktail_Statemachine.o
 .bss           0x00000000        0x0 Cocktail_Statemachine.o
 .text.check_fehleranzeige
                0x00000000        0x2 Cocktail_Statemachine.o
 .text          0x00000000        0x0 Getraenk.o
 .data          0x00000000        0x0 Getraenk.o
 .bss           0x00000000        0x0 Getraenk.o
 .text.showlist
                0x00000000      0x158 Getraenk.o
 .text.printlist
                0x00000000       0x76 Getraenk.o
 .text.length_list
                0x00000000       0x20 Getraenk.o
 .text.find_getraenk
                0x00000000       0x3e Getraenk.o
 .text.insert_after_getraenk
                0x00000000       0x14 Getraenk.o
 .text.add_drink_to_eeprom
                0x00000000      0x19a Getraenk.o
 .text.count_eeprom_drinks
                0x00000000        0x4 Getraenk.o
 .text.read_drink_from_eemprom
                0x00000000      0x1a2 Getraenk.o
 .text.add_EEPROM_drinks_to_list
                0x00000000       0x2e Getraenk.o
 .text.delete_EEPROM
                0x00000000       0x2a Getraenk.o
 .text          0x00000000        0x0 Zutaten.o
 .data          0x00000000        0x0 Zutaten.o
 .bss           0x00000000        0x0 Zutaten.o
 .text          0x00000000        0x0 Main_Func.o
 .data          0x00000000        0x0 Main_Func.o
 .bss           0x00000000        0x0 Main_Func.o
 .text          0x00000000        0x0 Nextion_Display.o
 .data          0x00000000        0x0 Nextion_Display.o
 .bss           0x00000000        0x0 Nextion_Display.o
 .text          0x00000000        0x0 mfrc522.o
 .data          0x00000000        0x0 mfrc522.o
 .bss           0x00000000        0x0 mfrc522.o
 .text.mfrc522_reset
                0x00000000        0xa mfrc522.o
 .text.mfrc522_init
                0x00000000       0x88 mfrc522.o
 .text.mfrc522_to_card
                0x00000000      0x25e mfrc522.o
 .text.mfrc522_request
                0x00000000       0x68 mfrc522.o
 .text.mfrc522_get_card_serial
                0x00000000       0x70 mfrc522.o
 .text.check_Communication_Input_MFRC522
                0x00000000       0xee mfrc522.o
 .text          0x00000000        0x0 ring_buffer.o
 .data          0x00000000        0x0 ring_buffer.o
 .bss           0x00000000        0x0 ring_buffer.o
 .text.RB_read  0x00000000       0x68 ring_buffer.o
 .text          0x00000000        0x0 FAT32.o
 .data          0x00000000        0x0 FAT32.o
 .bss           0x00000000        0x0 FAT32.o
 .text.memoryStatistics
                0x00000000      0x270 FAT32.o
 .text          0x00000000        0x0 SD_routines.o
 .data          0x00000000        0x0 SD_routines.o
 .bss           0x00000000        0x0 SD_routines.o
 .text.SD_erase
                0x00000000       0x62 SD_routines.o
 .text          0x00000000        0x0 SPI.o
 .data          0x00000000        0x0 SPI.o
 .bss           0x00000000        0x0 SPI.o
 .text.spi_transmit_IT
                0x00000000       0x1e SPI.o
 COMMON         0x00000000        0x2 SPI.o
 .text          0x00000000        0x0 tmc4671.o
 .data          0x00000000        0x0 tmc4671.o
 .bss           0x00000000        0x0 tmc4671.o
 .text.tmc40bit_writeInt
                0x00000000       0x4c tmc4671.o
 .text.tmc4671_writeDatagram
                0x00000000       0x2c tmc4671.o
 .text.tmc4671_writeInt
                0x00000000        0x6 tmc4671.o
 .text.tmc40bit_readInt
                0x00000000       0x44 tmc4671.o
 .text.tmc4671_readInt
                0x00000000       0x1e tmc4671.o
 .text.TMC4671_init
                0x00000000       0xd0 tmc4671.o
 .text.initTMC4671_Encoder
                0x00000000       0x88 tmc4671.o
 .text.initTMC4671_Openloop
                0x00000000       0xd4 tmc4671.o
 .text.tmc4671_readRegister16BitValue
                0x00000000       0x30 tmc4671.o
 .text.tmc4671_writeRegister16BitValue
                0x00000000       0x66 tmc4671.o
 .text.tmc4671_switchToMotionMode
                0x00000000       0x34 tmc4671.o
 .text.tmc4671_setTargetTorque_raw
                0x00000000       0x2e tmc4671.o
 .text.tmc4671_getTargetTorque_raw
                0x00000000       0x58 tmc4671.o
 .text.tmc4671_getActualTorque_raw
                0x00000000       0x1a tmc4671.o
 .text.tmc4671_getActualRampTorque_raw
                0x00000000        0x8 tmc4671.o
 .text.tmc4671_setTargetTorque_mA
                0x00000000       0x48 tmc4671.o
 .text.tmc4671_getTargetTorque_mA
                0x00000000       0x3e tmc4671.o
 .text.tmc4671_getActualTorque_mA
                0x00000000       0x3e tmc4671.o
 .text.tmc4671_getTargetTorqueFluxSum_mA
                0x00000000       0xba tmc4671.o
 .text.tmc4671_getActualTorqueFluxSum_mA
                0x00000000       0x5c tmc4671.o
 .text.tmc4671_getActualRampTorque_mA
                0x00000000        0x8 tmc4671.o
 .text.tmc4671_setTargetFlux_raw
                0x00000000        0xc tmc4671.o
 .text.tmc4671_getTargetFlux_raw
                0x00000000       0x5a tmc4671.o
 .text.tmc4671_getActualFlux_raw
                0x00000000       0x12 tmc4671.o
 .text.tmc4671_setTargetFlux_mA
                0x00000000       0x26 tmc4671.o
 .text.tmc4671_getTargetFlux_mA
                0x00000000       0x3e tmc4671.o
 .text.tmc4671_getActualFlux_mA
                0x00000000       0x40 tmc4671.o
 .text.tmc4671_setTorqueFluxLimit_mA
                0x00000000       0x26 tmc4671.o
 .text.tmc4671_getTorqueFluxLimit_mA
                0x00000000       0x40 tmc4671.o
 .text.tmc4671_setTargetVelocity
                0x00000000       0x30 tmc4671.o
 .text.tmc4671_getTargetVelocity
                0x00000000       0x12 tmc4671.o
 .text.tmc4671_getActualVelocity
                0x00000000       0x12 tmc4671.o
 .text.tmc4671_getActualRampVelocity
                0x00000000        0x8 tmc4671.o
 .text.tmc4671_setAbsolutTargetPosition
                0x00000000       0x30 tmc4671.o
 .text.tmc4671_setRelativeTargetPosition
                0x00000000       0x4c tmc4671.o
 .text.tmc4671_getTargetPosition
                0x00000000       0x12 tmc4671.o
 .text.tmc4671_setActualPosition
                0x00000000        0xe tmc4671.o
 .text.tmc4671_getActualPosition
                0x00000000       0x12 tmc4671.o
 .text.tmc4671_getActualRampPosition
                0x00000000        0x8 tmc4671.o
 .text.tmc4671_doEncoderInitializationMode0
                0x00000000      0x12e tmc4671.o
 .text.tmc4671_getS16CircleDifference
                0x00000000        0x6 tmc4671.o
 .text.tmc4671_doEncoderInitializationMode2
                0x00000000      0x112 tmc4671.o
 .text.tmc4671_checkEncderInitialization
                0x00000000       0x96 tmc4671.o
 .text.tmc4671_periodicJob
                0x00000000       0x26 tmc4671.o
 .text.tmc4671_startEncoderInitialization
                0x00000000       0x28 tmc4671.o
 .text.tmc4671_updatePhiSelectionAndInitialize
                0x00000000       0x4e tmc4671.o
 .text.tmc4671_disablePWM
                0x00000000       0x10 tmc4671.o
 .text.tmc4671_getMotorType
                0x00000000       0x14 tmc4671.o
 .text.tmc4671_setMotorType
                0x00000000       0x2c tmc4671.o
 .text.tmc4671_getPolePairs
                0x00000000        0xa tmc4671.o
 .text.tmc4671_setPolePairs
                0x00000000       0x2c tmc4671.o
 .text.tmc4671_getAdcI0Offset
                0x00000000        0xa tmc4671.o
 .text.tmc4671_setAdcI0Offset
                0x00000000       0x2e tmc4671.o
 .text.tmc4671_getAdcI1Offset
                0x00000000        0xa tmc4671.o
 .text.tmc4671_setAdcI1Offset
                0x00000000       0x2e tmc4671.o
 .text.tmc4671_setTorqueFluxPI
                0x00000000       0x50 tmc4671.o
 .text.tmc4671_setVelocityPI
                0x00000000       0x44 tmc4671.o
 .text.tmc4671_setPositionPI
                0x00000000       0x44 tmc4671.o
 .text.tmc4671_readFieldWithDependency
                0x00000000       0x9a tmc4671.o
 .bss.lastSystick.2392
                0x00000000        0x4 tmc4671.o
 .bss.actual_coarse_offset.2375
                0x00000000        0x2 tmc4671.o
 .bss.hall_phi_e_old.2373
                0x00000000        0x2 tmc4671.o
 .bss.last_PHI_E_EXT.2357
                0x00000000        0x2 tmc4671.o
 .bss.last_UQ_UD_EXT.2356
                0x00000000        0x4 tmc4671.o
 .bss.last_Phi_E_Selection.2355
                0x00000000        0x2 tmc4671.o
 .debug_info    0x00000000     0x32c1 tmc4671.o
 .debug_abbrev  0x00000000      0x36f tmc4671.o
 .debug_loc     0x00000000     0x3bb5 tmc4671.o
 .debug_aranges
                0x00000000      0x1f0 tmc4671.o
 .debug_ranges  0x00000000      0x1e0 tmc4671.o
 .debug_line    0x00000000      0xae9 tmc4671.o
 .debug_str     0x00000000      0xb54 tmc4671.o
 .comment       0x00000000       0x31 tmc4671.o
 .debug_frame   0x00000000      0x7b0 tmc4671.o
 .text          0x00000000        0x0 TMC6200.o
 .data          0x00000000        0x0 TMC6200.o
 .bss           0x00000000        0x0 TMC6200.o
 .text.tmc6200_readInt
                0x00000000       0x70 TMC6200.o
 .text.tmc6200_writeInt
                0x00000000       0x42 TMC6200.o
 .text.initTMC6200
                0x00000000       0x22 TMC6200.o
 .debug_info    0x00000000      0x3cf TMC6200.o
 .debug_abbrev  0x00000000      0x168 TMC6200.o
 .debug_loc     0x00000000      0x1f5 TMC6200.o
 .debug_aranges
                0x00000000       0x30 TMC6200.o
 .debug_ranges  0x00000000       0x20 TMC6200.o
 .debug_line    0x00000000      0x1ae TMC6200.o
 .debug_str     0x00000000      0x2ef TMC6200.o
 .comment       0x00000000       0x31 TMC6200.o
 .debug_frame   0x00000000       0x78 TMC6200.o
 .text          0x00000000        0x0 UART.o
 .data          0x00000000        0x0 UART.o
 .bss           0x00000000        0x0 UART.o
 .text.Uart_Transmit_IT_ESP
                0x00000000       0x26 UART.o
 .text.Uart_Transmit_IT_RFID
                0x00000000       0x26 UART.o
 .text.receiveByte
                0x00000000       0x16 UART.o
 .rodata.str1.1
                0x00000000        0xb UART.o
 .text.transmitHex
                0x00000000       0x92 UART.o
 .text          0x00000000        0x0 main.o
 .data          0x00000000        0x0 main.o
 .bss           0x00000000        0x0 main.o
 .bss.cntr_End_UART_3
                0x00000000        0x1 main.o
 .bss.UART_recieved_finished_3
                0x00000000        0x1 main.o
 .bss.cntr_UART_3
                0x00000000        0x1 main.o
 .bss.UART_recieved_finished_2
                0x00000000        0x1 main.o
 .bss.UART_recieved_finished_1
                0x00000000        0x1 main.o
 .bss.UART_recieved_finished_0
                0x00000000        0x1 main.o
 .text          0x00000000        0x0 c:/program files (x86)/atmel/studio/7.0/toolchain/avr8/avr8-gnu-toolchain/bin/../lib/gcc/avr/5.4.0/avr6\libgcc.a(_mulsi3.o)
 .data          0x00000000        0x0 c:/program files (x86)/atmel/studio/7.0/toolchain/avr8/avr8-gnu-toolchain/bin/../lib/gcc/avr/5.4.0/avr6\libgcc.a(_mulsi3.o)
 .bss           0x00000000        0x0 c:/program files (x86)/atmel/studio/7.0/toolchain/avr8/avr8-gnu-toolchain/bin/../lib/gcc/avr/5.4.0/avr6\libgcc.a(_mulsi3.o)
 .text.libgcc.div
                0x00000000        0x0 c:/program files (x86)/atmel/studio/7.0/toolchain/avr8/avr8-gnu-toolchain/bin/../lib/gcc/avr/5.4.0/avr6\libgcc.a(_mulsi3.o)
 .text.libgcc   0x00000000        0x0 c:/program files (x86)/atmel/studio/7.0/toolchain/avr8/avr8-gnu-toolchain/bin/../lib/gcc/avr/5.4.0/avr6\libgcc.a(_mulsi3.o)
 .text.libgcc.prologue
                0x00000000        0x0 c:/program files (x86)/atmel/studio/7.0/toolchain/avr8/avr8-gnu-toolchain/bin/../lib/gcc/avr/5.4.0/avr6\libgcc.a(_mulsi3.o)
 .text.libgcc.builtins
                0x00000000        0x0 c:/program files (x86)/atmel/studio/7.0/toolchain/avr8/avr8-gnu-toolchain/bin/../lib/gcc/avr/5.4.0/avr6\libgcc.a(_mulsi3.o)
 .text.libgcc.fmul
                0x00000000        0x0 c:/program files (x86)/atmel/studio/7.0/toolchain/avr8/avr8-gnu-toolchain/bin/../lib/gcc/avr/5.4.0/avr6\libgcc.a(_mulsi3.o)
 .text.libgcc.fixed
                0x00000000        0x0 c:/program files (x86)/atmel/studio/7.0/toolchain/avr8/avr8-gnu-toolchain/bin/../lib/gcc/avr/5.4.0/avr6\libgcc.a(_mulsi3.o)
 .text          0x00000000        0x0 c:/program files (x86)/atmel/studio/7.0/toolchain/avr8/avr8-gnu-toolchain/bin/../lib/gcc/avr/5.4.0/avr6\libgcc.a(_udivmodsi4.o)
 .data          0x00000000        0x0 c:/program files (x86)/atmel/studio/7.0/toolchain/avr8/avr8-gnu-toolchain/bin/../lib/gcc/avr/5.4.0/avr6\libgcc.a(_udivmodsi4.o)
 .bss           0x00000000        0x0 c:/program files (x86)/atmel/studio/7.0/toolchain/avr8/avr8-gnu-toolchain/bin/../lib/gcc/avr/5.4.0/avr6\libgcc.a(_udivmodsi4.o)
 .text.libgcc.mul
                0x00000000        0x0 c:/program files (x86)/atmel/studio/7.0/toolchain/avr8/avr8-gnu-toolchain/bin/../lib/gcc/avr/5.4.0/avr6\libgcc.a(_udivmodsi4.o)
 .text.libgcc   0x00000000        0x0 c:/program files (x86)/atmel/studio/7.0/toolchain/avr8/avr8-gnu-toolchain/bin/../lib/gcc/avr/5.4.0/avr6\libgcc.a(_udivmodsi4.o)
 .text.libgcc.prologue
                0x00000000        0x0 c:/program files (x86)/atmel/studio/7.0/toolchain/avr8/avr8-gnu-toolchain/bin/../lib/gcc/avr/5.4.0/avr6\libgcc.a(_udivmodsi4.o)
 .text.libgcc.builtins
                0x00000000        0x0 c:/program files (x86)/atmel/studio/7.0/toolchain/avr8/avr8-gnu-toolchain/bin/../lib/gcc/avr/5.4.0/avr6\libgcc.a(_udivmodsi4.o)
 .text.libgcc.fmul
                0x00000000        0x0 c:/program files (x86)/atmel/studio/7.0/toolchain/avr8/avr8-gnu-toolchain/bin/../lib/gcc/avr/5.4.0/avr6\libgcc.a(_udivmodsi4.o)
 .text.libgcc.fixed
                0x00000000        0x0 c:/program files (x86)/atmel/studio/7.0/toolchain/avr8/avr8-gnu-toolchain/bin/../lib/gcc/avr/5.4.0/avr6\libgcc.a(_udivmodsi4.o)
 .text          0x00000000        0x0 c:/program files (x86)/atmel/studio/7.0/toolchain/avr8/avr8-gnu-toolchain/bin/../lib/gcc/avr/5.4.0/avr6\libgcc.a(_divmodsi4.o)
 .data          0x00000000        0x0 c:/program files (x86)/atmel/studio/7.0/toolchain/avr8/avr8-gnu-toolchain/bin/../lib/gcc/avr/5.4.0/avr6\libgcc.a(_divmodsi4.o)
 .bss           0x00000000        0x0 c:/program files (x86)/atmel/studio/7.0/toolchain/avr8/avr8-gnu-toolchain/bin/../lib/gcc/avr/5.4.0/avr6\libgcc.a(_divmodsi4.o)
 .text.libgcc.mul
                0x00000000        0x0 c:/program files (x86)/atmel/studio/7.0/toolchain/avr8/avr8-gnu-toolchain/bin/../lib/gcc/avr/5.4.0/avr6\libgcc.a(_divmodsi4.o)
 .text.libgcc.div
                0x00000000       0x2e c:/program files (x86)/atmel/studio/7.0/toolchain/avr8/avr8-gnu-toolchain/bin/../lib/gcc/avr/5.4.0/avr6\libgcc.a(_divmodsi4.o)
 .text.libgcc   0x00000000        0x0 c:/program files (x86)/atmel/studio/7.0/toolchain/avr8/avr8-gnu-toolchain/bin/../lib/gcc/avr/5.4.0/avr6\libgcc.a(_divmodsi4.o)
 .text.libgcc.prologue
                0x00000000        0x0 c:/program files (x86)/atmel/studio/7.0/toolchain/avr8/avr8-gnu-toolchain/bin/../lib/gcc/avr/5.4.0/avr6\libgcc.a(_divmodsi4.o)
 .text.libgcc.builtins
                0x00000000        0x0 c:/program files (x86)/atmel/studio/7.0/toolchain/avr8/avr8-gnu-toolchain/bin/../lib/gcc/avr/5.4.0/avr6\libgcc.a(_divmodsi4.o)
 .text.libgcc.fmul
                0x00000000        0x0 c:/program files (x86)/atmel/studio/7.0/toolchain/avr8/avr8-gnu-toolchain/bin/../lib/gcc/avr/5.4.0/avr6\libgcc.a(_divmodsi4.o)
 .text.libgcc.fixed
                0x00000000        0x0 c:/program files (x86)/atmel/studio/7.0/toolchain/avr8/avr8-gnu-toolchain/bin/../lib/gcc/avr/5.4.0/avr6\libgcc.a(_divmodsi4.o)
 .text          0x00000000        0x0 c:/program files (x86)/atmel/studio/7.0/toolchain/avr8/avr8-gnu-toolchain/bin/../lib/gcc/avr/5.4.0/avr6\libgcc.a(_negsi2.o)
 .data          0x00000000        0x0 c:/program files (x86)/atmel/studio/7.0/toolchain/avr8/avr8-gnu-toolchain/bin/../lib/gcc/avr/5.4.0/avr6\libgcc.a(_negsi2.o)
 .bss           0x00000000        0x0 c:/program files (x86)/atmel/studio/7.0/toolchain/avr8/avr8-gnu-toolchain/bin/../lib/gcc/avr/5.4.0/avr6\libgcc.a(_negsi2.o)
 .text.libgcc.mul
                0x00000000        0x0 c:/program files (x86)/atmel/studio/7.0/toolchain/avr8/avr8-gnu-toolchain/bin/../lib/gcc/avr/5.4.0/avr6\libgcc.a(_negsi2.o)
 .text.libgcc.div
                0x00000000       0x10 c:/program files (x86)/atmel/studio/7.0/toolchain/avr8/avr8-gnu-toolchain/bin/../lib/gcc/avr/5.4.0/avr6\libgcc.a(_negsi2.o)
 .text.libgcc   0x00000000        0x0 c:/program files (x86)/atmel/studio/7.0/toolchain/avr8/avr8-gnu-toolchain/bin/../lib/gcc/avr/5.4.0/avr6\libgcc.a(_negsi2.o)
 .text.libgcc.prologue
                0x00000000        0x0 c:/program files (x86)/atmel/studio/7.0/toolchain/avr8/avr8-gnu-toolchain/bin/../lib/gcc/avr/5.4.0/avr6\libgcc.a(_negsi2.o)
 .text.libgcc.builtins
                0x00000000        0x0 c:/program files (x86)/atmel/studio/7.0/toolchain/avr8/avr8-gnu-toolchain/bin/../lib/gcc/avr/5.4.0/avr6\libgcc.a(_negsi2.o)
 .text.libgcc.fmul
                0x00000000        0x0 c:/program files (x86)/atmel/studio/7.0/toolchain/avr8/avr8-gnu-toolchain/bin/../lib/gcc/avr/5.4.0/avr6\libgcc.a(_negsi2.o)
 .text.libgcc.fixed
                0x00000000        0x0 c:/program files (x86)/atmel/studio/7.0/toolchain/avr8/avr8-gnu-toolchain/bin/../lib/gcc/avr/5.4.0/avr6\libgcc.a(_negsi2.o)
 .text          0x00000000        0x0 c:/program files (x86)/atmel/studio/7.0/toolchain/avr8/avr8-gnu-toolchain/bin/../lib/gcc/avr/5.4.0/avr6\libgcc.a(_exit.o)
 .data          0x00000000        0x0 c:/program files (x86)/atmel/studio/7.0/toolchain/avr8/avr8-gnu-toolchain/bin/../lib/gcc/avr/5.4.0/avr6\libgcc.a(_exit.o)
 .bss           0x00000000        0x0 c:/program files (x86)/atmel/studio/7.0/toolchain/avr8/avr8-gnu-toolchain/bin/../lib/gcc/avr/5.4.0/avr6\libgcc.a(_exit.o)
 .text.libgcc.mul
                0x00000000        0x0 c:/program files (x86)/atmel/studio/7.0/toolchain/avr8/avr8-gnu-toolchain/bin/../lib/gcc/avr/5.4.0/avr6\libgcc.a(_exit.o)
 .text.libgcc.div
                0x00000000        0x0 c:/program files (x86)/atmel/studio/7.0/toolchain/avr8/avr8-gnu-toolchain/bin/../lib/gcc/avr/5.4.0/avr6\libgcc.a(_exit.o)
 .text.libgcc   0x00000000        0x0 c:/program files (x86)/atmel/studio/7.0/toolchain/avr8/avr8-gnu-toolchain/bin/../lib/gcc/avr/5.4.0/avr6\libgcc.a(_exit.o)
 .text.libgcc.prologue
                0x00000000        0x0 c:/program files (x86)/atmel/studio/7.0/toolchain/avr8/avr8-gnu-toolchain/bin/../lib/gcc/avr/5.4.0/avr6\libgcc.a(_exit.o)
 .text.libgcc.builtins
                0x00000000        0x0 c:/program files (x86)/atmel/studio/7.0/toolchain/avr8/avr8-gnu-toolchain/bin/../lib/gcc/avr/5.4.0/avr6\libgcc.a(_exit.o)
 .text.libgcc.fmul
                0x00000000        0x0 c:/program files (x86)/atmel/studio/7.0/toolchain/avr8/avr8-gnu-toolchain/bin/../lib/gcc/avr/5.4.0/avr6\libgcc.a(_exit.o)
 .text.libgcc.fixed
                0x00000000        0x0 c:/program files (x86)/atmel/studio/7.0/toolchain/avr8/avr8-gnu-toolchain/bin/../lib/gcc/avr/5.4.0/avr6\libgcc.a(_exit.o)
 .text          0x00000000        0x0 c:/program files (x86)/atmel/studio/7.0/toolchain/avr8/avr8-gnu-toolchain/bin/../lib/gcc/avr/5.4.0/avr6\libgcc.a(_tablejump2.o)
 .data          0x00000000        0x0 c:/program files (x86)/atmel/studio/7.0/toolchain/avr8/avr8-gnu-toolchain/bin/../lib/gcc/avr/5.4.0/avr6\libgcc.a(_tablejump2.o)
 .bss           0x00000000        0x0 c:/program files (x86)/atmel/studio/7.0/toolchain/avr8/avr8-gnu-toolchain/bin/../lib/gcc/avr/5.4.0/avr6\libgcc.a(_tablejump2.o)
 .text.libgcc.mul
                0x00000000        0x0 c:/program files (x86)/atmel/studio/7.0/toolchain/avr8/avr8-gnu-toolchain/bin/../lib/gcc/avr/5.4.0/avr6\libgcc.a(_tablejump2.o)
 .text.libgcc.div
                0x00000000        0x0 c:/program files (x86)/atmel/studio/7.0/toolchain/avr8/avr8-gnu-toolchain/bin/../lib/gcc/avr/5.4.0/avr6\libgcc.a(_tablejump2.o)
 .text.libgcc.prologue
                0x00000000        0x0 c:/program files (x86)/atmel/studio/7.0/toolchain/avr8/avr8-gnu-toolchain/bin/../lib/gcc/avr/5.4.0/avr6\libgcc.a(_tablejump2.o)
 .text.libgcc.builtins
                0x00000000        0x0 c:/program files (x86)/atmel/studio/7.0/toolchain/avr8/avr8-gnu-toolchain/bin/../lib/gcc/avr/5.4.0/avr6\libgcc.a(_tablejump2.o)
 .text.libgcc.fmul
                0x00000000        0x0 c:/program files (x86)/atmel/studio/7.0/toolchain/avr8/avr8-gnu-toolchain/bin/../lib/gcc/avr/5.4.0/avr6\libgcc.a(_tablejump2.o)
 .text.libgcc.fixed
                0x00000000        0x0 c:/program files (x86)/atmel/studio/7.0/toolchain/avr8/avr8-gnu-toolchain/bin/../lib/gcc/avr/5.4.0/avr6\libgcc.a(_tablejump2.o)
 .text          0x00000000        0x0 c:/program files (x86)/atmel/studio/7.0/toolchain/avr8/avr8-gnu-toolchain/bin/../lib/gcc/avr/5.4.0/avr6\libgcc.a(_copy_data.o)
 .data          0x00000000        0x0 c:/program files (x86)/atmel/studio/7.0/toolchain/avr8/avr8-gnu-toolchain/bin/../lib/gcc/avr/5.4.0/avr6\libgcc.a(_copy_data.o)
 .bss           0x00000000        0x0 c:/program files (x86)/atmel/studio/7.0/toolchain/avr8/avr8-gnu-toolchain/bin/../lib/gcc/avr/5.4.0/avr6\libgcc.a(_copy_data.o)
 .text.libgcc.mul
                0x00000000        0x0 c:/program files (x86)/atmel/studio/7.0/toolchain/avr8/avr8-gnu-toolchain/bin/../lib/gcc/avr/5.4.0/avr6\libgcc.a(_copy_data.o)
 .text.libgcc.div
                0x00000000        0x0 c:/program files (x86)/atmel/studio/7.0/toolchain/avr8/avr8-gnu-toolchain/bin/../lib/gcc/avr/5.4.0/avr6\libgcc.a(_copy_data.o)
 .text.libgcc   0x00000000        0x0 c:/program files (x86)/atmel/studio/7.0/toolchain/avr8/avr8-gnu-toolchain/bin/../lib/gcc/avr/5.4.0/avr6\libgcc.a(_copy_data.o)
 .text.libgcc.prologue
                0x00000000        0x0 c:/program files (x86)/atmel/studio/7.0/toolchain/avr8/avr8-gnu-toolchain/bin/../lib/gcc/avr/5.4.0/avr6\libgcc.a(_copy_data.o)
 .text.libgcc.builtins
                0x00000000        0x0 c:/program files (x86)/atmel/studio/7.0/toolchain/avr8/avr8-gnu-toolchain/bin/../lib/gcc/avr/5.4.0/avr6\libgcc.a(_copy_data.o)
 .text.libgcc.fmul
                0x00000000        0x0 c:/program files (x86)/atmel/studio/7.0/toolchain/avr8/avr8-gnu-toolchain/bin/../lib/gcc/avr/5.4.0/avr6\libgcc.a(_copy_data.o)
 .text.libgcc.fixed
                0x00000000        0x0 c:/program files (x86)/atmel/studio/7.0/toolchain/avr8/avr8-gnu-toolchain/bin/../lib/gcc/avr/5.4.0/avr6\libgcc.a(_copy_data.o)
 .text          0x00000000        0x0 c:/program files (x86)/atmel/studio/7.0/toolchain/avr8/avr8-gnu-toolchain/bin/../lib/gcc/avr/5.4.0/avr6\libgcc.a(_clear_bss.o)
 .data          0x00000000        0x0 c:/program files (x86)/atmel/studio/7.0/toolchain/avr8/avr8-gnu-toolchain/bin/../lib/gcc/avr/5.4.0/avr6\libgcc.a(_clear_bss.o)
 .bss           0x00000000        0x0 c:/program files (x86)/atmel/studio/7.0/toolchain/avr8/avr8-gnu-toolchain/bin/../lib/gcc/avr/5.4.0/avr6\libgcc.a(_clear_bss.o)
 .text.libgcc.mul
                0x00000000        0x0 c:/program files (x86)/atmel/studio/7.0/toolchain/avr8/avr8-gnu-toolchain/bin/../lib/gcc/avr/5.4.0/avr6\libgcc.a(_clear_bss.o)
 .text.libgcc.div
                0x00000000        0x0 c:/program files (x86)/atmel/studio/7.0/toolchain/avr8/avr8-gnu-toolchain/bin/../lib/gcc/avr/5.4.0/avr6\libgcc.a(_clear_bss.o)
 .text.libgcc   0x00000000        0x0 c:/program files (x86)/atmel/studio/7.0/toolchain/avr8/avr8-gnu-toolchain/bin/../lib/gcc/avr/5.4.0/avr6\libgcc.a(_clear_bss.o)
 .text.libgcc.prologue
                0x00000000        0x0 c:/program files (x86)/atmel/studio/7.0/toolchain/avr8/avr8-gnu-toolchain/bin/../lib/gcc/avr/5.4.0/avr6\libgcc.a(_clear_bss.o)
 .text.libgcc.builtins
                0x00000000        0x0 c:/program files (x86)/atmel/studio/7.0/toolchain/avr8/avr8-gnu-toolchain/bin/../lib/gcc/avr/5.4.0/avr6\libgcc.a(_clear_bss.o)
 .text.libgcc.fmul
                0x00000000        0x0 c:/program files (x86)/atmel/studio/7.0/toolchain/avr8/avr8-gnu-toolchain/bin/../lib/gcc/avr/5.4.0/avr6\libgcc.a(_clear_bss.o)
 .text.libgcc.fixed
                0x00000000        0x0 c:/program files (x86)/atmel/studio/7.0/toolchain/avr8/avr8-gnu-toolchain/bin/../lib/gcc/avr/5.4.0/avr6\libgcc.a(_clear_bss.o)
 .text          0x00000000        0x0 c:/program files (x86)/atmel/studio/7.0/toolchain/avr8/avr8-gnu-toolchain/bin/../lib/gcc/avr/5.4.0/avr6\libgcc.a(_umulhisi3.o)
 .data          0x00000000        0x0 c:/program files (x86)/atmel/studio/7.0/toolchain/avr8/avr8-gnu-toolchain/bin/../lib/gcc/avr/5.4.0/avr6\libgcc.a(_umulhisi3.o)
 .bss           0x00000000        0x0 c:/program files (x86)/atmel/studio/7.0/toolchain/avr8/avr8-gnu-toolchain/bin/../lib/gcc/avr/5.4.0/avr6\libgcc.a(_umulhisi3.o)
 .text.libgcc.div
                0x00000000        0x0 c:/program files (x86)/atmel/studio/7.0/toolchain/avr8/avr8-gnu-toolchain/bin/../lib/gcc/avr/5.4.0/avr6\libgcc.a(_umulhisi3.o)
 .text.libgcc   0x00000000        0x0 c:/program files (x86)/atmel/studio/7.0/toolchain/avr8/avr8-gnu-toolchain/bin/../lib/gcc/avr/5.4.0/avr6\libgcc.a(_umulhisi3.o)
 .text.libgcc.prologue
                0x00000000        0x0 c:/program files (x86)/atmel/studio/7.0/toolchain/avr8/avr8-gnu-toolchain/bin/../lib/gcc/avr/5.4.0/avr6\libgcc.a(_umulhisi3.o)
 .text.libgcc.builtins
                0x00000000        0x0 c:/program files (x86)/atmel/studio/7.0/toolchain/avr8/avr8-gnu-toolchain/bin/../lib/gcc/avr/5.4.0/avr6\libgcc.a(_umulhisi3.o)
 .text.libgcc.fmul
                0x00000000        0x0 c:/program files (x86)/atmel/studio/7.0/toolchain/avr8/avr8-gnu-toolchain/bin/../lib/gcc/avr/5.4.0/avr6\libgcc.a(_umulhisi3.o)
 .text.libgcc.fixed
                0x00000000        0x0 c:/program files (x86)/atmel/studio/7.0/toolchain/avr8/avr8-gnu-toolchain/bin/../lib/gcc/avr/5.4.0/avr6\libgcc.a(_umulhisi3.o)
 .text          0x00000000        0x0 c:/program files (x86)/atmel/studio/7.0/toolchain/avr8/avr8-gnu-toolchain/bin/../lib/gcc/avr/5.4.0/avr6\libgcc.a(_usmulhisi3.o)
 .data          0x00000000        0x0 c:/program files (x86)/atmel/studio/7.0/toolchain/avr8/avr8-gnu-toolchain/bin/../lib/gcc/avr/5.4.0/avr6\libgcc.a(_usmulhisi3.o)
 .bss           0x00000000        0x0 c:/program files (x86)/atmel/studio/7.0/toolchain/avr8/avr8-gnu-toolchain/bin/../lib/gcc/avr/5.4.0/avr6\libgcc.a(_usmulhisi3.o)
 .text.libgcc.mul
                0x00000000        0xe c:/program files (x86)/atmel/studio/7.0/toolchain/avr8/avr8-gnu-toolchain/bin/../lib/gcc/avr/5.4.0/avr6\libgcc.a(_usmulhisi3.o)
 .text.libgcc.div
                0x00000000        0x0 c:/program files (x86)/atmel/studio/7.0/toolchain/avr8/avr8-gnu-toolchain/bin/../lib/gcc/avr/5.4.0/avr6\libgcc.a(_usmulhisi3.o)
 .text.libgcc   0x00000000        0x0 c:/program files (x86)/atmel/studio/7.0/toolchain/avr8/avr8-gnu-toolchain/bin/../lib/gcc/avr/5.4.0/avr6\libgcc.a(_usmulhisi3.o)
 .text.libgcc.prologue
                0x00000000        0x0 c:/program files (x86)/atmel/studio/7.0/toolchain/avr8/avr8-gnu-toolchain/bin/../lib/gcc/avr/5.4.0/avr6\libgcc.a(_usmulhisi3.o)
 .text.libgcc.builtins
                0x00000000        0x0 c:/program files (x86)/atmel/studio/7.0/toolchain/avr8/avr8-gnu-toolchain/bin/../lib/gcc/avr/5.4.0/avr6\libgcc.a(_usmulhisi3.o)
 .text.libgcc.fmul
                0x00000000        0x0 c:/program files (x86)/atmel/studio/7.0/toolchain/avr8/avr8-gnu-toolchain/bin/../lib/gcc/avr/5.4.0/avr6\libgcc.a(_usmulhisi3.o)
 .text.libgcc.fixed
                0x00000000        0x0 c:/program files (x86)/atmel/studio/7.0/toolchain/avr8/avr8-gnu-toolchain/bin/../lib/gcc/avr/5.4.0/avr6\libgcc.a(_usmulhisi3.o)
 .text          0x00000000        0x0 c:/program files (x86)/atmel/studio/7.0/toolchain/avr8/avr8-gnu-toolchain/bin/../lib/gcc/avr/5.4.0/avr6\libgcc.a(_muluhisi3.o)
 .data          0x00000000        0x0 c:/program files (x86)/atmel/studio/7.0/toolchain/avr8/avr8-gnu-toolchain/bin/../lib/gcc/avr/5.4.0/avr6\libgcc.a(_muluhisi3.o)
 .bss           0x00000000        0x0 c:/program files (x86)/atmel/studio/7.0/toolchain/avr8/avr8-gnu-toolchain/bin/../lib/gcc/avr/5.4.0/avr6\libgcc.a(_muluhisi3.o)
 .text.libgcc.div
                0x00000000        0x0 c:/program files (x86)/atmel/studio/7.0/toolchain/avr8/avr8-gnu-toolchain/bin/../lib/gcc/avr/5.4.0/avr6\libgcc.a(_muluhisi3.o)
 .text.libgcc   0x00000000        0x0 c:/program files (x86)/atmel/studio/7.0/toolchain/avr8/avr8-gnu-toolchain/bin/../lib/gcc/avr/5.4.0/avr6\libgcc.a(_muluhisi3.o)
 .text.libgcc.prologue
                0x00000000        0x0 c:/program files (x86)/atmel/studio/7.0/toolchain/avr8/avr8-gnu-toolchain/bin/../lib/gcc/avr/5.4.0/avr6\libgcc.a(_muluhisi3.o)
 .text.libgcc.builtins
                0x00000000        0x0 c:/program files (x86)/atmel/studio/7.0/toolchain/avr8/avr8-gnu-toolchain/bin/../lib/gcc/avr/5.4.0/avr6\libgcc.a(_muluhisi3.o)
 .text.libgcc.fmul
                0x00000000        0x0 c:/program files (x86)/atmel/studio/7.0/toolchain/avr8/avr8-gnu-toolchain/bin/../lib/gcc/avr/5.4.0/avr6\libgcc.a(_muluhisi3.o)
 .text.libgcc.fixed
                0x00000000        0x0 c:/program files (x86)/atmel/studio/7.0/toolchain/avr8/avr8-gnu-toolchain/bin/../lib/gcc/avr/5.4.0/avr6\libgcc.a(_muluhisi3.o)
 .text          0x00000000        0x0 c:/program files (x86)/atmel/studio/7.0/toolchain/avr8/avr8-gnu-toolchain/bin/../lib/gcc/avr/5.4.0/../../../../avr/lib/avr6\libc.a(calloc.o)
 .data          0x00000000        0x0 c:/program files (x86)/atmel/studio/7.0/toolchain/avr8/avr8-gnu-toolchain/bin/../lib/gcc/avr/5.4.0/../../../../avr/lib/avr6\libc.a(calloc.o)
 .bss           0x00000000        0x0 c:/program files (x86)/atmel/studio/7.0/toolchain/avr8/avr8-gnu-toolchain/bin/../lib/gcc/avr/5.4.0/../../../../avr/lib/avr6\libc.a(calloc.o)
 .text          0x00000000        0x0 c:/program files (x86)/atmel/studio/7.0/toolchain/avr8/avr8-gnu-toolchain/bin/../lib/gcc/avr/5.4.0/../../../../avr/lib/avr6\libc.a(malloc.o)
 .bss           0x00000000        0x0 c:/program files (x86)/atmel/studio/7.0/toolchain/avr8/avr8-gnu-toolchain/bin/../lib/gcc/avr/5.4.0/../../../../avr/lib/avr6\libc.a(malloc.o)
 .text          0x00000000        0x0 c:/program files (x86)/atmel/studio/7.0/toolchain/avr8/avr8-gnu-toolchain/bin/../lib/gcc/avr/5.4.0/../../../../avr/lib/avr6\libc.a(atoi.o)
 .data          0x00000000        0x0 c:/program files (x86)/atmel/studio/7.0/toolchain/avr8/avr8-gnu-toolchain/bin/../lib/gcc/avr/5.4.0/../../../../avr/lib/avr6\libc.a(atoi.o)
 .bss           0x00000000        0x0 c:/program files (x86)/atmel/studio/7.0/toolchain/avr8/avr8-gnu-toolchain/bin/../lib/gcc/avr/5.4.0/../../../../avr/lib/avr6\libc.a(atoi.o)
 .text          0x00000000        0x0 c:/program files (x86)/atmel/studio/7.0/toolchain/avr8/avr8-gnu-toolchain/bin/../lib/gcc/avr/5.4.0/../../../../avr/lib/avr6\libc.a(strtok.o)
 .data          0x00000000        0x0 c:/program files (x86)/atmel/studio/7.0/toolchain/avr8/avr8-gnu-toolchain/bin/../lib/gcc/avr/5.4.0/../../../../avr/lib/avr6\libc.a(strtok.o)
 .text          0x00000000        0x0 c:/program files (x86)/atmel/studio/7.0/toolchain/avr8/avr8-gnu-toolchain/bin/../lib/gcc/avr/5.4.0/../../../../avr/lib/avr6\libc.a(memset.o)
 .data          0x00000000        0x0 c:/program files (x86)/atmel/studio/7.0/toolchain/avr8/avr8-gnu-toolchain/bin/../lib/gcc/avr/5.4.0/../../../../avr/lib/avr6\libc.a(memset.o)
 .bss           0x00000000        0x0 c:/program files (x86)/atmel/studio/7.0/toolchain/avr8/avr8-gnu-toolchain/bin/../lib/gcc/avr/5.4.0/../../../../avr/lib/avr6\libc.a(memset.o)
 .text          0x00000000        0x0 c:/program files (x86)/atmel/studio/7.0/toolchain/avr8/avr8-gnu-toolchain/bin/../lib/gcc/avr/5.4.0/../../../../avr/lib/avr6\libc.a(strcat.o)
 .data          0x00000000        0x0 c:/program files (x86)/atmel/studio/7.0/toolchain/avr8/avr8-gnu-toolchain/bin/../lib/gcc/avr/5.4.0/../../../../avr/lib/avr6\libc.a(strcat.o)
 .bss           0x00000000        0x0 c:/program files (x86)/atmel/studio/7.0/toolchain/avr8/avr8-gnu-toolchain/bin/../lib/gcc/avr/5.4.0/../../../../avr/lib/avr6\libc.a(strcat.o)
 .text          0x00000000        0x0 c:/program files (x86)/atmel/studio/7.0/toolchain/avr8/avr8-gnu-toolchain/bin/../lib/gcc/avr/5.4.0/../../../../avr/lib/avr6\libc.a(strcpy.o)
 .data          0x00000000        0x0 c:/program files (x86)/atmel/studio/7.0/toolchain/avr8/avr8-gnu-toolchain/bin/../lib/gcc/avr/5.4.0/../../../../avr/lib/avr6\libc.a(strcpy.o)
 .bss           0x00000000        0x0 c:/program files (x86)/atmel/studio/7.0/toolchain/avr8/avr8-gnu-toolchain/bin/../lib/gcc/avr/5.4.0/../../../../avr/lib/avr6\libc.a(strcpy.o)
 .text          0x00000000        0x0 c:/program files (x86)/atmel/studio/7.0/toolchain/avr8/avr8-gnu-toolchain/bin/../lib/gcc/avr/5.4.0/../../../../avr/lib/avr6\libc.a(strncpy.o)
 .data          0x00000000        0x0 c:/program files (x86)/atmel/studio/7.0/toolchain/avr8/avr8-gnu-toolchain/bin/../lib/gcc/avr/5.4.0/../../../../avr/lib/avr6\libc.a(strncpy.o)
 .bss           0x00000000        0x0 c:/program files (x86)/atmel/studio/7.0/toolchain/avr8/avr8-gnu-toolchain/bin/../lib/gcc/avr/5.4.0/../../../../avr/lib/avr6\libc.a(strncpy.o)
 .text.avr-libc
                0x00000000       0x1e c:/program files (x86)/atmel/studio/7.0/toolchain/avr8/avr8-gnu-toolchain/bin/../lib/gcc/avr/5.4.0/../../../../avr/lib/avr6\libc.a(strncpy.o)
 .text          0x00000000        0x0 c:/program files (x86)/atmel/studio/7.0/toolchain/avr8/avr8-gnu-toolchain/bin/../lib/gcc/avr/5.4.0/../../../../avr/lib/avr6\libc.a(strtok_r.o)
 .data          0x00000000        0x0 c:/program files (x86)/atmel/studio/7.0/toolchain/avr8/avr8-gnu-toolchain/bin/../lib/gcc/avr/5.4.0/../../../../avr/lib/avr6\libc.a(strtok_r.o)
 .bss           0x00000000        0x0 c:/program files (x86)/atmel/studio/7.0/toolchain/avr8/avr8-gnu-toolchain/bin/../lib/gcc/avr/5.4.0/../../../../avr/lib/avr6\libc.a(strtok_r.o)
 .text          0x00000000        0x0 c:/program files (x86)/atmel/studio/7.0/toolchain/avr8/avr8-gnu-toolchain/bin/../lib/gcc/avr/5.4.0/../../../../avr/lib/avr6\libc.a(itoa_ncheck.o)
 .data          0x00000000        0x0 c:/program files (x86)/atmel/studio/7.0/toolchain/avr8/avr8-gnu-toolchain/bin/../lib/gcc/avr/5.4.0/../../../../avr/lib/avr6\libc.a(itoa_ncheck.o)
 .bss           0x00000000        0x0 c:/program files (x86)/atmel/studio/7.0/toolchain/avr8/avr8-gnu-toolchain/bin/../lib/gcc/avr/5.4.0/../../../../avr/lib/avr6\libc.a(itoa_ncheck.o)
 .text          0x00000000        0x0 c:/program files (x86)/atmel/studio/7.0/toolchain/avr8/avr8-gnu-toolchain/bin/../lib/gcc/avr/5.4.0/../../../../avr/lib/avr6\libc.a(mul10.o)
 .data          0x00000000        0x0 c:/program files (x86)/atmel/studio/7.0/toolchain/avr8/avr8-gnu-toolchain/bin/../lib/gcc/avr/5.4.0/../../../../avr/lib/avr6\libc.a(mul10.o)
 .bss           0x00000000        0x0 c:/program files (x86)/atmel/studio/7.0/toolchain/avr8/avr8-gnu-toolchain/bin/../lib/gcc/avr/5.4.0/../../../../avr/lib/avr6\libc.a(mul10.o)
 .text          0x00000000        0x0 c:/program files (x86)/atmel/studio/7.0/toolchain/avr8/avr8-gnu-toolchain/bin/../lib/gcc/avr/5.4.0/../../../../avr/lib/avr6\libc.a(utoa_ncheck.o)
 .data          0x00000000        0x0 c:/program files (x86)/atmel/studio/7.0/toolchain/avr8/avr8-gnu-toolchain/bin/../lib/gcc/avr/5.4.0/../../../../avr/lib/avr6\libc.a(utoa_ncheck.o)
 .bss           0x00000000        0x0 c:/program files (x86)/atmel/studio/7.0/toolchain/avr8/avr8-gnu-toolchain/bin/../lib/gcc/avr/5.4.0/../../../../avr/lib/avr6\libc.a(utoa_ncheck.o)
 .text          0x00000000        0x0 c:/program files (x86)/atmel/studio/7.0/toolchain/avr8/avr8-gnu-toolchain/bin/../lib/gcc/avr/5.4.0/../../../../avr/lib/avr6\libc.a(strrev.o)
 .data          0x00000000        0x0 c:/program files (x86)/atmel/studio/7.0/toolchain/avr8/avr8-gnu-toolchain/bin/../lib/gcc/avr/5.4.0/../../../../avr/lib/avr6\libc.a(strrev.o)
 .bss           0x00000000        0x0 c:/program files (x86)/atmel/studio/7.0/toolchain/avr8/avr8-gnu-toolchain/bin/../lib/gcc/avr/5.4.0/../../../../avr/lib/avr6\libc.a(strrev.o)
 .text          0x00000000        0x0 C:/Program Files (x86)/Atmel/Studio/7.0/Packs/atmel/ATmega_DFP/1.3.300/gcc/dev/atmega2560/avr6\libatmega2560.a(eerd_byte.o)
 .data          0x00000000        0x0 C:/Program Files (x86)/Atmel/Studio/7.0/Packs/atmel/ATmega_DFP/1.3.300/gcc/dev/atmega2560/avr6\libatmega2560.a(eerd_byte.o)
 .bss           0x00000000        0x0 C:/Program Files (x86)/Atmel/Studio/7.0/Packs/atmel/ATmega_DFP/1.3.300/gcc/dev/atmega2560/avr6\libatmega2560.a(eerd_byte.o)
 .text.avr-libc
                0x00000000       0x10 C:/Program Files (x86)/Atmel/Studio/7.0/Packs/atmel/ATmega_DFP/1.3.300/gcc/dev/atmega2560/avr6\libatmega2560.a(eerd_byte.o)
 .debug_line    0x00000000       0x7a C:/Program Files (x86)/Atmel/Studio/7.0/Packs/atmel/ATmega_DFP/1.3.300/gcc/dev/atmega2560/avr6\libatmega2560.a(eerd_byte.o)
 .debug_info    0x00000000       0x9a C:/Program Files (x86)/Atmel/Studio/7.0/Packs/atmel/ATmega_DFP/1.3.300/gcc/dev/atmega2560/avr6\libatmega2560.a(eerd_byte.o)
 .debug_abbrev  0x00000000       0x14 C:/Program Files (x86)/Atmel/Studio/7.0/Packs/atmel/ATmega_DFP/1.3.300/gcc/dev/atmega2560/avr6\libatmega2560.a(eerd_byte.o)
 .debug_aranges
                0x00000000       0x20 C:/Program Files (x86)/Atmel/Studio/7.0/Packs/atmel/ATmega_DFP/1.3.300/gcc/dev/atmega2560/avr6\libatmega2560.a(eerd_byte.o)
 .text          0x00000000        0x0 C:/Program Files (x86)/Atmel/Studio/7.0/Packs/atmel/ATmega_DFP/1.3.300/gcc/dev/atmega2560/avr6\libatmega2560.a(eewr_byte.o)
 .data          0x00000000        0x0 C:/Program Files (x86)/Atmel/Studio/7.0/Packs/atmel/ATmega_DFP/1.3.300/gcc/dev/atmega2560/avr6\libatmega2560.a(eewr_byte.o)
 .bss           0x00000000        0x0 C:/Program Files (x86)/Atmel/Studio/7.0/Packs/atmel/ATmega_DFP/1.3.300/gcc/dev/atmega2560/avr6\libatmega2560.a(eewr_byte.o)
 .text.avr-libc
                0x00000000       0x1c C:/Program Files (x86)/Atmel/Studio/7.0/Packs/atmel/ATmega_DFP/1.3.300/gcc/dev/atmega2560/avr6\libatmega2560.a(eewr_byte.o)
 .debug_line    0x00000000       0x9e C:/Program Files (x86)/Atmel/Studio/7.0/Packs/atmel/ATmega_DFP/1.3.300/gcc/dev/atmega2560/avr6\libatmega2560.a(eewr_byte.o)
 .debug_info    0x00000000       0x9a C:/Program Files (x86)/Atmel/Studio/7.0/Packs/atmel/ATmega_DFP/1.3.300/gcc/dev/atmega2560/avr6\libatmega2560.a(eewr_byte.o)
 .debug_abbrev  0x00000000       0x14 C:/Program Files (x86)/Atmel/Studio/7.0/Packs/atmel/ATmega_DFP/1.3.300/gcc/dev/atmega2560/avr6\libatmega2560.a(eewr_byte.o)
 .debug_aranges
                0x00000000       0x20 C:/Program Files (x86)/Atmel/Studio/7.0/Packs/atmel/ATmega_DFP/1.3.300/gcc/dev/atmega2560/avr6\libatmega2560.a(eewr_byte.o)

Memory Configuration

Name             Origin             Length             Attributes
text             0x00000000         0x00100000         xr
data             0x00800200         0x0000fe00         rw !x
eeprom           0x00810000         0x00010000         rw !x
fuse             0x00820000         0x00000003         rw !x
lock             0x00830000         0x00000400         rw !x
signature        0x00840000         0x00000400         rw !x
user_signatures  0x00850000         0x00000400         rw !x
*default*        0x00000000         0xffffffff

Linker script and memory map

Address of section .data set to 0x800200
LOAD C:/Program Files (x86)/Atmel/Studio/7.0/Packs/atmel/ATmega_DFP/1.3.300/gcc/dev/atmega2560/avr6/crtatmega2560.o
LOAD Cocktail_functions.o
LOAD Cocktail_Statemachine.o
LOAD Getraenk.o
LOAD Zutaten.o
LOAD Main_Func.o
LOAD Nextion_Display.o
LOAD mfrc522.o
LOAD ring_buffer.o
LOAD FAT32.o
LOAD SD_routines.o
LOAD SPI.o
LOAD tmc4671.o
LOAD TMC6200.o
LOAD UART.o
LOAD main.o
START GROUP
LOAD c:/program files (x86)/atmel/studio/7.0/toolchain/avr8/avr8-gnu-toolchain/bin/../lib/gcc/avr/5.4.0/../../../../avr/lib/avr6\libm.a
END GROUP
START GROUP
LOAD c:/program files (x86)/atmel/studio/7.0/toolchain/avr8/avr8-gnu-toolchain/bin/../lib/gcc/avr/5.4.0/avr6\libgcc.a
LOAD c:/program files (x86)/atmel/studio/7.0/toolchain/avr8/avr8-gnu-toolchain/bin/../lib/gcc/avr/5.4.0/../../../../avr/lib/avr6\libm.a
LOAD c:/program files (x86)/atmel/studio/7.0/toolchain/avr8/avr8-gnu-toolchain/bin/../lib/gcc/avr/5.4.0/../../../../avr/lib/avr6\libc.a
LOAD C:/Program Files (x86)/Atmel/Studio/7.0/Packs/atmel/ATmega_DFP/1.3.300/gcc/dev/atmega2560/avr6\libatmega2560.a
END GROUP
                0x00000000                __TEXT_REGION_ORIGIN__ = DEFINED (__TEXT_REGION_ORIGIN__)?__TEXT_REGION_ORIGIN__:0x0
                0x00800200                __DATA_REGION_ORIGIN__ = DEFINED (__DATA_REGION_ORIGIN__)?__DATA_REGION_ORIGIN__:0x800200
                0x00100000                __TEXT_REGION_LENGTH__ = DEFINED (__TEXT_REGION_LENGTH__)?__TEXT_REGION_LENGTH__:0x100000
                0x0000fe00                __DATA_REGION_LENGTH__ = DEFINED (__DATA_REGION_LENGTH__)?__DATA_REGION_LENGTH__:0xfe00
                0x00010000                __EEPROM_REGION_LENGTH__ = DEFINED (__EEPROM_REGION_LENGTH__)?__EEPROM_REGION_LENGTH__:0x10000
                [0x00000003]                __FUSE_REGION_LENGTH__ = DEFINED (__FUSE_REGION_LENGTH__)?__FUSE_REGION_LENGTH__:0x400
                0x00000400                __LOCK_REGION_LENGTH__ = DEFINED (__LOCK_REGION_LENGTH__)?__LOCK_REGION_LENGTH__:0x400
                0x00000400                __SIGNATURE_REGION_LENGTH__ = DEFINED (__SIGNATURE_REGION_LENGTH__)?__SIGNATURE_REGION_LENGTH__:0x400
                0x00000400                __USER_SIGNATURE_REGION_LENGTH__ = DEFINED (__USER_SIGNATURE_REGION_LENGTH__)?__USER_SIGNATURE_REGION_LENGTH__:0x400

.hash
 *(.hash)

.dynsym
 *(.dynsym)

.dynstr
 *(.dynstr)

.gnu.version
 *(.gnu.version)

.gnu.version_d
 *(.gnu.version_d)

.gnu.version_r
 *(.gnu.version_r)

.rel.init
 *(.rel.init)

.rela.init
 *(.rela.init)

.rel.text
 *(.rel.text)
 *(.rel.text.*)
 *(.rel.gnu.linkonce.t*)

.rela.text
 *(.rela.text)
 *(.rela.text.*)
 *(.rela.gnu.linkonce.t*)

.rel.fini
 *(.rel.fini)

.rela.fini
 *(.rela.fini)

.rel.rodata
 *(.rel.rodata)
 *(.rel.rodata.*)
 *(.rel.gnu.linkonce.r*)

.rela.rodata
 *(.rela.rodata)
 *(.rela.rodata.*)
 *(.rela.gnu.linkonce.r*)

.rel.data
 *(.rel.data)
 *(.rel.data.*)
 *(.rel.gnu.linkonce.d*)

.rela.data
 *(.rela.data)
 *(.rela.data.*)
 *(.rela.gnu.linkonce.d*)

.rel.ctors
 *(.rel.ctors)

.rela.ctors
 *(.rela.ctors)

.rel.dtors
 *(.rel.dtors)

.rela.dtors
 *(.rela.dtors)

.rel.got
 *(.rel.got)

.rela.got
 *(.rela.got)

.rel.bss
 *(.rel.bss)

.rela.bss
 *(.rela.bss)

.rel.plt
 *(.rel.plt)

.rela.plt
 *(.rela.plt)

.text           0x00000000     0x55d6
 *(.vectors)
 .vectors       0x00000000       0xe4 C:/Program Files (x86)/Atmel/Studio/7.0/Packs/atmel/ATmega_DFP/1.3.300/gcc/dev/atmega2560/avr6/crtatmega2560.o
                0x00000000                __vector_default
                0x00000000                __vectors
 *(.vectors)
 *(.progmem.gcc*)
 .progmem.gcc_sw_table.schalte_pumpe_ein
                0x000000e4       0x18 Cocktail_functions.o
 .progmem.gcc_sw_table.schalte_pumpe_aus
                0x000000fc       0x18 Cocktail_functions.o
 .progmem.gcc_sw_table.lese_sensor
                0x00000114       0x18 Cocktail_functions.o
 .progmem.gcc_sw_table.check_startseite
                0x0000012c       0x10 Cocktail_Statemachine.o
 .progmem.gcc_sw_table.check_listenanzeige
                0x0000013c       0x14 Cocktail_Statemachine.o
 .progmem.gcc_sw_table.check_menuanzeige
                0x00000150        0xe Cocktail_Statemachine.o
 .progmem.gcc_sw_table.check_bearbeitungsanzeige
                0x0000015e       0x14 Cocktail_Statemachine.o
 .progmem.gcc_sw_table.check_ceinstanzeige
                0x00000172       0x10 Cocktail_Statemachine.o
 .progmem.gcc_sw_table.check_erstanzeige1
                0x00000182       0x3e Cocktail_Statemachine.o
 .progmem.gcc_sw_table.check_posanzeige
                0x000001c0       0x1a Cocktail_Statemachine.o
 .progmem.gcc_sw_table.check_fluessanzeige1
                0x000001da       0x14 Cocktail_Statemachine.o
 .progmem.gcc_sw_table.check_RFIDAnzeige1
                0x000001ee       0x12 Cocktail_Statemachine.o
 .progmem.gcc_sw_table.cocktail_check_command
                0x00000200       0x30 Cocktail_Statemachine.o
                0x00000230                . = ALIGN (0x2)
                0x00000230                __trampolines_start = .
 *(.trampolines)
 .trampolines   0x00000230        0x0 linker stubs
 *(.trampolines*)
                0x00000230                __trampolines_end = .
 *libprintf_flt.a:*(.progmem.data)
 *libc.a:*(.progmem.data)
 *(.progmem*)
                0x00000230                . = ALIGN (0x2)
 *(.jumptables)
 *(.jumptables*)
 *(.lowtext)
 *(.lowtext*)
                0x00000230                __ctors_start = .
 *(.ctors)
                0x00000230                __ctors_end = .
                0x00000230                __dtors_start = .
 *(.dtors)
                0x00000230                __dtors_end = .
 SORT(*)(.ctors)
 SORT(*)(.dtors)
 *(.init0)
 .init0         0x00000230        0x0 C:/Program Files (x86)/Atmel/Studio/7.0/Packs/atmel/ATmega_DFP/1.3.300/gcc/dev/atmega2560/avr6/crtatmega2560.o
                0x00000230                __init
 *(.init0)
 *(.init1)
 *(.init1)
 *(.init2)
 .init2         0x00000230       0x10 C:/Program Files (x86)/Atmel/Studio/7.0/Packs/atmel/ATmega_DFP/1.3.300/gcc/dev/atmega2560/avr6/crtatmega2560.o
 *(.init2)
 *(.init3)
 *(.init3)
 *(.init4)
 .init4         0x00000240       0x1a c:/program files (x86)/atmel/studio/7.0/toolchain/avr8/avr8-gnu-toolchain/bin/../lib/gcc/avr/5.4.0/avr6\libgcc.a(_copy_data.o)
                0x00000240                __do_copy_data
 .init4         0x0000025a       0x10 c:/program files (x86)/atmel/studio/7.0/toolchain/avr8/avr8-gnu-toolchain/bin/../lib/gcc/avr/5.4.0/avr6\libgcc.a(_clear_bss.o)
                0x0000025a                __do_clear_bss
 *(.init4)
 *(.init5)
 *(.init5)
 *(.init6)
 *(.init6)
 *(.init7)
 *(.init7)
 *(.init8)
 *(.init8)
 *(.init9)
 .init9         0x0000026a        0x8 C:/Program Files (x86)/Atmel/Studio/7.0/Packs/atmel/ATmega_DFP/1.3.300/gcc/dev/atmega2560/avr6/crtatmega2560.o
 *(.init9)
 *(.text)
 .text          0x00000272        0x2 C:/Program Files (x86)/Atmel/Studio/7.0/Packs/atmel/ATmega_DFP/1.3.300/gcc/dev/atmega2560/avr6/crtatmega2560.o
                0x00000272                __vector_38
                0x00000272                __vector_22
                0x00000272                __vector_28
                0x00000272                __vector_1
                0x00000272                __vector_32
                0x00000272                __vector_34
                0x00000272                __vector_24
                0x00000272                __vector_12
                0x00000272                __vector_46
                0x00000272                __bad_interrupt
                0x00000272                __vector_6
                0x00000272                __vector_31
                0x00000272                __vector_35
                0x00000272                __vector_39
                0x00000272                __vector_3
                0x00000272                __vector_23
                0x00000272                __vector_30
                0x00000272                __vector_45
                0x00000272                __vector_11
                0x00000272                __vector_13
                0x00000272                __vector_17
                0x00000272                __vector_19
                0x00000272                __vector_56
                0x00000272                __vector_7
                0x00000272                __vector_49
                0x00000272                __vector_41
                0x00000272                __vector_43
                0x00000272                __vector_27
                0x00000272                __vector_5
                0x00000272                __vector_33
                0x00000272                __vector_47
                0x00000272                __vector_4
                0x00000272                __vector_44
                0x00000272                __vector_9
                0x00000272                __vector_2
                0x00000272                __vector_21
                0x00000272                __vector_15
                0x00000272                __vector_29
                0x00000272                __vector_40
                0x00000272                __vector_8
                0x00000272                __vector_48
                0x00000272                __vector_14
                0x00000272                __vector_53
                0x00000272                __vector_10
                0x00000272                __vector_50
                0x00000272                __vector_16
                0x00000272                __vector_18
                0x00000272                __vector_20
                0x00000272                __vector_42
                0x00000274                . = ALIGN (0x2)
 *(.text.*)
 .text.cocktail_test_command
                0x00000274        0xe Cocktail_functions.o
                0x00000274                cocktail_test_command
 .text.schreibe_Menge_in_Getraenk
                0x00000282      0x18e Cocktail_functions.o
                0x00000282                schreibe_Menge_in_Getraenk
 .text.schalte_pumpe_ein
                0x00000410       0x6e Cocktail_functions.o
                0x00000410                schalte_pumpe_ein
 .text.schalte_pumpe_aus
                0x0000047e       0x6e Cocktail_functions.o
                0x0000047e                schalte_pumpe_aus
 .text.lese_sensor
                0x000004ec       0x74 Cocktail_functions.o
                0x000004ec                lese_sensor
 .text.erstelle_Liste_zutat
                0x00000560      0x25c Cocktail_functions.o
                0x00000560                erstelle_Liste_zutat
 .text.setze_startanzeige
                0x000007bc       0x94 Cocktail_functions.o
                0x000007bc                setze_startanzeige
 .text.fuelle_getraenk
                0x00000850      0x2f0 Cocktail_functions.o
                0x00000850                fuelle_getraenk
 .text.zubereitung_getraenk
                0x00000b40       0x68 Cocktail_functions.o
                0x00000b40                zubereitung_getraenk
 .text.erstelle_Zutatenliste
                0x00000ba8      0x1a8 Cocktail_functions.o
                0x00000ba8                erstelle_Zutatenliste
 .text.compare_string
                0x00000d50       0x40 Cocktail_functions.o
                0x00000d50                compare_string
 .text.pruefe_kopf
                0x00000d90        0xc Cocktail_functions.o
                0x00000d90                pruefe_kopf
 .text.lese_textfile_in_getraenk
                0x00000d9c      0x18a Cocktail_functions.o
                0x00000d9c                lese_textfile_in_getraenk
 .text.bearbeite_Cocktail
                0x00000f26       0x72 Cocktail_functions.o
                0x00000f26                bearbeite_Cocktail
 .text.choose_drink
                0x00000f98       0x60 Cocktail_functions.o
                0x00000f98                choose_drink
 .text.erstelle_Liste_name
                0x00000ff8      0x1f0 Cocktail_functions.o
                0x00000ff8                erstelle_Liste_name
 .text.schiebe_file_next
                0x000011e8       0x1c Cocktail_functions.o
                0x000011e8                schiebe_file_next
 .text.schiebe_file_prev
                0x00001204       0x1c Cocktail_functions.o
                0x00001204                schiebe_file_prev
 .text.SD_startup
                0x00001220       0xfc Cocktail_functions.o
                0x00001220                SD_startup
 .text.erstelle_File
                0x0000131c      0x22c Cocktail_functions.o
                0x0000131c                erstelle_File
 .text.loesche_FIle
                0x00001548       0x66 Cocktail_functions.o
                0x00001548                loesche_FIle
 .text.erstelle_Liste_Zutat_Pos
                0x000015ae      0x1d0 Cocktail_functions.o
                0x000015ae                erstelle_Liste_Zutat_Pos
 .text.init_Getraenke_func
                0x0000177e       0x16 Cocktail_Statemachine.o
                0x0000177e                init_Getraenke_func
 .text.check_startseite
                0x00001794      0x1c0 Cocktail_Statemachine.o
                0x00001794                check_startseite
 .text.check_zutatenanzeige
                0x00001954       0x26 Cocktail_Statemachine.o
                0x00001954                check_zutatenanzeige
 .text.check_listenanzeige
                0x0000197a       0x86 Cocktail_Statemachine.o
                0x0000197a                check_listenanzeige
 .text.check_zubabfrage
                0x00001a00       0xbe Cocktail_Statemachine.o
                0x00001a00                check_zubabfrage
 .text.check_zubbildschirm
                0x00001abe        0xa Cocktail_Statemachine.o
                0x00001abe                check_zubbildschirm
 .text.check_menuanzeige
                0x00001ac8       0x9c Cocktail_Statemachine.o
                0x00001ac8                check_menuanzeige
 .text.check_bearbeitungsanzeige
                0x00001b64       0x86 Cocktail_Statemachine.o
                0x00001b64                check_bearbeitungsanzeige
 .text.check_ceinstanzeige
                0x00001bea       0xd0 Cocktail_Statemachine.o
                0x00001bea                check_ceinstanzeige
 .text.check_reinanzeige1
                0x00001cba       0x1a Cocktail_Statemachine.o
                0x00001cba                check_reinanzeige1
 .text.check_reinanzeige2
                0x00001cd4       0x8a Cocktail_Statemachine.o
                0x00001cd4                check_reinanzeige2
 .text.check_reinanzeige3
                0x00001d5e       0x12 Cocktail_Statemachine.o
                0x00001d5e                check_reinanzeige3
 .text.check_infoanzeige
                0x00001d70        0xc Cocktail_Statemachine.o
                0x00001d70                check_infoanzeige
 .text.check_erstanzeige1
                0x00001d7c      0x5ea Cocktail_Statemachine.o
                0x00001d7c                check_erstanzeige1
 .text.check_erstanzeige2
                0x00002366      0x120 Cocktail_Statemachine.o
                0x00002366                check_erstanzeige2
 .text.check_loeschanzeige
                0x00002486       0xd4 Cocktail_Statemachine.o
                0x00002486                check_loeschanzeige
 .text.check_posanzeige
                0x0000255a       0xf2 Cocktail_Statemachine.o
                0x0000255a                check_posanzeige
 .text.check_fluessanzeige1
                0x0000264c       0xc2 Cocktail_Statemachine.o
                0x0000264c                check_fluessanzeige1
 .text.check_fluessanzeige2
                0x0000270e       0x64 Cocktail_Statemachine.o
                0x0000270e                check_fluessanzeige2
 .text.check_RFIDAnzeige1
                0x00002772       0xd0 Cocktail_Statemachine.o
                0x00002772                check_RFIDAnzeige1
 .text.check_RFIDAnzeige2
                0x00002842       0x62 Cocktail_Statemachine.o
                0x00002842                check_RFIDAnzeige2
 .text.check_RFIDFehler
                0x000028a4       0x12 Cocktail_Statemachine.o
                0x000028a4                check_RFIDFehler
 .text.cocktail_check_command
                0x000028b6       0xa2 Cocktail_Statemachine.o
                0x000028b6                cocktail_check_command
 .text.create_new_getraenk
                0x00002958       0xe2 Getraenk.o
                0x00002958                create_new_getraenk
 .text.insert_at_head
                0x00002a3a       0x56 Getraenk.o
                0x00002a3a                insert_at_head
 .text.create_new_getraenk_file
                0x00002a90       0x18 Getraenk.o
                0x00002a90                create_new_getraenk_file
 .text.insert_file_at_head
                0x00002aa8       0x56 Getraenk.o
                0x00002aa8                insert_file_at_head
 .text.cocktails_init
                0x00002afe       0xec Getraenk.o
                0x00002afe                cocktails_init
 .text.create_neue_zutat
                0x00002bea       0x7a Zutaten.o
                0x00002bea                create_neue_zutat
 .text.insert_zutat_at_head
                0x00002c64       0x56 Zutaten.o
                0x00002c64                insert_zutat_at_head
 .text.zutaten_init
                0x00002cba       0x8a Zutaten.o
                0x00002cba                zutaten_init
 .text.IO_init  0x00002d44       0x2e Main_Func.o
                0x00002d44                IO_init
 .text.toggle_LED
                0x00002d72        0xa Main_Func.o
                0x00002d72                toggle_LED
 .text.heartbeat_LED
                0x00002d7c       0x16 Main_Func.o
                0x00002d7c                heartbeat_LED
 .text.check_Communication_Input_UART_0
                0x00002d92       0x5a Main_Func.o
                0x00002d92                check_Communication_Input_UART_0
 .text.proceed_Communication_Input_UART_0
                0x00002dec        0xa Main_Func.o
                0x00002dec                proceed_Communication_Input_UART_0
 .text.check_Communication_Input_UART_1
                0x00002df6      0x112 Main_Func.o
                0x00002df6                check_Communication_Input_UART_1
 .text.proceed_Communication_INPUT_UART_1
                0x00002f08       0x24 Main_Func.o
                0x00002f08                proceed_Communication_INPUT_UART_1
 .text.check_Communication_Input_UART_2
                0x00002f2c       0xde Main_Func.o
                0x00002f2c                check_Communication_Input_UART_2
 .text.proceed_Communication_Input_UART_2
                0x0000300a       0x20 Main_Func.o
                0x0000300a                proceed_Communication_Input_UART_2
 .text.check_Communication_Input_UART
                0x0000302a       0x14 Main_Func.o
                0x0000302a                check_Communication_Input_UART
 .text.endConversation
                0x0000303e       0x2c Nextion_Display.o
                0x0000303e                endConversation
 .text.nextion_change_page
                0x0000306a       0x3e Nextion_Display.o
                0x0000306a                nextion_change_page
 .text.nextion_setText
                0x000030a8       0x30 Nextion_Display.o
                0x000030a8                nextion_setText
 .text.nextion_setValue
                0x000030d8       0x20 Nextion_Display.o
                0x000030d8                nextion_setValue
 .text.nextion_setPicture
                0x000030f8       0x4c Nextion_Display.o
                0x000030f8                nextion_setPicture
 .text.nextion_getSliderValue
                0x00003144       0x9c Nextion_Display.o
                0x00003144                nextion_getSliderValue
 .text.nextion_disableButton
                0x000031e0       0x72 Nextion_Display.o
                0x000031e0                nextion_disableButton
 .text.mfrc522_write
                0x00003252       0x2a mfrc522.o
                0x00003252                mfrc522_write
 .text.mfrc522_read
                0x0000327c       0x66 mfrc522.o
                0x0000327c                mfrc522_read
 .text.RB_init  0x000032e2        0x8 ring_buffer.o
                0x000032e2                RB_init
 .text.RB_free  0x000032ea       0x16 ring_buffer.o
                0x000032ea                RB_free
 .text.RB_length
                0x00003300       0x18 ring_buffer.o
                0x00003300                RB_length
 .text.RB_readByte
                0x00003318       0x28 ring_buffer.o
                0x00003318                RB_readByte
 .text.RB_writeByte
                0x00003340       0x3a ring_buffer.o
                0x00003340                RB_writeByte
 .text.RB_write
                0x0000337a       0x64 ring_buffer.o
                0x0000337a                RB_write
 .text.getFirstSector
                0x000033de       0x42 FAT32.o
                0x000033de                getFirstSector
 .text.getSetNextCluster
                0x00003420       0xf2 FAT32.o
                0x00003420                getSetNextCluster
 .text.getSetFreeCluster
                0x00003512      0x124 FAT32.o
                0x00003512                getSetFreeCluster
 .text.getBootSectorData
                0x00003636      0x180 FAT32.o
                0x00003636                getBootSectorData
 .text.convertFileName
                0x000037b6      0x120 FAT32.o
                0x000037b6                convertFileName
 .text.searchNextFreeCluster
                0x000038d6      0x144 FAT32.o
                0x000038d6                searchNextFreeCluster
 .text.displayMemory
                0x00003a1a       0xc2 FAT32.o
                0x00003a1a                displayMemory
 .text.freeMemoryUpdate
                0x00003adc       0xdc FAT32.o
                0x00003adc                freeMemoryUpdate
 .text.findFiles
                0x00003bb8      0x3ce FAT32.o
                0x00003bb8                findFiles
 .text.readFile
                0x00003f86      0x1bc FAT32.o
                0x00003f86                readFile
 .text.deleteFile
                0x00004142       0x18 FAT32.o
                0x00004142                deleteFile
 .text.writeFile
                0x0000415a      0x7e4 FAT32.o
                0x0000415a                writeFile
 .text.SD_sendCommand
                0x0000493e       0xb4 SD_routines.o
                0x0000493e                SD_sendCommand
 .text.SD_init  0x000049f2      0x124 SD_routines.o
                0x000049f2                SD_init
 .text.SD_readSingleBlock
                0x00004b16       0x50 SD_routines.o
                0x00004b16                SD_readSingleBlock
 .text.SD_writeSingleBlock
                0x00004b66       0x82 SD_routines.o
                0x00004b66                SD_writeSingleBlock
 .text.spi_transmit
                0x00004be8        0xc SPI.o
                0x00004be8                spi_transmit
 .text.spi_receive
                0x00004bf4        0xe SPI.o
                0x00004bf4                spi_receive
 .text.enable_Slave
                0x00004c02       0x28 SPI.o
                0x00004c02                enable_Slave
 .text.disable_Slave
                0x00004c2a       0x28 SPI.o
                0x00004c2a                disable_Slave
 .text.SPI_init
                0x00004c52       0x14 SPI.o
                0x00004c52                SPI_init
 .text.tx_completed
                0x00004c66        0x6 UART.o
                0x00004c66                tx_completed
 .text.UART_init
                0x00004c6c       0xfa UART.o
                0x00004c6c                UART_init
 .text.Uart_Transmit_IT_PC
                0x00004d66       0x26 UART.o
                0x00004d66                Uart_Transmit_IT_PC
 .text.Uart_Transmit_IT_Display
                0x00004d8c       0x2c UART.o
                0x00004d8c                Uart_Transmit_IT_Display
 .text.__vector_26
                0x00004db8       0x7e UART.o
                0x00004db8                __vector_26
 .text.__vector_25
                0x00004e36       0x58 UART.o
                0x00004e36                __vector_25
 .text.__vector_37
                0x00004e8e       0x7e UART.o
                0x00004e8e                __vector_37
 .text.__vector_36
                0x00004f0c       0x58 UART.o
                0x00004f0c                __vector_36
 .text.__vector_52
                0x00004f64       0x7e UART.o
                0x00004f64                __vector_52
 .text.__vector_51
                0x00004fe2       0x58 UART.o
                0x00004fe2                __vector_51
 .text.__vector_55
                0x0000503a       0x7e UART.o
                0x0000503a                __vector_55
 .text.__vector_54
                0x000050b8       0x58 UART.o
                0x000050b8                __vector_54
 .text.transmitByte
                0x00005110       0x10 UART.o
                0x00005110                transmitByte
 .text.transmitString
                0x00005120       0x1c UART.o
                0x00005120                transmitString
 .text.main     0x0000513c       0x46 main.o
                0x0000513c                main
 .text.libgcc.mul
                0x00005182       0x1e c:/program files (x86)/atmel/studio/7.0/toolchain/avr8/avr8-gnu-toolchain/bin/../lib/gcc/avr/5.4.0/avr6\libgcc.a(_mulsi3.o)
                0x00005182                __mulsi3
 .text.libgcc.div
                0x000051a0       0x44 c:/program files (x86)/atmel/studio/7.0/toolchain/avr8/avr8-gnu-toolchain/bin/../lib/gcc/avr/5.4.0/avr6\libgcc.a(_udivmodsi4.o)
                0x000051a0                __udivmodsi4
 .text.libgcc   0x000051e4       0x10 c:/program files (x86)/atmel/studio/7.0/toolchain/avr8/avr8-gnu-toolchain/bin/../lib/gcc/avr/5.4.0/avr6\libgcc.a(_tablejump2.o)
                0x000051e4                __tablejump2__
 .text.libgcc.mul
                0x000051f4       0x1e c:/program files (x86)/atmel/studio/7.0/toolchain/avr8/avr8-gnu-toolchain/bin/../lib/gcc/avr/5.4.0/avr6\libgcc.a(_umulhisi3.o)
                0x000051f4                __umulhisi3
 .text.libgcc.mul
                0x00005212       0x14 c:/program files (x86)/atmel/studio/7.0/toolchain/avr8/avr8-gnu-toolchain/bin/../lib/gcc/avr/5.4.0/avr6\libgcc.a(_muluhisi3.o)
                0x00005212                __muluhisi3
 .text.avr-libc
                0x00005226       0x34 c:/program files (x86)/atmel/studio/7.0/toolchain/avr8/avr8-gnu-toolchain/bin/../lib/gcc/avr/5.4.0/../../../../avr/lib/avr6\libc.a(calloc.o)
                0x00005226                calloc
 .text.avr-libc
                0x0000525a      0x242 c:/program files (x86)/atmel/studio/7.0/toolchain/avr8/avr8-gnu-toolchain/bin/../lib/gcc/avr/5.4.0/../../../../avr/lib/avr6\libc.a(malloc.o)
                0x0000525a                malloc
                0x0000538a                free
 .text.avr-libc
                0x0000549c       0x3a c:/program files (x86)/atmel/studio/7.0/toolchain/avr8/avr8-gnu-toolchain/bin/../lib/gcc/avr/5.4.0/../../../../avr/lib/avr6\libc.a(atoi.o)
                0x0000549c                atoi
 .text.avr-libc
                0x000054d6        0x6 c:/program files (x86)/atmel/studio/7.0/toolchain/avr8/avr8-gnu-toolchain/bin/../lib/gcc/avr/5.4.0/../../../../avr/lib/avr6\libc.a(strtok.o)
                0x000054d6                strtok
 .text.avr-libc
                0x000054dc        0xe c:/program files (x86)/atmel/studio/7.0/toolchain/avr8/avr8-gnu-toolchain/bin/../lib/gcc/avr/5.4.0/../../../../avr/lib/avr6\libc.a(memset.o)
                0x000054dc                memset
 .text.avr-libc
                0x000054ea       0x16 c:/program files (x86)/atmel/studio/7.0/toolchain/avr8/avr8-gnu-toolchain/bin/../lib/gcc/avr/5.4.0/../../../../avr/lib/avr6\libc.a(strcat.o)
                0x000054ea                strcat
 .text.avr-libc
                0x00005500        0xe c:/program files (x86)/atmel/studio/7.0/toolchain/avr8/avr8-gnu-toolchain/bin/../lib/gcc/avr/5.4.0/../../../../avr/lib/avr6\libc.a(strcpy.o)
                0x00005500                strcpy
 .text.avr-libc
                0x0000550e       0x4e c:/program files (x86)/atmel/studio/7.0/toolchain/avr8/avr8-gnu-toolchain/bin/../lib/gcc/avr/5.4.0/../../../../avr/lib/avr6\libc.a(strtok_r.o)
                0x0000550e                strtok_r
 .text.avr-libc
                0x0000555c       0x14 c:/program files (x86)/atmel/studio/7.0/toolchain/avr8/avr8-gnu-toolchain/bin/../lib/gcc/avr/5.4.0/../../../../avr/lib/avr6\libc.a(itoa_ncheck.o)
                0x0000555c                __itoa_ncheck
 .text.avr-libc
                0x00005570       0x10 c:/program files (x86)/atmel/studio/7.0/toolchain/avr8/avr8-gnu-toolchain/bin/../lib/gcc/avr/5.4.0/../../../../avr/lib/avr6\libc.a(mul10.o)
                0x00005570                __mulhi_const_10
 .text.avr-libc
                0x00005580       0x32 c:/program files (x86)/atmel/studio/7.0/toolchain/avr8/avr8-gnu-toolchain/bin/../lib/gcc/avr/5.4.0/../../../../avr/lib/avr6\libc.a(utoa_ncheck.o)
                0x00005580                __utoa_ncheck
                0x00005582                __utoa_common
 .text.avr-libc
                0x000055b2       0x20 c:/program files (x86)/atmel/studio/7.0/toolchain/avr8/avr8-gnu-toolchain/bin/../lib/gcc/avr/5.4.0/../../../../avr/lib/avr6\libc.a(strrev.o)
                0x000055b2                strrev
                0x000055d2                . = ALIGN (0x2)
 *(.fini9)
 .fini9         0x000055d2        0x0 c:/program files (x86)/atmel/studio/7.0/toolchain/avr8/avr8-gnu-toolchain/bin/../lib/gcc/avr/5.4.0/avr6\libgcc.a(_exit.o)
                0x000055d2                _exit
                0x000055d2                exit
 *(.fini9)
 *(.fini8)
 *(.fini8)
 *(.fini7)
 *(.fini7)
 *(.fini6)
 *(.fini6)
 *(.fini5)
 *(.fini5)
 *(.fini4)
 *(.fini4)
 *(.fini3)
 *(.fini3)
 *(.fini2)
 *(.fini2)
 *(.fini1)
 *(.fini1)
 *(.fini0)
 .fini0         0x000055d2        0x4 c:/program files (x86)/atmel/studio/7.0/toolchain/avr8/avr8-gnu-toolchain/bin/../lib/gcc/avr/5.4.0/avr6\libgcc.a(_exit.o)
 *(.fini0)
                0x000055d6                _etext = .

.data           0x00800200      0x5a8 load address 0x000055d6
                0x00800200                PROVIDE (__data_start, .)
 *(.data)
 .data          0x00800200        0x6 c:/program files (x86)/atmel/studio/7.0/toolchain/avr8/avr8-gnu-toolchain/bin/../lib/gcc/avr/5.4.0/../../../../avr/lib/avr6\libc.a(malloc.o)
                0x00800200                __malloc_heap_end
                0x00800202                __malloc_heap_start
                0x00800204                __malloc_margin
 *(.data*)
 *(.gnu.linkonce.d*)
 *(.rodata)
 .rodata        0x00800206       0x30 Cocktail_functions.o
 .rodata        0x00800236       0xf0 Zutaten.o
 *(.rodata*)
 .rodata.str1.1
                0x00800326      0x238 Cocktail_functions.o
                                0x240 (size before relaxing)
 .rodata.str1.1
                0x0080055e       0x2f Cocktail_Statemachine.o
                                 0x5e (size before relaxing)
 .rodata.str1.1
                0x0080058d       0x46 Getraenk.o
                                 0x4e (size before relaxing)
 .rodata.str1.1
                0x008005d3       0x22 Main_Func.o
                                 0x27 (size before relaxing)
 .rodata.str1.1
                0x008005f5       0x2a Nextion_Display.o
 .rodata.str1.1
                0x0080061f       0x5f mfrc522.o
                                 0x64 (size before relaxing)
 .rodata.str1.1
                0x0080067e      0x129 FAT32.o
 *(.gnu.linkonce.r*)
                0x008007a8                . = ALIGN (0x2)
 *fill*         0x008007a7        0x1 
                0x008007a8                _edata = .
                0x008007a8                PROVIDE (__data_end, .)

.bss            0x008007a8      0xe9e
                0x008007a8                PROVIDE (__bss_start, .)
 *(.bss)
 .bss           0x008007a8        0x2 c:/program files (x86)/atmel/studio/7.0/toolchain/avr8/avr8-gnu-toolchain/bin/../lib/gcc/avr/5.4.0/../../../../avr/lib/avr6\libc.a(strtok.o)
 *(.bss*)
 .bss.count.3173
                0x008007aa        0x4 Cocktail_functions.o
 .bss.oldval.3172
                0x008007ae        0x1 Cocktail_functions.o
 .bss.cntr_End_UART_2
                0x008007af        0x1 main.o
                0x008007af                cntr_End_UART_2
 .bss.cntr_UART_2
                0x008007b0        0x1 main.o
                0x008007b0                cntr_UART_2
 .bss.cntr_End_UART_1
                0x008007b1        0x1 main.o
                0x008007b1                cntr_End_UART_1
 .bss.cntr_UART_1
                0x008007b2        0x1 main.o
                0x008007b2                cntr_UART_1
 .bss.cntr_End_UART_0
                0x008007b3        0x1 main.o
                0x008007b3                cntr_End_UART_0
 .bss.cntr_UART_0
                0x008007b4        0x1 main.o
                0x008007b4                cntr_UART_0
 *(COMMON)
 COMMON         0x008007b5      0xa83 Cocktail_functions.o
                0x008007b5                rb_tx_PC
                0x008008b6                tail_getraenk_file
                0x008008b8                head_getraenk
                0x008008ba                rb_tx_Display
                0x008009bb                Liste
                0x008009bc                tail_getraenk
                0x008009be                appendFileLocation
                0x008009c2                address_zut
                0x008009c4                fileName
                0x008009d1                firstDataSector
                0x008009d5                fileSize
                0x008009d9                bytesPerSector
                0x008009db                totalClusters
                0x008009df                option
                0x008009e0                aktuellesGetraenk_file
                0x008009e2                head_getraenk_file
                0x008009e4                Grossschreib
                0x008009e5                head_zut
                0x008009e7                rootCluster
                0x008009eb                block_list_runter
                0x008009ec                rb_rx_ESP
                0x00800aed                startBlock
                0x00800af1                i
                0x00800af3                rb_rx_Display
                0x00800bf4                buffer
                0x00800df4                SPI_Slave
                0x00800df5                sectorPerCluster
                0x00800df7                gui_buttons_0
                0x00800df8                block_list_hoch
                0x00800df9                unusedSectors
                0x00800dfd                rb_tx_RFID
                0x00800efe                SDHC_flag
                0x00800eff                counter
                0x00800f00                totalBlocks
                0x00800f04                data
                0x00800f05                buff_name
                0x00800f1a                reservedSectorCount
                0x00800f1c                rb_rx_PC
                0x0080101d                rb_tx_ESP
                0x0080111e                address_getraenk
                0x00801120                appendStartCluster
                0x00801124                test2
                0x00801125                cardType
                0x00801126                error
                0x00801127                rb_rx_RFID
                0x00801228                gui_pages
                0x00801229                tail_zut
                0x0080122b                i_Liste
                0x0080122c                freeClusterCountUpdated
                0x0080122d                stop
                0x0080122e                FAT32_active
                0x0080122f                appendFileSector
                0x00801233                aktuellesGetraenk
                0x00801235                aktuelleZutat
                0x00801237                SPI_State
 COMMON         0x00801238        0x8 UART.o
                0x00801238                ptr_tx_completed_1
                0x0080123a                ptr_tx_completed_2
                0x0080123c                ptr_tx_completed_3
                0x0080123e                ptr_tx_completed_0
 COMMON         0x00801240      0x402 main.o
                0x00801240                INPUT_UART_0
                0x00801340                INPUT_UART_3
                0x00801440                INPUT_UART_1
                0x00801540                ptr_Uart_1
                0x00801542                INPUT_UART_2
 COMMON         0x00801642        0x4 c:/program files (x86)/atmel/studio/7.0/toolchain/avr8/avr8-gnu-toolchain/bin/../lib/gcc/avr/5.4.0/../../../../avr/lib/avr6\libc.a(malloc.o)
                0x00801642                __brkval
                0x00801644                __flp
                0x00801646                PROVIDE (__bss_end, .)
                0x000055d6                __data_load_start = LOADADDR (.data)
                0x00005b7e                __data_load_end = (__data_load_start + SIZEOF (.data))

.noinit         0x00801646        0x0
                [!provide]                PROVIDE (__noinit_start, .)
 *(.noinit*)
                [!provide]                PROVIDE (__noinit_end, .)
                0x00801646                _end = .
                0x00801646                PROVIDE (__heap_start, .)

.eeprom         0x00810000        0x0
 *(.eeprom*)
                0x00810000                __eeprom_end = .

.fuse
 *(.fuse)
 *(.lfuse)
 *(.hfuse)
 *(.efuse)

.lock
 *(.lock*)

.signature
 *(.signature*)

.user_signatures
 *(.user_signatures*)

.stab
 *(.stab)

.stabstr
 *(.stabstr)

.stab.excl
 *(.stab.excl)

.stab.exclstr
 *(.stab.exclstr)

.stab.index
 *(.stab.index)

.stab.indexstr
 *(.stab.indexstr)

.comment        0x00000000       0x30
 *(.comment)
 .comment       0x00000000       0x30 Cocktail_functions.o
                                 0x31 (size before relaxing)
 .comment       0x00000030       0x31 Cocktail_Statemachine.o
 .comment       0x00000030       0x31 Getraenk.o
 .comment       0x00000030       0x31 Zutaten.o
 .comment       0x00000030       0x31 Main_Func.o
 .comment       0x00000030       0x31 Nextion_Display.o
 .comment       0x00000030       0x31 mfrc522.o
 .comment       0x00000030       0x31 ring_buffer.o
 .comment       0x00000030       0x31 FAT32.o
 .comment       0x00000030       0x31 SD_routines.o
 .comment       0x00000030       0x31 SPI.o
 .comment       0x00000030       0x31 UART.o
 .comment       0x00000030       0x31 main.o
 .comment       0x00000030       0x31 c:/program files (x86)/atmel/studio/7.0/toolchain/avr8/avr8-gnu-toolchain/bin/../lib/gcc/avr/5.4.0/../../../../avr/lib/avr6\libc.a(calloc.o)
 .comment       0x00000030       0x31 c:/program files (x86)/atmel/studio/7.0/toolchain/avr8/avr8-gnu-toolchain/bin/../lib/gcc/avr/5.4.0/../../../../avr/lib/avr6\libc.a(malloc.o)
 .comment       0x00000030       0x31 c:/program files (x86)/atmel/studio/7.0/toolchain/avr8/avr8-gnu-toolchain/bin/../lib/gcc/avr/5.4.0/../../../../avr/lib/avr6\libc.a(strtok.o)

.note.gnu.avr.deviceinfo
                0x00000000       0x40
 .note.gnu.avr.deviceinfo
                0x00000000       0x40 C:/Program Files (x86)/Atmel/Studio/7.0/Packs/atmel/ATmega_DFP/1.3.300/gcc/dev/atmega2560/avr6/crtatmega2560.o

.note.gnu.build-id
 *(.note.gnu.build-id)

.debug
 *(.debug)

.line
 *(.line)

.debug_srcinfo
 *(.debug_srcinfo)

.debug_sfnames
 *(.debug_sfnames)

.debug_aranges  0x00000000      0x598
 *(.debug_aranges)
 .debug_aranges
                0x00000000       0xd0 Cocktail_functions.o
 .debug_aranges
                0x000000d0       0xd8 Cocktail_Statemachine.o
 .debug_aranges
                0x000001a8       0x90 Getraenk.o
 .debug_aranges
                0x00000238       0x30 Zutaten.o
 .debug_aranges
                0x00000268       0x68 Main_Func.o
 .debug_aranges
                0x000002d0       0x50 Nextion_Display.o
 .debug_aranges
                0x00000320       0x58 mfrc522.o
 .debug_aranges
                0x00000378       0x50 ring_buffer.o
 .debug_aranges
                0x000003c8       0x80 FAT32.o
 .debug_aranges
                0x00000448       0x40 SD_routines.o
 .debug_aranges
                0x00000488       0x48 SPI.o
 .debug_aranges
                0x000004d0       0xa8 UART.o
 .debug_aranges
                0x00000578       0x20 main.o

.debug_pubnames
 *(.debug_pubnames)

.debug_info     0x00000000     0xd58b
 *(.debug_info .gnu.linkonce.wi.*)
 .debug_info    0x00000000      0xbbc C:/Program Files (x86)/Atmel/Studio/7.0/Packs/atmel/ATmega_DFP/1.3.300/gcc/dev/atmega2560/avr6/crtatmega2560.o
 .debug_info    0x00000bbc     0x2c2e Cocktail_functions.o
 .debug_info    0x000037ea     0x216f Cocktail_Statemachine.o
 .debug_info    0x00005959     0x182b Getraenk.o
 .debug_info    0x00007184      0x3d3 Zutaten.o
 .debug_info    0x00007557      0xba0 Main_Func.o
 .debug_info    0x000080f7      0xd56 Nextion_Display.o
 .debug_info    0x00008e4d      0xc98 mfrc522.o
 .debug_info    0x00009ae5      0x372 ring_buffer.o
 .debug_info    0x00009e57     0x1a19 FAT32.o
 .debug_info    0x0000b870      0x853 SD_routines.o
 .debug_info    0x0000c0c3      0x338 SPI.o
 .debug_info    0x0000c3fb      0x7ac UART.o
 .debug_info    0x0000cba7      0x9e4 main.o

.debug_abbrev   0x00000000     0x2647
 *(.debug_abbrev)
 .debug_abbrev  0x00000000      0xb1a C:/Program Files (x86)/Atmel/Studio/7.0/Packs/atmel/ATmega_DFP/1.3.300/gcc/dev/atmega2560/avr6/crtatmega2560.o
 .debug_abbrev  0x00000b1a      0x391 Cocktail_functions.o
 .debug_abbrev  0x00000eab      0x2ec Cocktail_Statemachine.o
 .debug_abbrev  0x00001197      0x3d4 Getraenk.o
 .debug_abbrev  0x0000156b      0x186 Zutaten.o
 .debug_abbrev  0x000016f1      0x203 Main_Func.o
 .debug_abbrev  0x000018f4      0x242 Nextion_Display.o
 .debug_abbrev  0x00001b36      0x253 mfrc522.o
 .debug_abbrev  0x00001d89      0x12a ring_buffer.o
 .debug_abbrev  0x00001eb3      0x1ea FAT32.o
 .debug_abbrev  0x0000209d      0x144 SD_routines.o
 .debug_abbrev  0x000021e1      0x14a SPI.o
 .debug_abbrev  0x0000232b      0x1e4 UART.o
 .debug_abbrev  0x0000250f      0x138 main.o

.debug_line     0x00000000     0x5f56
 *(.debug_line .debug_line.* .debug_line_end)
 .debug_line    0x00000000      0x1f9 C:/Program Files (x86)/Atmel/Studio/7.0/Packs/atmel/ATmega_DFP/1.3.300/gcc/dev/atmega2560/avr6/crtatmega2560.o
 .debug_line    0x000001f9     0x10f2 Cocktail_functions.o
 .debug_line    0x000012eb     0x124e Cocktail_Statemachine.o
 .debug_line    0x00002539      0xa10 Getraenk.o
 .debug_line    0x00002f49      0x260 Zutaten.o
 .debug_line    0x000031a9      0x6be Main_Func.o
 .debug_line    0x00003867      0x49e Nextion_Display.o
 .debug_line    0x00003d05      0x4e9 mfrc522.o
 .debug_line    0x000041ee      0x21d ring_buffer.o
 .debug_line    0x0000440b      0xc56 FAT32.o
 .debug_line    0x00005061      0x48c SD_routines.o
 .debug_line    0x000054ed      0x206 SPI.o
 .debug_line    0x000056f3      0x4aa UART.o
 .debug_line    0x00005b9d      0x3b9 main.o

.debug_frame    0x00000000     0x16a4
 *(.debug_frame)
 .debug_frame   0x00000000      0x424 Cocktail_functions.o
 .debug_frame   0x00000424      0x1f4 Cocktail_Statemachine.o
 .debug_frame   0x00000618      0x2a0 Getraenk.o
 .debug_frame   0x000008b8       0x94 Zutaten.o
 .debug_frame   0x0000094c       0xfc Main_Func.o
 .debug_frame   0x00000a48      0x11c Nextion_Display.o
 .debug_frame   0x00000b64      0x174 mfrc522.o
 .debug_frame   0x00000cd8       0xdc ring_buffer.o
 .debug_frame   0x00000db4      0x3b8 FAT32.o
 .debug_frame   0x0000116c       0xdc SD_routines.o
 .debug_frame   0x00001248       0x74 SPI.o
 .debug_frame   0x000012bc      0x3c4 UART.o
 .debug_frame   0x00001680       0x24 main.o

.debug_str      0x00000000     0x2282
 *(.debug_str)
 .debug_str     0x00000000      0x3e6 C:/Program Files (x86)/Atmel/Studio/7.0/Packs/atmel/ATmega_DFP/1.3.300/gcc/dev/atmega2560/avr6/crtatmega2560.o
 .debug_str     0x000003e6      0xaca Cocktail_functions.o
                                0xb8b (size before relaxing)
 .debug_str     0x00000eb0      0x656 Cocktail_Statemachine.o
                                0xfc7 (size before relaxing)
 .debug_str     0x00001506      0x1d6 Getraenk.o
                                0x992 (size before relaxing)
 .debug_str     0x000016dc       0x68 Zutaten.o
                                0x2e6 (size before relaxing)
 .debug_str     0x00001744      0x174 Main_Func.o
                                0x8ea (size before relaxing)
 .debug_str     0x000018b8       0x52 Nextion_Display.o
                                0x81a (size before relaxing)
 .debug_str     0x0000190a      0x170 mfrc522.o
                                0x40d (size before relaxing)
 .debug_str     0x00001a7a       0x5a ring_buffer.o
                                0x214 (size before relaxing)
 .debug_str     0x00001ad4      0x526 FAT32.o
                                0x8aa (size before relaxing)
 .debug_str     0x00001ffa       0x5c SD_routines.o
                                0x327 (size before relaxing)
 .debug_str     0x00002056       0x4b SPI.o
                                0x2c9 (size before relaxing)
 .debug_str     0x000020a1      0x138 UART.o
                                0x3c9 (size before relaxing)
 .debug_str     0x000021d9       0xa9 main.o
                                0x862 (size before relaxing)

.debug_loc      0x00000000     0x7e75
 *(.debug_loc)
 .debug_loc     0x00000000     0x1a56 Cocktail_functions.o
 .debug_loc     0x00001a56      0x9a1 Cocktail_Statemachine.o
 .debug_loc     0x000023f7     0x130c Getraenk.o
 .debug_loc     0x00003703      0x256 Zutaten.o
 .debug_loc     0x00003959      0x294 Main_Func.o
 .debug_loc     0x00003bed      0x4c1 Nextion_Display.o
 .debug_loc     0x000040ae      0x8e9 mfrc522.o
 .debug_loc     0x00004997      0x58d ring_buffer.o
 .debug_loc     0x00004f24     0x1d61 FAT32.o
 .debug_loc     0x00006c85      0x73f SD_routines.o
 .debug_loc     0x000073c4       0xbc SPI.o
 .debug_loc     0x00007480      0x9f5 UART.o

.debug_macinfo
 *(.debug_macinfo)

.debug_weaknames
 *(.debug_weaknames)

.debug_funcnames
 *(.debug_funcnames)

.debug_typenames
 *(.debug_typenames)

.debug_varnames
 *(.debug_varnames)

.debug_pubtypes
 *(.debug_pubtypes)

.debug_ranges   0x00000000      0x620
 *(.debug_ranges)
 .debug_ranges  0x00000000      0x180 Cocktail_functions.o
 .debug_ranges  0x00000180       0xe0 Cocktail_Statemachine.o
 .debug_ranges  0x00000260       0x80 Getraenk.o
 .debug_ranges  0x000002e0       0x20 Zutaten.o
 .debug_ranges  0x00000300       0xb0 Main_Func.o
 .debug_ranges  0x000003b0       0x40 Nextion_Display.o
 .debug_ranges  0x000003f0       0x48 mfrc522.o
 .debug_ranges  0x00000438       0x40 ring_buffer.o
 .debug_ranges  0x00000478       0x98 FAT32.o
 .debug_ranges  0x00000510       0x30 SD_routines.o
 .debug_ranges  0x00000540       0x38 SPI.o
 .debug_ranges  0x00000578       0x98 UART.o
 .debug_ranges  0x00000610       0x10 main.o

.debug_macro
 *(.debug_macro)
OUTPUT(Mikrocontroller.elf elf32-avr)
LOAD linker stubs
